Opening database "/home/alessandro/metrics_VF/fixed_trajectory/swept_lidar/tracked/run04/rtabmap.db"...
Opening database "/home/alessandro/metrics_VF/fixed_trajectory/swept_lidar/tracked/run04/rtabmap.db"... done (0.000176s).
Optimizing the map (Full global optimization)...
Optimizing the map (Full global optimization)... done (0.064914s, poses=568, links=1799).
Processed 6/568 (1%) nodes...
Processed 12/568 (2%) nodes...
Processed 18/568 (3%) nodes...
Processed 23/568 (4%) nodes...
Processed 29/568 (5%) nodes...
Processed 35/568 (6%) nodes...
Processed 40/568 (7%) nodes...
Processed 46/568 (8%) nodes...
Processed 52/568 (9%) nodes...
Processed 57/568 (10%) nodes...
Processed 63/568 (11%) nodes...
Processed 69/568 (12%) nodes...
Processed 74/568 (13%) nodes...
Processed 80/568 (14%) nodes...
Processed 86/568 (15%) nodes...
Processed 91/568 (16%) nodes...
Processed 97/568 (17%) nodes...
Processed 103/568 (18%) nodes...
Processed 108/568 (19%) nodes...
Processed 114/568 (20%) nodes...
Processed 120/568 (21%) nodes...
Processed 125/568 (22%) nodes...
Processed 131/568 (23%) nodes...
Processed 137/568 (24%) nodes...
Processed 142/568 (25%) nodes...
Processed 148/568 (26%) nodes...
Processed 154/568 (27%) nodes...
Processed 160/568 (28%) nodes...
Processed 165/568 (29%) nodes...
Processed 171/568 (30%) nodes...
Processed 177/568 (31%) nodes...
Processed 182/568 (32%) nodes...
Processed 188/568 (33%) nodes...
Processed 194/568 (34%) nodes...
Processed 199/568 (35%) nodes...
Processed 205/568 (36%) nodes...
Processed 211/568 (37%) nodes...
Processed 216/568 (38%) nodes...
Processed 222/568 (39%) nodes...
Processed 228/568 (40%) nodes...
Processed 233/568 (41%) nodes...
Processed 239/568 (42%) nodes...
Processed 245/568 (43%) nodes...
Processed 250/568 (44%) nodes...
Processed 256/568 (45%) nodes...
Processed 262/568 (46%) nodes...
Processed 267/568 (47%) nodes...
Processed 273/568 (48%) nodes...
Processed 279/568 (49%) nodes...
Processed 284/568 (50%) nodes...
Processed 290/568 (51%) nodes...
Processed 296/568 (52%) nodes...
Processed 302/568 (53%) nodes...
Processed 307/568 (54%) nodes...
Processed 313/568 (55%) nodes...
Processed 319/568 (56%) nodes...
Processed 324/568 (57%) nodes...
Processed 330/568 (58%) nodes...
Processed 336/568 (59%) nodes...
Processed 341/568 (60%) nodes...
Processed 347/568 (61%) nodes...
Processed 353/568 (62%) nodes...
Processed 358/568 (63%) nodes...
Processed 364/568 (64%) nodes...
Processed 370/568 (65%) nodes...
Processed 375/568 (66%) nodes...
Processed 381/568 (67%) nodes...
Processed 387/568 (68%) nodes...
Processed 392/568 (69%) nodes...
Processed 398/568 (70%) nodes...
Processed 404/568 (71%) nodes...
Processed 409/568 (72%) nodes...
Processed 415/568 (73%) nodes...
Processed 421/568 (74%) nodes...
Processed 426/568 (75%) nodes...
Processed 432/568 (76%) nodes...
Processed 438/568 (77%) nodes...
Processed 444/568 (78%) nodes...
Processed 449/568 (79%) nodes...
Processed 455/568 (80%) nodes...
Processed 461/568 (81%) nodes...
Processed 466/568 (82%) nodes...
Processed 472/568 (83%) nodes...
Processed 478/568 (84%) nodes...
Processed 483/568 (85%) nodes...
Processed 489/568 (86%) nodes...
Processed 495/568 (87%) nodes...
Processed 500/568 (88%) nodes...
Processed 506/568 (89%) nodes...
Processed 512/568 (90%) nodes...
Processed 517/568 (91%) nodes...
Processed 523/568 (92%) nodes...
Processed 529/568 (93%) nodes...
Processed 534/568 (94%) nodes...
Processed 540/568 (95%) nodes...
Processed 546/568 (96%) nodes...
Processed 551/568 (97%) nodes...
Processed 557/568 (98%) nodes...
Processed 563/568 (99%) nodes...
Processed 568/568 (100%) nodes...
568 poses exported to "/home/alessandro/metrics_VF/fixed_trajectory/swept_lidar/tracked/run04/opt_traj_poses.txt". (min=[-15.353392,-39.656391,-0.510224] max=[21.752392,0.138102,7.574361])
