Opening database "/home/alessandro/metrics_VF/fixed_trajectory/swept_lidar/tracked/run05/rtabmap.db"...
Opening database "/home/alessandro/metrics_VF/fixed_trajectory/swept_lidar/tracked/run05/rtabmap.db"... done (0.000197s).
Optimizing the map (Full global optimization)...
Optimizing the map (Full global optimization)... done (0.075512s, poses=570, links=1805).
Processed 6/570 (1%) nodes...
Processed 12/570 (2%) nodes...
Processed 18/570 (3%) nodes...
Processed 23/570 (4%) nodes...
Processed 29/570 (5%) nodes...
Processed 35/570 (6%) nodes...
Processed 40/570 (7%) nodes...
Processed 46/570 (8%) nodes...
Processed 52/570 (9%) nodes...
Processed 57/570 (10%) nodes...
Processed 63/570 (11%) nodes...
Processed 69/570 (12%) nodes...
Processed 75/570 (13%) nodes...
Processed 80/570 (14%) nodes...
Processed 86/570 (15%) nodes...
Processed 92/570 (16%) nodes...
Processed 97/570 (17%) nodes...
Processed 103/570 (18%) nodes...
Processed 109/570 (19%) nodes...
Processed 114/570 (20%) nodes...
Processed 120/570 (21%) nodes...
Processed 126/570 (22%) nodes...
Processed 132/570 (23%) nodes...
Processed 137/570 (24%) nodes...
Processed 143/570 (25%) nodes...
Processed 149/570 (26%) nodes...
Processed 154/570 (27%) nodes...
Processed 160/570 (28%) nodes...
Processed 166/570 (29%) nodes...
Processed 171/570 (30%) nodes...
Processed 177/570 (31%) nodes...
Processed 183/570 (32%) nodes...
Processed 189/570 (33%) nodes...
Processed 194/570 (34%) nodes...
Processed 200/570 (35%) nodes...
Processed 206/570 (36%) nodes...
Processed 211/570 (37%) nodes...
Processed 217/570 (38%) nodes...
Processed 223/570 (39%) nodes...
Processed 228/570 (40%) nodes...
Processed 234/570 (41%) nodes...
Processed 240/570 (42%) nodes...
Processed 246/570 (43%) nodes...
Processed 251/570 (44%) nodes...
Processed 257/570 (45%) nodes...
Processed 263/570 (46%) nodes...
Processed 268/570 (47%) nodes...
Processed 274/570 (48%) nodes...
Processed 280/570 (49%) nodes...
Processed 285/570 (50%) nodes...
Processed 291/570 (51%) nodes...
Processed 297/570 (52%) nodes...
Processed 303/570 (53%) nodes...
Processed 308/570 (54%) nodes...
Processed 314/570 (55%) nodes...
Processed 320/570 (56%) nodes...
Processed 325/570 (57%) nodes...
Processed 331/570 (58%) nodes...
Processed 337/570 (59%) nodes...
Processed 342/570 (60%) nodes...
Processed 348/570 (61%) nodes...
Processed 354/570 (62%) nodes...
Processed 360/570 (63%) nodes...
Processed 365/570 (64%) nodes...
Processed 371/570 (65%) nodes...
Processed 377/570 (66%) nodes...
Processed 382/570 (67%) nodes...
Processed 388/570 (68%) nodes...
Processed 394/570 (69%) nodes...
Processed 399/570 (70%) nodes...
Processed 405/570 (71%) nodes...
Processed 411/570 (72%) nodes...
Processed 417/570 (73%) nodes...
Processed 422/570 (74%) nodes...
Processed 428/570 (75%) nodes...
Processed 434/570 (76%) nodes...
Processed 439/570 (77%) nodes...
Processed 445/570 (78%) nodes...
Processed 451/570 (79%) nodes...
Processed 456/570 (80%) nodes...
Processed 462/570 (81%) nodes...
Processed 468/570 (82%) nodes...
Processed 474/570 (83%) nodes...
Processed 479/570 (84%) nodes...
Processed 485/570 (85%) nodes...
Processed 491/570 (86%) nodes...
Processed 496/570 (87%) nodes...
Processed 502/570 (88%) nodes...
Processed 508/570 (89%) nodes...
Processed 513/570 (90%) nodes...
Processed 519/570 (91%) nodes...
Processed 525/570 (92%) nodes...
Processed 531/570 (93%) nodes...
Processed 536/570 (94%) nodes...
Processed 542/570 (95%) nodes...
Processed 548/570 (96%) nodes...
Processed 553/570 (97%) nodes...
Processed 559/570 (98%) nodes...
Processed 565/570 (99%) nodes...
Processed 570/570 (100%) nodes...
570 poses exported to "/home/alessandro/metrics_VF/fixed_trajectory/swept_lidar/tracked/run05/opt_traj_poses.txt". (min=[-15.581141,-39.719944,-0.520131] max=[21.658213,0.177646,7.582945])
