Opening database "/home/alessandro/metrics_VF/fixed_trajectory/swept_lidar/differential/run03/rtabmap.db"...
Opening database "/home/alessandro/metrics_VF/fixed_trajectory/swept_lidar/differential/run03/rtabmap.db"... done (0.000189s).
Optimizing the map (Full global optimization)...
Optimizing the map (Full global optimization)... done (0.176301s, poses=747, links=2579).
Processed 8/747 (1%) nodes...
Processed 15/747 (2%) nodes...
Processed 23/747 (3%) nodes...
Processed 30/747 (4%) nodes...
Processed 38/747 (5%) nodes...
Processed 45/747 (6%) nodes...
Processed 53/747 (7%) nodes...
Processed 60/747 (8%) nodes...
Processed 68/747 (9%) nodes...
Processed 75/747 (10%) nodes...
Processed 83/747 (11%) nodes...
Processed 90/747 (12%) nodes...
Processed 98/747 (13%) nodes...
Processed 105/747 (14%) nodes...
Processed 113/747 (15%) nodes...
Processed 120/747 (16%) nodes...
Processed 127/747 (17%) nodes...
Processed 135/747 (18%) nodes...
Processed 142/747 (19%) nodes...
Processed 150/747 (20%) nodes...
Processed 157/747 (21%) nodes...
Processed 165/747 (22%) nodes...
Processed 172/747 (23%) nodes...
Processed 180/747 (24%) nodes...
Processed 187/747 (25%) nodes...
Processed 195/747 (26%) nodes...
Processed 202/747 (27%) nodes...
Processed 210/747 (28%) nodes...
Processed 217/747 (29%) nodes...
Processed 225/747 (30%) nodes...
Processed 232/747 (31%) nodes...
Processed 240/747 (32%) nodes...
Processed 247/747 (33%) nodes...
Processed 254/747 (34%) nodes...
Processed 262/747 (35%) nodes...
Processed 269/747 (36%) nodes...
Processed 277/747 (37%) nodes...
Processed 284/747 (38%) nodes...
Processed 292/747 (39%) nodes...
Processed 299/747 (40%) nodes...
Processed 307/747 (41%) nodes...
Processed 314/747 (42%) nodes...
Processed 322/747 (43%) nodes...
Processed 329/747 (44%) nodes...
Processed 337/747 (45%) nodes...
Processed 344/747 (46%) nodes...
Processed 352/747 (47%) nodes...
Processed 359/747 (48%) nodes...
Processed 367/747 (49%) nodes...
Processed 374/747 (50%) nodes...
Processed 381/747 (51%) nodes...
Processed 389/747 (52%) nodes...
Processed 396/747 (53%) nodes...
Processed 404/747 (54%) nodes...
Processed 411/747 (55%) nodes...
Processed 419/747 (56%) nodes...
Processed 426/747 (57%) nodes...
Processed 434/747 (58%) nodes...
Processed 441/747 (59%) nodes...
Processed 449/747 (60%) nodes...
Processed 456/747 (61%) nodes...
Processed 464/747 (62%) nodes...
Processed 471/747 (63%) nodes...
Processed 479/747 (64%) nodes...
Processed 486/747 (65%) nodes...
Processed 494/747 (66%) nodes...
Processed 501/747 (67%) nodes...
Processed 508/747 (68%) nodes...
Processed 516/747 (69%) nodes...
Processed 523/747 (70%) nodes...
Processed 531/747 (71%) nodes...
Processed 538/747 (72%) nodes...
Processed 546/747 (73%) nodes...
Processed 553/747 (74%) nodes...
Processed 561/747 (75%) nodes...
Processed 568/747 (76%) nodes...
Processed 576/747 (77%) nodes...
Processed 583/747 (78%) nodes...
Processed 591/747 (79%) nodes...
Processed 598/747 (80%) nodes...
Processed 606/747 (81%) nodes...
Processed 613/747 (82%) nodes...
Processed 621/747 (83%) nodes...
Processed 628/747 (84%) nodes...
Processed 635/747 (85%) nodes...
Processed 643/747 (86%) nodes...
Processed 650/747 (87%) nodes...
Processed 658/747 (88%) nodes...
Processed 665/747 (89%) nodes...
Processed 673/747 (90%) nodes...
Processed 680/747 (91%) nodes...
Processed 688/747 (92%) nodes...
Processed 695/747 (93%) nodes...
Processed 703/747 (94%) nodes...
Processed 710/747 (95%) nodes...
Processed 718/747 (96%) nodes...
Processed 725/747 (97%) nodes...
Processed 733/747 (98%) nodes...
Processed 740/747 (99%) nodes...
Processed 747/747 (100%) nodes...
747 poses exported to "/home/alessandro/metrics_VF/fixed_trajectory/swept_lidar/differential/run03/opt_traj_poses.txt". (min=[-16.398720,-40.104168,-0.872132] max=[21.389830,1.291304,7.471314])
