xacro: in-order processing became default in ROS Melodic. You can drop the option.
[33m[WARN] [1790666836.149455985]: The root link base_link has an inertia specified in the URDF, but KDL does not support a root link with an inertia.  As a workaround, you can add an extra dummy link to your URDF.[0m
[INFO] [1790666836.395572, 0.000000]: imu_ahrs: filtro complementario tau=1.00 s, compuerta |a|/g +-15%, sesgo con 200 muestras quieto
[WARN] [1790666841.785762, 0.000500]: el modelo "differential" no esta en /gazebo/model_states; nombres=['grass_plane', 'w1', 'w2', 'w3', 'w4', 'w5', 'w6', 'lc_mine', 'ramp', 'bump']
[INFO] [1790666836.495334, 0.000000]: Loading model XML from ros parameter swept_robot_description
[INFO] [1790666836.498994, 0.000000]: Waiting for service /gazebo/spawn_sdf_model
[INFO] [1790666839.209807, 0.000000]: Calling service /gazebo/spawn_sdf_model
[INFO] [1790666842.013195, 0.000500]: Spawn status: SpawnModel: Successfully spawned entity
Loaded 'joint_state_controller'
Loaded 'wheel_vel_controller_fl'
Loaded 'wheel_vel_controller_fr'
Loaded 'wheel_vel_controller_rl'
Loaded 'wheel_vel_controller_rr'
Started ['joint_state_controller'] successfully
Started ['wheel_vel_controller_fl'] successfully
Started ['wheel_vel_controller_fr'] successfully
Started ['wheel_vel_controller_rl'] successfully
Started ['wheel_vel_controller_rr'] successfully
[INFO] [1790666844.222407, 0.973500]: montaje husky/base_link <- husky/velodyne_base_link: xyz=(0.0000, 0.0000, 0.5192)
[INFO] [1790666844.223665, 0.974500]: la nube ya trae canal de tiempo "time"; se reutiliza
[INFO] [1790666844.397617, 1.061000]: nube: 27866 puntos, 360 sectores (0 vacios), costura en 0.0 deg, sentido +1, desfases 0.0000..0.0999 s | entradas=2 DEFORMADAS=1 sin_deformar=0 tarde=0 cola=1
[INFO] [1790666847.019752, 2.371000]: imu_ahrs: sesgo del giroscopo [+0.00675 -0.00300 +0.00013] rad/s con 200 muestras; actitud inicial roll=-2.53 pitch=-3.71 deg
[INFO] [1790666854.407526, 6.061500]: nube: 28097 puntos, 360 sectores (0 vacios), costura en 0.0 deg, sentido +1, desfases 0.0000..0.0999 s | entradas=52 DEFORMADAS=51 sin_deformar=0 tarde=0 cola=1
[INFO] [1790666864.433731, 11.063000]: nube: 28097 puntos, 360 sectores (0 vacios), costura en 0.0 deg, sentido +1, desfases 0.0000..0.0999 s | entradas=102 DEFORMADAS=101 sin_deformar=0 tarde=0 cola=1
[INFO] [1790666874.661053, 16.158500]: nube: 28110 puntos, 360 sectores (0 vacios), costura en 0.0 deg, sentido +1, desfases 0.0000..0.0999 s | entradas=153 DEFORMADAS=152 sin_deformar=0 tarde=0 cola=1
[INFO] [1790666884.871623, 21.258000]: nube: 28100 puntos, 360 sectores (0 vacios), costura en 0.0 deg, sentido +1, desfases 0.0000..0.0999 s | entradas=204 DEFORMADAS=203 sin_deformar=0 tarde=0 cola=1
[INFO] [1790666894.898590, 26.266000]: nube: 28100 puntos, 360 sectores (0 vacios), costura en 0.0 deg, sentido +1, desfases 0.0000..0.0999 s | entradas=254 DEFORMADAS=253 sin_deformar=0 tarde=0 cola=1
[INFO] [1790666905.092600, 31.358000]: nube: 28095 puntos, 360 sectores (0 vacios), costura en 0.0 deg, sentido +1, desfases 0.0000..0.0999 s | entradas=305 DEFORMADAS=304 sin_deformar=0 tarde=0 cola=1
[INFO] [1790666915.306788, 36.459000]: nube: 28097 puntos, 360 sectores (0 vacios), costura en 0.0 deg, sentido +1, desfases 0.0000..0.0999 s | entradas=356 DEFORMADAS=355 sin_deformar=0 tarde=0 cola=1
[INFO] [1790666925.335332, 41.465500]: nube: 28101 puntos, 360 sectores (0 vacios), costura en 0.0 deg, sentido +1, desfases 0.0000..0.0999 s | entradas=406 DEFORMADAS=405 sin_deformar=0 tarde=0 cola=1
[INFO] [1790666935.346839, 46.466000]: nube: 28095 puntos, 360 sectores (0 vacios), costura en 0.0 deg, sentido +1, desfases 0.0000..0.0999 s | entradas=456 DEFORMADAS=455 sin_deformar=0 tarde=0 cola=1
[INFO] [1790666945.559436, 51.566500]: nube: 28105 puntos, 360 sectores (0 vacios), costura en 0.0 deg, sentido +1, desfases 0.0000..0.0999 s | entradas=507 DEFORMADAS=506 sin_deformar=0 tarde=0 cola=1
[INFO] [1790666955.762849, 56.661000]: nube: 28110 puntos, 360 sectores (0 vacios), costura en 0.0 deg, sentido +1, desfases 0.0000..0.0999 s | entradas=558 DEFORMADAS=557 sin_deformar=0 tarde=0 cola=1
[INFO] [1790666965.792792, 61.667500]: nube: 28110 puntos, 360 sectores (0 vacios), costura en 0.0 deg, sentido +1, desfases 0.0000..0.0999 s | entradas=608 DEFORMADAS=607 sin_deformar=0 tarde=0 cola=1
[INFO] [1790666975.987660, 66.760000]: nube: 28110 puntos, 360 sectores (0 vacios), costura en 0.0 deg, sentido +1, desfases 0.0000..0.0999 s | entradas=659 DEFORMADAS=658 sin_deformar=0 tarde=0 cola=1
[INFO] [1790666986.008400, 71.764500]: nube: 28110 puntos, 360 sectores (0 vacios), costura en 0.0 deg, sentido +1, desfases 0.0000..0.0999 s | entradas=709 DEFORMADAS=708 sin_deformar=0 tarde=0 cola=1
[INFO] [1790666996.216897, 76.860500]: nube: 28110 puntos, 360 sectores (0 vacios), costura en 0.0 deg, sentido +1, desfases 0.0000..0.0999 s | entradas=760 DEFORMADAS=759 sin_deformar=0 tarde=0 cola=1
[INFO] [1790667006.234599, 81.861000]: nube: 28110 puntos, 360 sectores (0 vacios), costura en 0.0 deg, sentido +1, desfases 0.0000..0.0999 s | entradas=810 DEFORMADAS=809 sin_deformar=0 tarde=0 cola=1
[INFO] [1790667016.248899, 86.861500]: nube: 28110 puntos, 360 sectores (0 vacios), costura en 0.0 deg, sentido +1, desfases 0.0000..0.0999 s | entradas=860 DEFORMADAS=859 sin_deformar=0 tarde=0 cola=1
[INFO] [1790667026.455952, 91.958500]: nube: 28110 puntos, 360 sectores (0 vacios), costura en 0.0 deg, sentido +1, desfases 0.0000..0.0999 s | entradas=911 DEFORMADAS=910 sin_deformar=0 tarde=0 cola=1
[INFO] [1790667036.475646, 96.961500]: nube: 28110 puntos, 360 sectores (0 vacios), costura en 0.0 deg, sentido +1, desfases 0.0000..0.0999 s | entradas=961 DEFORMADAS=960 sin_deformar=0 tarde=0 cola=1
[INFO] [1790667046.690641, 102.062500]: nube: 28110 puntos, 360 sectores (0 vacios), costura en 0.0 deg, sentido +1, desfases 0.0000..0.0999 s | entradas=1012 DEFORMADAS=1011 sin_deformar=0 tarde=0 cola=1
[INFO] [1790667056.713213, 107.066000]: nube: 28110 puntos, 360 sectores (0 vacios), costura en 0.0 deg, sentido +1, desfases 0.0000..0.0999 s | entradas=1062 DEFORMADAS=1061 sin_deformar=0 tarde=0 cola=1
[INFO] [1790667066.912890, 112.159000]: nube: 26103 puntos, 360 sectores (0 vacios), costura en 0.0 deg, sentido +1, desfases 0.0000..0.0999 s | entradas=1113 DEFORMADAS=1112 sin_deformar=0 tarde=0 cola=1
[INFO] [1790667076.928559, 117.161000]: nube: 28110 puntos, 360 sectores (0 vacios), costura en 0.0 deg, sentido +1, desfases 0.0000..0.0999 s | entradas=1163 DEFORMADAS=1162 sin_deformar=0 tarde=0 cola=1
[INFO] [1790667087.151987, 122.266000]: nube: 28110 puntos, 360 sectores (0 vacios), costura en 0.0 deg, sentido +1, desfases 0.0000..0.0999 s | entradas=1214 DEFORMADAS=1213 sin_deformar=0 tarde=0 cola=1
[INFO] [1790667097.342670, 127.357500]: nube: 28110 puntos, 360 sectores (0 vacios), costura en 0.0 deg, sentido +1, desfases 0.0000..0.0999 s | entradas=1265 DEFORMADAS=1264 sin_deformar=0 tarde=0 cola=1
[INFO] [1790667107.371472, 132.366500]: nube: 28110 puntos, 360 sectores (0 vacios), costura en 0.0 deg, sentido +1, desfases 0.0000..0.0999 s | entradas=1315 DEFORMADAS=1314 sin_deformar=0 tarde=0 cola=1
[INFO] [1790667117.384542, 137.367000]: nube: 28110 puntos, 360 sectores (0 vacios), costura en 0.0 deg, sentido +1, desfases 0.0000..0.0999 s | entradas=1365 DEFORMADAS=1364 sin_deformar=0 tarde=0 cola=1
[INFO] [1790667127.595320, 142.466500]: nube: 28110 puntos, 360 sectores (0 vacios), costura en 0.0 deg, sentido +1, desfases 0.0000..0.0999 s | entradas=1416 DEFORMADAS=1415 sin_deformar=0 tarde=0 cola=1
[INFO] [1790667137.792842, 147.559000]: nube: 28110 puntos, 360 sectores (0 vacios), costura en 0.0 deg, sentido +1, desfases 0.0000..0.0999 s | entradas=1467 DEFORMADAS=1466 sin_deformar=0 tarde=0 cola=1
[INFO] [1790667147.806752, 152.560000]: nube: 28110 puntos, 360 sectores (0 vacios), costura en 0.0 deg, sentido +1, desfases 0.0000..0.0999 s | entradas=1517 DEFORMADAS=1516 sin_deformar=0 tarde=0 cola=1
[INFO] [1790667158.018927, 157.660000]: nube: 28110 puntos, 360 sectores (0 vacios), costura en 0.0 deg, sentido +1, desfases 0.0000..0.0999 s | entradas=1568 DEFORMADAS=1567 sin_deformar=0 tarde=0 cola=1
[INFO] [1790667168.034525, 162.660500]: nube: 28110 puntos, 360 sectores (0 vacios), costura en 0.0 deg, sentido +1, desfases 0.0000..0.0999 s | entradas=1618 DEFORMADAS=1617 sin_deformar=0 tarde=0 cola=1
[INFO] [1790667178.061240, 167.663000]: nube: 28110 puntos, 360 sectores (0 vacios), costura en 0.0 deg, sentido +1, desfases 0.0000..0.0999 s | entradas=1668 DEFORMADAS=1667 sin_deformar=0 tarde=0 cola=1
[INFO] [1790667188.080910, 172.667000]: nube: 28110 puntos, 360 sectores (0 vacios), costura en 0.0 deg, sentido +1, desfases 0.0000..0.0999 s | entradas=1718 DEFORMADAS=1717 sin_deformar=0 tarde=0 cola=1
[INFO] [1790667198.278487, 177.759000]: nube: 28110 puntos, 360 sectores (0 vacios), costura en 0.0 deg, sentido +1, desfases 0.0000..0.0999 s | entradas=1769 DEFORMADAS=1768 sin_deformar=0 tarde=0 cola=1
[INFO] [1790667208.302564, 182.763500]: nube: 28110 puntos, 360 sectores (0 vacios), costura en 0.0 deg, sentido +1, desfases 0.0000..0.0999 s | entradas=1819 DEFORMADAS=1818 sin_deformar=0 tarde=0 cola=1
[INFO] [1790667218.511256, 187.862500]: nube: 28110 puntos, 360 sectores (0 vacios), costura en 0.0 deg, sentido +1, desfases 0.0000..0.0999 s | entradas=1870 DEFORMADAS=1869 sin_deformar=0 tarde=0 cola=1
[INFO] [1790667228.528490, 192.864500]: nube: 28110 puntos, 360 sectores (0 vacios), costura en 0.0 deg, sentido +1, desfases 0.0000..0.0999 s | entradas=1920 DEFORMADAS=1919 sin_deformar=0 tarde=0 cola=1
[INFO] [1790667238.743561, 197.966500]: nube: 28110 puntos, 360 sectores (0 vacios), costura en 0.0 deg, sentido +1, desfases 0.0000..0.0999 s | entradas=1971 DEFORMADAS=1970 sin_deformar=0 tarde=0 cola=1
[INFO] [1790667248.952555, 203.064500]: nube: 28110 puntos, 360 sectores (0 vacios), costura en 0.0 deg, sentido +1, desfases 0.0000..0.0999 s | entradas=2022 DEFORMADAS=2021 sin_deformar=0 tarde=0 cola=1
[INFO] [1790667259.168295, 208.166500]: nube: 28110 puntos, 360 sectores (0 vacios), costura en 0.0 deg, sentido +1, desfases 0.0000..0.0999 s | entradas=2073 DEFORMADAS=2072 sin_deformar=0 tarde=0 cola=1
[INFO] [1790667269.366348, 213.259500]: nube: 28110 puntos, 360 sectores (0 vacios), costura en 0.0 deg, sentido +1, desfases 0.0000..0.0999 s | entradas=2124 DEFORMADAS=2123 sin_deformar=0 tarde=0 cola=1
[INFO] [1790667279.391967, 218.266500]: nube: 28110 puntos, 360 sectores (0 vacios), costura en 0.0 deg, sentido +1, desfases 0.0000..0.0999 s | entradas=2174 DEFORMADAS=2173 sin_deformar=0 tarde=0 cola=1
[INFO] [1790667289.586011, 223.357500]: nube: 28110 puntos, 360 sectores (0 vacios), costura en 0.0 deg, sentido +1, desfases 0.0000..0.0999 s | entradas=2225 DEFORMADAS=2224 sin_deformar=0 tarde=0 cola=1
[INFO] [1790667299.802670, 228.460000]: nube: 28110 puntos, 360 sectores (0 vacios), costura en 0.0 deg, sentido +1, desfases 0.0000..0.0999 s | entradas=2276 DEFORMADAS=2275 sin_deformar=0 tarde=0 cola=1
[INFO] [1790667309.828952, 233.466500]: nube: 28110 puntos, 360 sectores (0 vacios), costura en 0.0 deg, sentido +1, desfases 0.0000..0.0999 s | entradas=2326 DEFORMADAS=2325 sin_deformar=0 tarde=0 cola=1
[INFO] [1790667320.030246, 238.561500]: nube: 28110 puntos, 360 sectores (0 vacios), costura en 0.0 deg, sentido +1, desfases 0.0000..0.0999 s | entradas=2377 DEFORMADAS=2376 sin_deformar=0 tarde=0 cola=1
[INFO] [1790667330.051490, 243.566500]: nube: 28110 puntos, 360 sectores (0 vacios), costura en 0.0 deg, sentido +1, desfases 0.0000..0.0999 s | entradas=2427 DEFORMADAS=2426 sin_deformar=0 tarde=0 cola=1
[INFO] [1790667340.077727, 248.567500]: nube: 28110 puntos, 360 sectores (0 vacios), costura en 0.0 deg, sentido +1, desfases 0.0000..0.0999 s | entradas=2477 DEFORMADAS=2476 sin_deformar=0 tarde=0 cola=1
[INFO] [1790667350.092536, 253.568000]: nube: 28110 puntos, 360 sectores (0 vacios), costura en 0.0 deg, sentido +1, desfases 0.0000..0.0999 s | entradas=2527 DEFORMADAS=2526 sin_deformar=0 tarde=0 cola=1
[INFO] [1790667360.294057, 258.663500]: nube: 28110 puntos, 360 sectores (0 vacios), costura en 0.0 deg, sentido +1, desfases 0.0000..0.0999 s | entradas=2578 DEFORMADAS=2577 sin_deformar=0 tarde=0 cola=1
[INFO] [1790667370.310719, 263.665500]: nube: 28110 puntos, 360 sectores (0 vacios), costura en 0.0 deg, sentido +1, desfases 0.0000..0.0999 s | entradas=2628 DEFORMADAS=2627 sin_deformar=0 tarde=0 cola=1
[INFO] [1790667380.324658, 268.667000]: nube: 28110 puntos, 360 sectores (0 vacios), costura en 0.0 deg, sentido +1, desfases 0.0000..0.0999 s | entradas=2678 DEFORMADAS=2677 sin_deformar=0 tarde=0 cola=1
[INFO] [1790667390.522095, 273.760000]: nube: 28110 puntos, 360 sectores (0 vacios), costura en 0.0 deg, sentido +1, desfases 0.0000..0.0999 s | entradas=2729 DEFORMADAS=2728 sin_deformar=0 tarde=0 cola=1
[INFO] [1790667400.537140, 278.762000]: nube: 28110 puntos, 360 sectores (0 vacios), costura en 0.0 deg, sentido +1, desfases 0.0000..0.0999 s | entradas=2779 DEFORMADAS=2778 sin_deformar=0 tarde=0 cola=1
[INFO] [1790667410.559322, 283.765000]: nube: 28110 puntos, 360 sectores (0 vacios), costura en 0.0 deg, sentido +1, desfases 0.0000..0.0999 s | entradas=2829 DEFORMADAS=2828 sin_deformar=0 tarde=0 cola=1
[INFO] [1790667420.574359, 288.766500]: nube: 28110 puntos, 360 sectores (0 vacios), costura en 0.0 deg, sentido +1, desfases 0.0000..0.0999 s | entradas=2879 DEFORMADAS=2878 sin_deformar=0 tarde=0 cola=1
[INFO] [1790667430.589926, 293.768500]: nube: 28110 puntos, 360 sectores (0 vacios), costura en 0.0 deg, sentido +1, desfases 0.0000..0.0999 s | entradas=2929 DEFORMADAS=2928 sin_deformar=0 tarde=0 cola=1
[INFO] [1790667440.782620, 298.858500]: nube: 28106 puntos, 360 sectores (0 vacios), costura en 0.0 deg, sentido +1, desfases 0.0000..0.0999 s | entradas=2980 DEFORMADAS=2979 sin_deformar=0 tarde=0 cola=1
[INFO] [1790667450.803452, 303.862000]: nube: 28110 puntos, 360 sectores (0 vacios), costura en 0.0 deg, sentido +1, desfases 0.0000..0.0999 s | entradas=3030 DEFORMADAS=3029 sin_deformar=0 tarde=0 cola=1
[INFO] [1790667460.823456, 308.864000]: nube: 28110 puntos, 360 sectores (0 vacios), costura en 0.0 deg, sentido +1, desfases 0.0000..0.0999 s | entradas=3080 DEFORMADAS=3079 sin_deformar=0 tarde=0 cola=1
[INFO] [1790667471.034407, 313.963500]: nube: 28097 puntos, 360 sectores (0 vacios), costura en 0.0 deg, sentido +1, desfases 0.0000..0.0999 s | entradas=3131 DEFORMADAS=3130 sin_deformar=0 tarde=0 cola=1
[INFO] [1790667481.255651, 319.066500]: nube: 28101 puntos, 360 sectores (0 vacios), costura en 0.0 deg, sentido +1, desfases 0.0000..0.0999 s | entradas=3182 DEFORMADAS=3181 sin_deformar=0 tarde=0 cola=1
[INFO] [1790667491.272972, 324.069000]: nube: 28100 puntos, 360 sectores (0 vacios), costura en 0.0 deg, sentido +1, desfases 0.0000..0.0999 s | entradas=3232 DEFORMADAS=3231 sin_deformar=0 tarde=0 cola=1
[INFO] [1790667501.468551, 329.160500]: nube: 28110 puntos, 360 sectores (0 vacios), costura en 0.0 deg, sentido +1, desfases 0.0000..0.0999 s | entradas=3283 DEFORMADAS=3282 sin_deformar=0 tarde=0 cola=1
[INFO] [1790667511.672026, 334.255500]: nube: 25286 puntos, 360 sectores (9 vacios), costura en 0.0 deg, sentido +1, desfases 0.0000..0.0999 s | entradas=3334 DEFORMADAS=3333 sin_deformar=0 tarde=0 cola=1
[INFO] [1790667521.691033, 339.259000]: nube: 28096 puntos, 360 sectores (0 vacios), costura en 0.0 deg, sentido +1, desfases 0.0000..0.0999 s | entradas=3384 DEFORMADAS=3383 sin_deformar=0 tarde=0 cola=1
[INFO] [1790667531.712842, 344.262000]: nube: 28095 puntos, 360 sectores (0 vacios), costura en 0.0 deg, sentido +1, desfases 0.0000..0.0999 s | entradas=3434 DEFORMADAS=3433 sin_deformar=0 tarde=0 cola=1
[INFO] [1790667541.749884, 349.273000]: nube: 28095 puntos, 360 sectores (0 vacios), costura en 0.0 deg, sentido +1, desfases 0.0000..0.0999 s | entradas=3484 DEFORMADAS=3483 sin_deformar=0 tarde=0 cola=1
[INFO] [1790667551.776127, 354.276500]: nube: 28095 puntos, 360 sectores (0 vacios), costura en 0.0 deg, sentido +1, desfases 0.0000..0.0999 s | entradas=3534 DEFORMADAS=3533 sin_deformar=0 tarde=0 cola=1
[INFO] [1790667561.985549, 359.373000]: nube: 28094 puntos, 360 sectores (0 vacios), costura en 0.0 deg, sentido +1, desfases 0.0000..0.0999 s | entradas=3585 DEFORMADAS=3584 sin_deformar=0 tarde=0 cola=1
[INFO] [1790667572.188493, 364.467000]: nube: 28098 puntos, 360 sectores (0 vacios), costura en 0.0 deg, sentido +1, desfases 0.0000..0.0999 s | entradas=3636 DEFORMADAS=3635 sin_deformar=0 tarde=0 cola=1
[INFO] [1790667582.423583, 369.573000]: nube: 28096 puntos, 360 sectores (0 vacios), costura en 0.0 deg, sentido +1, desfases 0.0000..0.0999 s | entradas=3687 DEFORMADAS=3686 sin_deformar=0 tarde=0 cola=1
[INFO] [1790667592.658483, 374.684000]: nube: 28110 puntos, 360 sectores (0 vacios), costura en 0.0 deg, sentido +1, desfases 0.0000..0.0999 s | entradas=3738 DEFORMADAS=3737 sin_deformar=0 tarde=0 cola=1
[INFO] [1790667602.864894, 379.772000]: nube: 28110 puntos, 360 sectores (0 vacios), costura en 0.0 deg, sentido +1, desfases 0.0000..0.0999 s | entradas=3789 DEFORMADAS=3788 sin_deformar=0 tarde=0 cola=1
[INFO] [1790667613.068269, 384.864500]: nube: 28110 puntos, 360 sectores (0 vacios), costura en 0.0 deg, sentido +1, desfases 0.0000..0.0999 s | entradas=3840 DEFORMADAS=3839 sin_deformar=0 tarde=0 cola=1
[INFO] [1790667623.081348, 389.865000]: nube: 28110 puntos, 360 sectores (0 vacios), costura en 0.0 deg, sentido +1, desfases 0.0000..0.0999 s | entradas=3890 DEFORMADAS=3889 sin_deformar=0 tarde=0 cola=1
[INFO] [1790667633.299449, 394.964500]: nube: 28110 puntos, 360 sectores (0 vacios), costura en 0.0 deg, sentido +1, desfases 0.0000..0.0999 s | entradas=3941 DEFORMADAS=3940 sin_deformar=0 tarde=0 cola=1
[INFO] [1790667643.513827, 400.064500]: nube: 28110 puntos, 360 sectores (0 vacios), costura en 0.0 deg, sentido +1, desfases 0.0000..0.0999 s | entradas=3992 DEFORMADAS=3991 sin_deformar=0 tarde=0 cola=1
[INFO] [1790667653.730702, 405.165000]: nube: 28110 puntos, 360 sectores (0 vacios), costura en 0.0 deg, sentido +1, desfases 0.0000..0.0999 s | entradas=4043 DEFORMADAS=4042 sin_deformar=0 tarde=0 cola=1
[INFO] [1790667663.752699, 410.167500]: nube: 28110 puntos, 360 sectores (0 vacios), costura en 0.0 deg, sentido +1, desfases 0.0000..0.0999 s | entradas=4093 DEFORMADAS=4092 sin_deformar=0 tarde=0 cola=1
[INFO] [1790667673.950321, 415.259000]: nube: 28110 puntos, 360 sectores (0 vacios), costura en 0.0 deg, sentido +1, desfases 0.0000..0.0999 s | entradas=4144 DEFORMADAS=4143 sin_deformar=0 tarde=0 cola=1
[INFO] [1790667683.980320, 420.267500]: nube: 28110 puntos, 360 sectores (0 vacios), costura en 0.0 deg, sentido +1, desfases 0.0000..0.0999 s | entradas=4194 DEFORMADAS=4193 sin_deformar=0 tarde=0 cola=1
[INFO] [1790667694.194912, 425.367500]: nube: 28110 puntos, 360 sectores (0 vacios), costura en 0.0 deg, sentido +1, desfases 0.0000..0.0999 s | entradas=4245 DEFORMADAS=4244 sin_deformar=0 tarde=0 cola=1
[INFO] [1790667704.409198, 430.466500]: nube: 28110 puntos, 360 sectores (0 vacios), costura en 0.0 deg, sentido +1, desfases 0.0000..0.0999 s | entradas=4296 DEFORMADAS=4295 sin_deformar=0 tarde=0 cola=1
[INFO] [1790667714.621297, 435.565000]: nube: 26169 puntos, 360 sectores (0 vacios), costura en 0.0 deg, sentido +1, desfases 0.0000..0.0999 s | entradas=4347 DEFORMADAS=4346 sin_deformar=0 tarde=0 cola=1
[INFO] [1790667724.635088, 440.566000]: nube: 28105 puntos, 360 sectores (0 vacios), costura en 0.0 deg, sentido +1, desfases 0.0000..0.0999 s | entradas=4397 DEFORMADAS=4396 sin_deformar=0 tarde=0 cola=1
[INFO] [1790667734.835910, 445.660500]: nube: 28107 puntos, 360 sectores (0 vacios), costura en 0.0 deg, sentido +1, desfases 0.0000..0.0999 s | entradas=4448 DEFORMADAS=4447 sin_deformar=0 tarde=0 cola=1
[INFO] [1790667744.855083, 450.664000]: nube: 28108 puntos, 360 sectores (0 vacios), costura en 0.0 deg, sentido +1, desfases 0.0000..0.0999 s | entradas=4498 DEFORMADAS=4497 sin_deformar=0 tarde=0 cola=1
[INFO] [1790667755.070250, 455.765000]: nube: 28110 puntos, 360 sectores (0 vacios), costura en 0.0 deg, sentido +1, desfases 0.0000..0.0999 s | entradas=4549 DEFORMADAS=4548 sin_deformar=0 tarde=0 cola=1
[INFO] [1790667765.280971, 460.863500]: nube: 28110 puntos, 360 sectores (0 vacios), costura en 0.0 deg, sentido +1, desfases 0.0000..0.0999 s | entradas=4600 DEFORMADAS=4599 sin_deformar=0 tarde=0 cola=1
[INFO] [1790667775.302820, 465.867500]: nube: 28110 puntos, 360 sectores (0 vacios), costura en 0.0 deg, sentido +1, desfases 0.0000..0.0999 s | entradas=4650 DEFORMADAS=4649 sin_deformar=0 tarde=0 cola=1
[INFO] [1790667785.330875, 470.873500]: nube: 28110 puntos, 360 sectores (0 vacios), costura en 0.0 deg, sentido +1, desfases 0.0000..0.0999 s | entradas=4700 DEFORMADAS=4699 sin_deformar=0 tarde=0 cola=1
[INFO] [1790667795.354755, 475.874500]: nube: 28110 puntos, 360 sectores (0 vacios), costura en 0.0 deg, sentido +1, desfases 0.0000..0.0999 s | entradas=4750 DEFORMADAS=4749 sin_deformar=0 tarde=0 cola=1
[INFO] [1790667805.566211, 480.972500]: nube: 28110 puntos, 360 sectores (0 vacios), costura en 0.0 deg, sentido +1, desfases 0.0000..0.0999 s | entradas=4801 DEFORMADAS=4800 sin_deformar=0 tarde=0 cola=1
[INFO] [1790667815.775453, 486.070000]: nube: 28110 puntos, 360 sectores (0 vacios), costura en 0.0 deg, sentido +1, desfases 0.0000..0.0999 s | entradas=4852 DEFORMADAS=4851 sin_deformar=0 tarde=0 cola=1
[INFO] [1790667825.974012, 491.164000]: nube: 28110 puntos, 360 sectores (0 vacios), costura en 0.0 deg, sentido +1, desfases 0.0000..0.0999 s | entradas=4903 DEFORMADAS=4902 sin_deformar=0 tarde=0 cola=1
[INFO] [1790667835.991590, 496.167000]: nube: 28110 puntos, 360 sectores (0 vacios), costura en 0.0 deg, sentido +1, desfases 0.0000..0.0999 s | entradas=4953 DEFORMADAS=4952 sin_deformar=0 tarde=0 cola=1
[INFO] [1790667846.201909, 501.265000]: nube: 28110 puntos, 360 sectores (0 vacios), costura en 0.0 deg, sentido +1, desfases 0.0000..0.0999 s | entradas=5004 DEFORMADAS=5003 sin_deformar=0 tarde=0 cola=1
[INFO] [1790667856.418862, 506.365500]: nube: 28110 puntos, 360 sectores (0 vacios), costura en 0.0 deg, sentido +1, desfases 0.0000..0.0999 s | entradas=5055 DEFORMADAS=5054 sin_deformar=0 tarde=0 cola=1
[INFO] [1790667866.634121, 511.461500]: nube: 28110 puntos, 360 sectores (0 vacios), costura en 0.0 deg, sentido +1, desfases 0.0000..0.0999 s | entradas=5106 DEFORMADAS=5105 sin_deformar=0 tarde=0 cola=1
[INFO] [1790667876.662347, 516.467000]: nube: 28110 puntos, 360 sectores (0 vacios), costura en 0.0 deg, sentido +1, desfases 0.0000..0.0999 s | entradas=5156 DEFORMADAS=5155 sin_deformar=0 tarde=0 cola=1
[INFO] [1790667886.860407, 521.559000]: nube: 28110 puntos, 360 sectores (0 vacios), costura en 0.0 deg, sentido +1, desfases 0.0000..0.0999 s | entradas=5207 DEFORMADAS=5206 sin_deformar=0 tarde=0 cola=1
[INFO] [1790667896.878970, 526.560000]: nube: 28110 puntos, 360 sectores (0 vacios), costura en 0.0 deg, sentido +1, desfases 0.0000..0.0999 s | entradas=5257 DEFORMADAS=5256 sin_deformar=0 tarde=0 cola=1
[INFO] [1790667906.898765, 531.562500]: nube: 28110 puntos, 360 sectores (0 vacios), costura en 0.0 deg, sentido +1, desfases 0.0000..0.0999 s | entradas=5307 DEFORMADAS=5306 sin_deformar=0 tarde=0 cola=1
[INFO] [1790667917.109756, 536.661000]: nube: 28110 puntos, 360 sectores (0 vacios), costura en 0.0 deg, sentido +1, desfases 0.0000..0.0999 s | entradas=5358 DEFORMADAS=5357 sin_deformar=0 tarde=0 cola=1
[INFO] [1790667927.132987, 541.665500]: nube: 28110 puntos, 360 sectores (0 vacios), costura en 0.0 deg, sentido +1, desfases 0.0000..0.0999 s | entradas=5408 DEFORMADAS=5407 sin_deformar=0 tarde=0 cola=1
[INFO] [1790667937.352771, 546.766500]: nube: 28110 puntos, 360 sectores (0 vacios), costura en 0.0 deg, sentido +1, desfases 0.0000..0.0999 s | entradas=5459 DEFORMADAS=5458 sin_deformar=0 tarde=0 cola=1
[INFO] [1790667947.385613, 551.770500]: nube: 28110 puntos, 360 sectores (0 vacios), costura en 0.0 deg, sentido +1, desfases 0.0000..0.0999 s | entradas=5509 DEFORMADAS=5508 sin_deformar=0 tarde=0 cola=1
[INFO] [1790667957.594719, 556.867000]: nube: 28110 puntos, 360 sectores (0 vacios), costura en 0.0 deg, sentido +1, desfases 0.0000..0.0999 s | entradas=5560 DEFORMADAS=5559 sin_deformar=0 tarde=0 cola=1
[INFO] [1790667967.812738, 561.963500]: nube: 28110 puntos, 360 sectores (0 vacios), costura en 0.0 deg, sentido +1, desfases 0.0000..0.0999 s | entradas=5611 DEFORMADAS=5610 sin_deformar=0 tarde=0 cola=1
[INFO] [1790667978.026576, 567.063500]: nube: 28110 puntos, 360 sectores (0 vacios), costura en 0.0 deg, sentido +1, desfases 0.0000..0.0999 s | entradas=5662 DEFORMADAS=5661 sin_deformar=0 tarde=0 cola=1
[INFO] [1790667988.047050, 572.067500]: nube: 28110 puntos, 360 sectores (0 vacios), costura en 0.0 deg, sentido +1, desfases 0.0000..0.0999 s | entradas=5712 DEFORMADAS=5711 sin_deformar=0 tarde=0 cola=1
[INFO] [1790667998.245992, 577.160000]: nube: 28110 puntos, 360 sectores (0 vacios), costura en 0.0 deg, sentido +1, desfases 0.0000..0.0999 s | entradas=5763 DEFORMADAS=5762 sin_deformar=0 tarde=0 cola=1
[INFO] [1790668008.274640, 582.165500]: nube: 28110 puntos, 360 sectores (0 vacios), costura en 0.0 deg, sentido +1, desfases 0.0000..0.0999 s | entradas=5813 DEFORMADAS=5812 sin_deformar=0 tarde=0 cola=1
[INFO] [1790668018.487452, 587.265000]: nube: 28110 puntos, 360 sectores (0 vacios), costura en 0.0 deg, sentido +1, desfases 0.0000..0.0999 s | entradas=5864 DEFORMADAS=5863 sin_deformar=0 tarde=0 cola=1
[INFO] [1790668028.693088, 592.360000]: nube: 28110 puntos, 360 sectores (0 vacios), costura en 0.0 deg, sentido +1, desfases 0.0000..0.0999 s | entradas=5915 DEFORMADAS=5914 sin_deformar=0 tarde=0 cola=1
[INFO] [1790668038.721075, 597.366500]: nube: 28110 puntos, 360 sectores (0 vacios), costura en 0.0 deg, sentido +1, desfases 0.0000..0.0999 s | entradas=5965 DEFORMADAS=5964 sin_deformar=0 tarde=0 cola=1
[INFO] [1790668048.746220, 602.371500]: nube: 28110 puntos, 360 sectores (0 vacios), costura en 0.0 deg, sentido +1, desfases 0.0000..0.0999 s | entradas=6015 DEFORMADAS=6014 sin_deformar=0 tarde=0 cola=1
[INFO] [1790668058.970720, 607.474500]: nube: 28110 puntos, 360 sectores (0 vacios), costura en 0.0 deg, sentido +1, desfases 0.0000..0.0999 s | entradas=6066 DEFORMADAS=6065 sin_deformar=0 tarde=0 cola=1
[INFO] [1790668068.986948, 612.476500]: nube: 28110 puntos, 360 sectores (0 vacios), costura en 0.0 deg, sentido +1, desfases 0.0000..0.0999 s | entradas=6116 DEFORMADAS=6115 sin_deformar=0 tarde=0 cola=1
[INFO] [1790668079.202613, 617.575500]: nube: 28110 puntos, 360 sectores (0 vacios), costura en 0.0 deg, sentido +1, desfases 0.0000..0.0999 s | entradas=6167 DEFORMADAS=6166 sin_deformar=0 tarde=0 cola=1
[INFO] [1790668089.407709, 622.667000]: nube: 28110 puntos, 360 sectores (0 vacios), costura en 0.0 deg, sentido +1, desfases 0.0000..0.0999 s | entradas=6218 DEFORMADAS=6217 sin_deformar=0 tarde=0 cola=1
[INFO] [1790668099.424199, 627.668000]: nube: 28099 puntos, 360 sectores (0 vacios), costura en 0.0 deg, sentido +1, desfases 0.0000..0.0999 s | entradas=6268 DEFORMADAS=6267 sin_deformar=0 tarde=0 cola=1
[INFO] [1790668109.636119, 632.766500]: nube: 28095 puntos, 360 sectores (0 vacios), costura en 0.0 deg, sentido +1, desfases 0.0000..0.0999 s | entradas=6319 DEFORMADAS=6318 sin_deformar=0 tarde=0 cola=1
[INFO] [1790668119.856874, 637.864000]: nube: 28095 puntos, 360 sectores (0 vacios), costura en 0.0 deg, sentido +1, desfases 0.0000..0.0999 s | entradas=6370 DEFORMADAS=6369 sin_deformar=0 tarde=0 cola=1
[INFO] [1790668130.087663, 642.969500]: nube: 28110 puntos, 360 sectores (0 vacios), costura en 0.0 deg, sentido +1, desfases 0.0000..0.0999 s | entradas=6421 DEFORMADAS=6420 sin_deformar=0 tarde=0 cola=1
[INFO] [1790668140.302510, 648.065000]: nube: 28101 puntos, 360 sectores (0 vacios), costura en 0.0 deg, sentido +1, desfases 0.0000..0.0999 s | entradas=6472 DEFORMADAS=6471 sin_deformar=0 tarde=0 cola=1
[INFO] [1790668150.514582, 653.163500]: nube: 28097 puntos, 360 sectores (0 vacios), costura en 0.0 deg, sentido +1, desfases 0.0000..0.0999 s | entradas=6523 DEFORMADAS=6522 sin_deformar=0 tarde=0 cola=1
[INFO] [1790668160.535245, 658.165000]: nube: 26560 puntos, 360 sectores (0 vacios), costura en 0.0 deg, sentido +1, desfases 0.0000..0.0999 s | entradas=6573 DEFORMADAS=6572 sin_deformar=0 tarde=0 cola=1
[INFO] [1790668170.742581, 663.261500]: nube: 28095 puntos, 360 sectores (0 vacios), costura en 0.0 deg, sentido +1, desfases 0.0000..0.0999 s | entradas=6624 DEFORMADAS=6623 sin_deformar=0 tarde=0 cola=1
[INFO] [1790668180.952366, 668.362000]: nube: 28094 puntos, 360 sectores (0 vacios), costura en 0.0 deg, sentido +1, desfases 0.0000..0.0999 s | entradas=6675 DEFORMADAS=6674 sin_deformar=0 tarde=0 cola=1
[INFO] [1790668182.602527, 669.155000]: imu_ahrs: 66904 muestras, 1578 sin gravedad utilizable (2.4%), sesgo=[+0.00675 -0.00300 +0.00013] rad/s
[INFO] [1790668182.604952, 669.155000]: sweep_distortion: entradas=6683 deformadas=6682 sin_deformar=0 tarde=0 sin_montaje=0
Error in XmlRpcClient::writeRequest: write error (Connection refused).
Error in XmlRpcDispatch::work: couldn't find source iterator
Error in XmlRpcClient::writeRequest: write error (Connection refused).
Error in XmlRpcDispatch::work: couldn't find source iterator
Error in XmlRpcClient::writeRequest: write error (Connection refused).
Error in XmlRpcDispatch::work: couldn't find source iterator
Error in XmlRpcClient::writeRequest: write error (Connection refused).
Error in XmlRpcDispatch::work: couldn't find source iterator
Error in XmlRpcClient::writeRequest: write error (Connection refused).
Error in XmlRpcDispatch::work: couldn't find source iterator
Error in XmlRpcClient::writeRequest: write error (Connection refused).
Error in XmlRpcDispatch::work: couldn't find source iterator
Error in XmlRpcClient::writeRequest: write error (Connection refused).
Error in XmlRpcDispatch::work: couldn't find source iterator
Error in XmlRpcClient::writeRequest: write error (Connection refused).
Error in XmlRpcDispatch::work: couldn't find source iterator
[INFO] [1790666836.392507, 0.000000]: twist_to_wheels (Husky, skid-steer) started
[INFO] [1790666836.393346, 0.000000]:   track_width  = 0.5709 m
[INFO] [1790666836.393979, 0.000000]:   wheel_radius = 0.14800 m
... logging to /home/alessandro/.ros/log/32019e98-bbd7-11f1-bd00-096508a55b3d/roslaunch-LAPTOP-EU6F9FQD-4065195.log
Checking log directory for disk usage. This may take a while.
Press Ctrl-C to interrupt
Done checking log file disk usage. Usage is <1GB.
]2;/home/alessandro/journal_comparison/src/differential/launch/lcmine_husky_world.launch
[1mstarted roslaunch server http://LAPTOP-EU6F9FQD:40987/[0m

SUMMARY
========

PARAMETERS
 * /gazebo/enable_ros_network: True
 * /husky/gazebo_ros_control/pid_gains/back_left_joint/d: 0.0
 * /husky/gazebo_ros_control/pid_gains/back_left_joint/i: 14.746
 * /husky/gazebo_ros_control/pid_gains/back_left_joint/i_clamp: 30.0
 * /husky/gazebo_ros_control/pid_gains/back_left_joint/p: 15.337
 * /husky/gazebo_ros_control/pid_gains/back_right_joint/d: 0.0
 * /husky/gazebo_ros_control/pid_gains/back_right_joint/i: 14.746
 * /husky/gazebo_ros_control/pid_gains/back_right_joint/i_clamp: 30.0
 * /husky/gazebo_ros_control/pid_gains/back_right_joint/p: 15.337
 * /husky/gazebo_ros_control/pid_gains/front_left_joint/d: 0.0
 * /husky/gazebo_ros_control/pid_gains/front_left_joint/i: 14.746
 * /husky/gazebo_ros_control/pid_gains/front_left_joint/i_clamp: 30.0
 * /husky/gazebo_ros_control/pid_gains/front_left_joint/p: 15.337
 * /husky/gazebo_ros_control/pid_gains/front_right_joint/d: 0.0
 * /husky/gazebo_ros_control/pid_gains/front_right_joint/i: 14.746
 * /husky/gazebo_ros_control/pid_gains/front_right_joint/i_clamp: 30.0
 * /husky/gazebo_ros_control/pid_gains/front_right_joint/p: 15.337
 * /husky/joint_state_controller/publish_rate: 50
 * /husky/joint_state_controller/type: joint_state_contr...
 * /husky/robot_description: <?xml version="1....
 * /husky/robot_state_publisher/tf_prefix: husky
 * /husky/twist_to_wheels/min_angular: 0.0
 * /husky/twist_to_wheels/track_width: 0.5709
 * /husky/twist_to_wheels/wheel_radius: 0.148
 * /husky/wheel_vel_controller_fl/joint: front_left_joint
 * /husky/wheel_vel_controller_fl/type: velocity_controll...
 * /husky/wheel_vel_controller_fr/joint: front_right_joint
 * /husky/wheel_vel_controller_fr/type: velocity_controll...
 * /husky/wheel_vel_controller_rl/joint: back_left_joint
 * /husky/wheel_vel_controller_rl/type: velocity_controll...
 * /husky/wheel_vel_controller_rr/joint: back_right_joint
 * /husky/wheel_vel_controller_rr/type: velocity_controll...
 * /imu_ahrs/accel_gate: 0.15
 * /imu_ahrs/angular_velocity_stddev: 0.009
 * /imu_ahrs/bias_samples: 200
 * /imu_ahrs/linear_acceleration_stddev: 0.021
 * /imu_ahrs/orientation_stddev: 0.02
 * /imu_ahrs/tau: 1.0
 * /rosdistro: noetic
 * /rosversion: 1.17.4
 * /sweep_distortion/base_frame: husky/base_link
 * /sweep_distortion/cut_angle_deg: 0.0
 * /sweep_distortion/frame_id: husky/velodyne_ba...
 * /sweep_distortion/input: /velodyne_points_raw
 * /sweep_distortion/model_name: differential
 * /sweep_distortion/output: /velodyne_points
 * /sweep_distortion/rotor_dir: 1
 * /sweep_distortion/rotor_hz: 10.0
 * /sweep_distortion/sectors: 360
 * /swept_robot_description: <sdf version="1.5...
 * /use_sim_time: True

NODES
  /
    gazebo (gazebo_ros/gzserver)
    imu_ahrs (robot_metrics/imu_ahrs.py)
    spawn_husky (gazebo_ros/spawn_model)
    sweep_distortion (robot_metrics/sweep_distortion.py)
  /husky/
    controller_starter (controller_manager/controller_manager)
    robot_state_publisher (robot_state_publisher/robot_state_publisher)
    twist_to_wheels (differential/twist_to_wheels.py)

auto-starting new master
[1mprocess[master]: started with pid [4065222][0m
[1mROS_MASTER_URI=http://localhost:11311[0m
]2;/home/alessandro/journal_comparison/src/differential/launch/lcmine_husky_world.launch http://localhost:11311
[1msetting /run_id to 32019e98-bbd7-11f1-bd00-096508a55b3d[0m
[1mprocess[rosout-1]: started with pid [4065247][0m
started core service [/rosout]
[1mprocess[gazebo-2]: started with pid [4065254][0m
[1mprocess[spawn_husky-3]: started with pid [4065258][0m
[1mprocess[sweep_distortion-4]: started with pid [4065260][0m
[1mprocess[husky/controller_starter-5]: started with pid [4065261][0m
[1mprocess[husky/twist_to_wheels-6]: started with pid [4065262][0m
[1mprocess[husky/robot_state_publisher-7]: started with pid [4065263][0m
[1mprocess[imu_ahrs-8]: started with pid [4065264][0m
[1m[spawn_husky-3] process has finished cleanly
log file: /home/alessandro/.ros/log/32019e98-bbd7-11f1-bd00-096508a55b3d/spawn_husky-3*.log[0m
[1m[husky/controller_starter-5] process has finished cleanly
log file: /home/alessandro/.ros/log/32019e98-bbd7-11f1-bd00-096508a55b3d/husky-controller_starter-5*.log[0m
[imu_ahrs-8] killing on exit
[husky/robot_state_publisher-7] killing on exit
[husky/twist_to_wheels-6] killing on exit
[sweep_distortion-4] killing on exit
[gazebo-2] killing on exit
[rosout-1] killing on exit
[master] killing on exit
shutting down processing monitor...
... shutting down processing monitor complete
[1mdone[0m
