[INFO] [1790666871.688597, 14.673000]: MetricsLogger: robot=differential run=3
[INFO] [1790666871.689837, 14.674000]:   output    : /home/alessandro/metrics_husky_r0148/fixed_trajectory/swept_lidar/differential/run03
[INFO] [1790666871.691158, 14.674500]:   odom      : /rtabmap/odom
[INFO] [1790666871.694058, 14.676000]:   cmd_vel   : /husky/cmd_vel
[INFO] [1790666871.695798, 14.676500]:   gt model  : differential (via /gazebo/model_states, unfiltered)
[INFO] [1790666871.697146, 14.677500]:   efforts   : 4 driven joints
[INFO] [1790666871.698369, 14.678000]:   velocities: 4 driven joints
[INFO] [1790666871.699159, 14.678500]:   metrics   : 50.0 Hz
[INFO] [1790666871.699884, 14.679000]:   gt hi-rate: 1000.0 Hz (asked 800.0; every 2-th ModelStates at 2000 Hz physics) -> gt_highrate.csv
[INFO] [1790666936.774123, 47.178000]: [event] proximity_detection id=7 verdict=true gt_gap=13.160m  at gt=(47.29, -0.63) s=14.0m
[INFO] [1790666938.800259, 48.189000]: [event] proximity_detection id=8 verdict=true gt_gap=13.203m  at gt=(47.75, -0.81) s=14.4m
[INFO] [1790666940.824228, 49.200000]: [event] proximity_detection id=9 verdict=true gt_gap=13.198m  at gt=(48.16, -0.97) s=14.9m
[INFO] [1790666943.010158, 50.291500]: [event] proximity_detection id=10 verdict=true gt_gap=13.153m  at gt=(48.56, -1.16) s=15.3m
[INFO] [1790666945.223520, 51.397500]: [event] proximity_detection id=11 verdict=true gt_gap=13.086m  at gt=(48.94, -1.35) s=15.8m
[INFO] [1790666947.253334, 52.411000]: [event] proximity_detection id=12 verdict=true gt_gap=12.994m  at gt=(49.27, -1.53) s=16.1m
[INFO] [1790666949.445767, 53.505500]: [event] proximity_detection id=13 verdict=true gt_gap=12.982m  at gt=(49.66, -1.76) s=16.6m
[INFO] [1790666951.673738, 54.618000]: [event] proximity_detection id=14 verdict=true gt_gap=12.985m  at gt=(50.07, -2.04) s=17.1m
[INFO] [1790666953.667649, 55.614500]: [event] proximity_detection id=15 verdict=true gt_gap=12.890m  at gt=(50.44, -2.32) s=17.5m
[INFO] [1790666955.684929, 56.621500]: [event] proximity_detection id=16 verdict=true gt_gap=12.857m  at gt=(50.79, -2.61) s=18.0m
[INFO] [1790666957.682610, 57.619500]: [event] proximity_detection id=17 verdict=true gt_gap=12.867m  at gt=(51.17, -2.90) s=18.5m
[INFO] [1790666959.893586, 58.724000]: [event] proximity_detection id=18 verdict=true gt_gap=12.901m  at gt=(51.54, -3.18) s=18.9m
[INFO] [1790666969.886878, 63.712500]: [event] proximity_detection id=23 verdict=true gt_gap=12.625m  at gt=(52.89, -4.64) s=20.9m
[INFO] [1790667002.711970, 80.100500]: [event] proximity_detection id=39 verdict=true gt_gap=12.453m  at gt=(55.40, -11.10) s=28.0m
[INFO] [1790667006.932642, 82.208000]: [event] proximity_detection id=41 verdict=true gt_gap=12.538m  at gt=(55.44, -12.07) s=28.9m
[INFO] [1790667008.935281, 83.208500]: [event] proximity_detection id=42 verdict=true gt_gap=12.581m  at gt=(55.43, -12.50) s=29.4m
[INFO] [1790667010.943999, 84.211000]: [event] proximity_detection id=43 verdict=true gt_gap=12.608m  at gt=(55.40, -12.98) s=29.9m
[INFO] [1790667012.931444, 85.203000]: [event] proximity_detection id=44 verdict=true gt_gap=12.569m  at gt=(55.36, -13.44) s=30.3m
[INFO] [1790667014.953128, 86.213500]: [event] proximity_detection id=45 verdict=true gt_gap=12.558m  at gt=(55.32, -13.89) s=30.8m
[INFO] [1790667016.956148, 87.213500]: [event] proximity_detection id=46 verdict=true gt_gap=12.553m  at gt=(55.30, -14.32) s=31.2m
[INFO] [1790667018.945435, 88.207000]: [event] proximity_detection id=47 verdict=true gt_gap=12.547m  at gt=(55.27, -14.76) s=31.6m
[INFO] [1790667021.162100, 89.314500]: [event] proximity_detection id=48 verdict=true gt_gap=12.657m  at gt=(55.24, -15.28) s=32.2m
[INFO] [1790667023.181052, 90.321500]: [event] proximity_detection id=49 verdict=true gt_gap=12.815m  at gt=(55.22, -15.76) s=32.6m
[INFO] [1790667025.170800, 91.315500]: [event] proximity_detection id=50 verdict=true gt_gap=12.921m  at gt=(55.20, -16.21) s=33.1m
[INFO] [1790667027.183488, 92.320500]: [event] proximity_detection id=51 verdict=true gt_gap=13.002m  at gt=(55.17, -16.66) s=33.6m
[INFO] [1790667029.173901, 93.315000]: [event] proximity_detection id=52 verdict=true gt_gap=13.069m  at gt=(55.13, -17.15) s=34.0m
[INFO] [1790667031.190255, 94.321000]: [event] proximity_detection id=53 verdict=true gt_gap=13.178m  at gt=(55.09, -17.63) s=34.5m
[INFO] [1790667033.205137, 95.327000]: [event] proximity_detection id=54 verdict=true gt_gap=13.278m  at gt=(55.05, -18.11) s=35.0m
[INFO] [1790667035.399297, 96.423000]: [event] proximity_detection id=55 verdict=true gt_gap=13.389m  at gt=(55.02, -18.64) s=35.5m
[INFO] [1790667037.604016, 97.523500]: [event] proximity_detection id=56 verdict=true gt_gap=13.504m  at gt=(54.98, -19.17) s=36.1m
[INFO] [1790667039.606560, 98.523000]: [event] proximity_detection id=57 verdict=true gt_gap=13.549m  at gt=(54.95, -19.64) s=36.5m
[INFO] [1790667041.613304, 99.525500]: [event] proximity_detection id=58 verdict=true gt_gap=13.675m  at gt=(54.92, -20.12) s=37.0m
[INFO] [1790667043.805244, 100.620500]: [event] proximity_detection id=59 verdict=true gt_gap=13.831m  at gt=(54.89, -20.65) s=37.5m
[INFO] [1790667046.005130, 101.719000]: [event] proximity_detection id=60 verdict=true gt_gap=13.918m  at gt=(54.86, -21.18) s=38.1m
[INFO] [1790667048.018729, 102.724500]: [event] proximity_detection id=61 verdict=true gt_gap=13.970m  at gt=(54.83, -21.67) s=38.6m
[INFO] [1790667050.017845, 103.722500]: [event] proximity_detection id=62 verdict=true gt_gap=13.941m  at gt=(54.81, -22.13) s=39.0m
[INFO] [1790667052.008985, 104.717000]: [event] proximity_detection id=63 verdict=true gt_gap=13.889m  at gt=(54.80, -22.52) s=39.4m
[INFO] [1790667054.012847, 105.718500]: [event] proximity_detection id=64 verdict=true gt_gap=13.886m  at gt=(54.80, -22.92) s=39.8m
[INFO] [1790667056.236030, 106.826500]: [event] proximity_detection id=65 verdict=true gt_gap=13.947m  at gt=(54.82, -23.39) s=40.3m
[INFO] [1790667058.206813, 107.811000]: [event] proximity_detection id=66 verdict=true gt_gap=14.002m  at gt=(54.83, -23.83) s=40.7m
[INFO] [1790667060.415140, 108.913500]: [event] proximity_detection id=67 verdict=true gt_gap=14.111m  at gt=(54.86, -24.37) s=41.3m
[INFO] [1790667062.404307, 109.907000]: [event] proximity_detection id=68 verdict=true gt_gap=14.175m  at gt=(54.88, -24.82) s=41.7m
[INFO] [1790667064.932528, 111.169500]: [event] proximity_detection id=69 verdict=true gt_gap=14.280m  at gt=(54.89, -25.37) s=42.3m
[INFO] [1790667066.809237, 112.106000]: [event] proximity_detection id=70 verdict=true gt_gap=14.257m  at gt=(54.89, -25.82) s=42.7m
[INFO] [1790667068.817197, 113.109500]: [event] proximity_detection id=71 verdict=true gt_gap=14.228m  at gt=(54.89, -26.29) s=43.2m
[INFO] [1790667070.771233, 114.086500]: [event] proximity_detection id=72 verdict=true gt_gap=14.260m  at gt=(54.89, -26.75) s=43.7m
[INFO] [1790667075.008342, 116.202000]: [event] proximity_detection id=74 verdict=true gt_gap=13.648m  at gt=(54.95, -27.09) s=44.0m
[INFO] [1790667077.018075, 117.205500]: [event] proximity_detection id=75 verdict=true gt_gap=13.151m  at gt=(54.94, -27.03) s=44.1m
[INFO] [1790667079.232145, 118.311000]: [event] proximity_detection id=76 verdict=true gt_gap=12.723m  at gt=(54.94, -27.04) s=44.1m
[INFO] [1790667081.232193, 119.310000]: [event] proximity_detection id=77 verdict=true gt_gap=12.300m  at gt=(54.94, -27.05) s=44.1m
[INFO] [1790667083.275601, 120.330500]: [event] proximity_detection id=78 verdict=true gt_gap=11.818m  at gt=(54.97, -27.10) s=44.2m
[INFO] [1790667085.228639, 121.306500]: [event] proximity_detection id=79 verdict=true gt_gap=11.452m  at gt=(54.99, -27.21) s=44.3m
[INFO] [1790667087.223785, 122.302500]: [event] proximity_detection id=80 verdict=true gt_gap=11.246m  at gt=(54.97, -27.45) s=44.6m
[INFO] [1790667089.437426, 123.408500]: [event] proximity_detection id=81 verdict=true gt_gap=11.204m  at gt=(54.97, -27.87) s=45.0m
[INFO] [1790667091.427386, 124.402000]: [event] proximity_detection id=82 verdict=true gt_gap=11.105m  at gt=(54.95, -28.25) s=45.4m
[INFO] [1790667093.427238, 125.401000]: [event] proximity_detection id=83 verdict=true gt_gap=11.031m  at gt=(54.92, -28.66) s=45.8m
[INFO] [1790667095.443198, 126.407500]: [event] proximity_detection id=84 verdict=true gt_gap=10.934m  at gt=(54.87, -29.04) s=46.2m
[INFO] [1790667097.614190, 127.491000]: [event] proximity_detection id=85 verdict=true gt_gap=10.820m  at gt=(54.80, -29.46) s=46.6m
[INFO] [1790667099.619190, 128.492500]: [event] proximity_detection id=86 verdict=true gt_gap=10.690m  at gt=(54.71, -29.86) s=47.0m
[INFO] [1790667101.635927, 129.500000]: [event] proximity_detection id=87 verdict=true gt_gap=10.604m  at gt=(54.64, -30.24) s=47.4m
[INFO] [1790667103.645985, 130.504000]: [event] proximity_detection id=88 verdict=true gt_gap=10.506m  at gt=(54.58, -30.62) s=47.8m
[INFO] [1790667105.635881, 131.499000]: [event] proximity_detection id=89 verdict=true gt_gap=10.387m  at gt=(54.48, -31.03) s=48.2m
[INFO] [1790667107.849185, 132.603000]: [event] proximity_detection id=90 verdict=true gt_gap=10.215m  at gt=(54.37, -31.38) s=48.6m
[INFO] [1790667109.860461, 133.608500]: [event] proximity_detection id=91 verdict=true gt_gap=10.050m  at gt=(54.24, -31.70) s=48.9m
[INFO] [1790667112.051429, 134.702000]: [event] proximity_detection id=92 verdict=true gt_gap=10.001m  at gt=(54.06, -32.11) s=49.3m
[INFO] [1790667114.048854, 135.700500]: [event] proximity_detection id=93 verdict=true gt_gap=10.023m  at gt=(53.88, -32.50) s=49.8m
[INFO] [1790667116.066058, 136.707500]: [event] proximity_detection id=94 verdict=true gt_gap=10.052m  at gt=(53.69, -32.91) s=50.2m
[INFO] [1790667118.090250, 137.718500]: [event] proximity_detection id=95 verdict=true gt_gap=10.017m  at gt=(53.48, -33.32) s=50.7m
[INFO] [1790667120.101852, 138.723000]: [event] proximity_detection id=96 verdict=true gt_gap=9.988m  at gt=(53.28, -33.70) s=51.1m
[INFO] [1790667122.128301, 139.735000]: [event] proximity_detection id=97 verdict=true gt_gap=9.859m  at gt=(53.05, -34.06) s=51.5m
[INFO] [1790667124.330577, 140.834500]: [event] proximity_detection id=98 verdict=true gt_gap=9.830m  at gt=(52.80, -34.43) s=52.0m
[INFO] [1790667126.517366, 141.926500]: [event] proximity_detection id=99 verdict=true gt_gap=9.704m  at gt=(52.54, -34.79) s=52.4m
[INFO] [1790667128.545026, 142.939500]: [event] proximity_detection id=100 verdict=true gt_gap=9.670m  at gt=(52.28, -35.13) s=52.9m
[INFO] [1790667130.551609, 143.941000]: [event] proximity_detection id=101 verdict=true gt_gap=9.635m  at gt=(51.99, -35.47) s=53.3m
[INFO] [1790667132.741529, 145.034500]: [event] proximity_detection id=102 verdict=true gt_gap=9.632m  at gt=(51.67, -35.83) s=53.8m
[INFO] [1790667134.752938, 146.039000]: [event] proximity_detection id=103 verdict=true gt_gap=9.753m  at gt=(51.38, -36.13) s=54.2m
[INFO] [1790667136.845486, 147.084500]: [event] proximity_detection id=103 verdict=true gt_gap=10.148m  at gt=(51.07, -36.43) s=54.7m
[INFO] [1790667138.791230, 148.056000]: [event] proximity_detection id=103 verdict=true gt_gap=10.527m  at gt=(50.76, -36.71) s=55.1m
[INFO] [1790667186.961731, 172.107000]: [event] proximity_detection id=129 verdict=true gt_gap=12.620m  at gt=(40.83, -39.50) s=65.7m
[INFO] [1790667188.960103, 173.104500]: [event] proximity_detection id=130 verdict=true gt_gap=12.688m  at gt=(40.36, -39.47) s=66.2m
[INFO] [1790667190.979904, 174.113500]: [event] proximity_detection id=131 verdict=true gt_gap=12.744m  at gt=(39.88, -39.45) s=66.7m
[INFO] [1790667193.184072, 175.214000]: [event] proximity_detection id=132 verdict=true gt_gap=12.829m  at gt=(39.35, -39.42) s=67.2m
[INFO] [1790667195.193168, 176.217500]: [event] proximity_detection id=133 verdict=true gt_gap=12.915m  at gt=(38.88, -39.39) s=67.7m
[INFO] [1790667197.214159, 177.227000]: [event] proximity_detection id=134 verdict=true gt_gap=13.017m  at gt=(38.39, -39.38) s=68.2m
[INFO] [1790667199.200741, 178.219500]: [event] proximity_detection id=135 verdict=true gt_gap=13.107m  at gt=(37.93, -39.37) s=68.6m
[INFO] [1790667201.228624, 179.231000]: [event] proximity_detection id=136 verdict=true gt_gap=13.213m  at gt=(37.45, -39.33) s=69.1m
[INFO] [1790667203.212300, 180.223000]: [event] proximity_detection id=137 verdict=true gt_gap=13.295m  at gt=(36.98, -39.30) s=69.6m
[INFO] [1790667205.246713, 181.236500]: [event] proximity_detection id=138 verdict=true gt_gap=13.398m  at gt=(36.49, -39.28) s=70.0m
[INFO] [1790667207.246881, 182.235500]: [event] proximity_detection id=139 verdict=true gt_gap=13.526m  at gt=(36.01, -39.25) s=70.5m
[INFO] [1790667209.253027, 183.237000]: [event] proximity_detection id=140 verdict=true gt_gap=13.552m  at gt=(35.56, -39.22) s=71.0m
[INFO] [1790667211.244895, 184.232500]: [event] proximity_detection id=141 verdict=true gt_gap=13.579m  at gt=(35.10, -39.19) s=71.4m
[INFO] [1790667213.258214, 185.238000]: [event] proximity_detection id=142 verdict=true gt_gap=13.658m  at gt=(34.60, -39.15) s=72.0m
[INFO] [1790667215.234740, 186.224000]: [event] proximity_detection id=143 verdict=true gt_gap=13.743m  at gt=(34.12, -39.15) s=72.4m
[INFO] [1790667217.244410, 187.228500]: [event] proximity_detection id=144 verdict=true gt_gap=13.835m  at gt=(33.65, -39.12) s=72.9m
[INFO] [1790667219.449425, 188.329000]: [event] proximity_detection id=145 verdict=true gt_gap=13.922m  at gt=(33.12, -39.09) s=73.4m
[INFO] [1790667221.451107, 189.329000]: [event] proximity_detection id=146 verdict=true gt_gap=13.975m  at gt=(32.64, -39.06) s=73.9m
[INFO] [1790667223.459702, 190.332500]: [event] proximity_detection id=147 verdict=true gt_gap=14.032m  at gt=(32.16, -39.01) s=74.4m
[INFO] [1790667225.454067, 191.329000]: [event] proximity_detection id=148 verdict=true gt_gap=14.099m  at gt=(31.67, -38.96) s=74.9m
[INFO] [1790667227.461880, 192.331000]: [event] proximity_detection id=149 verdict=true gt_gap=14.094m  at gt=(31.20, -38.90) s=75.4m
[INFO] [1790667229.451934, 193.324500]: [event] proximity_detection id=150 verdict=true gt_gap=14.139m  at gt=(30.71, -38.83) s=75.9m
[INFO] [1790667231.468110, 194.332500]: [event] proximity_detection id=151 verdict=true gt_gap=14.191m  at gt=(30.23, -38.78) s=76.3m
[INFO] [1790667233.442264, 195.317000]: [event] proximity_detection id=152 verdict=true gt_gap=14.264m  at gt=(29.80, -38.72) s=76.8m
[INFO] [1790667235.477798, 196.334000]: [event] proximity_detection id=153 verdict=true gt_gap=14.413m  at gt=(29.31, -38.63) s=77.3m
[INFO] [1790667237.438556, 197.313500]: [event] proximity_detection id=154 verdict=true gt_gap=14.522m  at gt=(28.83, -38.54) s=77.8m
[INFO] [1790667239.463219, 198.324500]: [event] proximity_detection id=155 verdict=true gt_gap=14.552m  at gt=(28.35, -38.45) s=78.3m
[INFO] [1790667241.647762, 199.415500]: [event] proximity_detection id=156 verdict=true gt_gap=14.573m  at gt=(27.83, -38.34) s=78.8m
[INFO] [1790667243.646953, 200.413000]: [event] proximity_detection id=157 verdict=true gt_gap=14.543m  at gt=(27.37, -38.23) s=79.3m
[INFO] [1790667245.864244, 201.522000]: [event] proximity_detection id=158 verdict=true gt_gap=14.497m  at gt=(26.89, -38.11) s=79.8m
[INFO] [1790667247.854179, 202.514500]: [event] proximity_detection id=159 verdict=true gt_gap=14.398m  at gt=(26.51, -38.01) s=80.1m
[INFO] [1790667249.870619, 203.522000]: [event] proximity_detection id=160 verdict=true gt_gap=14.291m  at gt=(26.16, -37.90) s=80.5m
[INFO] [1790667251.870942, 204.521000]: [event] proximity_detection id=161 verdict=true gt_gap=14.165m  at gt=(25.81, -37.77) s=80.9m
[INFO] [1790667254.534088, 205.850500]: [event] proximity_detection id=162 verdict=true gt_gap=14.156m  at gt=(25.32, -37.56) s=81.4m
[INFO] [1790667255.869996, 206.518500]: [event] proximity_detection id=163 verdict=true gt_gap=13.954m  at gt=(25.07, -37.44) s=81.7m
[INFO] [1790667257.897514, 207.531000]: [event] proximity_detection id=164 verdict=true gt_gap=13.856m  at gt=(24.69, -37.26) s=82.1m
[INFO] [1790667259.884487, 208.523000]: [event] proximity_detection id=165 verdict=true gt_gap=13.807m  at gt=(24.31, -37.05) s=82.5m
[INFO] [1790667325.368139, 241.226000]: [event] proximity_detection id=197 verdict=true gt_gap=12.839m  at gt=(18.37, -24.71) s=97.1m
[INFO] [1790667327.365316, 242.223500]: [event] proximity_detection id=198 verdict=true gt_gap=12.766m  at gt=(18.38, -24.32) s=97.5m
[INFO] [1790667329.376400, 243.228500]: [event] proximity_detection id=199 verdict=true gt_gap=12.741m  at gt=(18.39, -23.90) s=97.9m
[INFO] [1790667331.368224, 244.223000]: [event] proximity_detection id=200 verdict=true gt_gap=12.734m  at gt=(18.35, -23.52) s=98.3m
[INFO] [1790667333.399070, 245.236000]: [event] proximity_detection id=201 verdict=true gt_gap=12.868m  at gt=(18.31, -23.02) s=98.8m
[INFO] [1790667335.594783, 246.331000]: [event] proximity_detection id=202 verdict=true gt_gap=13.007m  at gt=(18.31, -22.43) s=99.4m
[INFO] [1790667337.582998, 247.322000]: [event] proximity_detection id=203 verdict=true gt_gap=13.085m  at gt=(18.30, -21.94) s=99.9m
[INFO] [1790667339.847965, 248.450500]: [event] proximity_detection id=204 verdict=true gt_gap=13.178m  at gt=(18.27, -21.40) s=100.4m
[INFO] [1790667341.815171, 249.433500]: [event] proximity_detection id=205 verdict=true gt_gap=13.131m  at gt=(18.24, -20.99) s=100.8m
[INFO] [1790667343.814873, 250.433000]: [event] proximity_detection id=206 verdict=true gt_gap=13.126m  at gt=(18.24, -20.57) s=101.3m
[INFO] [1790667345.991166, 251.519500]: [event] proximity_detection id=207 verdict=true gt_gap=13.164m  at gt=(18.26, -20.10) s=101.7m
[INFO] [1790667348.025652, 252.536500]: [event] proximity_detection id=208 verdict=true gt_gap=13.284m  at gt=(18.31, -19.60) s=102.2m
[INFO] [1790667350.006163, 253.524500]: [event] proximity_detection id=209 verdict=true gt_gap=13.279m  at gt=(18.35, -19.18) s=102.7m
[INFO] [1790667352.209722, 254.624500]: [event] proximity_detection id=210 verdict=true gt_gap=13.279m  at gt=(18.37, -18.72) s=103.1m
[INFO] [1790667354.231817, 255.634500]: [event] proximity_detection id=211 verdict=true gt_gap=13.280m  at gt=(18.36, -18.28) s=103.6m
[INFO] [1790667356.419025, 256.727500]: [event] proximity_detection id=212 verdict=true gt_gap=13.443m  at gt=(18.31, -17.73) s=104.1m
[INFO] [1790667358.619685, 257.825500]: [event] proximity_detection id=213 verdict=true gt_gap=13.576m  at gt=(18.29, -17.26) s=104.6m
[INFO] [1790667360.841509, 258.935500]: [event] proximity_detection id=214 verdict=true gt_gap=13.573m  at gt=(18.28, -16.78) s=105.1m
[INFO] [1790667362.823216, 259.925500]: [event] proximity_detection id=215 verdict=true gt_gap=13.534m  at gt=(18.28, -16.34) s=105.5m
[INFO] [1790667365.020797, 261.022500]: [event] proximity_detection id=216 verdict=true gt_gap=13.584m  at gt=(18.28, -15.84) s=106.0m
[INFO] [1790667367.240669, 262.131500]: [event] proximity_detection id=217 verdict=true gt_gap=13.602m  at gt=(18.26, -15.36) s=106.5m
[INFO] [1790667369.223332, 263.121500]: [event] proximity_detection id=218 verdict=true gt_gap=13.606m  at gt=(18.30, -14.90) s=107.0m
[INFO] [1790667371.238779, 264.128500]: [event] proximity_detection id=219 verdict=true gt_gap=13.684m  at gt=(18.34, -14.40) s=107.5m
[INFO] [1790667373.234757, 265.125000]: [event] proximity_detection id=220 verdict=true gt_gap=13.770m  at gt=(18.35, -13.90) s=108.0m
[INFO] [1790667375.230998, 266.121500]: [event] proximity_detection id=221 verdict=true gt_gap=13.798m  at gt=(18.37, -13.45) s=108.4m
[INFO] [1790667377.430283, 267.220000]: [event] proximity_detection id=222 verdict=true gt_gap=13.817m  at gt=(18.39, -12.98) s=108.9m
[INFO] [1790667379.414225, 268.210500]: [event] proximity_detection id=223 verdict=true gt_gap=13.842m  at gt=(18.41, -12.55) s=109.3m
[INFO] [1790667381.430288, 269.218000]: [event] proximity_detection id=224 verdict=true gt_gap=13.779m  at gt=(18.43, -12.13) s=109.7m
[INFO] [1790667383.489077, 270.246500]: [event] proximity_detection id=225 verdict=true gt_gap=13.749m  at gt=(18.46, -11.71) s=110.2m
[INFO] [1790667385.488737, 271.244500]: [event] proximity_detection id=226 verdict=true gt_gap=13.873m  at gt=(18.47, -11.23) s=110.6m
[INFO] [1790667387.710456, 272.355500]: [event] proximity_detection id=227 verdict=true gt_gap=13.931m  at gt=(18.49, -10.78) s=111.1m
[INFO] [1790667389.700877, 273.349000]: [event] proximity_detection id=228 verdict=true gt_gap=13.911m  at gt=(18.50, -10.41) s=111.5m
[INFO] [1790667391.761065, 274.378000]: [event] proximity_detection id=229 verdict=true gt_gap=13.867m  at gt=(18.54, -10.04) s=111.8m
[INFO] [1790667393.733301, 275.363000]: [event] proximity_detection id=230 verdict=true gt_gap=13.780m  at gt=(18.61, -9.74) s=112.1m
[INFO] [1790667395.719378, 276.354500]: [event] proximity_detection id=231 verdict=true gt_gap=13.651m  at gt=(18.68, -9.37) s=112.5m
[INFO] [1790667397.709264, 277.349000]: [event] proximity_detection id=232 verdict=true gt_gap=13.623m  at gt=(18.92, -8.82) s=113.1m
[INFO] [1790667399.741876, 278.364000]: [event] proximity_detection id=233 verdict=true gt_gap=13.362m  at gt=(19.03, -8.60) s=113.4m
[INFO] [1790667401.752225, 279.368500]: [event] proximity_detection id=234 verdict=true gt_gap=13.087m  at gt=(19.12, -8.34) s=113.7m
[INFO] [1790667403.955889, 280.468000]: [event] proximity_detection id=235 verdict=true gt_gap=12.907m  at gt=(19.24, -8.12) s=113.9m
[INFO] [1790667405.932508, 281.456000]: [event] proximity_detection id=236 verdict=true gt_gap=12.777m  at gt=(19.27, -7.83) s=114.2m
[INFO] [1790667407.959616, 282.466500]: [event] proximity_detection id=237 verdict=true gt_gap=12.713m  at gt=(19.27, -7.42) s=114.6m
[INFO] [1790667409.997131, 283.483500]: [event] proximity_detection id=238 verdict=true gt_gap=12.626m  at gt=(19.26, -7.01) s=115.0m
[INFO] [1790667412.197340, 284.582000]: [event] proximity_detection id=239 verdict=true gt_gap=12.610m  at gt=(19.29, -6.61) s=115.4m
[INFO] [1790667414.227394, 285.596000]: [event] proximity_detection id=240 verdict=true gt_gap=12.538m  at gt=(19.36, -6.22) s=115.8m
[INFO] [1790667416.438063, 286.700000]: [event] proximity_detection id=241 verdict=true gt_gap=12.523m  at gt=(19.42, -5.80) s=116.3m
[INFO] [1790667418.442506, 287.701000]: [event] proximity_detection id=242 verdict=true gt_gap=12.374m  at gt=(19.51, -5.42) s=116.6m
[INFO] [1790667420.456100, 288.706500]: [event] proximity_detection id=243 verdict=true gt_gap=12.346m  at gt=(19.65, -4.99) s=117.1m
[INFO] [1790667422.469391, 289.711500]: [event] proximity_detection id=244 verdict=true gt_gap=12.309m  at gt=(19.79, -4.56) s=117.5m
[INFO] [1790667424.655003, 290.803000]: [event] proximity_detection id=245 verdict=true gt_gap=12.299m  at gt=(19.91, -4.14) s=118.0m
[INFO] [1790667426.704576, 291.826500]: [event] proximity_detection id=246 verdict=true gt_gap=12.242m  at gt=(20.01, -3.73) s=118.4m
[INFO] [1790667428.914430, 292.930500]: [event] proximity_detection id=247 verdict=true gt_gap=12.200m  at gt=(20.12, -3.31) s=118.8m
[INFO] [1790667430.900881, 293.921000]: [event] proximity_detection id=248 verdict=true gt_gap=12.165m  at gt=(20.18, -2.88) s=119.3m
[INFO] [1790667432.906282, 294.924000]: [event] proximity_detection id=249 verdict=true gt_gap=12.005m  at gt=(20.25, -2.55) s=119.6m
[INFO] [1790667437.309393, 297.122500]: [event] proximity_detection id=1 verdict=unknown gt_gap=nanm  at gt=(20.39, -1.89) s=120.3m
[INFO] [1790667439.314219, 298.124500]: [event] proximity_detection id=1 verdict=unknown gt_gap=nanm  at gt=(20.54, -1.67) s=120.6m
[INFO] [1790667441.310525, 299.120500]: [event] proximity_detection id=1 verdict=unknown gt_gap=nanm  at gt=(20.65, -1.41) s=120.9m
[INFO] [1790667443.311498, 300.119500]: [event] proximity_detection id=1 verdict=unknown gt_gap=nanm  at gt=(20.83, -0.99) s=121.3m
[INFO] [1790667445.312029, 301.118500]: [event] proximity_detection id=1 verdict=unknown gt_gap=nanm  at gt=(20.86, -0.57) s=121.7m
[INFO] [1790667447.497796, 302.209500]: [event] proximity_detection id=256 verdict=true gt_gap=11.184m  at gt=(20.90, -0.32) s=122.0m
[INFO] [1790667449.499943, 303.208500]: [event] proximity_detection id=1 verdict=unknown gt_gap=nanm  at gt=(21.05, -0.09) s=122.3m
[INFO] [1790667451.508060, 304.211500]: [event] proximity_detection id=1 verdict=unknown gt_gap=nanm  at gt=(21.21, 0.22) s=122.6m
[INFO] [1790667453.711113, 305.312000]: [event] proximity_detection id=259 verdict=true gt_gap=10.916m  at gt=(21.40, 0.50) s=122.9m
[INFO] [1790667455.708032, 306.310000]: [event] proximity_detection id=260 verdict=true gt_gap=10.808m  at gt=(21.62, 0.64) s=123.2m
[INFO] [1790667457.671846, 307.290500]: [event] proximity_detection id=1 verdict=unknown gt_gap=nanm  at gt=(21.88, 0.72) s=123.5m
[INFO] [1790667459.925036, 308.415000]: [event] proximity_detection id=1 verdict=unknown gt_gap=nanm  at gt=(22.15, 0.85) s=123.8m
[INFO] [1790667461.899320, 309.400000]: [event] proximity_detection id=1 verdict=unknown gt_gap=nanm  at gt=(22.41, 0.84) s=124.1m
[INFO] [1790667463.873341, 310.385000]: [event] proximity_detection id=1 verdict=unknown gt_gap=nanm  at gt=(22.68, 0.76) s=124.3m
[INFO] [1790667465.870433, 311.382500]: [event] proximity_detection id=1 verdict=unknown gt_gap=nanm  at gt=(22.95, 0.71) s=124.6m
[INFO] [1790667467.888424, 312.390500]: [event] proximity_detection id=1 verdict=unknown gt_gap=nanm  at gt=(23.15, 0.52) s=124.9m
[INFO] [1790667469.893253, 313.392000]: [event] proximity_detection id=1 verdict=unknown gt_gap=nanm  at gt=(23.30, 0.36) s=125.1m
[INFO] [1790667471.897532, 314.392500]: [event] proximity_detection id=268 verdict=true gt_gap=8.356m  at gt=(23.48, 0.20) s=125.4m
[INFO] [1790667473.920194, 315.403000]: [event] proximity_detection id=1 verdict=unknown gt_gap=nanm  at gt=(23.64, 0.04) s=125.6m
[INFO] [1790667475.902185, 316.393000]: [event] proximity_detection id=1 verdict=unknown gt_gap=nanm  at gt=(23.83, -0.12) s=125.8m
[INFO] [1790667478.129580, 317.505000]: [event] proximity_detection id=1 verdict=unknown gt_gap=nanm  at gt=(24.07, -0.26) s=126.1m
[INFO] [1790667480.332402, 318.604000]: [event] proximity_detection id=1 verdict=unknown gt_gap=nanm  at gt=(24.23, -0.27) s=126.3m
[INFO] [1790667482.332031, 319.601500]: [event] proximity_detection id=273 verdict=true gt_gap=6.700m  at gt=(24.39, -0.25) s=126.5m
[INFO] [1790667484.333390, 320.602000]: [event] proximity_detection id=1 verdict=unknown gt_gap=nanm  at gt=(24.60, -0.19) s=126.7m
[INFO] [1790667486.357984, 321.613500]: [event] proximity_detection id=1 verdict=unknown gt_gap=nanm  at gt=(25.02, -0.10) s=127.1m
[INFO] [1790667488.543523, 322.704000]: [event] proximity_detection id=276 verdict=true gt_gap=6.666m  at gt=(25.52, 0.02) s=127.6m
[INFO] [1790667490.743089, 323.803000]: [event] proximity_detection id=1 verdict=unknown gt_gap=nanm  at gt=(26.00, 0.14) s=128.1m
[INFO] [1790667492.754774, 324.806500]: [event] proximity_detection id=278 verdict=true gt_gap=6.930m  at gt=(26.38, 0.22) s=128.5m
[INFO] [1790667494.757607, 325.807000]: [event] proximity_detection id=279 verdict=true gt_gap=7.100m  at gt=(26.77, 0.26) s=128.9m
[INFO] [1790667496.766612, 326.810500]: [event] proximity_detection id=280 verdict=true gt_gap=7.357m  at gt=(27.24, 0.28) s=129.4m
[INFO] [1790667498.932525, 327.892500]: [event] proximity_detection id=281 verdict=true gt_gap=7.692m  at gt=(27.76, 0.31) s=129.9m
[INFO] [1790667500.947120, 328.898500]: [event] proximity_detection id=1 verdict=unknown gt_gap=nanm  at gt=(28.26, 0.33) s=130.4m
[INFO] [1790667502.962524, 329.904500]: [event] proximity_detection id=283 verdict=true gt_gap=8.259m  at gt=(28.72, 0.34) s=130.9m
[INFO] [1790667505.152138, 330.998500]: [event] proximity_detection id=1 verdict=unknown gt_gap=nanm  at gt=(29.22, 0.33) s=131.4m
[INFO] [1790667507.168822, 332.005000]: [event] proximity_detection id=285 verdict=true gt_gap=8.875m  at gt=(29.70, 0.31) s=131.8m
[INFO] [1790667509.141665, 332.990000]: [event] proximity_detection id=286 verdict=true gt_gap=9.284m  at gt=(30.16, 0.29) s=132.3m
[INFO] [1790667511.146363, 333.991000]: [event] proximity_detection id=287 verdict=true gt_gap=9.590m  at gt=(30.63, 0.27) s=132.8m
[INFO] [1790667513.171564, 335.003000]: [event] proximity_detection id=1 verdict=unknown gt_gap=nanm  at gt=(31.11, 0.25) s=133.2m
[INFO] [1790667515.365446, 336.098500]: [event] proximity_detection id=1 verdict=unknown gt_gap=nanm  at gt=(31.64, 0.24) s=133.8m
[INFO] [1790667517.359599, 337.094000]: [event] proximity_detection id=1 verdict=unknown gt_gap=nanm  at gt=(32.12, 0.23) s=134.3m
[INFO] [1790667519.369910, 338.098500]: [event] proximity_detection id=291 verdict=true gt_gap=10.718m  at gt=(32.58, 0.21) s=134.7m
[INFO] [1790667521.387480, 339.106000]: [event] proximity_detection id=292 verdict=true gt_gap=10.806m  at gt=(32.93, 0.20) s=135.1m
[INFO] [1790667523.434665, 340.126500]: [event] proximity_detection id=293 verdict=true gt_gap=10.921m  at gt=(33.31, 0.21) s=135.5m
[INFO] [1790667525.423928, 341.119500]: [event] proximity_detection id=294 verdict=true gt_gap=11.129m  at gt=(33.79, 0.22) s=135.9m
[INFO] [1790667527.408645, 342.110000]: [event] proximity_detection id=295 verdict=true gt_gap=11.312m  at gt=(34.25, 0.23) s=136.4m
[INFO] [1790667529.451288, 343.130500]: [event] proximity_detection id=296 verdict=true gt_gap=11.551m  at gt=(34.69, 0.24) s=136.8m
[INFO] [1790667531.460211, 344.134000]: [event] proximity_detection id=297 verdict=true gt_gap=11.815m  at gt=(35.12, 0.24) s=137.3m
[INFO] [1790667533.652337, 345.229000]: [event] proximity_detection id=298 verdict=true gt_gap=12.126m  at gt=(35.61, 0.24) s=137.8m
[INFO] [1790667535.686288, 346.244000]: [event] proximity_detection id=299 verdict=true gt_gap=12.454m  at gt=(36.09, 0.22) s=138.2m
[INFO] [1790667537.683803, 347.241500]: [event] proximity_detection id=300 verdict=true gt_gap=12.710m  at gt=(36.53, 0.21) s=138.7m
[INFO] [1790667539.709929, 348.254000]: [event] proximity_detection id=301 verdict=true gt_gap=12.945m  at gt=(37.01, 0.21) s=139.2m
[INFO] [1790667541.730046, 349.262500]: [event] proximity_detection id=302 verdict=true gt_gap=13.281m  at gt=(37.51, 0.22) s=139.6m
[INFO] [1790667543.726618, 350.259500]: [event] proximity_detection id=15 verdict=true gt_gap=0.168m  at gt=(37.97, 0.23) s=140.1m
[INFO] [1790667545.723834, 351.256500]: [event] proximity_detection id=16 verdict=true gt_gap=0.181m  at gt=(38.43, 0.24) s=140.6m
[INFO] [1790667547.751047, 352.268000]: [event] proximity_detection id=305 verdict=true gt_gap=13.904m  at gt=(38.92, 0.22) s=141.1m
[INFO] [1790667549.763651, 353.272500]: [event] proximity_detection id=306 verdict=true gt_gap=13.857m  at gt=(39.38, 0.20) s=141.5m
[INFO] [1790667551.957412, 354.367000]: [event] proximity_detection id=307 verdict=true gt_gap=13.865m  at gt=(39.86, 0.20) s=142.0m
[INFO] [1790667554.167282, 355.469500]: [event] proximity_detection id=21 verdict=true gt_gap=0.032m  at gt=(40.39, 0.21) s=142.5m
[INFO] [1790667556.177377, 356.472500]: [event] proximity_detection id=22 verdict=true gt_gap=0.073m  at gt=(40.87, 0.23) s=143.0m
[INFO] [1790667558.189427, 357.477500]: [event] proximity_detection id=23 verdict=true gt_gap=0.065m  at gt=(41.31, 0.23) s=143.5m
[INFO] [1790667560.200429, 358.482000]: [event] proximity_detection id=311 verdict=true gt_gap=13.994m  at gt=(41.76, 0.24) s=143.9m
[INFO] [1790667562.204010, 359.482500]: [event] proximity_detection id=312 verdict=true gt_gap=13.953m  at gt=(42.21, 0.24) s=144.4m
[INFO] [1790667564.425652, 360.590000]: [event] proximity_detection id=313 verdict=true gt_gap=14.018m  at gt=(42.74, 0.23) s=144.9m
[INFO] [1790667566.445050, 361.597500]: [event] proximity_detection id=314 verdict=true gt_gap=14.024m  at gt=(43.25, 0.24) s=145.4m
[INFO] [1790667568.397908, 362.573000]: [event] proximity_detection id=315 verdict=true gt_gap=14.004m  at gt=(43.70, 0.21) s=145.8m
[INFO] [1790667570.410147, 363.577500]: [event] proximity_detection id=316 verdict=true gt_gap=13.981m  at gt=(44.14, 0.17) s=146.3m
[INFO] [1790667572.591667, 364.666000]: [event] proximity_detection id=317 verdict=true gt_gap=13.964m  at gt=(44.60, 0.13) s=146.7m
[INFO] [1790667574.621644, 365.679000]: [event] proximity_detection id=318 verdict=true gt_gap=13.880m  at gt=(44.98, 0.08) s=147.1m
[INFO] [1790667576.661927, 366.698000]: [event] proximity_detection id=319 verdict=true gt_gap=13.738m  at gt=(45.37, -0.00) s=147.5m
[INFO] [1790667578.657750, 367.694000]: [event] proximity_detection id=320 verdict=true gt_gap=13.655m  at gt=(45.78, -0.11) s=148.0m
[INFO] [1790667580.661121, 368.694500]: [event] proximity_detection id=321 verdict=true gt_gap=13.623m  at gt=(46.20, -0.22) s=148.4m
[INFO] [1790667582.631907, 369.678000]: [event] proximity_detection id=322 verdict=true gt_gap=13.689m  at gt=(46.61, -0.36) s=148.8m
[INFO] [1790667584.861244, 370.791500]: [event] proximity_detection id=323 verdict=true gt_gap=13.814m  at gt=(47.10, -0.54) s=149.4m
[INFO] [1790667586.851428, 371.785500]: [event] proximity_detection id=324 verdict=true gt_gap=13.753m  at gt=(47.52, -0.70) s=149.8m
[INFO] [1790667588.860219, 372.788000]: [event] proximity_detection id=325 verdict=true gt_gap=13.707m  at gt=(47.91, -0.85) s=150.2m
[INFO] [1790667590.924444, 373.818500]: [event] proximity_detection id=326 verdict=true gt_gap=13.679m  at gt=(48.31, -1.05) s=150.7m
[INFO] [1790667592.922717, 374.814000]: [event] proximity_detection id=327 verdict=true gt_gap=13.677m  at gt=(48.71, -1.26) s=151.1m
[INFO] [1790667594.917221, 375.809000]: [event] proximity_detection id=328 verdict=true gt_gap=13.603m  at gt=(49.10, -1.46) s=151.6m
[INFO] [1790667596.932024, 376.813500]: [event] proximity_detection id=329 verdict=true gt_gap=13.517m  at gt=(49.48, -1.66) s=152.0m
[INFO] [1790667599.163620, 377.928000]: [event] proximity_detection id=330 verdict=true gt_gap=13.517m  at gt=(49.88, -1.92) s=152.5m
[INFO] [1790667601.157340, 378.920500]: [event] proximity_detection id=331 verdict=true gt_gap=13.451m  at gt=(50.25, -2.17) s=152.9m
[INFO] [1790667603.191631, 379.936000]: [event] proximity_detection id=332 verdict=true gt_gap=13.405m  at gt=(50.64, -2.47) s=153.4m
[INFO] [1790667605.391262, 381.034000]: [event] proximity_detection id=333 verdict=true gt_gap=13.426m  at gt=(51.05, -2.78) s=153.9m
[INFO] [1790667607.573743, 382.122500]: [event] proximity_detection id=334 verdict=true gt_gap=13.378m  at gt=(51.40, -3.06) s=154.4m
[INFO] [1790667609.593444, 383.130000]: [event] proximity_detection id=335 verdict=true gt_gap=13.240m  at gt=(51.69, -3.30) s=154.7m
[INFO] [1790667611.602752, 384.132000]: [event] proximity_detection id=49 verdict=true gt_gap=0.228m  at gt=(51.97, -3.57) s=155.1m
[INFO] [1790667613.589371, 385.123500]: [event] proximity_detection id=51 verdict=true gt_gap=0.128m  at gt=(52.25, -3.88) s=155.5m
[INFO] [1790667615.617454, 386.135500]: [event] proximity_detection id=52 verdict=true gt_gap=0.129m  at gt=(52.55, -4.22) s=156.0m
[INFO] [1790667617.515383, 387.084000]: [event] proximity_detection id=53 verdict=true gt_gap=0.065m  at gt=(52.84, -4.60) s=156.5m
[INFO] [1790667619.762607, 388.206000]: [event] proximity_detection id=54 verdict=true gt_gap=0.034m  at gt=(53.15, -5.00) s=157.0m
[INFO] [1790667621.768469, 389.208500]: [event] proximity_detection id=55 verdict=true gt_gap=0.012m  at gt=(53.41, -5.35) s=157.4m
[INFO] [1790667623.800306, 390.221500]: [event] proximity_detection id=56 verdict=true gt_gap=0.036m  at gt=(53.64, -5.70) s=157.8m
[INFO] [1790667625.958051, 391.299500]: [event] proximity_detection id=57 verdict=true gt_gap=0.061m  at gt=(53.86, -6.08) s=158.3m
[INFO] [1790667627.949470, 392.292500]: [event] proximity_detection id=58 verdict=true gt_gap=0.030m  at gt=(54.06, -6.46) s=158.7m
[INFO] [1790667629.854223, 393.243500]: [event] proximity_detection id=59 verdict=true gt_gap=0.028m  at gt=(54.26, -6.85) s=159.2m
[INFO] [1790667631.988084, 394.308500]: [event] proximity_detection id=60 verdict=true gt_gap=0.011m  at gt=(54.46, -7.28) s=159.6m
[INFO] [1790667634.119146, 395.371500]: [event] proximity_detection id=61 verdict=true gt_gap=0.026m  at gt=(54.64, -7.69) s=160.1m
[INFO] [1790667636.126986, 396.375000]: [event] proximity_detection id=62 verdict=true gt_gap=0.086m  at gt=(54.78, -8.11) s=160.5m
[INFO] [1790667638.150265, 397.384500]: [event] proximity_detection id=63 verdict=true gt_gap=0.090m  at gt=(54.92, -8.54) s=161.0m
[INFO] [1790667640.156043, 398.386500]: [event] proximity_detection id=64 verdict=true gt_gap=0.076m  at gt=(55.04, -8.97) s=161.4m
[INFO] [1790667642.133198, 399.374000]: [event] proximity_detection id=65 verdict=true gt_gap=0.065m  at gt=(55.15, -9.38) s=161.8m
[INFO] [1790667644.310995, 400.461500]: [event] proximity_detection id=66 verdict=true gt_gap=0.037m  at gt=(55.25, -9.80) s=162.3m
[INFO] [1790667647.914437, 402.261000]: [event] proximity_detection id=67 verdict=true gt_gap=0.211m  at gt=(55.35, -10.47) s=163.0m
[INFO] [1790667648.550076, 402.577000]: [event] proximity_detection id=68 verdict=true gt_gap=0.036m  at gt=(55.36, -10.62) s=163.1m
[INFO] [1790667650.704037, 403.653500]: [event] proximity_detection id=69 verdict=true gt_gap=0.005m  at gt=(55.39, -11.10) s=163.6m
[INFO] [1790667652.716364, 404.658500]: [event] proximity_detection id=70 verdict=true gt_gap=0.012m  at gt=(55.42, -11.56) s=164.0m
[INFO] [1790667654.712021, 405.654500]: [event] proximity_detection id=357 verdict=true gt_gap=12.681m  at gt=(55.43, -12.01) s=164.5m
[INFO] [1790667656.707998, 406.649500]: [event] proximity_detection id=358 verdict=true gt_gap=12.680m  at gt=(55.44, -12.45) s=164.9m
[INFO] [1790667658.707057, 407.647500]: [event] proximity_detection id=359 verdict=true gt_gap=12.703m  at gt=(55.42, -12.89) s=165.4m
[INFO] [1790667660.927888, 408.757500]: [event] proximity_detection id=360 verdict=true gt_gap=12.746m  at gt=(55.38, -13.42) s=165.9m
[INFO] [1790667663.129961, 409.855000]: [event] proximity_detection id=361 verdict=true gt_gap=12.819m  at gt=(55.34, -13.94) s=166.4m
[INFO] [1790667665.156753, 410.867500]: [event] proximity_detection id=362 verdict=true gt_gap=12.824m  at gt=(55.30, -14.41) s=166.9m
[INFO] [1790667667.158843, 411.866500]: [event] proximity_detection id=363 verdict=true gt_gap=12.812m  at gt=(55.27, -14.88) s=167.4m
[INFO] [1790667669.364963, 412.968500]: [event] proximity_detection id=364 verdict=true gt_gap=12.917m  at gt=(55.24, -15.39) s=167.9m
[INFO] [1790667671.390979, 413.980500]: [event] proximity_detection id=365 verdict=true gt_gap=13.067m  at gt=(55.21, -15.89) s=168.4m
[INFO] [1790667673.404451, 414.986000]: [event] proximity_detection id=366 verdict=true gt_gap=13.182m  at gt=(55.18, -16.36) s=168.9m
[INFO] [1790667675.382592, 415.972500]: [event] proximity_detection id=367 verdict=true gt_gap=13.280m  at gt=(55.15, -16.84) s=169.3m
[INFO] [1790667677.583610, 417.071500]: [event] proximity_detection id=368 verdict=true gt_gap=13.400m  at gt=(55.10, -17.38) s=169.9m
[INFO] [1790667679.617786, 418.087500]: [event] proximity_detection id=369 verdict=true gt_gap=13.452m  at gt=(55.07, -17.86) s=170.4m
[INFO] [1790667681.607395, 419.082000]: [event] proximity_detection id=370 verdict=true gt_gap=13.484m  at gt=(55.04, -18.36) s=170.9m
[INFO] [1790667683.599005, 420.076000]: [event] proximity_detection id=371 verdict=true gt_gap=13.592m  at gt=(55.01, -18.85) s=171.3m
[INFO] [1790667685.584348, 421.067500]: [event] proximity_detection id=372 verdict=true gt_gap=13.693m  at gt=(54.98, -19.33) s=171.8m
[INFO] [1790667687.605536, 422.077000]: [event] proximity_detection id=373 verdict=true gt_gap=13.765m  at gt=(54.95, -19.81) s=172.3m
[INFO] [1790667689.604696, 423.074500]: [event] proximity_detection id=374 verdict=true gt_gap=13.853m  at gt=(54.91, -20.29) s=172.8m
[INFO] [1790667691.595276, 424.069000]: [event] proximity_detection id=375 verdict=true gt_gap=13.938m  at gt=(54.88, -20.78) s=173.3m
[INFO] [1790667693.603451, 425.070000]: [event] proximity_detection id=376 verdict=true gt_gap=14.003m  at gt=(54.85, -21.27) s=173.8m
[INFO] [1790667695.580108, 426.057500]: [event] proximity_detection id=377 verdict=true gt_gap=14.054m  at gt=(54.82, -21.74) s=174.2m
[INFO] [1790667697.793777, 427.163000]: [event] proximity_detection id=378 verdict=true gt_gap=14.120m  at gt=(54.80, -22.23) s=174.7m
[INFO] [1790667699.814685, 428.173000]: [event] proximity_detection id=379 verdict=true gt_gap=14.089m  at gt=(54.80, -22.63) s=175.1m
[INFO] [1790667701.804609, 429.166000]: [event] proximity_detection id=380 verdict=true gt_gap=14.075m  at gt=(54.81, -23.04) s=175.5m
[INFO] [1790667703.789513, 430.155500]: [event] proximity_detection id=381 verdict=true gt_gap=14.080m  at gt=(54.82, -23.46) s=176.0m
[INFO] [1790667705.795919, 431.157500]: [event] proximity_detection id=382 verdict=true gt_gap=14.126m  at gt=(54.84, -23.92) s=176.4m
[INFO] [1790667707.804694, 432.160500]: [event] proximity_detection id=383 verdict=true gt_gap=13.937m  at gt=(54.86, -24.40) s=176.9m
[INFO] [1790667709.777338, 433.145500]: [event] proximity_detection id=384 verdict=true gt_gap=14.220m  at gt=(54.89, -24.84) s=177.3m
[INFO] [1790667711.777577, 434.144000]: [event] proximity_detection id=385 verdict=true gt_gap=14.178m  at gt=(54.89, -25.27) s=177.8m
[INFO] [1790667713.779285, 435.143500]: [event] proximity_detection id=386 verdict=true gt_gap=14.164m  at gt=(54.88, -25.71) s=178.2m
[INFO] [1790667715.765798, 436.136000]: [event] proximity_detection id=387 verdict=true gt_gap=14.122m  at gt=(54.86, -26.12) s=178.6m
[INFO] [1790667717.777601, 437.140000]: [event] proximity_detection id=388 verdict=true gt_gap=14.089m  at gt=(54.85, -26.52) s=179.0m
[INFO] [1790667719.729960, 438.115500]: [event] proximity_detection id=389 verdict=true gt_gap=13.744m  at gt=(54.86, -26.62) s=179.1m
[INFO] [1790667721.728093, 439.111500]: [event] proximity_detection id=390 verdict=true gt_gap=13.301m  at gt=(54.88, -26.71) s=179.2m
[INFO] [1790667723.734117, 440.113500]: [event] proximity_detection id=391 verdict=true gt_gap=12.780m  at gt=(54.88, -26.71) s=179.2m
[INFO] [1790667737.762472, 447.121000]: [event] proximity_detection id=392 verdict=true gt_gap=12.305m  at gt=(54.88, -26.71) s=179.2m
[INFO] [1790667746.178598, 451.324000]: [event] proximity_detection id=393 verdict=true gt_gap=11.835m  at gt=(54.85, -26.70) s=179.3m
[INFO] [1790667748.150097, 452.308000]: [event] proximity_detection id=394 verdict=true gt_gap=11.193m  at gt=(54.81, -26.58) s=179.4m
[INFO] [1790667750.383555, 453.422500]: [event] proximity_detection id=395 verdict=true gt_gap=10.719m  at gt=(54.81, -26.60) s=179.7m
[INFO] [1790667752.348349, 454.404000]: [event] proximity_detection id=396 verdict=true gt_gap=10.618m  at gt=(54.84, -26.97) s=180.0m
[INFO] [1790667754.391117, 455.424000]: [event] proximity_detection id=397 verdict=true gt_gap=10.456m  at gt=(54.92, -27.29) s=180.4m
[INFO] [1790667756.391098, 456.422500]: [event] proximity_detection id=398 verdict=true gt_gap=10.249m  at gt=(54.96, -27.63) s=180.7m
[INFO] [1790667758.358004, 457.404500]: [event] proximity_detection id=399 verdict=true gt_gap=10.108m  at gt=(54.97, -27.97) s=181.0m
[INFO] [1790667760.398515, 458.424000]: [event] proximity_detection id=400 verdict=true gt_gap=10.035m  at gt=(54.93, -28.39) s=181.5m
[INFO] [1790667762.588704, 459.517500]: [event] proximity_detection id=401 verdict=true gt_gap=10.023m  at gt=(54.87, -28.87) s=182.0m
[INFO] [1790667764.562043, 460.502500]: [event] proximity_detection id=402 verdict=true gt_gap=9.929m  at gt=(54.83, -29.25) s=182.3m
[INFO] [1790667766.588927, 461.515000]: [event] proximity_detection id=403 verdict=true gt_gap=9.855m  at gt=(54.76, -29.66) s=182.8m
[INFO] [1790667768.793761, 462.615000]: [event] proximity_detection id=404 verdict=true gt_gap=9.761m  at gt=(54.66, -30.05) s=183.2m
[INFO] [1790667770.788003, 463.611500]: [event] proximity_detection id=405 verdict=true gt_gap=9.603m  at gt=(54.60, -30.38) s=183.5m
[INFO] [1790667773.055391, 464.744500]: [event] proximity_detection id=406 verdict=true gt_gap=9.702m  at gt=(54.43, -30.97) s=184.1m
[INFO] [1790667775.071601, 465.751000]: [event] proximity_detection id=407 verdict=true gt_gap=9.657m  at gt=(54.32, -31.39) s=184.5m
[INFO] [1790667777.108876, 466.768500]: [event] proximity_detection id=408 verdict=true gt_gap=9.543m  at gt=(54.21, -31.75) s=184.9m
[INFO] [1790667779.084487, 467.755000]: [event] proximity_detection id=409 verdict=true gt_gap=9.486m  at gt=(54.08, -32.09) s=185.3m
[INFO] [1790667781.073876, 468.748000]: [event] proximity_detection id=410 verdict=true gt_gap=9.440m  at gt=(53.93, -32.44) s=185.7m
[INFO] [1790667783.088713, 469.753000]: [event] proximity_detection id=411 verdict=true gt_gap=9.368m  at gt=(53.79, -32.77) s=186.0m
[INFO] [1790667785.328843, 470.872500]: [event] proximity_detection id=412 verdict=true gt_gap=9.296m  at gt=(53.61, -33.13) s=186.4m
[INFO] [1790667787.333407, 471.873500]: [event] proximity_detection id=413 verdict=true gt_gap=9.187m  at gt=(53.42, -33.47) s=186.8m
[INFO] [1790667789.371703, 472.890500]: [event] proximity_detection id=414 verdict=true gt_gap=9.160m  at gt=(53.19, -33.84) s=187.3m
[INFO] [1790667791.397146, 473.900500]: [event] proximity_detection id=415 verdict=true gt_gap=9.161m  at gt=(52.94, -34.22) s=187.7m
[INFO] [1790667793.605443, 475.003500]: [event] proximity_detection id=416 verdict=true gt_gap=9.161m  at gt=(52.67, -34.60) s=188.2m
[INFO] [1790667795.615321, 476.006000]: [event] proximity_detection id=417 verdict=true gt_gap=9.173m  at gt=(52.40, -34.96) s=188.6m
[INFO] [1790667797.677149, 477.036000]: [event] proximity_detection id=418 verdict=true gt_gap=9.220m  at gt=(52.11, -35.33) s=189.1m
[INFO] [1790667799.674334, 478.032500]: [event] proximity_detection id=419 verdict=true gt_gap=9.537m  at gt=(51.83, -35.67) s=189.5m
[INFO] [1790667801.653493, 479.021500]: [event] proximity_detection id=420 verdict=true gt_gap=9.836m  at gt=(51.55, -35.96) s=189.9m
[INFO] [1790667803.659837, 480.023500]: [event] proximity_detection id=421 verdict=true gt_gap=10.207m  at gt=(51.26, -36.25) s=190.3m
[INFO] [1790667805.886694, 481.135000]: [event] proximity_detection id=421 verdict=true gt_gap=10.644m  at gt=(50.90, -36.58) s=190.8m
[INFO] [1790667808.033217, 482.207500]: [event] proximity_detection id=136 verdict=true gt_gap=0.120m  at gt=(50.54, -36.89) s=191.3m
[INFO] [1790667810.040885, 483.208500]: [event] proximity_detection id=137 verdict=true gt_gap=0.118m  at gt=(50.20, -37.16) s=191.7m
[INFO] [1790667812.038516, 484.205500]: [event] proximity_detection id=138 verdict=true gt_gap=0.099m  at gt=(49.84, -37.41) s=192.2m
[INFO] [1790667814.012866, 485.191500]: [event] proximity_detection id=139 verdict=true gt_gap=0.058m  at gt=(49.49, -37.65) s=192.6m
[INFO] [1790667816.003934, 486.185500]: [event] proximity_detection id=140 verdict=true gt_gap=0.041m  at gt=(49.08, -37.89) s=193.1m
[INFO] [1790667818.000310, 487.182000]: [event] proximity_detection id=141 verdict=true gt_gap=0.037m  at gt=(48.68, -38.12) s=193.6m
[INFO] [1790667820.056418, 488.207500]: [event] proximity_detection id=142 verdict=true gt_gap=0.020m  at gt=(48.25, -38.35) s=194.0m
[INFO] [1790667822.183400, 489.270500]: [event] proximity_detection id=143 verdict=true gt_gap=0.021m  at gt=(47.83, -38.56) s=194.5m
[INFO] [1790667824.185020, 490.270000]: [event] proximity_detection id=144 verdict=true gt_gap=0.049m  at gt=(47.43, -38.72) s=194.9m
[INFO] [1790667826.395559, 491.373500]: [event] proximity_detection id=145 verdict=true gt_gap=0.081m  at gt=(46.96, -38.90) s=195.4m
[INFO] [1790667828.393751, 492.371500]: [event] proximity_detection id=146 verdict=true gt_gap=0.055m  at gt=(46.56, -39.05) s=195.9m
[INFO] [1790667830.400530, 493.373500]: [event] proximity_detection id=147 verdict=true gt_gap=0.038m  at gt=(46.16, -39.17) s=196.3m
[INFO] [1790667832.604080, 494.475000]: [event] proximity_detection id=148 verdict=true gt_gap=0.069m  at gt=(45.70, -39.25) s=196.8m
[INFO] [1790667834.583141, 495.462500]: [event] proximity_detection id=149 verdict=true gt_gap=0.027m  at gt=(45.28, -39.30) s=197.2m
[INFO] [1790667836.584293, 496.461500]: [event] proximity_detection id=150 verdict=true gt_gap=0.049m  at gt=(44.87, -39.36) s=197.6m
[INFO] [1790667838.572810, 497.453500]: [event] proximity_detection id=151 verdict=true gt_gap=0.037m  at gt=(44.43, -39.46) s=198.0m
[INFO] [1790667840.587169, 498.460000]: [event] proximity_detection id=152 verdict=true gt_gap=0.019m  at gt=(44.06, -39.56) s=198.4m
[INFO] [1790667842.783012, 499.556500]: [event] proximity_detection id=153 verdict=true gt_gap=0.022m  at gt=(43.67, -39.60) s=198.8m
[INFO] [1790667844.764587, 500.546000]: [event] proximity_detection id=154 verdict=true gt_gap=0.009m  at gt=(43.31, -39.61) s=199.2m
[INFO] [1790667846.969704, 501.647000]: [event] proximity_detection id=155 verdict=true gt_gap=0.051m  at gt=(42.80, -39.60) s=199.7m
[INFO] [1790667848.977394, 502.649500]: [event] proximity_detection id=156 verdict=true gt_gap=0.053m  at gt=(42.30, -39.58) s=200.2m
[INFO] [1790667851.172718, 503.746000]: [event] proximity_detection id=157 verdict=true gt_gap=0.101m  at gt=(41.75, -39.55) s=200.7m
[INFO] [1790667853.189032, 504.752000]: [event] proximity_detection id=158 verdict=true gt_gap=0.054m  at gt=(41.26, -39.52) s=201.2m
[INFO] [1790667855.230238, 505.770500]: [event] proximity_detection id=159 verdict=true gt_gap=0.060m  at gt=(40.77, -39.49) s=201.7m
[INFO] [1790667857.244453, 506.776000]: [event] proximity_detection id=160 verdict=true gt_gap=0.065m  at gt=(40.30, -39.47) s=202.2m
[INFO] [1790667859.249450, 507.777000]: [event] proximity_detection id=161 verdict=true gt_gap=0.063m  at gt=(39.82, -39.44) s=202.7m
[INFO] [1790667861.457201, 508.878500]: [event] proximity_detection id=458 verdict=true gt_gap=13.087m  at gt=(39.29, -39.42) s=203.2m
[INFO] [1790667863.473227, 509.884500]: [event] proximity_detection id=459 verdict=true gt_gap=13.192m  at gt=(38.81, -39.39) s=203.7m
[INFO] [1790667865.495794, 510.892000]: [event] proximity_detection id=460 verdict=true gt_gap=13.317m  at gt=(38.31, -39.38) s=204.2m
[INFO] [1790667867.675888, 511.980500]: [event] proximity_detection id=461 verdict=true gt_gap=13.403m  at gt=(37.79, -39.35) s=204.7m
[INFO] [1790667869.864839, 513.073000]: [event] proximity_detection id=462 verdict=true gt_gap=13.501m  at gt=(37.26, -39.32) s=205.2m
[INFO] [1790667871.877544, 514.078000]: [event] proximity_detection id=463 verdict=true gt_gap=13.581m  at gt=(36.79, -39.29) s=205.7m
[INFO] [1790667873.896881, 515.085000]: [event] proximity_detection id=464 verdict=true gt_gap=13.675m  at gt=(36.29, -39.27) s=206.2m
[INFO] [1790667875.907700, 516.088000]: [event] proximity_detection id=465 verdict=true gt_gap=13.781m  at gt=(35.80, -39.24) s=206.7m
[INFO] [1790667877.940898, 517.103500]: [event] proximity_detection id=466 verdict=true gt_gap=13.817m  at gt=(35.33, -39.21) s=207.2m
[INFO] [1790667879.944407, 518.104000]: [event] proximity_detection id=467 verdict=true gt_gap=13.894m  at gt=(34.82, -39.18) s=207.7m
[INFO] [1790667881.880833, 519.072000]: [event] proximity_detection id=468 verdict=true gt_gap=13.958m  at gt=(34.32, -39.15) s=208.2m
[INFO] [1790667883.905023, 520.081500]: [event] proximity_detection id=469 verdict=true gt_gap=14.011m  at gt=(33.83, -39.13) s=208.7m
[INFO] [1790667886.126028, 521.190500]: [event] proximity_detection id=470 verdict=true gt_gap=14.129m  at gt=(33.31, -39.09) s=209.2m
[INFO] [1790667888.076948, 522.163500]: [event] proximity_detection id=471 verdict=true gt_gap=14.140m  at gt=(32.82, -39.06) s=209.7m
[INFO] [1790667890.272226, 523.259500]: [event] proximity_detection id=472 verdict=true gt_gap=14.246m  at gt=(32.32, -39.04) s=210.2m
[INFO] [1790667892.289254, 524.266500]: [event] proximity_detection id=473 verdict=true gt_gap=14.321m  at gt=(31.84, -38.98) s=210.7m
[INFO] [1790667894.309935, 525.276000]: [event] proximity_detection id=474 verdict=true gt_gap=14.359m  at gt=(31.34, -38.92) s=211.2m
[INFO] [1790667896.318197, 526.278000]: [event] proximity_detection id=475 verdict=true gt_gap=14.437m  at gt=(30.85, -38.86) s=211.7m
[INFO] [1790667898.299141, 527.267500]: [event] proximity_detection id=476 verdict=true gt_gap=14.519m  at gt=(30.37, -38.80) s=212.2m
[INFO] [1790667900.323102, 528.277000]: [event] proximity_detection id=477 verdict=true gt_gap=14.552m  at gt=(29.90, -38.73) s=212.6m
[INFO] [1790667902.317515, 529.273500]: [event] proximity_detection id=478 verdict=true gt_gap=14.636m  at gt=(29.45, -38.64) s=213.1m
[INFO] [1790667904.505208, 530.365500]: [event] proximity_detection id=479 verdict=true gt_gap=14.763m  at gt=(28.95, -38.55) s=213.6m
[INFO] [1790667906.492612, 531.358500]: [event] proximity_detection id=480 verdict=true gt_gap=14.888m  at gt=(28.47, -38.46) s=214.1m
[INFO] [1790667908.517417, 532.369000]: [event] proximity_detection id=481 verdict=true gt_gap=14.857m  at gt=(28.00, -38.37) s=214.6m
[INFO] [1790667910.531106, 533.374500]: [event] proximity_detection id=186 verdict=true gt_gap=0.295m  at gt=(27.54, -38.28) s=215.0m
[INFO] [1790667912.534597, 534.375000]: [event] proximity_detection id=483 verdict=true gt_gap=14.659m  at gt=(27.16, -38.20) s=215.4m
[INFO] [1790667914.543767, 535.378500]: [event] proximity_detection id=484 verdict=true gt_gap=14.557m  at gt=(26.77, -38.10) s=215.8m
[INFO] [1790667916.535457, 536.373500]: [event] proximity_detection id=485 verdict=true gt_gap=14.449m  at gt=(26.40, -37.98) s=216.2m
[INFO] [1790667918.740019, 537.474000]: [event] proximity_detection id=486 verdict=true gt_gap=14.389m  at gt=(26.00, -37.84) s=216.6m
[INFO] [1790667920.744822, 538.475500]: [event] proximity_detection id=487 verdict=true gt_gap=14.292m  at gt=(25.63, -37.70) s=217.0m
[INFO] [1790667922.773904, 539.487500]: [event] proximity_detection id=488 verdict=true gt_gap=14.142m  at gt=(25.27, -37.54) s=217.4m
[INFO] [1790667924.769099, 540.483500]: [event] proximity_detection id=489 verdict=true gt_gap=14.043m  at gt=(24.92, -37.37) s=217.8m
[INFO] [1790667926.786671, 541.490500]: [event] proximity_detection id=194 verdict=true gt_gap=0.197m  at gt=(24.52, -37.16) s=218.3m
[INFO] [1790667928.804392, 542.498500]: [event] proximity_detection id=491 verdict=true gt_gap=13.920m  at gt=(24.09, -36.88) s=218.8m
[INFO] [1790667930.784903, 543.487000]: [event] proximity_detection id=196 verdict=true gt_gap=0.243m  at gt=(23.72, -36.61) s=219.2m
[INFO] [1790667932.838848, 544.513000]: [event] proximity_detection id=197 verdict=true gt_gap=0.179m  at gt=(23.36, -36.36) s=219.7m
[INFO] [1790667934.977546, 545.581000]: [event] proximity_detection id=198 verdict=true gt_gap=0.205m  at gt=(22.94, -36.06) s=220.2m
[INFO] [1790667937.029844, 546.602500]: [event] proximity_detection id=199 verdict=true gt_gap=0.200m  at gt=(22.55, -35.77) s=220.7m
[INFO] [1790667939.240805, 547.706500]: [event] proximity_detection id=200 verdict=true gt_gap=0.202m  at gt=(22.19, -35.48) s=221.2m
[INFO] [1790667941.271108, 548.721000]: [event] proximity_detection id=201 verdict=true gt_gap=0.246m  at gt=(21.86, -35.17) s=221.6m
[INFO] [1790667943.302515, 549.731500]: [event] proximity_detection id=202 verdict=true gt_gap=0.192m  at gt=(21.54, -34.86) s=222.0m
[INFO] [1790667945.297569, 550.726000]: [event] proximity_detection id=203 verdict=true gt_gap=0.191m  at gt=(21.23, -34.52) s=222.5m
[INFO] [1790667947.289443, 551.721000]: [event] proximity_detection id=204 verdict=true gt_gap=0.134m  at gt=(20.96, -34.18) s=222.9m
[INFO] [1790667949.237057, 552.694000]: [event] proximity_detection id=205 verdict=true gt_gap=0.106m  at gt=(20.67, -33.81) s=223.4m
[INFO] [1790667951.303734, 553.725500]: [event] proximity_detection id=206 verdict=true gt_gap=0.111m  at gt=(20.39, -33.42) s=223.9m
[INFO] [1790667953.324928, 554.733500]: [event] proximity_detection id=207 verdict=true gt_gap=0.069m  at gt=(20.14, -33.06) s=224.3m
[INFO] [1790667955.298052, 555.719000]: [event] proximity_detection id=208 verdict=true gt_gap=0.111m  at gt=(19.91, -32.68) s=224.8m
[INFO] [1790667957.288626, 556.712500]: [event] proximity_detection id=209 verdict=true gt_gap=0.155m  at gt=(19.68, -32.24) s=225.3m
[INFO] [1790667959.273045, 557.703000]: [event] proximity_detection id=210 verdict=true gt_gap=0.178m  at gt=(19.45, -31.79) s=225.8m
[INFO] [1790667961.685344, 558.904000]: [event] proximity_detection id=211 verdict=true gt_gap=0.276m  at gt=(19.21, -31.26) s=226.4m
[INFO] [1790667963.513475, 559.816500]: [event] proximity_detection id=213 verdict=true gt_gap=0.101m  at gt=(19.05, -30.90) s=226.8m
[INFO] [1790667965.514427, 560.815500]: [event] proximity_detection id=214 verdict=true gt_gap=0.186m  at gt=(18.89, -30.52) s=227.2m
[INFO] [1790667967.453491, 561.783000]: [event] proximity_detection id=214 verdict=true gt_gap=0.227m  at gt=(18.75, -30.13) s=227.6m
[INFO] [1790667969.654813, 562.881000]: [event] proximity_detection id=215 verdict=true gt_gap=0.169m  at gt=(18.61, -29.71) s=228.0m
[INFO] [1790667971.653122, 563.879000]: [event] proximity_detection id=216 verdict=true gt_gap=0.118m  at gt=(18.53, -29.31) s=228.4m
[INFO] [1790667973.635068, 564.869500]: [event] proximity_detection id=217 verdict=true gt_gap=0.105m  at gt=(18.44, -28.86) s=228.9m
[INFO] [1790667975.645334, 565.873500]: [event] proximity_detection id=218 verdict=true gt_gap=0.074m  at gt=(18.37, -28.43) s=229.3m
[INFO] [1790667977.628297, 566.863500]: [event] proximity_detection id=219 verdict=true gt_gap=0.086m  at gt=(18.30, -28.00) s=229.8m
[INFO] [1790667979.638231, 567.867000]: [event] proximity_detection id=220 verdict=true gt_gap=0.085m  at gt=(18.27, -27.58) s=230.2m
[INFO] [1790667981.646828, 568.870500]: [event] proximity_detection id=221 verdict=true gt_gap=0.112m  at gt=(18.24, -27.13) s=230.6m
[INFO] [1790667983.645154, 569.868000]: [event] proximity_detection id=222 verdict=true gt_gap=0.145m  at gt=(18.24, -26.66) s=231.1m
[INFO] [1790667985.650530, 570.869500]: [event] proximity_detection id=223 verdict=true gt_gap=0.256m  at gt=(18.25, -26.14) s=231.6m
[INFO] [1790667987.660866, 571.874000]: [event] proximity_detection id=224 verdict=true gt_gap=0.239m  at gt=(18.29, -25.67) s=232.1m
[INFO] [1790667989.865079, 572.973500]: [event] proximity_detection id=226 verdict=true gt_gap=0.095m  at gt=(18.34, -25.20) s=232.6m
[INFO] [1790667991.880611, 573.980000]: [event] proximity_detection id=227 verdict=true gt_gap=0.148m  at gt=(18.38, -24.85) s=232.9m
[INFO] [1790667993.890076, 574.983500]: [event] proximity_detection id=523 verdict=true gt_gap=12.944m  at gt=(18.44, -24.39) s=233.4m
[INFO] [1790667995.881518, 575.977000]: [event] proximity_detection id=524 verdict=true gt_gap=12.699m  at gt=(18.50, -24.17) s=233.6m
[INFO] [1790667997.893193, 576.982500]: [event] proximity_detection id=525 verdict=true gt_gap=12.674m  at gt=(18.42, -23.79) s=234.0m
[INFO] [1790667999.910445, 577.989500]: [event] proximity_detection id=526 verdict=true gt_gap=12.748m  at gt=(18.31, -23.33) s=234.5m
[INFO] [1790668001.920671, 578.994000]: [event] proximity_detection id=527 verdict=true gt_gap=12.769m  at gt=(18.26, -22.92) s=234.9m
[INFO] [1790668003.894121, 579.979000]: [event] proximity_detection id=528 verdict=true gt_gap=12.778m  at gt=(18.23, -22.52) s=235.3m
[INFO] [1790668006.106702, 581.084000]: [event] proximity_detection id=529 verdict=true gt_gap=12.797m  at gt=(18.22, -22.09) s=235.7m
[INFO] [1790668008.108187, 582.082000]: [event] proximity_detection id=530 verdict=true gt_gap=12.873m  at gt=(18.21, -21.61) s=236.2m
[INFO] [1790668010.126839, 583.089500]: [event] proximity_detection id=531 verdict=true gt_gap=12.817m  at gt=(18.20, -21.23) s=236.6m
[INFO] [1790668012.132506, 584.090500]: [event] proximity_detection id=532 verdict=true gt_gap=12.757m  at gt=(18.19, -20.86) s=237.0m
[INFO] [1790668014.114322, 585.080000]: [event] proximity_detection id=533 verdict=true gt_gap=12.763m  at gt=(18.21, -20.44) s=237.4m
[INFO] [1790668016.145674, 586.094000]: [event] proximity_detection id=534 verdict=true gt_gap=12.819m  at gt=(18.27, -19.96) s=237.9m
[INFO] [1790668018.134865, 587.087500]: [event] proximity_detection id=535 verdict=true gt_gap=12.757m  at gt=(18.34, -19.56) s=238.3m
[INFO] [1790668020.145093, 588.091000]: [event] proximity_detection id=536 verdict=true gt_gap=12.677m  at gt=(18.39, -19.15) s=238.7m
[INFO] [1790668022.225814, 589.130500]: [event] proximity_detection id=537 verdict=true gt_gap=12.506m  at gt=(18.40, -18.78) s=239.1m
[INFO] [1790668024.272188, 590.152000]: [event] proximity_detection id=538 verdict=true gt_gap=12.564m  at gt=(18.39, -18.35) s=239.5m
[INFO] [1790668026.165537, 591.096500]: [event] proximity_detection id=539 verdict=true gt_gap=12.649m  at gt=(18.35, -17.88) s=240.0m
[INFO] [1790668028.133099, 592.080000]: [event] proximity_detection id=540 verdict=true gt_gap=12.711m  at gt=(18.32, -17.43) s=240.4m
[INFO] [1790668030.151275, 593.086500]: [event] proximity_detection id=541 verdict=true gt_gap=12.754m  at gt=(18.31, -16.96) s=240.9m
[INFO] [1790668032.158813, 594.089500]: [event] proximity_detection id=542 verdict=true gt_gap=12.805m  at gt=(18.31, -16.51) s=241.3m
[INFO] [1790668034.156896, 595.087500]: [event] proximity_detection id=543 verdict=true gt_gap=12.798m  at gt=(18.30, -16.06) s=241.8m
[INFO] [1790668036.367090, 596.190000]: [event] proximity_detection id=544 verdict=true gt_gap=12.868m  at gt=(18.28, -15.56) s=242.3m
[INFO] [1790668038.317245, 597.163500]: [event] proximity_detection id=545 verdict=true gt_gap=12.915m  at gt=(18.31, -15.09) s=242.8m
[INFO] [1790668040.561538, 598.284500]: [event] proximity_detection id=546 verdict=true gt_gap=13.020m  at gt=(18.36, -14.56) s=243.3m
[INFO] [1790668042.534926, 599.270000]: [event] proximity_detection id=547 verdict=true gt_gap=13.014m  at gt=(18.37, -14.12) s=243.8m
[INFO] [1790668044.514710, 600.258500]: [event] proximity_detection id=548 verdict=true gt_gap=13.004m  at gt=(18.37, -13.65) s=244.2m
[INFO] [1790668046.565186, 601.281500]: [event] proximity_detection id=549 verdict=true gt_gap=12.963m  at gt=(18.38, -13.18) s=244.7m
[INFO] [1790668048.732866, 602.364500]: [event] proximity_detection id=550 verdict=true gt_gap=12.983m  at gt=(18.38, -12.69) s=245.2m
[INFO] [1790668050.811575, 603.402500]: [event] proximity_detection id=551 verdict=true gt_gap=12.995m  at gt=(18.39, -12.21) s=245.7m
[INFO] [1790668052.815642, 604.401500]: [event] proximity_detection id=552 verdict=true gt_gap=13.115m  at gt=(18.39, -11.74) s=246.1m
[INFO] [1790668055.035798, 605.510500]: [event] proximity_detection id=553 verdict=true gt_gap=13.091m  at gt=(18.40, -11.30) s=246.6m
[INFO] [1790668057.020982, 606.501500]: [event] proximity_detection id=554 verdict=true gt_gap=13.233m  at gt=(18.39, -10.93) s=246.9m
[INFO] [1790668059.014018, 607.496500]: [event] proximity_detection id=555 verdict=true gt_gap=13.210m  at gt=(18.45, -10.58) s=247.3m
[INFO] [1790668060.998825, 608.487500]: [event] proximity_detection id=556 verdict=true gt_gap=13.148m  at gt=(18.52, -10.19) s=247.7m
[INFO] [1790668063.003443, 609.488500]: [event] proximity_detection id=557 verdict=true gt_gap=13.127m  at gt=(18.65, -9.80) s=248.1m
[INFO] [1790668065.009613, 610.490500]: [event] proximity_detection id=558 verdict=true gt_gap=13.213m  at gt=(18.79, -9.32) s=248.6m
[INFO] [1790668066.993256, 611.480500]: [event] proximity_detection id=559 verdict=true gt_gap=13.269m  at gt=(18.94, -8.84) s=249.1m
[INFO] [1790668069.038478, 612.502500]: [event] proximity_detection id=560 verdict=true gt_gap=13.085m  at gt=(19.01, -8.54) s=249.4m
[INFO] [1790668071.287262, 613.625500]: [event] proximity_detection id=561 verdict=true gt_gap=13.038m  at gt=(19.12, -8.22) s=249.8m
[INFO] [1790668073.456706, 614.709000]: [event] proximity_detection id=562 verdict=true gt_gap=13.054m  at gt=(19.20, -7.84) s=250.2m
[INFO] [1790668075.481420, 615.720000]: [event] proximity_detection id=563 verdict=true gt_gap=13.098m  at gt=(19.24, -7.39) s=250.6m
[INFO] [1790668077.467733, 616.711500]: [event] proximity_detection id=564 verdict=true gt_gap=13.044m  at gt=(19.27, -6.96) s=251.0m
[INFO] [1790668079.474181, 617.712500]: [event] proximity_detection id=565 verdict=true gt_gap=13.044m  at gt=(19.32, -6.55) s=251.5m
[INFO] [1790668081.707321, 618.828500]: [event] proximity_detection id=566 verdict=true gt_gap=13.083m  at gt=(19.38, -6.11) s=251.9m
[INFO] [1790668083.770439, 619.858000]: [event] proximity_detection id=567 verdict=true gt_gap=13.126m  at gt=(19.46, -5.70) s=252.3m
[INFO] [1790668085.851562, 620.895500]: [event] proximity_detection id=568 verdict=true gt_gap=13.147m  at gt=(19.58, -5.26) s=252.8m
[INFO] [1790668087.909925, 621.920500]: [event] proximity_detection id=569 verdict=true gt_gap=13.170m  at gt=(19.72, -4.78) s=253.3m
[INFO] [1790668089.918116, 622.923000]: [event] proximity_detection id=570 verdict=true gt_gap=13.142m  at gt=(19.84, -4.37) s=253.7m
[WARN] [1790667074.827975, 116.113500]: trajectory_follower: STALL 1 at (54.95, -27.09): commanded 0.31 m/s but moved 0.047 m in 1.0 s (0.0466 m/s); backing off -0.25 m/s for 2.0 s
[WARN] [1790667745.353880, 450.913500]: trajectory_follower: STALL 2 at (54.87, -26.71): commanded 0.15 m/s but moved 0.002 m in 1.0 s (0.0016 m/s); backing off -0.25 m/s for 2.0 s
[INFO] [1790666871.759064, 14.701500]: trajectory_follower: 531 points, 132.50 m, from /home/alessandro/journal_comparison/src/robot_metrics/config/reference_path_mine.yaml
[INFO] [1790666871.759955, 14.709500]: trajectory_follower: model=differential cmd=/husky/cmd_vel v<=0.50 w<=1.00 lookahead=1.00
[INFO] [1790666871.766855, 14.712000]: trajectory_follower: reference path published on ~reference_path in frame "map" (531 poses)
[INFO] [1790667519.200233, 338.013500]: trajectory_follower: vuelta 1 de 2 completa, lazo cerrado a 0.145 m
[INFO] [1790668167.545613, 661.663500]: trajectory_follower: path complete (2 vuelta(s)); lazo cerrado a 0.130 m del punto inicial
[INFO] [1790668167.548325, 661.664500]: trajectory_follower: reached point 529 of 531, vuelta 2 de 2; cross-track error mean 0.064 m, max 1.787 m; 2 stall(s)
[INFO] [1790668167.549529, 661.665500]: trajectory_follower: lazo cerrado a 0.130 m (close_tolerance 0.15 m)
[INFO] [1790666871.532851, 14.592500]: run_guard: model=differential cmd=/husky/cmd_vel
[INFO] [1790666871.533559, 14.593000]: run_guard: wedged if commanded (>0.10 m/s or >0.20 rad/s) for >=70% of 25s while getting neither >1.50 m from the window start nor >0.50 rad of heading
[INFO] [1790666871.534273, 14.593500]: run_guard: rolled if |roll|>50 or |pitch|>60 deg held 1.5s
[INFO] [1790668168.935554, 662.060500]: run_guard: no trip; the run ended on its own terms
[WARN] [1790666871.700719, 14.679000]:   gt_rate_hz 800.0 is not a divisor of the 2000 Hz physics rate; delivering 1000.0 Hz instead, which is the next exact divisor that is not slower
[INFO] [1790668092.111059, 624.016000]: [event] proximity_detection id=571 verdict=true gt_gap=13.145m  at gt=(19.95, -3.92) s=254.2m
[INFO] [1790668094.113750, 625.016000]: [event] proximity_detection id=572 verdict=true gt_gap=13.097m  at gt=(20.05, -3.53) s=254.6m
[INFO] [1790668096.127218, 626.020500]: [event] proximity_detection id=573 verdict=true gt_gap=13.101m  at gt=(20.14, -3.09) s=255.0m
[INFO] [1790668098.142797, 627.027000]: [event] proximity_detection id=278 verdict=true gt_gap=0.240m  at gt=(20.26, -2.65) s=255.5m
[INFO] [1790668100.139445, 628.023500]: [event] proximity_detection id=279 verdict=true gt_gap=0.256m  at gt=(20.35, -2.32) s=255.8m
[INFO] [1790668102.173006, 629.039500]: [event] proximity_detection id=280 verdict=true gt_gap=0.253m  at gt=(20.43, -1.99) s=256.2m
[INFO] [1790668104.117212, 630.009000]: [event] proximity_detection id=1 verdict=unknown gt_gap=nanm  at gt=(20.52, -1.71) s=256.4m
[INFO] [1790668106.330848, 631.115000]: [event] proximity_detection id=1 verdict=unknown gt_gap=nanm  at gt=(20.61, -1.43) s=256.8m
[INFO] [1790668108.333622, 632.114500]: [event] proximity_detection id=1 verdict=unknown gt_gap=nanm  at gt=(20.69, -1.23) s=257.0m
[INFO] [1790668110.314260, 633.102500]: [event] proximity_detection id=1 verdict=unknown gt_gap=nanm  at gt=(20.81, -1.02) s=257.2m
[INFO] [1790668112.260618, 634.074500]: [event] proximity_detection id=284 verdict=true gt_gap=0.221m  at gt=(21.03, -0.92) s=257.5m
[INFO] [1790668114.487343, 635.184500]: [event] proximity_detection id=582 verdict=true gt_gap=11.173m  at gt=(21.42, -0.98) s=257.9m
[INFO] [1790668116.525398, 636.198500]: [event] proximity_detection id=1 verdict=unknown gt_gap=nanm  at gt=(21.82, -1.06) s=258.3m
[INFO] [1790668118.507896, 637.189000]: [event] proximity_detection id=1 verdict=unknown gt_gap=nanm  at gt=(22.05, -1.08) s=258.5m
[INFO] [1790668120.550481, 638.208000]: [event] proximity_detection id=1 verdict=unknown gt_gap=nanm  at gt=(22.31, -1.02) s=258.8m
[INFO] [1790668122.481233, 639.172500]: [event] proximity_detection id=1 verdict=unknown gt_gap=nanm  at gt=(22.58, -0.94) s=259.1m
[INFO] [1790668124.500114, 640.180000]: [event] proximity_detection id=1 verdict=unknown gt_gap=nanm  at gt=(22.92, -0.77) s=259.4m
[INFO] [1790668126.480377, 641.168000]: [event] proximity_detection id=1 verdict=unknown gt_gap=nanm  at gt=(23.33, -0.58) s=259.9m
[INFO] [1790668128.704562, 642.277000]: [event] proximity_detection id=1 verdict=unknown gt_gap=nanm  at gt=(23.73, -0.39) s=260.3m
[INFO] [1790668130.699046, 643.273000]: [event] proximity_detection id=590 verdict=true gt_gap=9.697m  at gt=(24.08, -0.28) s=260.7m
[INFO] [1790668132.697460, 644.270500]: [event] proximity_detection id=591 verdict=true gt_gap=9.676m  at gt=(24.49, -0.18) s=261.1m
[INFO] [1790668134.733608, 645.287000]: [event] proximity_detection id=592 verdict=true gt_gap=9.665m  at gt=(24.97, -0.09) s=261.6m
[INFO] [1790668136.966009, 646.400500]: [event] proximity_detection id=1 verdict=unknown gt_gap=nanm  at gt=(25.47, 0.00) s=262.1m
[INFO] [1790668139.216634, 647.521500]: [event] proximity_detection id=1 verdict=unknown gt_gap=nanm  at gt=(25.98, 0.10) s=262.7m
[INFO] [1790668141.163409, 648.493500]: [event] proximity_detection id=595 verdict=true gt_gap=9.790m  at gt=(26.43, 0.18) s=263.1m
[INFO] [1790668143.057374, 649.439500]: [event] proximity_detection id=1 verdict=unknown gt_gap=nanm  at gt=(26.83, 0.25) s=263.5m
[INFO] [1790668145.101434, 650.459500]: [event] proximity_detection id=597 verdict=true gt_gap=9.837m  at gt=(27.27, 0.29) s=264.0m
[INFO] [1790668147.082609, 651.448000]: [event] proximity_detection id=598 verdict=true gt_gap=9.866m  at gt=(27.72, 0.32) s=264.4m
[INFO] [1790668149.298364, 652.555000]: [event] proximity_detection id=599 verdict=true gt_gap=9.937m  at gt=(28.24, 0.33) s=264.9m
[INFO] [1790668151.501477, 653.655000]: [event] proximity_detection id=600 verdict=true gt_gap=10.090m  at gt=(28.76, 0.34) s=265.4m
[INFO] [1790668153.491058, 654.648000]: [event] proximity_detection id=601 verdict=true gt_gap=10.202m  at gt=(29.22, 0.33) s=265.9m
[INFO] [1790668155.478519, 655.639500]: [event] proximity_detection id=602 verdict=true gt_gap=10.388m  at gt=(29.70, 0.31) s=266.4m
[INFO] [1790668157.509756, 656.654500]: [event] proximity_detection id=603 verdict=true gt_gap=10.590m  at gt=(30.18, 0.29) s=266.9m
[INFO] [1790668159.489646, 657.641500]: [event] proximity_detection id=604 verdict=true gt_gap=10.790m  at gt=(30.65, 0.27) s=267.3m
[INFO] [1790668161.715646, 658.753000]: [event] proximity_detection id=605 verdict=true gt_gap=11.128m  at gt=(31.17, 0.25) s=267.9m
[INFO] [1790668163.753838, 659.770000]: [event] proximity_detection id=606 verdict=true gt_gap=11.462m  at gt=(31.67, 0.24) s=268.4m
[INFO] [1790668165.713774, 660.749000]: [event] proximity_detection id=607 verdict=true gt_gap=11.790m  at gt=(32.15, 0.23) s=268.8m
[INFO] [1790668167.976626, 661.878500]: [event] proximity_detection id=608 verdict=true gt_gap=12.084m  at gt=(32.58, 0.21) s=269.3m
[INFO] [1790668169.569858, 662.672500]: Run differential/03 saved to /home/alessandro/metrics_husky_r0148/fixed_trajectory/swept_lidar/differential/run03
[INFO] [1790668169.572136, 662.674500]:   32370 samples, 32370 GT poses, 517 events
[INFO] [1790668169.573413, 662.675500]:   647999 high-rate GT samples from 1295999 messages (1000.0 Hz over 648.0 s)
[INFO] [1790668169.575974, 662.676500]:   distance travelled (GT): 269.28 m
[INFO] [1790668169.577994, 662.678000]:   tracking losses: 0, relocalizations: 0
[INFO] [1790668169.578957, 662.678500]:   loop closures: 0 (visual), 517 (proximity)
[31m================================================================================REQUIRED process [trajectory_follower-1] has died!
process has finished cleanly
log file: /home/alessandro/.ros/log/32019e98-bbd7-11f1-bd00-096508a55b3d/trajectory_follower-1*.log
Initiating shutdown!
================================================================================[0m
... logging to /home/alessandro/.ros/log/32019e98-bbd7-11f1-bd00-096508a55b3d/roslaunch-LAPTOP-EU6F9FQD-4065825.log
Checking log directory for disk usage. This may take a while.
Press Ctrl-C to interrupt
Done checking log file disk usage. Usage is <1GB.
]2;/home/alessandro/journal_comparison/src/robot_metrics/launch/trajectory_follow.launch
[1mstarted roslaunch server http://LAPTOP-EU6F9FQD:40057/[0m

SUMMARY
========

PARAMETERS
 * /metrics_logger/cmd_vel_topic: /husky/cmd_vel
 * /metrics_logger/effort_joints: front_left_joint,...
 * /metrics_logger/gt_rate_hz: 800
 * /metrics_logger/loop_true_radius: 3.0
 * /metrics_logger/model_name: differential
 * /metrics_logger/odom_topic: /rtabmap/odom
 * /metrics_logger/output_dir: /home/alessandro/...
 * /metrics_logger/physics_rate_hz: 2000
 * /metrics_logger/proximity_true_radius: 20.0
 * /metrics_logger/rate: 50
 * /metrics_logger/robot_name: differential
 * /metrics_logger/run_id: 3
 * /metrics_logger/suspension_joints: 
 * /metrics_logger/suspension_topic: /husky/joint_states
 * /metrics_logger/tracking_loss_timeout: 1.0
 * /metrics_logger/velocity_joints: front_left_joint,...
 * /metrics_logger/wheel_links: 
 * /rosdistro: noetic
 * /rosversion: 1.17.4
 * /run_guard/cmd_vel_topic: /husky/cmd_vel
 * /run_guard/grace: 30.0
 * /run_guard/model_name: differential
 * /run_guard/pitch_limit: 60.0
 * /run_guard/progress_min: 1.5
 * /run_guard/roll_limit: 50.0
 * /run_guard/stuck_time: 25.0
 * /run_guard/trip_file: /home/alessandro/...
 * /run_guard/yaw_progress_min: 0.5
 * /trajectory_follower/align_threshold: 0.8
 * /trajectory_follower/backoff_speed: -0.25
 * /trajectory_follower/backoff_time: 2.0
 * /trajectory_follower/base_yaw_offset: 0.0
 * /trajectory_follower/close_timeout: 15.0
 * /trajectory_follower/close_tolerance: 0.15
 * /trajectory_follower/cmd_vel_topic: /husky/cmd_vel
 * /trajectory_follower/commanded_min: 0.15
 * /trajectory_follower/cooldown: 5.0
 * /trajectory_follower/curve_slowdown: 0.6
 * /trajectory_follower/k_xte: 2.5
 * /trajectory_follower/laps: 2
 * /trajectory_follower/lookahead: 1.0
 * /trajectory_follower/lookahead_k: 0.8
 * /trajectory_follower/lookahead_max: 1.0
 * /trajectory_follower/lookahead_min: 0.3
 * /trajectory_follower/max_stalls: 8
 * /trajectory_follower/max_vel_theta: 1.0
 * /trajectory_follower/max_vel_x: 0.5
 * /trajectory_follower/min_aim_dist: 0.25
 * /trajectory_follower/model_name: differential
 * /trajectory_follower/path_file: /home/alessandro/...
 * /trajectory_follower/spawn_x: 33.5
 * /trajectory_follower/spawn_y: 0.2
 * /trajectory_follower/spawn_yaw: 0.0
 * /trajectory_follower/speed_max: 0.05
 * /trajectory_follower/stall_time: 1.0
 * /trajectory_follower/trip_file: /home/alessandro/...
 * /trajectory_follower/viz_frame: map
 * /trajectory_follower/w_v_floor: 0.1
 * /trajectory_follower/xte_curv_max: 0.5

NODES
  /
    metrics_logger (robot_metrics/metrics_logger.py)
    run_guard (robot_metrics/run_guard.py)
    trajectory_follower (robot_metrics/trajectory_follower.py)

[1mROS_MASTER_URI=http://localhost:11311[0m
]2;/home/alessandro/journal_comparison/src/robot_metrics/launch/trajectory_follow.launch http://localhost:11311
[1mprocess[trajectory_follower-1]: started with pid [4065854][0m
[1mprocess[run_guard-2]: started with pid [4065855][0m
[1mprocess[metrics_logger-3]: started with pid [4065856][0m
[metrics_logger-3] killing on exit
[run_guard-2] killing on exit
[trajectory_follower-1] killing on exit
shutting down processing monitor...
... shutting down processing monitor complete
[1mdone[0m
