Opening database "/home/alessandro/metrics_husky_r0148/fixed_trajectory/swept_lidar/differential/run01/rtabmap.db"...
Opening database "/home/alessandro/metrics_husky_r0148/fixed_trajectory/swept_lidar/differential/run01/rtabmap.db"... done (0.000170s).
Optimizing the map (Full global optimization)...
Optimizing the map (Full global optimization)... done (0.077240s, poses=635, links=2093).
Processed 7/635 (1%) nodes...
Processed 13/635 (2%) nodes...
Processed 20/635 (3%) nodes...
Processed 26/635 (4%) nodes...
Processed 32/635 (5%) nodes...
Processed 39/635 (6%) nodes...
Processed 45/635 (7%) nodes...
Processed 51/635 (8%) nodes...
Processed 58/635 (9%) nodes...
Processed 64/635 (10%) nodes...
Processed 70/635 (11%) nodes...
Processed 77/635 (12%) nodes...
Processed 83/635 (13%) nodes...
Processed 89/635 (14%) nodes...
Processed 96/635 (15%) nodes...
Processed 102/635 (16%) nodes...
Processed 108/635 (17%) nodes...
Processed 115/635 (18%) nodes...
Processed 121/635 (19%) nodes...
Processed 127/635 (20%) nodes...
Processed 134/635 (21%) nodes...
Processed 140/635 (22%) nodes...
Processed 147/635 (23%) nodes...
Processed 153/635 (24%) nodes...
Processed 159/635 (25%) nodes...
Processed 166/635 (26%) nodes...
Processed 172/635 (27%) nodes...
Processed 178/635 (28%) nodes...
Processed 185/635 (29%) nodes...
Processed 191/635 (30%) nodes...
Processed 197/635 (31%) nodes...
Processed 204/635 (32%) nodes...
Processed 210/635 (33%) nodes...
Processed 216/635 (34%) nodes...
Processed 223/635 (35%) nodes...
Processed 229/635 (36%) nodes...
Processed 235/635 (37%) nodes...
Processed 242/635 (38%) nodes...
Processed 248/635 (39%) nodes...
Processed 254/635 (40%) nodes...
Processed 261/635 (41%) nodes...
Processed 267/635 (42%) nodes...
Processed 274/635 (43%) nodes...
Processed 280/635 (44%) nodes...
Processed 286/635 (45%) nodes...
Processed 293/635 (46%) nodes...
Processed 299/635 (47%) nodes...
Processed 305/635 (48%) nodes...
Processed 312/635 (49%) nodes...
Processed 318/635 (50%) nodes...
Processed 324/635 (51%) nodes...
Processed 331/635 (52%) nodes...
Processed 337/635 (53%) nodes...
Processed 343/635 (54%) nodes...
Processed 350/635 (55%) nodes...
Processed 356/635 (56%) nodes...
Processed 362/635 (57%) nodes...
Processed 369/635 (58%) nodes...
Processed 375/635 (59%) nodes...
Processed 381/635 (60%) nodes...
Processed 388/635 (61%) nodes...
Processed 394/635 (62%) nodes...
Processed 401/635 (63%) nodes...
Processed 407/635 (64%) nodes...
Processed 413/635 (65%) nodes...
Processed 420/635 (66%) nodes...
Processed 426/635 (67%) nodes...
Processed 432/635 (68%) nodes...
Processed 439/635 (69%) nodes...
Processed 445/635 (70%) nodes...
Processed 451/635 (71%) nodes...
Processed 458/635 (72%) nodes...
Processed 464/635 (73%) nodes...
Processed 470/635 (74%) nodes...
Processed 477/635 (75%) nodes...
Processed 483/635 (76%) nodes...
Processed 489/635 (77%) nodes...
Processed 496/635 (78%) nodes...
Processed 502/635 (79%) nodes...
Processed 508/635 (80%) nodes...
Processed 515/635 (81%) nodes...
Processed 521/635 (82%) nodes...
Processed 528/635 (83%) nodes...
Processed 534/635 (84%) nodes...
Processed 540/635 (85%) nodes...
Processed 547/635 (86%) nodes...
Processed 553/635 (87%) nodes...
Processed 559/635 (88%) nodes...
Processed 566/635 (89%) nodes...
Processed 572/635 (90%) nodes...
Processed 578/635 (91%) nodes...
Processed 585/635 (92%) nodes...
Processed 591/635 (93%) nodes...
Processed 597/635 (94%) nodes...
Processed 604/635 (95%) nodes...
Processed 610/635 (96%) nodes...
Processed 616/635 (97%) nodes...
Processed 623/635 (98%) nodes...
Processed 629/635 (99%) nodes...
Processed 635/635 (100%) nodes...
635 poses exported to "/home/alessandro/metrics_husky_r0148/fixed_trajectory/swept_lidar/differential/run01/opt_traj_poses.txt". (min=[-16.894629,-40.171062,-0.869354] max=[21.183983,1.641086,7.296483])
