xacro: in-order processing became default in ROS Melodic. You can drop the option.
[33m[WARN] [1790663511.048854350]: The root link base_link has an inertia specified in the URDF, but KDL does not support a root link with an inertia.  As a workaround, you can add an extra dummy link to your URDF.[0m
[INFO] [1790663511.312025, 0.000000]: imu_ahrs: filtro complementario tau=1.00 s, compuerta |a|/g +-15%, sesgo con 200 muestras quieto
[WARN] [1790663516.949954, 0.000500]: el modelo "differential" no esta en /gazebo/model_states; nombres=['grass_plane', 'w1', 'w2', 'w3', 'w4', 'w5', 'w6', 'lc_mine', 'ramp', 'bump']
[INFO] [1790663511.418260, 0.000000]: Loading model XML from ros parameter swept_robot_description
[INFO] [1790663511.421827, 0.000000]: Waiting for service /gazebo/spawn_sdf_model
[INFO] [1790663514.432651, 0.000000]: Calling service /gazebo/spawn_sdf_model
[INFO] [1790663517.194387, 0.000500]: Spawn status: SpawnModel: Successfully spawned entity
Loaded 'joint_state_controller'
Loaded 'wheel_vel_controller_fl'
Loaded 'wheel_vel_controller_fr'
Loaded 'wheel_vel_controller_rl'
Loaded 'wheel_vel_controller_rr'
Started ['joint_state_controller'] successfully
Started ['wheel_vel_controller_fl'] successfully
Started ['wheel_vel_controller_fr'] successfully
Started ['wheel_vel_controller_rl'] successfully
Started ['wheel_vel_controller_rr'] successfully
[INFO] [1790663519.424828, 0.983500]: montaje husky/base_link <- husky/velodyne_base_link: xyz=(0.0000, 0.0000, 0.5192)
[INFO] [1790663519.426400, 0.985000]: la nube ya trae canal de tiempo "time"; se reutiliza
[INFO] [1790663519.591364, 1.067500]: nube: 28097 puntos, 360 sectores (0 vacios), costura en 0.0 deg, sentido +1, desfases 0.0000..0.0999 s | entradas=2 DEFORMADAS=1 sin_deformar=0 tarde=0 cola=1
[INFO] [1790663522.201324, 2.371000]: imu_ahrs: sesgo del giroscopo [-0.00675 +0.00275 +0.00962] rad/s con 200 muestras; actitud inicial roll=-2.47 pitch=-3.67 deg
[INFO] [1790663529.800749, 6.166500]: nube: 28097 puntos, 360 sectores (0 vacios), costura en 0.0 deg, sentido +1, desfases 0.0000..0.0999 s | entradas=53 DEFORMADAS=52 sin_deformar=0 tarde=0 cola=1
[INFO] [1790663539.819613, 11.168000]: nube: 28097 puntos, 360 sectores (0 vacios), costura en 0.0 deg, sentido +1, desfases 0.0000..0.0999 s | entradas=103 DEFORMADAS=102 sin_deformar=0 tarde=0 cola=1
[INFO] [1790663549.859697, 16.168500]: nube: 28095 puntos, 360 sectores (0 vacios), costura en 0.0 deg, sentido +1, desfases 0.0000..0.0999 s | entradas=153 DEFORMADAS=152 sin_deformar=0 tarde=0 cola=1
[INFO] [1790663559.874169, 21.170000]: nube: 28095 puntos, 360 sectores (0 vacios), costura en 0.0 deg, sentido +1, desfases 0.0000..0.0999 s | entradas=203 DEFORMADAS=202 sin_deformar=0 tarde=0 cola=1
[INFO] [1790663569.888624, 26.170500]: nube: 28099 puntos, 360 sectores (0 vacios), costura en 0.0 deg, sentido +1, desfases 0.0000..0.0999 s | entradas=253 DEFORMADAS=252 sin_deformar=0 tarde=0 cola=1
[INFO] [1790663580.102230, 31.271000]: nube: 28095 puntos, 360 sectores (0 vacios), costura en 0.0 deg, sentido +1, desfases 0.0000..0.0999 s | entradas=304 DEFORMADAS=303 sin_deformar=0 tarde=0 cola=1
[INFO] [1790663590.116612, 36.271500]: nube: 28097 puntos, 360 sectores (0 vacios), costura en 0.0 deg, sentido +1, desfases 0.0000..0.0999 s | entradas=354 DEFORMADAS=353 sin_deformar=0 tarde=0 cola=1
[INFO] [1790663600.333871, 41.374500]: nube: 28110 puntos, 360 sectores (0 vacios), costura en 0.0 deg, sentido +1, desfases 0.0000..0.0999 s | entradas=405 DEFORMADAS=404 sin_deformar=0 tarde=0 cola=1
[INFO] [1790663610.551203, 46.474500]: nube: 28110 puntos, 360 sectores (0 vacios), costura en 0.0 deg, sentido +1, desfases 0.0000..0.0999 s | entradas=456 DEFORMADAS=455 sin_deformar=0 tarde=0 cola=1
[INFO] [1790663620.762655, 51.574000]: nube: 28107 puntos, 360 sectores (0 vacios), costura en 0.0 deg, sentido +1, desfases 0.0000..0.0999 s | entradas=507 DEFORMADAS=506 sin_deformar=0 tarde=0 cola=1
[INFO] [1790663630.964610, 56.669000]: nube: 28110 puntos, 360 sectores (0 vacios), costura en 0.0 deg, sentido +1, desfases 0.0000..0.0999 s | entradas=558 DEFORMADAS=557 sin_deformar=0 tarde=0 cola=1
[INFO] [1790663641.187142, 61.773000]: nube: 28110 puntos, 360 sectores (0 vacios), costura en 0.0 deg, sentido +1, desfases 0.0000..0.0999 s | entradas=609 DEFORMADAS=608 sin_deformar=0 tarde=0 cola=1
[INFO] [1790663651.202821, 66.774500]: nube: 28110 puntos, 360 sectores (0 vacios), costura en 0.0 deg, sentido +1, desfases 0.0000..0.0999 s | entradas=659 DEFORMADAS=658 sin_deformar=0 tarde=0 cola=1
[INFO] [1790663661.230925, 71.779000]: nube: 28110 puntos, 360 sectores (0 vacios), costura en 0.0 deg, sentido +1, desfases 0.0000..0.0999 s | entradas=709 DEFORMADAS=708 sin_deformar=0 tarde=0 cola=1
[INFO] [1790663671.438962, 76.877500]: nube: 28110 puntos, 360 sectores (0 vacios), costura en 0.0 deg, sentido +1, desfases 0.0000..0.0999 s | entradas=760 DEFORMADAS=759 sin_deformar=0 tarde=0 cola=1
[INFO] [1790663681.628934, 81.967000]: nube: 28110 puntos, 360 sectores (0 vacios), costura en 0.0 deg, sentido +1, desfases 0.0000..0.0999 s | entradas=811 DEFORMADAS=810 sin_deformar=0 tarde=0 cola=1
[INFO] [1790663691.645375, 86.969000]: nube: 28110 puntos, 360 sectores (0 vacios), costura en 0.0 deg, sentido +1, desfases 0.0000..0.0999 s | entradas=861 DEFORMADAS=860 sin_deformar=0 tarde=0 cola=1
[INFO] [1790663701.687082, 91.972500]: nube: 28110 puntos, 360 sectores (0 vacios), costura en 0.0 deg, sentido +1, desfases 0.0000..0.0999 s | entradas=911 DEFORMADAS=910 sin_deformar=0 tarde=0 cola=1
[INFO] [1790663711.898416, 97.071000]: nube: 28110 puntos, 360 sectores (0 vacios), costura en 0.0 deg, sentido +1, desfases 0.0000..0.0999 s | entradas=962 DEFORMADAS=961 sin_deformar=0 tarde=0 cola=1
[INFO] [1790663721.939137, 102.071500]: nube: 28110 puntos, 360 sectores (0 vacios), costura en 0.0 deg, sentido +1, desfases 0.0000..0.0999 s | entradas=1012 DEFORMADAS=1011 sin_deformar=0 tarde=0 cola=1
[INFO] [1790663732.154090, 107.171500]: nube: 28110 puntos, 360 sectores (0 vacios), costura en 0.0 deg, sentido +1, desfases 0.0000..0.0999 s | entradas=1063 DEFORMADAS=1062 sin_deformar=0 tarde=0 cola=1
[INFO] [1790663742.175612, 112.172000]: nube: 25593 puntos, 360 sectores (0 vacios), costura en 0.0 deg, sentido +1, desfases 0.0000..0.0999 s | entradas=1113 DEFORMADAS=1112 sin_deformar=0 tarde=0 cola=1
[INFO] [1790663752.630386, 117.273500]: nube: 28110 puntos, 360 sectores (0 vacios), costura en 0.0 deg, sentido +1, desfases 0.0000..0.0999 s | entradas=1164 DEFORMADAS=1163 sin_deformar=0 tarde=0 cola=1
[INFO] [1790663762.846877, 122.367500]: nube: 28110 puntos, 360 sectores (0 vacios), costura en 0.0 deg, sentido +1, desfases 0.0000..0.0999 s | entradas=1215 DEFORMADAS=1214 sin_deformar=0 tarde=0 cola=1
[INFO] [1790663772.876364, 127.373500]: nube: 28110 puntos, 360 sectores (0 vacios), costura en 0.0 deg, sentido +1, desfases 0.0000..0.0999 s | entradas=1265 DEFORMADAS=1264 sin_deformar=0 tarde=0 cola=1
[INFO] [1790663783.092777, 132.473500]: nube: 28110 puntos, 360 sectores (0 vacios), costura en 0.0 deg, sentido +1, desfases 0.0000..0.0999 s | entradas=1316 DEFORMADAS=1315 sin_deformar=0 tarde=0 cola=1
[INFO] [1790663793.320956, 137.581000]: nube: 28110 puntos, 360 sectores (0 vacios), costura en 0.0 deg, sentido +1, desfases 0.0000..0.0999 s | entradas=1367 DEFORMADAS=1366 sin_deformar=0 tarde=0 cola=1
[INFO] [1790663803.546188, 142.682500]: nube: 28110 puntos, 360 sectores (0 vacios), costura en 0.0 deg, sentido +1, desfases 0.0000..0.0999 s | entradas=1418 DEFORMADAS=1417 sin_deformar=0 tarde=0 cola=1
[INFO] [1790663813.749225, 147.772000]: nube: 28110 puntos, 360 sectores (0 vacios), costura en 0.0 deg, sentido +1, desfases 0.0000..0.0999 s | entradas=1469 DEFORMADAS=1468 sin_deformar=0 tarde=0 cola=1
[INFO] [1790663823.956438, 152.870000]: nube: 28110 puntos, 360 sectores (0 vacios), costura en 0.0 deg, sentido +1, desfases 0.0000..0.0999 s | entradas=1520 DEFORMADAS=1519 sin_deformar=0 tarde=0 cola=1
[INFO] [1790663834.167320, 157.968500]: nube: 28110 puntos, 360 sectores (0 vacios), costura en 0.0 deg, sentido +1, desfases 0.0000..0.0999 s | entradas=1571 DEFORMADAS=1570 sin_deformar=0 tarde=0 cola=1
[INFO] [1790663844.378912, 163.068000]: nube: 28110 puntos, 360 sectores (0 vacios), costura en 0.0 deg, sentido +1, desfases 0.0000..0.0999 s | entradas=1622 DEFORMADAS=1621 sin_deformar=0 tarde=0 cola=1
[INFO] [1790663854.595271, 168.170500]: nube: 28110 puntos, 360 sectores (0 vacios), costura en 0.0 deg, sentido +1, desfases 0.0000..0.0999 s | entradas=1673 DEFORMADAS=1672 sin_deformar=0 tarde=0 cola=1
[INFO] [1790663864.641133, 173.173000]: nube: 28110 puntos, 360 sectores (0 vacios), costura en 0.0 deg, sentido +1, desfases 0.0000..0.0999 s | entradas=1723 DEFORMADAS=1722 sin_deformar=0 tarde=0 cola=1
[INFO] [1790663874.853314, 178.273000]: nube: 28110 puntos, 360 sectores (0 vacios), costura en 0.0 deg, sentido +1, desfases 0.0000..0.0999 s | entradas=1774 DEFORMADAS=1773 sin_deformar=0 tarde=0 cola=1
[INFO] [1790663885.065346, 183.372500]: nube: 28110 puntos, 360 sectores (0 vacios), costura en 0.0 deg, sentido +1, desfases 0.0000..0.0999 s | entradas=1825 DEFORMADAS=1824 sin_deformar=0 tarde=0 cola=1
[INFO] [1790663895.262491, 188.465000]: nube: 28110 puntos, 360 sectores (0 vacios), costura en 0.0 deg, sentido +1, desfases 0.0000..0.0999 s | entradas=1876 DEFORMADAS=1875 sin_deformar=0 tarde=0 cola=1
[INFO] [1790663905.309210, 193.475500]: nube: 28110 puntos, 360 sectores (0 vacios), costura en 0.0 deg, sentido +1, desfases 0.0000..0.0999 s | entradas=1926 DEFORMADAS=1925 sin_deformar=0 tarde=0 cola=1
[INFO] [1790663915.336177, 198.480000]: nube: 28110 puntos, 360 sectores (0 vacios), costura en 0.0 deg, sentido +1, desfases 0.0000..0.0999 s | entradas=1976 DEFORMADAS=1975 sin_deformar=0 tarde=0 cola=1
[INFO] [1790663925.532434, 203.573500]: nube: 28110 puntos, 360 sectores (0 vacios), costura en 0.0 deg, sentido +1, desfases 0.0000..0.0999 s | entradas=2027 DEFORMADAS=2026 sin_deformar=0 tarde=0 cola=1
[INFO] [1790663935.738788, 208.668000]: nube: 28110 puntos, 360 sectores (0 vacios), costura en 0.0 deg, sentido +1, desfases 0.0000..0.0999 s | entradas=2078 DEFORMADAS=2077 sin_deformar=0 tarde=0 cola=1
[INFO] [1790663945.750359, 213.668500]: nube: 28110 puntos, 360 sectores (0 vacios), costura en 0.0 deg, sentido +1, desfases 0.0000..0.0999 s | entradas=2128 DEFORMADAS=2127 sin_deformar=0 tarde=0 cola=1
[INFO] [1790663955.970235, 218.772500]: nube: 28110 puntos, 360 sectores (0 vacios), costura en 0.0 deg, sentido +1, desfases 0.0000..0.0999 s | entradas=2179 DEFORMADAS=2178 sin_deformar=0 tarde=0 cola=1
[INFO] [1790663965.985897, 223.773500]: nube: 28110 puntos, 360 sectores (0 vacios), costura en 0.0 deg, sentido +1, desfases 0.0000..0.0999 s | entradas=2229 DEFORMADAS=2228 sin_deformar=0 tarde=0 cola=1
[INFO] [1790663976.192230, 228.871000]: nube: 28110 puntos, 360 sectores (0 vacios), costura en 0.0 deg, sentido +1, desfases 0.0000..0.0999 s | entradas=2280 DEFORMADAS=2279 sin_deformar=0 tarde=0 cola=1
[INFO] [1790663986.400326, 233.969500]: nube: 28110 puntos, 360 sectores (0 vacios), costura en 0.0 deg, sentido +1, desfases 0.0000..0.0999 s | entradas=2331 DEFORMADAS=2330 sin_deformar=0 tarde=0 cola=1
[INFO] [1790663996.419772, 238.972500]: nube: 28110 puntos, 360 sectores (0 vacios), costura en 0.0 deg, sentido +1, desfases 0.0000..0.0999 s | entradas=2381 DEFORMADAS=2380 sin_deformar=0 tarde=0 cola=1
[INFO] [1790664006.637663, 244.070500]: nube: 28110 puntos, 360 sectores (0 vacios), costura en 0.0 deg, sentido +1, desfases 0.0000..0.0999 s | entradas=2432 DEFORMADAS=2431 sin_deformar=0 tarde=0 cola=1
[INFO] [1790664016.653863, 249.071000]: nube: 28110 puntos, 360 sectores (0 vacios), costura en 0.0 deg, sentido +1, desfases 0.0000..0.0999 s | entradas=2482 DEFORMADAS=2481 sin_deformar=0 tarde=0 cola=1
[INFO] [1790664026.864612, 254.169500]: nube: 28110 puntos, 360 sectores (0 vacios), costura en 0.0 deg, sentido +1, desfases 0.0000..0.0999 s | entradas=2533 DEFORMADAS=2532 sin_deformar=0 tarde=0 cola=1
[INFO] [1790664037.081281, 259.271500]: nube: 28110 puntos, 360 sectores (0 vacios), costura en 0.0 deg, sentido +1, desfases 0.0000..0.0999 s | entradas=2584 DEFORMADAS=2583 sin_deformar=0 tarde=0 cola=1
[INFO] [1790664047.290856, 264.371000]: nube: 28110 puntos, 360 sectores (0 vacios), costura en 0.0 deg, sentido +1, desfases 0.0000..0.0999 s | entradas=2635 DEFORMADAS=2634 sin_deformar=0 tarde=0 cola=1
[INFO] [1790664057.528248, 269.481000]: nube: 28110 puntos, 360 sectores (0 vacios), costura en 0.0 deg, sentido +1, desfases 0.0000..0.0999 s | entradas=2686 DEFORMADAS=2685 sin_deformar=0 tarde=0 cola=1
[INFO] [1790664067.738739, 274.579500]: nube: 28110 puntos, 360 sectores (0 vacios), costura en 0.0 deg, sentido +1, desfases 0.0000..0.0999 s | entradas=2737 DEFORMADAS=2736 sin_deformar=0 tarde=0 cola=1
[INFO] [1790664077.945618, 279.676500]: nube: 28110 puntos, 360 sectores (0 vacios), costura en 0.0 deg, sentido +1, desfases 0.0000..0.0999 s | entradas=2788 DEFORMADAS=2787 sin_deformar=0 tarde=0 cola=1
[INFO] [1790664088.133936, 284.767500]: nube: 28110 puntos, 360 sectores (0 vacios), costura en 0.0 deg, sentido +1, desfases 0.0000..0.0999 s | entradas=2839 DEFORMADAS=2838 sin_deformar=0 tarde=0 cola=1
[INFO] [1790664098.352164, 289.869500]: nube: 28110 puntos, 360 sectores (0 vacios), costura en 0.0 deg, sentido +1, desfases 0.0000..0.0999 s | entradas=2890 DEFORMADAS=2889 sin_deformar=0 tarde=0 cola=1
[INFO] [1790664108.372585, 294.874000]: nube: 28098 puntos, 360 sectores (0 vacios), costura en 0.0 deg, sentido +1, desfases 0.0000..0.0999 s | entradas=2940 DEFORMADAS=2939 sin_deformar=0 tarde=0 cola=1
[INFO] [1790664118.614489, 299.975000]: nube: 28096 puntos, 360 sectores (0 vacios), costura en 0.0 deg, sentido +1, desfases 0.0000..0.0999 s | entradas=2991 DEFORMADAS=2990 sin_deformar=0 tarde=0 cola=1
[INFO] [1790664128.836603, 305.064000]: nube: 28097 puntos, 360 sectores (0 vacios), costura en 0.0 deg, sentido +1, desfases 0.0000..0.0999 s | entradas=3042 DEFORMADAS=3041 sin_deformar=0 tarde=0 cola=1
[INFO] [1790664138.865092, 310.072500]: nube: 26301 puntos, 360 sectores (0 vacios), costura en 0.0 deg, sentido +1, desfases 0.0000..0.0999 s | entradas=3092 DEFORMADAS=3091 sin_deformar=0 tarde=0 cola=1
[INFO] [1790664149.076087, 315.171500]: nube: 28106 puntos, 360 sectores (0 vacios), costura en 0.0 deg, sentido +1, desfases 0.0000..0.0999 s | entradas=3143 DEFORMADAS=3142 sin_deformar=0 tarde=0 cola=1
[INFO] [1790664159.109443, 320.179000]: nube: 28099 puntos, 360 sectores (0 vacios), costura en 0.0 deg, sentido +1, desfases 0.0000..0.0999 s | entradas=3193 DEFORMADAS=3192 sin_deformar=0 tarde=0 cola=1
[INFO] [1790664169.329510, 325.282000]: nube: 28106 puntos, 360 sectores (0 vacios), costura en 0.0 deg, sentido +1, desfases 0.0000..0.0999 s | entradas=3244 DEFORMADAS=3243 sin_deformar=0 tarde=0 cola=1
[INFO] [1790664179.549385, 330.386000]: nube: 28100 puntos, 360 sectores (0 vacios), costura en 0.0 deg, sentido +1, desfases 0.0000..0.0999 s | entradas=3295 DEFORMADAS=3294 sin_deformar=0 tarde=0 cola=1
[INFO] [1790664189.739898, 335.470000]: nube: 23705 puntos, 360 sectores (33 vacios), costura en 0.0 deg, sentido +1, desfases 0.0000..0.0999 s | entradas=3346 DEFORMADAS=3345 sin_deformar=0 tarde=0 cola=1
[INFO] [1790664199.757236, 340.474000]: nube: 28097 puntos, 360 sectores (0 vacios), costura en 0.0 deg, sentido +1, desfases 0.0000..0.0999 s | entradas=3396 DEFORMADAS=3395 sin_deformar=0 tarde=0 cola=1
[INFO] [1790664209.954404, 345.565500]: nube: 28094 puntos, 360 sectores (0 vacios), costura en 0.0 deg, sentido +1, desfases 0.0000..0.0999 s | entradas=3447 DEFORMADAS=3446 sin_deformar=0 tarde=0 cola=1
[INFO] [1790664219.972121, 350.567000]: nube: 28098 puntos, 360 sectores (0 vacios), costura en 0.0 deg, sentido +1, desfases 0.0000..0.0999 s | entradas=3497 DEFORMADAS=3496 sin_deformar=0 tarde=0 cola=1
[INFO] [1790664229.998018, 355.572500]: nube: 28097 puntos, 360 sectores (0 vacios), costura en 0.0 deg, sentido +1, desfases 0.0000..0.0999 s | entradas=3547 DEFORMADAS=3546 sin_deformar=0 tarde=0 cola=1
[INFO] [1790664240.035334, 360.579500]: nube: 28095 puntos, 360 sectores (0 vacios), costura en 0.0 deg, sentido +1, desfases 0.0000..0.0999 s | entradas=3597 DEFORMADAS=3596 sin_deformar=0 tarde=0 cola=1
[INFO] [1790664250.228335, 365.669500]: nube: 28103 puntos, 360 sectores (0 vacios), costura en 0.0 deg, sentido +1, desfases 0.0000..0.0999 s | entradas=3648 DEFORMADAS=3647 sin_deformar=0 tarde=0 cola=1
[INFO] [1790664260.450315, 370.771500]: nube: 28098 puntos, 360 sectores (0 vacios), costura en 0.0 deg, sentido +1, desfases 0.0000..0.0999 s | entradas=3699 DEFORMADAS=3698 sin_deformar=0 tarde=0 cola=1
[INFO] [1790664270.671081, 375.872500]: nube: 28110 puntos, 360 sectores (0 vacios), costura en 0.0 deg, sentido +1, desfases 0.0000..0.0999 s | entradas=3750 DEFORMADAS=3749 sin_deformar=0 tarde=0 cola=1
[INFO] [1790664280.691895, 380.874500]: nube: 28110 puntos, 360 sectores (0 vacios), costura en 0.0 deg, sentido +1, desfases 0.0000..0.0999 s | entradas=3800 DEFORMADAS=3799 sin_deformar=0 tarde=0 cola=1
[INFO] [1790664290.713428, 385.875000]: nube: 28110 puntos, 360 sectores (0 vacios), costura en 0.0 deg, sentido +1, desfases 0.0000..0.0999 s | entradas=3850 DEFORMADAS=3849 sin_deformar=0 tarde=0 cola=1
[INFO] [1790664300.751348, 390.882500]: nube: 28110 puntos, 360 sectores (0 vacios), costura en 0.0 deg, sentido +1, desfases 0.0000..0.0999 s | entradas=3900 DEFORMADAS=3899 sin_deformar=0 tarde=0 cola=1
[INFO] [1790664310.960963, 395.981000]: nube: 28110 puntos, 360 sectores (0 vacios), costura en 0.0 deg, sentido +1, desfases 0.0000..0.0999 s | entradas=3951 DEFORMADAS=3950 sin_deformar=0 tarde=0 cola=1
[INFO] [1790664321.175544, 401.079000]: nube: 28110 puntos, 360 sectores (0 vacios), costura en 0.0 deg, sentido +1, desfases 0.0000..0.0999 s | entradas=4002 DEFORMADAS=4001 sin_deformar=0 tarde=0 cola=1
[INFO] [1790664331.394479, 406.182000]: nube: 28110 puntos, 360 sectores (0 vacios), costura en 0.0 deg, sentido +1, desfases 0.0000..0.0999 s | entradas=4053 DEFORMADAS=4052 sin_deformar=0 tarde=0 cola=1
[INFO] [1790664341.405448, 411.183500]: nube: 28110 puntos, 360 sectores (0 vacios), costura en 0.0 deg, sentido +1, desfases 0.0000..0.0999 s | entradas=4103 DEFORMADAS=4102 sin_deformar=0 tarde=0 cola=1
[INFO] [1790664351.601976, 416.269000]: nube: 28110 puntos, 360 sectores (0 vacios), costura en 0.0 deg, sentido +1, desfases 0.0000..0.0999 s | entradas=4154 DEFORMADAS=4153 sin_deformar=0 tarde=0 cola=1
[INFO] [1790664361.618212, 421.269500]: nube: 28110 puntos, 360 sectores (0 vacios), costura en 0.0 deg, sentido +1, desfases 0.0000..0.0999 s | entradas=4204 DEFORMADAS=4203 sin_deformar=0 tarde=0 cola=1
[INFO] [1790664371.647280, 426.272000]: nube: 28110 puntos, 360 sectores (0 vacios), costura en 0.0 deg, sentido +1, desfases 0.0000..0.0999 s | entradas=4254 DEFORMADAS=4253 sin_deformar=0 tarde=0 cola=1
[INFO] [1790664381.661502, 431.273000]: nube: 28110 puntos, 360 sectores (0 vacios), costura en 0.0 deg, sentido +1, desfases 0.0000..0.0999 s | entradas=4304 DEFORMADAS=4303 sin_deformar=0 tarde=0 cola=1
[INFO] [1790664391.696406, 436.283000]: nube: 28110 puntos, 360 sectores (0 vacios), costura en 0.0 deg, sentido +1, desfases 0.0000..0.0999 s | entradas=4354 DEFORMADAS=4353 sin_deformar=0 tarde=0 cola=1
[INFO] [1790664401.715678, 441.284000]: nube: 28011 puntos, 360 sectores (0 vacios), costura en 0.0 deg, sentido +1, desfases 0.0000..0.0999 s | entradas=4404 DEFORMADAS=4403 sin_deformar=0 tarde=0 cola=1
[INFO] [1790664411.912239, 446.378000]: nube: 28110 puntos, 360 sectores (0 vacios), costura en 0.0 deg, sentido +1, desfases 0.0000..0.0999 s | entradas=4455 DEFORMADAS=4454 sin_deformar=0 tarde=0 cola=1
[INFO] [1790664422.132435, 451.478000]: nube: 28110 puntos, 360 sectores (0 vacios), costura en 0.0 deg, sentido +1, desfases 0.0000..0.0999 s | entradas=4506 DEFORMADAS=4505 sin_deformar=0 tarde=0 cola=1
[INFO] [1790664432.315761, 456.566000]: nube: 28110 puntos, 360 sectores (0 vacios), costura en 0.0 deg, sentido +1, desfases 0.0000..0.0999 s | entradas=4557 DEFORMADAS=4556 sin_deformar=0 tarde=0 cola=1
[INFO] [1790664442.345797, 461.571500]: nube: 28110 puntos, 360 sectores (0 vacios), costura en 0.0 deg, sentido +1, desfases 0.0000..0.0999 s | entradas=4607 DEFORMADAS=4606 sin_deformar=0 tarde=0 cola=1
[INFO] [1790664452.368800, 466.573000]: nube: 28110 puntos, 360 sectores (0 vacios), costura en 0.0 deg, sentido +1, desfases 0.0000..0.0999 s | entradas=4657 DEFORMADAS=4656 sin_deformar=0 tarde=0 cola=1
[INFO] [1790664462.403003, 471.580500]: nube: 28110 puntos, 360 sectores (0 vacios), costura en 0.0 deg, sentido +1, desfases 0.0000..0.0999 s | entradas=4707 DEFORMADAS=4706 sin_deformar=0 tarde=0 cola=1
[INFO] [1790664472.424106, 476.582000]: nube: 28110 puntos, 360 sectores (0 vacios), costura en 0.0 deg, sentido +1, desfases 0.0000..0.0999 s | entradas=4757 DEFORMADAS=4756 sin_deformar=0 tarde=0 cola=1
[INFO] [1790664482.647513, 481.674500]: nube: 28110 puntos, 360 sectores (0 vacios), costura en 0.0 deg, sentido +1, desfases 0.0000..0.0999 s | entradas=4808 DEFORMADAS=4807 sin_deformar=0 tarde=0 cola=1
[INFO] [1790664492.779686, 486.711500]: nube: 28110 puntos, 360 sectores (0 vacios), costura en 0.0 deg, sentido +1, desfases 0.0000..0.0999 s | entradas=4858 DEFORMADAS=4857 sin_deformar=0 tarde=0 cola=1
[INFO] [1790664503.016098, 491.770000]: nube: 28110 puntos, 360 sectores (0 vacios), costura en 0.0 deg, sentido +1, desfases 0.0000..0.0999 s | entradas=4909 DEFORMADAS=4908 sin_deformar=0 tarde=0 cola=1
[INFO] [1790664513.264462, 496.872000]: nube: 28110 puntos, 360 sectores (0 vacios), costura en 0.0 deg, sentido +1, desfases 0.0000..0.0999 s | entradas=4960 DEFORMADAS=4959 sin_deformar=0 tarde=0 cola=1
[INFO] [1790664523.321961, 501.875500]: nube: 28110 puntos, 360 sectores (0 vacios), costura en 0.0 deg, sentido +1, desfases 0.0000..0.0999 s | entradas=5010 DEFORMADAS=5009 sin_deformar=0 tarde=0 cola=1
[INFO] [1790664533.580899, 506.979000]: nube: 28110 puntos, 360 sectores (0 vacios), costura en 0.0 deg, sentido +1, desfases 0.0000..0.0999 s | entradas=5061 DEFORMADAS=5060 sin_deformar=0 tarde=0 cola=1
[INFO] [1790664543.800948, 512.064500]: nube: 28110 puntos, 360 sectores (0 vacios), costura en 0.0 deg, sentido +1, desfases 0.0000..0.0999 s | entradas=5112 DEFORMADAS=5111 sin_deformar=0 tarde=0 cola=1
[INFO] [1790664553.831535, 517.068000]: nube: 28110 puntos, 360 sectores (0 vacios), costura en 0.0 deg, sentido +1, desfases 0.0000..0.0999 s | entradas=5162 DEFORMADAS=5161 sin_deformar=0 tarde=0 cola=1
[INFO] [1790664563.873716, 522.080500]: nube: 28110 puntos, 360 sectores (0 vacios), costura en 0.0 deg, sentido +1, desfases 0.0000..0.0999 s | entradas=5212 DEFORMADAS=5211 sin_deformar=0 tarde=0 cola=1
[INFO] [1790664573.893846, 527.082000]: nube: 28110 puntos, 360 sectores (0 vacios), costura en 0.0 deg, sentido +1, desfases 0.0000..0.0999 s | entradas=5262 DEFORMADAS=5261 sin_deformar=0 tarde=0 cola=1
[INFO] [1790664584.100605, 532.175500]: nube: 28110 puntos, 360 sectores (0 vacios), costura en 0.0 deg, sentido +1, desfases 0.0000..0.0999 s | entradas=5313 DEFORMADAS=5312 sin_deformar=0 tarde=0 cola=1
[INFO] [1790664594.171631, 537.195000]: nube: 28110 puntos, 360 sectores (0 vacios), costura en 0.0 deg, sentido +1, desfases 0.0000..0.0999 s | entradas=5363 DEFORMADAS=5362 sin_deformar=0 tarde=0 cola=1
[INFO] [1790664604.428504, 542.302500]: nube: 28110 puntos, 360 sectores (0 vacios), costura en 0.0 deg, sentido +1, desfases 0.0000..0.0999 s | entradas=5414 DEFORMADAS=5413 sin_deformar=0 tarde=0 cola=1
[INFO] [1790664614.622123, 547.386000]: nube: 28110 puntos, 360 sectores (0 vacios), costura en 0.0 deg, sentido +1, desfases 0.0000..0.0999 s | entradas=5465 DEFORMADAS=5464 sin_deformar=0 tarde=0 cola=1
[INFO] [1790664624.823087, 552.477500]: nube: 28110 puntos, 360 sectores (0 vacios), costura en 0.0 deg, sentido +1, desfases 0.0000..0.0999 s | entradas=5516 DEFORMADAS=5515 sin_deformar=0 tarde=0 cola=1
[INFO] [1790664635.055424, 557.581500]: nube: 28110 puntos, 360 sectores (0 vacios), costura en 0.0 deg, sentido +1, desfases 0.0000..0.0999 s | entradas=5567 DEFORMADAS=5566 sin_deformar=0 tarde=0 cola=1
[INFO] [1790664645.274956, 562.683500]: nube: 28110 puntos, 360 sectores (0 vacios), costura en 0.0 deg, sentido +1, desfases 0.0000..0.0999 s | entradas=5618 DEFORMADAS=5617 sin_deformar=0 tarde=0 cola=1
[INFO] [1790664655.499537, 567.787000]: nube: 28110 puntos, 360 sectores (0 vacios), costura en 0.0 deg, sentido +1, desfases 0.0000..0.0999 s | entradas=5669 DEFORMADAS=5668 sin_deformar=0 tarde=0 cola=1
[INFO] [1790664665.696290, 572.872000]: nube: 28110 puntos, 360 sectores (0 vacios), costura en 0.0 deg, sentido +1, desfases 0.0000..0.0999 s | entradas=5720 DEFORMADAS=5719 sin_deformar=0 tarde=0 cola=1
[INFO] [1790664675.708296, 577.873000]: nube: 28110 puntos, 360 sectores (0 vacios), costura en 0.0 deg, sentido +1, desfases 0.0000..0.0999 s | entradas=5770 DEFORMADAS=5769 sin_deformar=0 tarde=0 cola=1
[INFO] [1790664685.913827, 582.968000]: nube: 28110 puntos, 360 sectores (0 vacios), costura en 0.0 deg, sentido +1, desfases 0.0000..0.0999 s | entradas=5821 DEFORMADAS=5820 sin_deformar=0 tarde=0 cola=1
[INFO] [1790664696.135053, 588.067500]: nube: 28110 puntos, 360 sectores (0 vacios), costura en 0.0 deg, sentido +1, desfases 0.0000..0.0999 s | entradas=5872 DEFORMADAS=5871 sin_deformar=0 tarde=0 cola=1
[INFO] [1790664706.163380, 593.072000]: nube: 28110 puntos, 360 sectores (0 vacios), costura en 0.0 deg, sentido +1, desfases 0.0000..0.0999 s | entradas=5922 DEFORMADAS=5921 sin_deformar=0 tarde=0 cola=1
[INFO] [1790664716.187815, 598.076000]: nube: 28110 puntos, 360 sectores (0 vacios), costura en 0.0 deg, sentido +1, desfases 0.0000..0.0999 s | entradas=5972 DEFORMADAS=5971 sin_deformar=0 tarde=0 cola=1
[INFO] [1790664726.393261, 603.171500]: nube: 28110 puntos, 360 sectores (0 vacios), costura en 0.0 deg, sentido +1, desfases 0.0000..0.0999 s | entradas=6023 DEFORMADAS=6022 sin_deformar=0 tarde=0 cola=1
[INFO] [1790664736.411078, 608.173000]: nube: 28110 puntos, 360 sectores (0 vacios), costura en 0.0 deg, sentido +1, desfases 0.0000..0.0999 s | entradas=6073 DEFORMADAS=6072 sin_deformar=0 tarde=0 cola=1
[INFO] [1790664746.616137, 613.264500]: nube: 28110 puntos, 360 sectores (0 vacios), costura en 0.0 deg, sentido +1, desfases 0.0000..0.0999 s | entradas=6124 DEFORMADAS=6123 sin_deformar=0 tarde=0 cola=1
[INFO] [1790664756.640995, 618.268500]: nube: 28098 puntos, 360 sectores (0 vacios), costura en 0.0 deg, sentido +1, desfases 0.0000..0.0999 s | entradas=6174 DEFORMADAS=6173 sin_deformar=0 tarde=0 cola=1
[INFO] [1790664766.684316, 623.273000]: nube: 28097 puntos, 360 sectores (0 vacios), costura en 0.0 deg, sentido +1, desfases 0.0000..0.0999 s | entradas=6224 DEFORMADAS=6223 sin_deformar=0 tarde=0 cola=1
[INFO] [1790664776.717436, 628.279000]: nube: 28097 puntos, 360 sectores (0 vacios), costura en 0.0 deg, sentido +1, desfases 0.0000..0.0999 s | entradas=6274 DEFORMADAS=6273 sin_deformar=0 tarde=0 cola=1
[INFO] [1790664786.830084, 633.284500]: nube: 28110 puntos, 360 sectores (0 vacios), costura en 0.0 deg, sentido +1, desfases 0.0000..0.0999 s | entradas=6324 DEFORMADAS=6323 sin_deformar=0 tarde=0 cola=1
[INFO] [1790664797.057539, 638.387500]: nube: 28108 puntos, 360 sectores (0 vacios), costura en 0.0 deg, sentido +1, desfases 0.0000..0.0999 s | entradas=6375 DEFORMADAS=6374 sin_deformar=0 tarde=0 cola=1
[INFO] [1790664807.268675, 643.485500]: nube: 28096 puntos, 360 sectores (0 vacios), costura en 0.0 deg, sentido +1, desfases 0.0000..0.0999 s | entradas=6426 DEFORMADAS=6425 sin_deformar=0 tarde=0 cola=1
[INFO] [1790664817.499865, 648.584500]: nube: 28100 puntos, 360 sectores (0 vacios), costura en 0.0 deg, sentido +1, desfases 0.0000..0.0999 s | entradas=6477 DEFORMADAS=6476 sin_deformar=0 tarde=0 cola=1
[INFO] [1790664827.530442, 653.589000]: nube: 28110 puntos, 360 sectores (0 vacios), costura en 0.0 deg, sentido +1, desfases 0.0000..0.0999 s | entradas=6527 DEFORMADAS=6526 sin_deformar=0 tarde=0 cola=1
[INFO] [1790664837.730248, 658.678000]: nube: 24319 puntos, 360 sectores (14 vacios), costura en 0.0 deg, sentido +1, desfases 0.0000..0.0999 s | entradas=6578 DEFORMADAS=6577 sin_deformar=0 tarde=0 cola=1
[INFO] [1790664847.947668, 663.776500]: nube: 28110 puntos, 360 sectores (0 vacios), costura en 0.0 deg, sentido +1, desfases 0.0000..0.0999 s | entradas=6629 DEFORMADAS=6628 sin_deformar=0 tarde=0 cola=1
[INFO] [1790664858.148663, 668.870500]: nube: 28097 puntos, 360 sectores (0 vacios), costura en 0.0 deg, sentido +1, desfases 0.0000..0.0999 s | entradas=6680 DEFORMADAS=6679 sin_deformar=0 tarde=0 cola=1
[INFO] [1790664866.458294, 672.993000]: imu_ahrs: 67284 muestras, 1694 sin gravedad utilizable (2.5%), sesgo=[-0.00675 +0.00275 +0.00962] rad/s
[INFO] [1790664866.461237, 672.993000]: sweep_distortion: entradas=6721 deformadas=6720 sin_deformar=0 tarde=0 sin_montaje=0
Error in XmlRpcClient::writeRequest: write error (Connection refused).
Error in XmlRpcDispatch::work: couldn't find source iterator
Error in XmlRpcClient::writeRequest: write error (Connection refused).
Error in XmlRpcDispatch::work: couldn't find source iterator
Error in XmlRpcClient::writeRequest: write error (Connection refused).
Error in XmlRpcDispatch::work: couldn't find source iterator
Error in XmlRpcClient::writeRequest: write error (Connection refused).
Error in XmlRpcDispatch::work: couldn't find source iterator
Error in XmlRpcClient::writeRequest: write error (Connection refused).
Error in XmlRpcDispatch::work: couldn't find source iterator
Error in XmlRpcClient::writeRequest: write error (Connection refused).
Error in XmlRpcDispatch::work: couldn't find source iterator
Error in XmlRpcClient::writeRequest: write error (Connection refused).
Error in XmlRpcDispatch::work: couldn't find source iterator
Error in XmlRpcClient::writeRequest: write error (Connection refused).
Error in XmlRpcDispatch::work: couldn't find source iterator
[INFO] [1790663511.295753, 0.000000]: twist_to_wheels (Husky, skid-steer) started
[INFO] [1790663511.296290, 0.000000]:   track_width  = 0.5709 m
[INFO] [1790663511.297366, 0.000000]:   wheel_radius = 0.14800 m
... logging to /home/alessandro/.ros/log/7411aec0-bbcf-11f1-bd00-096508a55b3d/roslaunch-LAPTOP-EU6F9FQD-4030564.log
Checking log directory for disk usage. This may take a while.
Press Ctrl-C to interrupt
Done checking log file disk usage. Usage is <1GB.
]2;/home/alessandro/journal_comparison/src/differential/launch/lcmine_husky_world.launch
[1mstarted roslaunch server http://LAPTOP-EU6F9FQD:32969/[0m

SUMMARY
========

PARAMETERS
 * /gazebo/enable_ros_network: True
 * /husky/gazebo_ros_control/pid_gains/back_left_joint/d: 0.0
 * /husky/gazebo_ros_control/pid_gains/back_left_joint/i: 14.746
 * /husky/gazebo_ros_control/pid_gains/back_left_joint/i_clamp: 30.0
 * /husky/gazebo_ros_control/pid_gains/back_left_joint/p: 15.337
 * /husky/gazebo_ros_control/pid_gains/back_right_joint/d: 0.0
 * /husky/gazebo_ros_control/pid_gains/back_right_joint/i: 14.746
 * /husky/gazebo_ros_control/pid_gains/back_right_joint/i_clamp: 30.0
 * /husky/gazebo_ros_control/pid_gains/back_right_joint/p: 15.337
 * /husky/gazebo_ros_control/pid_gains/front_left_joint/d: 0.0
 * /husky/gazebo_ros_control/pid_gains/front_left_joint/i: 14.746
 * /husky/gazebo_ros_control/pid_gains/front_left_joint/i_clamp: 30.0
 * /husky/gazebo_ros_control/pid_gains/front_left_joint/p: 15.337
 * /husky/gazebo_ros_control/pid_gains/front_right_joint/d: 0.0
 * /husky/gazebo_ros_control/pid_gains/front_right_joint/i: 14.746
 * /husky/gazebo_ros_control/pid_gains/front_right_joint/i_clamp: 30.0
 * /husky/gazebo_ros_control/pid_gains/front_right_joint/p: 15.337
 * /husky/joint_state_controller/publish_rate: 50
 * /husky/joint_state_controller/type: joint_state_contr...
 * /husky/robot_description: <?xml version="1....
 * /husky/robot_state_publisher/tf_prefix: husky
 * /husky/twist_to_wheels/min_angular: 0.0
 * /husky/twist_to_wheels/track_width: 0.5709
 * /husky/twist_to_wheels/wheel_radius: 0.148
 * /husky/wheel_vel_controller_fl/joint: front_left_joint
 * /husky/wheel_vel_controller_fl/type: velocity_controll...
 * /husky/wheel_vel_controller_fr/joint: front_right_joint
 * /husky/wheel_vel_controller_fr/type: velocity_controll...
 * /husky/wheel_vel_controller_rl/joint: back_left_joint
 * /husky/wheel_vel_controller_rl/type: velocity_controll...
 * /husky/wheel_vel_controller_rr/joint: back_right_joint
 * /husky/wheel_vel_controller_rr/type: velocity_controll...
 * /imu_ahrs/accel_gate: 0.15
 * /imu_ahrs/angular_velocity_stddev: 0.009
 * /imu_ahrs/bias_samples: 200
 * /imu_ahrs/linear_acceleration_stddev: 0.021
 * /imu_ahrs/orientation_stddev: 0.02
 * /imu_ahrs/tau: 1.0
 * /rosdistro: noetic
 * /rosversion: 1.17.4
 * /sweep_distortion/base_frame: husky/base_link
 * /sweep_distortion/cut_angle_deg: 0.0
 * /sweep_distortion/frame_id: husky/velodyne_ba...
 * /sweep_distortion/input: /velodyne_points_raw
 * /sweep_distortion/model_name: differential
 * /sweep_distortion/output: /velodyne_points
 * /sweep_distortion/rotor_dir: 1
 * /sweep_distortion/rotor_hz: 10.0
 * /sweep_distortion/sectors: 360
 * /swept_robot_description: <sdf version="1.5...
 * /use_sim_time: True

NODES
  /
    gazebo (gazebo_ros/gzserver)
    imu_ahrs (robot_metrics/imu_ahrs.py)
    spawn_husky (gazebo_ros/spawn_model)
    sweep_distortion (robot_metrics/sweep_distortion.py)
  /husky/
    controller_starter (controller_manager/controller_manager)
    robot_state_publisher (robot_state_publisher/robot_state_publisher)
    twist_to_wheels (differential/twist_to_wheels.py)

auto-starting new master
[1mprocess[master]: started with pid [4030591][0m
[1mROS_MASTER_URI=http://localhost:11311[0m
]2;/home/alessandro/journal_comparison/src/differential/launch/lcmine_husky_world.launch http://localhost:11311
[1msetting /run_id to 7411aec0-bbcf-11f1-bd00-096508a55b3d[0m
[1mprocess[rosout-1]: started with pid [4030616][0m
started core service [/rosout]
[1mprocess[gazebo-2]: started with pid [4030623][0m
[1mprocess[spawn_husky-3]: started with pid [4030626][0m
[1mprocess[sweep_distortion-4]: started with pid [4030629][0m
[1mprocess[husky/controller_starter-5]: started with pid [4030630][0m
[1mprocess[husky/twist_to_wheels-6]: started with pid [4030631][0m
[1mprocess[husky/robot_state_publisher-7]: started with pid [4030632][0m
[1mprocess[imu_ahrs-8]: started with pid [4030633][0m
[1m[spawn_husky-3] process has finished cleanly
log file: /home/alessandro/.ros/log/7411aec0-bbcf-11f1-bd00-096508a55b3d/spawn_husky-3*.log[0m
[1m[husky/controller_starter-5] process has finished cleanly
log file: /home/alessandro/.ros/log/7411aec0-bbcf-11f1-bd00-096508a55b3d/husky-controller_starter-5*.log[0m
[imu_ahrs-8] killing on exit
[husky/robot_state_publisher-7] killing on exit
[husky/twist_to_wheels-6] killing on exit
[sweep_distortion-4] killing on exit
[gazebo-2] killing on exit
[rosout-1] killing on exit
[master] killing on exit
shutting down processing monitor...
... shutting down processing monitor complete
[1mdone[0m
