[INFO] [1790663546.473661, 14.477500]: MetricsLogger: robot=differential run=1
[INFO] [1790663546.478059, 14.479500]:   output    : /home/alessandro/metrics_husky_r0148/fixed_trajectory/swept_lidar/differential/run01
[INFO] [1790663546.479616, 14.481000]:   odom      : /rtabmap/odom
[INFO] [1790663546.481334, 14.481500]:   cmd_vel   : /husky/cmd_vel
[INFO] [1790663546.483903, 14.483000]:   gt model  : differential (via /gazebo/model_states, unfiltered)
[INFO] [1790663546.486217, 14.484500]:   efforts   : 4 driven joints
[INFO] [1790663546.487477, 14.485000]:   velocities: 4 driven joints
[INFO] [1790663546.488728, 14.485500]:   metrics   : 50.0 Hz
[INFO] [1790663546.490050, 14.486500]:   gt hi-rate: 1000.0 Hz (asked 800.0; every 2-th ModelStates at 2000 Hz physics) -> gt_highrate.csv
[INFO] [1790663611.737937, 47.066000]: [event] proximity_detection id=7 verdict=true gt_gap=13.071m  at gt=(47.31, -0.63) s=14.0m
[INFO] [1790663613.752283, 48.072000]: [event] proximity_detection id=8 verdict=true gt_gap=13.065m  at gt=(47.76, -0.81) s=14.5m
[INFO] [1790663615.764432, 49.077000]: [event] proximity_detection id=9 verdict=true gt_gap=13.048m  at gt=(48.15, -0.96) s=14.9m
[INFO] [1790663617.757237, 50.072500]: [event] proximity_detection id=10 verdict=true gt_gap=13.018m  at gt=(48.53, -1.16) s=15.3m
[INFO] [1790663619.986455, 51.186000]: [event] proximity_detection id=11 verdict=true gt_gap=12.958m  at gt=(48.93, -1.35) s=15.7m
[INFO] [1790663622.204194, 52.291500]: [event] proximity_detection id=12 verdict=true gt_gap=12.927m  at gt=(49.31, -1.56) s=16.2m
[INFO] [1790663624.198668, 53.288000]: [event] proximity_detection id=13 verdict=true gt_gap=12.876m  at gt=(49.66, -1.76) s=16.6m
[INFO] [1790663626.207565, 54.291500]: [event] proximity_detection id=14 verdict=true gt_gap=12.777m  at gt=(50.04, -2.02) s=17.0m
[INFO] [1790663628.206598, 55.289500]: [event] proximity_detection id=15 verdict=true gt_gap=12.739m  at gt=(50.40, -2.30) s=17.5m
[INFO] [1790663630.436007, 56.402000]: [event] proximity_detection id=16 verdict=true gt_gap=12.743m  at gt=(50.80, -2.61) s=18.0m
[INFO] [1790663632.421172, 57.396000]: [event] proximity_detection id=17 verdict=true gt_gap=12.729m  at gt=(51.18, -2.90) s=18.5m
[INFO] [1790663634.470387, 58.418000]: [event] proximity_detection id=18 verdict=true gt_gap=12.738m  at gt=(51.51, -3.16) s=18.9m
[INFO] [1790663644.783502, 63.568500]: [event] proximity_detection id=23 verdict=true gt_gap=12.592m  at gt=(52.91, -4.67) s=21.0m
[INFO] [1790663681.857692, 82.081000]: [event] proximity_detection id=41 verdict=true gt_gap=12.562m  at gt=(55.42, -12.10) s=29.0m
[INFO] [1790663683.870559, 83.085500]: [event] proximity_detection id=42 verdict=true gt_gap=12.601m  at gt=(55.41, -12.58) s=29.5m
[INFO] [1790663685.937311, 84.117000]: [event] proximity_detection id=43 verdict=true gt_gap=12.676m  at gt=(55.39, -13.07) s=30.0m
[INFO] [1790663687.870883, 85.083500]: [event] proximity_detection id=44 verdict=true gt_gap=12.687m  at gt=(55.36, -13.53) s=30.4m
[INFO] [1790663690.097361, 86.194500]: [event] proximity_detection id=45 verdict=true gt_gap=12.739m  at gt=(55.32, -14.05) s=30.9m
[INFO] [1790663692.284189, 87.287000]: [event] proximity_detection id=46 verdict=true gt_gap=12.730m  at gt=(55.28, -14.53) s=31.4m
[INFO] [1790663694.292874, 88.290500]: [event] proximity_detection id=47 verdict=true gt_gap=12.714m  at gt=(55.25, -14.95) s=31.8m
[INFO] [1790663696.310700, 89.297000]: [event] proximity_detection id=48 verdict=true gt_gap=12.804m  at gt=(55.23, -15.41) s=32.3m
[INFO] [1790663698.298783, 90.292000]: [event] proximity_detection id=49 verdict=true gt_gap=12.953m  at gt=(55.22, -15.88) s=32.8m
[INFO] [1790663700.353431, 91.315500]: [event] proximity_detection id=50 verdict=true gt_gap=13.074m  at gt=(55.20, -16.33) s=33.2m
[INFO] [1790663702.368027, 92.311000]: [event] proximity_detection id=51 verdict=true gt_gap=13.111m  at gt=(55.16, -16.79) s=33.7m
[INFO] [1790663704.363501, 93.307000]: [event] proximity_detection id=52 verdict=true gt_gap=13.207m  at gt=(55.12, -17.28) s=34.2m
[INFO] [1790663706.575883, 94.411500]: [event] proximity_detection id=53 verdict=true gt_gap=13.317m  at gt=(55.08, -17.81) s=34.7m
[INFO] [1790663708.769742, 95.506500]: [event] proximity_detection id=54 verdict=true gt_gap=13.510m  at gt=(55.04, -18.34) s=35.2m
[INFO] [1790663710.774163, 96.508500]: [event] proximity_detection id=55 verdict=true gt_gap=13.544m  at gt=(55.01, -18.83) s=35.7m
[INFO] [1790663712.773972, 97.505500]: [event] proximity_detection id=56 verdict=true gt_gap=13.563m  at gt=(54.97, -19.30) s=36.2m
[INFO] [1790663714.804243, 98.519000]: [event] proximity_detection id=57 verdict=true gt_gap=13.648m  at gt=(54.94, -19.78) s=36.7m
[INFO] [1790663716.791823, 99.506000]: [event] proximity_detection id=58 verdict=true gt_gap=13.751m  at gt=(54.91, -20.24) s=37.1m
[INFO] [1790663719.021824, 100.616500]: [event] proximity_detection id=59 verdict=true gt_gap=13.875m  at gt=(54.88, -20.77) s=37.7m
[INFO] [1790663721.008143, 101.604500]: [event] proximity_detection id=60 verdict=true gt_gap=13.937m  at gt=(54.85, -21.25) s=38.2m
[INFO] [1790663723.221090, 102.710000]: [event] proximity_detection id=61 verdict=true gt_gap=14.033m  at gt=(54.82, -21.79) s=38.7m
[INFO] [1790663725.406477, 103.801500]: [event] proximity_detection id=62 verdict=true gt_gap=14.080m  at gt=(54.81, -22.28) s=39.2m
[INFO] [1790663727.401789, 104.797000]: [event] proximity_detection id=63 verdict=true gt_gap=14.002m  at gt=(54.80, -22.67) s=39.6m
[INFO] [1790663729.411521, 105.800500]: [event] proximity_detection id=64 verdict=true gt_gap=14.043m  at gt=(54.80, -23.08) s=40.0m
[INFO] [1790663731.391574, 106.789000]: [event] proximity_detection id=65 verdict=true gt_gap=14.049m  at gt=(54.82, -23.49) s=40.4m
[INFO] [1790663733.391403, 107.787500]: [event] proximity_detection id=66 verdict=true gt_gap=14.105m  at gt=(54.84, -23.96) s=40.9m
[INFO] [1790663735.407417, 108.794500]: [event] proximity_detection id=67 verdict=true gt_gap=14.145m  at gt=(54.86, -24.44) s=41.3m
[INFO] [1790663737.436990, 109.808000]: [event] proximity_detection id=68 verdict=true gt_gap=14.159m  at gt=(54.89, -24.90) s=41.8m
[INFO] [1790663739.422865, 110.798500]: [event] proximity_detection id=69 verdict=true gt_gap=14.143m  at gt=(54.90, -25.32) s=42.2m
[INFO] [1790663741.809584, 111.989000]: [event] proximity_detection id=70 verdict=true gt_gap=14.254m  at gt=(54.89, -25.88) s=42.8m
[INFO] [1790663743.647720, 112.901000]: [event] proximity_detection id=71 verdict=true gt_gap=14.216m  at gt=(54.89, -26.31) s=43.2m
[INFO] [1790663745.617838, 113.881000]: [event] proximity_detection id=72 verdict=true gt_gap=14.192m  at gt=(54.87, -26.76) s=43.7m
[INFO] [1790663750.059232, 115.988000]: [event] proximity_detection id=74 verdict=true gt_gap=13.744m  at gt=(54.97, -27.27) s=44.2m
[INFO] [1790663752.053426, 116.984000]: [event] proximity_detection id=75 verdict=true gt_gap=13.515m  at gt=(55.01, -27.56) s=44.5m
[INFO] [1790663754.063659, 117.987500]: [event] proximity_detection id=76 verdict=true gt_gap=13.384m  at gt=(55.02, -27.91) s=44.8m
[INFO] [1790663756.042648, 118.975500]: [event] proximity_detection id=77 verdict=true gt_gap=13.253m  at gt=(54.99, -28.20) s=45.1m
[INFO] [1790663758.092669, 119.997000]: [event] proximity_detection id=78 verdict=true gt_gap=13.200m  at gt=(54.94, -28.61) s=45.6m
[INFO] [1790663760.069795, 120.985500]: [event] proximity_detection id=79 verdict=true gt_gap=13.143m  at gt=(54.88, -29.02) s=46.0m
[INFO] [1790663762.297757, 122.092000]: [event] proximity_detection id=80 verdict=true gt_gap=13.141m  at gt=(54.79, -29.47) s=46.4m
[INFO] [1790663764.280859, 123.082500]: [event] proximity_detection id=81 verdict=true gt_gap=13.039m  at gt=(54.71, -29.82) s=46.8m
[INFO] [1790663766.322602, 124.101500]: [event] proximity_detection id=82 verdict=true gt_gap=12.865m  at gt=(54.66, -30.13) s=47.1m
[INFO] [1790663768.389927, 125.132000]: [event] proximity_detection id=83 verdict=true gt_gap=12.673m  at gt=(54.59, -30.47) s=47.5m
[INFO] [1790663770.315781, 126.092500]: [event] proximity_detection id=84 verdict=true gt_gap=12.572m  at gt=(54.43, -30.90) s=47.9m
[INFO] [1790663772.499748, 127.183500]: [event] proximity_detection id=85 verdict=true gt_gap=12.539m  at gt=(54.28, -31.34) s=48.4m
[INFO] [1790663774.711345, 128.288500]: [event] proximity_detection id=86 verdict=true gt_gap=12.430m  at gt=(54.15, -31.70) s=48.8m
[INFO] [1790663776.915364, 129.389500]: [event] proximity_detection id=87 verdict=true gt_gap=12.391m  at gt=(54.01, -32.13) s=49.2m
[INFO] [1790663778.892656, 130.377500]: [event] proximity_detection id=88 verdict=true gt_gap=12.272m  at gt=(53.90, -32.47) s=49.6m
[INFO] [1790663780.943433, 131.401000]: [event] proximity_detection id=89 verdict=true gt_gap=12.058m  at gt=(53.80, -32.78) s=49.9m
[INFO] [1790663783.149285, 132.501500]: [event] proximity_detection id=90 verdict=true gt_gap=11.870m  at gt=(53.66, -33.06) s=50.2m
[INFO] [1790663785.150831, 133.500500]: [event] proximity_detection id=91 verdict=true gt_gap=11.656m  at gt=(53.49, -33.37) s=50.6m
[INFO] [1790663787.178385, 134.512500]: [event] proximity_detection id=92 verdict=true gt_gap=11.513m  at gt=(53.27, -33.69) s=51.0m
[INFO] [1790663789.135573, 135.490000]: [event] proximity_detection id=93 verdict=true gt_gap=11.471m  at gt=(53.04, -34.00) s=51.4m
[INFO] [1790663791.344281, 136.592000]: [event] proximity_detection id=94 verdict=true gt_gap=11.436m  at gt=(52.80, -34.34) s=51.8m
[INFO] [1790663793.340505, 137.590000]: [event] proximity_detection id=95 verdict=true gt_gap=11.393m  at gt=(52.58, -34.67) s=52.2m
[INFO] [1790663795.354637, 138.595500]: [event] proximity_detection id=96 verdict=true gt_gap=11.374m  at gt=(52.33, -35.05) s=52.6m
[INFO] [1790663797.588536, 139.710500]: [event] proximity_detection id=97 verdict=true gt_gap=11.337m  at gt=(52.05, -35.42) s=53.1m
[INFO] [1790663799.591456, 140.711500]: [event] proximity_detection id=98 verdict=true gt_gap=11.261m  at gt=(51.80, -35.73) s=53.5m
[INFO] [1790663801.596776, 141.711000]: [event] proximity_detection id=99 verdict=true gt_gap=11.194m  at gt=(51.53, -36.00) s=53.9m
[INFO] [1790663803.598804, 142.709500]: [event] proximity_detection id=100 verdict=true gt_gap=11.027m  at gt=(51.23, -36.28) s=54.3m
[INFO] [1790663807.820167, 144.810500]: [event] proximity_detection id=102 verdict=true gt_gap=11.018m  at gt=(50.50, -36.88) s=55.2m
[INFO] [1790663859.330785, 170.529000]: [event] proximity_detection id=127 verdict=true gt_gap=13.072m  at gt=(39.61, -39.43) s=66.8m
[INFO] [1790663861.346025, 171.529000]: [event] proximity_detection id=128 verdict=true gt_gap=13.175m  at gt=(39.15, -39.40) s=67.2m
[INFO] [1790663863.353484, 172.528500]: [event] proximity_detection id=129 verdict=true gt_gap=13.289m  at gt=(38.68, -39.38) s=67.7m
[INFO] [1790663865.307582, 173.505000]: [event] proximity_detection id=130 verdict=true gt_gap=13.384m  at gt=(38.20, -39.37) s=68.2m
[INFO] [1790663867.519914, 174.610000]: [event] proximity_detection id=131 verdict=true gt_gap=13.443m  at gt=(37.69, -39.35) s=68.7m
[INFO] [1790663869.526464, 175.611500]: [event] proximity_detection id=132 verdict=true gt_gap=13.493m  at gt=(37.23, -39.32) s=69.2m
[INFO] [1790663871.732220, 176.712500]: [event] proximity_detection id=133 verdict=true gt_gap=13.584m  at gt=(36.72, -39.30) s=69.7m
[INFO] [1790663873.732813, 177.712500]: [event] proximity_detection id=134 verdict=true gt_gap=13.665m  at gt=(36.22, -39.27) s=70.2m
[INFO] [1790663875.746116, 178.717500]: [event] proximity_detection id=135 verdict=true gt_gap=13.806m  at gt=(35.73, -39.23) s=70.7m
[INFO] [1790663877.948996, 179.817500]: [event] proximity_detection id=136 verdict=true gt_gap=13.895m  at gt=(35.23, -39.20) s=71.2m
[INFO] [1790663880.156204, 180.920000]: [event] proximity_detection id=137 verdict=true gt_gap=13.961m  at gt=(34.69, -39.15) s=71.7m
[INFO] [1790663882.149660, 181.915000]: [event] proximity_detection id=138 verdict=true gt_gap=14.004m  at gt=(34.20, -39.14) s=72.2m
[INFO] [1790663884.395342, 183.036000]: [event] proximity_detection id=139 verdict=true gt_gap=14.117m  at gt=(33.68, -39.13) s=72.7m
[INFO] [1790663886.566246, 184.120500]: [event] proximity_detection id=140 verdict=true gt_gap=14.233m  at gt=(33.16, -39.09) s=73.2m
[INFO] [1790663888.574472, 185.123500]: [event] proximity_detection id=141 verdict=true gt_gap=14.301m  at gt=(32.66, -39.05) s=73.7m
[INFO] [1790663890.535194, 186.102500]: [event] proximity_detection id=142 verdict=true gt_gap=14.333m  at gt=(32.18, -39.01) s=74.2m
[INFO] [1790663892.735975, 187.202000]: [event] proximity_detection id=143 verdict=true gt_gap=14.382m  at gt=(31.65, -38.95) s=74.8m
[INFO] [1790663894.749891, 188.207500]: [event] proximity_detection id=144 verdict=true gt_gap=14.422m  at gt=(31.16, -38.90) s=75.2m
[INFO] [1790663896.737994, 189.200000]: [event] proximity_detection id=145 verdict=true gt_gap=14.479m  at gt=(30.67, -38.83) s=75.7m
[INFO] [1790663898.796567, 190.227000]: [event] proximity_detection id=146 verdict=true gt_gap=14.526m  at gt=(30.17, -38.77) s=76.2m
[INFO] [1790663901.032913, 191.340500]: [event] proximity_detection id=147 verdict=true gt_gap=14.657m  at gt=(29.64, -38.67) s=76.8m
[INFO] [1790663903.223500, 192.433500]: [event] proximity_detection id=148 verdict=true gt_gap=14.817m  at gt=(29.13, -38.59) s=77.3m
[INFO] [1790663905.207968, 193.424000]: [event] proximity_detection id=149 verdict=true gt_gap=14.882m  at gt=(28.65, -38.50) s=77.8m
[INFO] [1790663907.406886, 194.521500]: [event] proximity_detection id=150 verdict=true gt_gap=14.909m  at gt=(28.14, -38.41) s=78.3m
[INFO] [1790663909.353182, 195.492000]: [event] proximity_detection id=151 verdict=true gt_gap=14.865m  at gt=(27.69, -38.32) s=78.8m
[INFO] [1790663911.363567, 196.496000]: [event] proximity_detection id=152 verdict=true gt_gap=14.826m  at gt=(27.24, -38.20) s=79.2m
[INFO] [1790663913.398999, 197.513500]: [event] proximity_detection id=153 verdict=true gt_gap=14.789m  at gt=(26.81, -38.09) s=79.7m
[INFO] [1790663915.359952, 198.492000]: [event] proximity_detection id=154 verdict=true gt_gap=14.670m  at gt=(26.44, -37.99) s=80.1m
[INFO] [1790663917.372872, 199.497000]: [event] proximity_detection id=155 verdict=true gt_gap=14.568m  at gt=(26.08, -37.87) s=80.4m
[INFO] [1790663919.558930, 200.589000]: [event] proximity_detection id=156 verdict=true gt_gap=14.505m  at gt=(25.69, -37.72) s=80.9m
[INFO] [1790663921.773604, 201.694500]: [event] proximity_detection id=157 verdict=true gt_gap=14.451m  at gt=(25.28, -37.54) s=81.3m
[INFO] [1790663923.787356, 202.700500]: [event] proximity_detection id=158 verdict=true gt_gap=14.397m  at gt=(24.90, -37.36) s=81.7m
[INFO] [1790663925.981172, 203.796000]: [event] proximity_detection id=159 verdict=true gt_gap=14.378m  at gt=(24.48, -37.14) s=82.2m
[INFO] [1790663993.868702, 237.697000]: [event] proximity_detection id=192 verdict=true gt_gap=12.651m  at gt=(18.50, -24.47) s=97.2m
[INFO] [1790663996.092147, 238.807000]: [event] proximity_detection id=193 verdict=true gt_gap=12.688m  at gt=(18.46, -24.10) s=97.6m
[INFO] [1790663998.087324, 239.803000]: [event] proximity_detection id=194 verdict=true gt_gap=12.728m  at gt=(18.31, -23.71) s=98.1m
[INFO] [1790664000.295768, 240.904000]: [event] proximity_detection id=195 verdict=true gt_gap=12.781m  at gt=(18.20, -23.27) s=98.5m
[INFO] [1790664002.318150, 241.915000]: [event] proximity_detection id=196 verdict=true gt_gap=13.137m  at gt=(17.96, -22.55) s=99.3m
[INFO] [1790664004.340511, 242.922500]: [event] proximity_detection id=197 verdict=true gt_gap=12.856m  at gt=(17.78, -22.40) s=99.5m
[INFO] [1790664006.342348, 243.922500]: [event] proximity_detection id=198 verdict=true gt_gap=12.627m  at gt=(17.63, -22.20) s=99.8m
[INFO] [1790664008.610962, 245.053500]: [event] proximity_detection id=199 verdict=true gt_gap=12.518m  at gt=(17.50, -21.86) s=100.2m
[INFO] [1790664010.553745, 246.023500]: [event] proximity_detection id=200 verdict=true gt_gap=12.306m  at gt=(17.48, -21.66) s=100.4m
[INFO] [1790664012.758341, 247.124500]: [event] proximity_detection id=201 verdict=true gt_gap=12.072m  at gt=(17.58, -21.42) s=100.6m
[INFO] [1790664014.716668, 248.101000]: [event] proximity_detection id=202 verdict=true gt_gap=11.911m  at gt=(17.68, -21.16) s=100.9m
[INFO] [1790664016.930257, 249.208000]: [event] proximity_detection id=203 verdict=true gt_gap=12.073m  at gt=(17.79, -20.56) s=101.5m
[INFO] [1790664018.940920, 250.211000]: [event] proximity_detection id=204 verdict=true gt_gap=12.109m  at gt=(17.89, -20.10) s=102.0m
[INFO] [1790664020.936504, 251.207500]: [event] proximity_detection id=205 verdict=true gt_gap=11.985m  at gt=(17.96, -19.74) s=102.4m
[INFO] [1790664023.131171, 252.303500]: [event] proximity_detection id=206 verdict=true gt_gap=11.967m  at gt=(17.95, -19.30) s=102.8m
[INFO] [1790664025.339748, 253.406500]: [event] proximity_detection id=207 verdict=true gt_gap=12.010m  at gt=(17.96, -18.87) s=103.3m
[INFO] [1790664027.348561, 254.409500]: [event] proximity_detection id=208 verdict=true gt_gap=12.198m  at gt=(18.06, -18.21) s=103.9m
[INFO] [1790664029.348099, 255.407500]: [event] proximity_detection id=209 verdict=true gt_gap=12.463m  at gt=(18.13, -17.50) s=104.7m
[INFO] [1790664031.365806, 256.415500]: [event] proximity_detection id=210 verdict=true gt_gap=12.220m  at gt=(17.98, -17.31) s=104.9m
[INFO] [1790664033.350516, 257.407500]: [event] proximity_detection id=211 verdict=true gt_gap=11.921m  at gt=(18.02, -17.16) s=105.1m
[INFO] [1790664035.352451, 258.406500]: [event] proximity_detection id=212 verdict=true gt_gap=11.705m  at gt=(18.12, -16.92) s=105.4m
[INFO] [1790664037.357159, 259.408000]: [event] proximity_detection id=213 verdict=true gt_gap=11.690m  at gt=(18.25, -16.51) s=105.8m
[INFO] [1790664039.345896, 260.401500]: [event] proximity_detection id=214 verdict=true gt_gap=11.678m  at gt=(18.34, -16.10) s=106.2m
[INFO] [1790664041.553399, 261.504000]: [event] proximity_detection id=215 verdict=true gt_gap=11.712m  at gt=(18.43, -15.66) s=106.7m
[INFO] [1790664043.565587, 262.509000]: [event] proximity_detection id=216 verdict=true gt_gap=11.575m  at gt=(18.45, -15.36) s=107.0m
[INFO] [1790664045.592222, 263.521000]: [event] proximity_detection id=217 verdict=true gt_gap=11.499m  at gt=(18.43, -14.99) s=107.3m
[INFO] [1790664047.587069, 264.518000]: [event] proximity_detection id=218 verdict=true gt_gap=11.415m  at gt=(18.45, -14.58) s=107.8m
[INFO] [1790664049.573185, 265.509500]: [event] proximity_detection id=219 verdict=true gt_gap=11.329m  at gt=(18.44, -14.18) s=108.2m
[INFO] [1790664051.552185, 266.498000]: [event] proximity_detection id=220 verdict=true gt_gap=11.383m  at gt=(18.41, -13.76) s=108.6m
[INFO] [1790664053.595252, 267.517000]: [event] proximity_detection id=221 verdict=true gt_gap=11.400m  at gt=(18.36, -13.29) s=109.1m
[INFO] [1790664055.597509, 268.517500]: [event] proximity_detection id=222 verdict=true gt_gap=11.563m  at gt=(18.31, -12.91) s=109.4m
[INFO] [1790664057.590632, 269.512500]: [event] proximity_detection id=223 verdict=true gt_gap=11.580m  at gt=(18.29, -12.52) s=109.8m
[INFO] [1790664059.635907, 270.534500]: [event] proximity_detection id=224 verdict=true gt_gap=11.525m  at gt=(18.27, -12.18) s=110.2m
[INFO] [1790664061.638623, 271.534000]: [event] proximity_detection id=225 verdict=true gt_gap=11.561m  at gt=(18.28, -11.71) s=110.6m
[INFO] [1790664063.823024, 272.625500]: [event] proximity_detection id=226 verdict=true gt_gap=11.167m  at gt=(18.31, -11.39) s=111.0m
[INFO] [1790664065.832744, 273.629000]: [event] proximity_detection id=227 verdict=true gt_gap=11.479m  at gt=(18.37, -10.93) s=111.4m
[INFO] [1790664067.850629, 274.636500]: [event] proximity_detection id=228 verdict=true gt_gap=11.653m  at gt=(18.44, -10.57) s=111.8m
[INFO] [1790664069.841132, 275.630500]: [event] proximity_detection id=229 verdict=true gt_gap=11.748m  at gt=(18.55, -10.16) s=112.2m
[INFO] [1790664072.051508, 276.734000]: [event] proximity_detection id=230 verdict=true gt_gap=12.016m  at gt=(18.69, -9.70) s=112.7m
[INFO] [1790664074.066391, 277.740500]: [event] proximity_detection id=231 verdict=true gt_gap=12.238m  at gt=(18.84, -9.25) s=113.2m
[INFO] [1790664075.961568, 278.686500]: [event] proximity_detection id=232 verdict=true gt_gap=12.428m  at gt=(18.93, -8.79) s=113.7m
[INFO] [1790664078.093058, 279.751500]: [event] proximity_detection id=233 verdict=true gt_gap=12.111m  at gt=(19.01, -8.51) s=114.0m
[INFO] [1790664080.285861, 280.847000]: [event] proximity_detection id=234 verdict=true gt_gap=12.021m  at gt=(19.13, -8.15) s=114.3m
[INFO] [1790664082.273454, 281.840000]: [event] proximity_detection id=235 verdict=true gt_gap=11.985m  at gt=(19.21, -7.82) s=114.7m
[INFO] [1790664084.270035, 282.836000]: [event] proximity_detection id=236 verdict=true gt_gap=11.991m  at gt=(19.24, -7.38) s=115.1m
[INFO] [1790664086.525127, 283.963500]: [event] proximity_detection id=237 verdict=true gt_gap=12.060m  at gt=(19.28, -6.88) s=115.6m
[INFO] [1790664088.716070, 285.057000]: [event] proximity_detection id=238 verdict=true gt_gap=11.830m  at gt=(19.35, -6.45) s=116.0m
[INFO] [1790664090.732028, 286.063000]: [event] proximity_detection id=239 verdict=true gt_gap=11.513m  at gt=(19.39, -6.06) s=116.4m
[INFO] [1790664092.760374, 287.076500]: [event] proximity_detection id=240 verdict=true gt_gap=11.747m  at gt=(19.46, -5.65) s=116.9m
[INFO] [1790664094.791531, 288.091500]: [event] proximity_detection id=241 verdict=true gt_gap=11.988m  at gt=(19.56, -5.27) s=117.3m
[INFO] [1790664096.757396, 289.071500]: [event] proximity_detection id=242 verdict=true gt_gap=12.206m  at gt=(19.71, -4.82) s=117.7m
[INFO] [1790664098.760806, 290.072000]: [event] proximity_detection id=243 verdict=true gt_gap=12.194m  at gt=(19.83, -4.42) s=118.1m
[INFO] [1790664100.995372, 291.188000]: [event] proximity_detection id=244 verdict=true gt_gap=12.218m  at gt=(19.94, -3.98) s=118.6m
[INFO] [1790664102.968891, 292.174000]: [event] proximity_detection id=245 verdict=true gt_gap=12.195m  at gt=(20.03, -3.57) s=119.0m
[INFO] [1790664107.175454, 294.275000]: [event] proximity_detection id=247 verdict=true gt_gap=12.465m  at gt=(20.23, -2.65) s=120.0m
[INFO] [1790664111.418354, 296.391500]: [event] proximity_detection id=1 verdict=unknown gt_gap=nanm  at gt=(20.39, -1.98) s=120.7m
[INFO] [1790664113.506248, 297.433000]: [event] proximity_detection id=1 verdict=unknown gt_gap=nanm  at gt=(20.49, -1.69) s=121.0m
[INFO] [1790664115.561148, 298.456000]: [event] proximity_detection id=1 verdict=unknown gt_gap=nanm  at gt=(20.64, -1.46) s=121.2m
[INFO] [1790664117.565798, 299.450500]: [event] proximity_detection id=1 verdict=unknown gt_gap=nanm  at gt=(20.80, -1.16) s=121.6m
[INFO] [1790664119.526427, 300.428500]: [event] proximity_detection id=1 verdict=unknown gt_gap=nanm  at gt=(20.94, -0.80) s=122.0m
[INFO] [1790664121.716207, 301.511000]: [event] proximity_detection id=1 verdict=unknown gt_gap=nanm  at gt=(21.01, -0.30) s=122.5m
[INFO] [1790664123.687058, 302.492500]: [event] proximity_detection id=1 verdict=unknown gt_gap=nanm  at gt=(21.02, -0.08) s=122.7m
[INFO] [1790664125.710441, 303.502000]: [event] proximity_detection id=1 verdict=unknown gt_gap=nanm  at gt=(21.11, 0.17) s=123.0m
[INFO] [1790664127.704165, 304.496500]: [event] proximity_detection id=1 verdict=unknown gt_gap=nanm  at gt=(21.22, 0.47) s=123.3m
[INFO] [1790664129.691109, 305.489500]: [event] proximity_detection id=1 verdict=unknown gt_gap=nanm  at gt=(21.38, 0.70) s=123.6m
[INFO] [1790664131.861517, 306.573500]: [event] proximity_detection id=1 verdict=unknown gt_gap=nanm  at gt=(21.54, 0.97) s=123.9m
[INFO] [1790664134.109720, 307.695000]: [event] proximity_detection id=1 verdict=unknown gt_gap=nanm  at gt=(21.76, 1.26) s=124.2m
[INFO] [1790664136.062797, 308.671500]: [event] proximity_detection id=1 verdict=unknown gt_gap=nanm  at gt=(21.96, 1.41) s=124.5m
[INFO] [1790664138.226990, 309.752000]: [event] proximity_detection id=1 verdict=unknown gt_gap=nanm  at gt=(22.18, 1.48) s=124.7m
[INFO] [1790664140.235505, 310.755000]: [event] proximity_detection id=1 verdict=unknown gt_gap=nanm  at gt=(22.38, 1.44) s=125.0m
[INFO] [1790664142.254223, 311.763000]: [event] proximity_detection id=1 verdict=unknown gt_gap=nanm  at gt=(22.67, 1.36) s=125.2m
[INFO] [1790664144.431802, 312.850500]: [event] proximity_detection id=1 verdict=unknown gt_gap=nanm  at gt=(22.97, 1.21) s=125.6m
[INFO] [1790664146.648711, 313.957500]: [event] proximity_detection id=1 verdict=unknown gt_gap=nanm  at gt=(23.25, 1.03) s=125.9m
[INFO] [1790664148.680715, 314.972500]: [event] proximity_detection id=1 verdict=unknown gt_gap=nanm  at gt=(23.44, 0.85) s=126.2m
[INFO] [1790664150.668050, 315.963000]: [event] proximity_detection id=1 verdict=unknown gt_gap=nanm  at gt=(23.59, 0.70) s=126.4m
[INFO] [1790664152.911815, 317.085000]: [event] proximity_detection id=1 verdict=unknown gt_gap=nanm  at gt=(23.72, 0.47) s=126.7m
[INFO] [1790664154.915964, 318.086500]: [event] proximity_detection id=1 verdict=unknown gt_gap=nanm  at gt=(23.87, 0.26) s=126.9m
[INFO] [1790664156.871526, 319.063000]: [event] proximity_detection id=1 verdict=unknown gt_gap=nanm  at gt=(24.05, 0.10) s=127.2m
[INFO] [1790664159.115023, 320.182000]: [event] proximity_detection id=272 verdict=true gt_gap=6.592m  at gt=(24.28, -0.07) s=127.5m
[INFO] [1790664161.184047, 321.216000]: [event] proximity_detection id=1 verdict=unknown gt_gap=nanm  at gt=(24.48, -0.17) s=127.7m
[INFO] [1790664163.319943, 322.280500]: [event] proximity_detection id=1 verdict=unknown gt_gap=nanm  at gt=(24.61, -0.18) s=127.8m
[INFO] [1790664165.523839, 323.382000]: [event] proximity_detection id=275 verdict=true gt_gap=5.925m  at gt=(24.86, -0.14) s=128.1m
[INFO] [1790664167.560534, 324.399000]: [event] proximity_detection id=1 verdict=unknown gt_gap=nanm  at gt=(25.22, -0.05) s=128.4m
[INFO] [1790664169.577629, 325.406000]: [event] proximity_detection id=1 verdict=unknown gt_gap=nanm  at gt=(25.66, 0.04) s=128.9m
[INFO] [1790664171.548665, 326.390500]: [event] proximity_detection id=278 verdict=true gt_gap=6.289m  at gt=(26.12, 0.14) s=129.4m
[INFO] [1790664173.543563, 327.387500]: [event] proximity_detection id=1 verdict=unknown gt_gap=nanm  at gt=(26.53, 0.22) s=129.8m
[INFO] [1790664175.525666, 328.377000]: [event] proximity_detection id=280 verdict=true gt_gap=6.711m  at gt=(26.91, 0.27) s=130.2m
[INFO] [1790664177.530937, 329.378500]: [event] proximity_detection id=281 verdict=true gt_gap=6.942m  at gt=(27.35, 0.30) s=130.6m
[INFO] [1790664179.617920, 330.420500]: [event] proximity_detection id=1 verdict=unknown gt_gap=nanm  at gt=(27.84, 0.32) s=131.1m
[INFO] [1790664181.849570, 331.533500]: [event] proximity_detection id=1 verdict=unknown gt_gap=nanm  at gt=(28.39, 0.33) s=131.6m
[INFO] [1790664183.921185, 332.567500]: [event] proximity_detection id=1 verdict=unknown gt_gap=nanm  at gt=(28.89, 0.34) s=132.1m
[INFO] [1790664185.948988, 333.578500]: [event] proximity_detection id=285 verdict=true gt_gap=8.336m  at gt=(29.35, 0.33) s=132.6m
[INFO] [1790664187.858782, 334.531500]: [event] proximity_detection id=286 verdict=true gt_gap=8.689m  at gt=(29.79, 0.31) s=133.1m
[INFO] [1790664189.752658, 335.476500]: [event] proximity_detection id=1 verdict=unknown gt_gap=nanm  at gt=(30.24, 0.29) s=133.5m
[INFO] [1790664191.740794, 336.469500]: [event] proximity_detection id=288 verdict=true gt_gap=9.338m  at gt=(30.71, 0.27) s=134.0m
[INFO] [1790664193.765690, 337.481000]: [event] proximity_detection id=289 verdict=true gt_gap=9.670m  at gt=(31.18, 0.25) s=134.4m
[INFO] [1790664195.756538, 338.475500]: [event] proximity_detection id=290 verdict=true gt_gap=9.956m  at gt=(31.67, 0.24) s=134.9m
[INFO] [1790664197.963154, 339.577500]: [event] proximity_detection id=291 verdict=true gt_gap=10.312m  at gt=(32.21, 0.22) s=135.5m
[INFO] [1790664200.188063, 340.688000]: [event] proximity_detection id=292 verdict=true gt_gap=10.587m  at gt=(32.69, 0.21) s=135.9m
[INFO] [1790664202.356019, 341.771000]: [event] proximity_detection id=293 verdict=true gt_gap=10.754m  at gt=(33.07, 0.20) s=136.3m
[INFO] [1790664204.575434, 342.878000]: [event] proximity_detection id=294 verdict=true gt_gap=10.948m  at gt=(33.55, 0.23) s=136.8m
[INFO] [1790664206.847817, 344.013000]: [event] proximity_detection id=295 verdict=true gt_gap=11.122m  at gt=(34.05, 0.24) s=137.3m
[INFO] [1790664208.835913, 345.005500]: [event] proximity_detection id=296 verdict=true gt_gap=11.236m  at gt=(34.46, 0.26) s=137.7m
[INFO] [1790664210.914524, 346.043500]: [event] proximity_detection id=297 verdict=true gt_gap=11.428m  at gt=(34.86, 0.26) s=138.1m
[INFO] [1790664213.090302, 347.129500]: [event] proximity_detection id=298 verdict=true gt_gap=11.719m  at gt=(35.30, 0.26) s=138.6m
[INFO] [1790664215.244581, 348.205500]: [event] proximity_detection id=299 verdict=true gt_gap=12.063m  at gt=(35.78, 0.24) s=139.0m
[INFO] [1790664217.487854, 349.325500]: [event] proximity_detection id=300 verdict=true gt_gap=12.434m  at gt=(36.30, 0.21) s=139.6m
[INFO] [1790664219.483870, 350.322000]: [event] proximity_detection id=301 verdict=true gt_gap=12.688m  at gt=(36.74, 0.20) s=140.0m
[INFO] [1790664221.700494, 351.427500]: [event] proximity_detection id=302 verdict=true gt_gap=12.965m  at gt=(37.24, 0.21) s=140.5m
[INFO] [1790664223.760846, 352.458000]: [event] proximity_detection id=303 verdict=true gt_gap=13.257m  at gt=(37.73, 0.22) s=141.0m
[INFO] [1790664225.787174, 353.468500]: [event] proximity_detection id=304 verdict=true gt_gap=13.610m  at gt=(38.21, 0.23) s=141.5m
[INFO] [1790664227.706951, 354.426500]: [event] proximity_detection id=305 verdict=true gt_gap=13.811m  at gt=(38.66, 0.23) s=141.9m
[INFO] [1790664229.740239, 355.443500]: [event] proximity_detection id=306 verdict=true gt_gap=13.932m  at gt=(39.15, 0.22) s=142.4m
[INFO] [1790664232.109526, 356.624500]: [event] proximity_detection id=19 verdict=true gt_gap=0.148m  at gt=(39.72, 0.21) s=143.0m
[INFO] [1790664234.035749, 357.584000]: [event] proximity_detection id=308 verdict=true gt_gap=14.061m  at gt=(40.18, 0.21) s=143.4m
[INFO] [1790664236.238007, 358.683500]: [event] proximity_detection id=309 verdict=true gt_gap=14.197m  at gt=(40.73, 0.21) s=144.0m
[INFO] [1790664238.194372, 359.660500]: [event] proximity_detection id=22 verdict=true gt_gap=0.302m  at gt=(41.21, 0.21) s=144.5m
[INFO] [1790664240.388553, 360.756000]: [event] proximity_detection id=24 verdict=true gt_gap=0.047m  at gt=(41.74, 0.22) s=145.0m
[INFO] [1790664242.624224, 361.871500]: [event] proximity_detection id=25 verdict=true gt_gap=0.028m  at gt=(42.28, 0.22) s=145.5m
[INFO] [1790664244.828060, 362.972500]: [event] proximity_detection id=313 verdict=true gt_gap=14.434m  at gt=(42.82, 0.22) s=146.1m
[INFO] [1790664246.828742, 363.971500]: [event] proximity_detection id=314 verdict=true gt_gap=14.414m  at gt=(43.30, 0.23) s=146.6m
[INFO] [1790664248.802994, 364.957000]: [event] proximity_detection id=315 verdict=true gt_gap=14.397m  at gt=(43.75, 0.22) s=147.0m
[INFO] [1790664250.818201, 365.962000]: [event] proximity_detection id=316 verdict=true gt_gap=14.379m  at gt=(44.17, 0.18) s=147.4m
[INFO] [1790664252.814347, 366.959500]: [event] proximity_detection id=317 verdict=true gt_gap=14.359m  at gt=(44.60, 0.13) s=147.9m
[INFO] [1790664254.806910, 367.953500]: [event] proximity_detection id=318 verdict=true gt_gap=14.325m  at gt=(45.03, 0.04) s=148.3m
[INFO] [1790664257.027257, 369.061000]: [event] proximity_detection id=319 verdict=true gt_gap=14.364m  at gt=(45.54, -0.08) s=148.8m
[INFO] [1790664259.231961, 370.161500]: [event] proximity_detection id=320 verdict=true gt_gap=14.368m  at gt=(46.03, -0.18) s=149.3m
[INFO] [1790664261.217337, 371.153500]: [event] proximity_detection id=321 verdict=true gt_gap=14.210m  at gt=(46.41, -0.28) s=149.7m
[INFO] [1790664263.403303, 372.244500]: [event] proximity_detection id=322 verdict=true gt_gap=14.157m  at gt=(46.83, -0.43) s=150.2m
[INFO] [1790664265.628849, 373.356500]: [event] proximity_detection id=323 verdict=true gt_gap=14.252m  at gt=(47.29, -0.60) s=150.7m
[INFO] [1790664267.544696, 374.311000]: [event] proximity_detection id=324 verdict=true gt_gap=14.165m  at gt=(47.69, -0.76) s=151.1m
[INFO] [1790664269.864342, 375.468500]: [event] proximity_detection id=325 verdict=true gt_gap=14.152m  at gt=(48.15, -0.96) s=151.6m
[INFO] [1790664271.862304, 376.466000]: [event] proximity_detection id=326 verdict=true gt_gap=14.158m  at gt=(48.54, -1.17) s=152.0m
[INFO] [1790664274.088259, 377.576500]: [event] proximity_detection id=327 verdict=true gt_gap=14.231m  at gt=(48.99, -1.40) s=152.5m
[INFO] [1790664276.102700, 378.583000]: [event] proximity_detection id=328 verdict=true gt_gap=14.198m  at gt=(49.37, -1.60) s=153.0m
[INFO] [1790664278.132298, 379.594000]: [event] proximity_detection id=329 verdict=true gt_gap=14.099m  at gt=(49.73, -1.80) s=153.4m
[INFO] [1790664280.150728, 380.601500]: [event] proximity_detection id=330 verdict=true gt_gap=13.980m  at gt=(50.10, -2.05) s=153.8m
[INFO] [1790664282.131942, 381.591000]: [event] proximity_detection id=331 verdict=true gt_gap=13.963m  at gt=(50.47, -2.34) s=154.3m
[INFO] [1790664284.124899, 382.585500]: [event] proximity_detection id=332 verdict=true gt_gap=13.890m  at gt=(50.84, -2.63) s=154.8m
[INFO] [1790664286.124870, 383.583500]: [event] proximity_detection id=47 verdict=true gt_gap=0.030m  at gt=(51.21, -2.91) s=155.2m
[INFO] [1790664288.147585, 384.592500]: [event] proximity_detection id=48 verdict=true gt_gap=0.021m  at gt=(51.53, -3.17) s=155.7m
[INFO] [1790664290.166101, 385.600500]: [event] proximity_detection id=49 verdict=true gt_gap=0.034m  at gt=(51.80, -3.42) s=156.0m
[INFO] [1790664292.346459, 386.689000]: [event] proximity_detection id=50 verdict=true gt_gap=0.102m  at gt=(52.10, -3.72) s=156.4m
[INFO] [1790664294.561016, 387.793000]: [event] proximity_detection id=51 verdict=true gt_gap=0.119m  at gt=(52.42, -4.08) s=156.9m
[INFO] [1790664296.538771, 388.779000]: [event] proximity_detection id=52 verdict=true gt_gap=0.170m  at gt=(52.72, -4.45) s=157.4m
[INFO] [1790664298.511284, 389.763500]: [event] proximity_detection id=53 verdict=true gt_gap=0.178m  at gt=(53.01, -4.82) s=157.9m
[INFO] [1790664300.736886, 390.875000]: [event] proximity_detection id=54 verdict=true gt_gap=0.277m  at gt=(53.30, -5.19) s=158.3m
[INFO] [1790664302.736318, 391.873500]: [event] proximity_detection id=55 verdict=true gt_gap=0.161m  at gt=(53.52, -5.49) s=158.7m
[INFO] [1790664304.755405, 392.882500]: [event] proximity_detection id=56 verdict=true gt_gap=0.040m  at gt=(53.72, -5.81) s=159.1m
[INFO] [1790664306.746293, 393.875500]: [event] proximity_detection id=57 verdict=true gt_gap=0.027m  at gt=(53.92, -6.19) s=159.5m
[INFO] [1790664308.731507, 394.867500]: [event] proximity_detection id=58 verdict=true gt_gap=0.109m  at gt=(54.13, -6.62) s=160.0m
[INFO] [1790664310.909932, 395.955000]: [event] proximity_detection id=59 verdict=true gt_gap=0.188m  at gt=(54.36, -7.09) s=160.5m
[INFO] [1790664313.136274, 397.065000]: [event] proximity_detection id=60 verdict=true gt_gap=0.214m  at gt=(54.57, -7.52) s=161.0m
[INFO] [1790664315.314448, 398.153000]: [event] proximity_detection id=61 verdict=true gt_gap=0.175m  at gt=(54.72, -7.92) s=161.4m
[INFO] [1790664317.318563, 399.153500]: [event] proximity_detection id=62 verdict=true gt_gap=0.145m  at gt=(54.86, -8.33) s=161.9m
[INFO] [1790664319.300606, 400.144000]: [event] proximity_detection id=63 verdict=true gt_gap=0.061m  at gt=(54.97, -8.72) s=162.3m
[INFO] [1790664321.296971, 401.140500]: [event] proximity_detection id=64 verdict=true gt_gap=0.087m  at gt=(55.09, -9.13) s=162.7m
[INFO] [1790664323.299214, 402.141000]: [event] proximity_detection id=65 verdict=true gt_gap=0.112m  at gt=(55.19, -9.56) s=163.1m
[INFO] [1790664326.684020, 403.831000]: [event] proximity_detection id=66 verdict=true gt_gap=0.450m  at gt=(55.31, -10.30) s=163.9m
[INFO] [1790664327.511571, 404.244000]: [event] proximity_detection id=67 verdict=true gt_gap=0.194m  at gt=(55.33, -10.50) s=164.1m
[INFO] [1790664329.483443, 405.229000]: [event] proximity_detection id=68 verdict=true gt_gap=0.175m  at gt=(55.39, -10.92) s=164.5m
[INFO] [1790664331.522847, 406.247000]: [event] proximity_detection id=69 verdict=true gt_gap=0.174m  at gt=(55.42, -11.36) s=165.0m
[INFO] [1790664333.499795, 407.235000]: [event] proximity_detection id=70 verdict=true gt_gap=0.158m  at gt=(55.44, -11.79) s=165.4m
[INFO] [1790664335.713464, 408.340000]: [event] proximity_detection id=357 verdict=true gt_gap=12.618m  at gt=(55.45, -12.24) s=165.8m
[INFO] [1790664337.705232, 409.334000]: [event] proximity_detection id=358 verdict=true gt_gap=12.632m  at gt=(55.42, -12.69) s=166.3m
[INFO] [1790664339.710223, 410.336500]: [event] proximity_detection id=359 verdict=true gt_gap=12.703m  at gt=(55.39, -13.17) s=166.8m
[INFO] [1790664341.729157, 411.343500]: [event] proximity_detection id=360 verdict=true gt_gap=12.722m  at gt=(55.35, -13.64) s=167.2m
[INFO] [1790664343.968899, 412.461000]: [event] proximity_detection id=361 verdict=true gt_gap=12.766m  at gt=(55.32, -14.15) s=167.8m
[INFO] [1790664346.194999, 413.569000]: [event] proximity_detection id=362 verdict=true gt_gap=12.819m  at gt=(55.28, -14.65) s=168.3m
[INFO] [1790664348.339633, 414.639500]: [event] proximity_detection id=363 verdict=true gt_gap=12.884m  at gt=(55.25, -15.15) s=168.8m
[INFO] [1790664350.367882, 415.651500]: [event] proximity_detection id=364 verdict=true gt_gap=13.000m  at gt=(55.22, -15.63) s=169.2m
[INFO] [1790664352.567646, 416.750000]: [event] proximity_detection id=365 verdict=true gt_gap=13.160m  at gt=(55.20, -16.13) s=169.7m
[INFO] [1790664354.554705, 417.742000]: [event] proximity_detection id=366 verdict=true gt_gap=13.226m  at gt=(55.17, -16.59) s=170.2m
[INFO] [1790664356.566610, 418.747500]: [event] proximity_detection id=367 verdict=true gt_gap=13.284m  at gt=(55.13, -17.08) s=170.7m
[INFO] [1790664358.765771, 419.843500]: [event] proximity_detection id=368 verdict=true gt_gap=13.369m  at gt=(55.09, -17.60) s=171.2m
[INFO] [1790664360.776465, 420.847500]: [event] proximity_detection id=369 verdict=true gt_gap=13.427m  at gt=(55.06, -18.09) s=171.7m
[INFO] [1790664362.787910, 421.852000]: [event] proximity_detection id=370 verdict=true gt_gap=13.512m  at gt=(55.03, -18.59) s=172.2m
[INFO] [1790664364.785210, 422.849500]: [event] proximity_detection id=371 verdict=true gt_gap=13.654m  at gt=(55.00, -19.07) s=172.7m
[INFO] [1790664366.982640, 423.944000]: [event] proximity_detection id=372 verdict=true gt_gap=13.813m  at gt=(54.97, -19.57) s=173.2m
[INFO] [1790664368.978275, 424.937500]: [event] proximity_detection id=373 verdict=true gt_gap=13.884m  at gt=(54.93, -20.04) s=173.7m
[INFO] [1790664370.986746, 425.941000]: [event] proximity_detection id=374 verdict=true gt_gap=13.919m  at gt=(54.89, -20.52) s=174.1m
[INFO] [1790664373.000132, 426.946000]: [event] proximity_detection id=375 verdict=true gt_gap=13.915m  at gt=(54.86, -21.00) s=174.6m
[INFO] [1790664375.002362, 427.946000]: [event] proximity_detection id=376 verdict=true gt_gap=13.957m  at gt=(54.83, -21.47) s=175.1m
[INFO] [1790664377.180367, 429.034000]: [event] proximity_detection id=377 verdict=true gt_gap=14.053m  at gt=(54.81, -21.97) s=175.6m
[INFO] [1790664379.213946, 430.049000]: [event] proximity_detection id=378 verdict=true gt_gap=14.066m  at gt=(54.80, -22.40) s=176.0m
[INFO] [1790664381.421642, 431.151500]: [event] proximity_detection id=379 verdict=true gt_gap=14.116m  at gt=(54.80, -22.84) s=176.5m
[INFO] [1790664383.423640, 432.151000]: [event] proximity_detection id=380 verdict=true gt_gap=14.168m  at gt=(54.83, -23.30) s=176.9m
[INFO] [1790664385.599184, 433.237000]: [event] proximity_detection id=381 verdict=true gt_gap=14.251m  at gt=(54.86, -23.81) s=177.4m
[INFO] [1790664387.590253, 434.231000]: [event] proximity_detection id=382 verdict=true gt_gap=13.960m  at gt=(54.88, -24.26) s=177.9m
[INFO] [1790664389.583241, 435.227000]: [event] proximity_detection id=383 verdict=true gt_gap=14.213m  at gt=(54.88, -24.70) s=178.3m
[INFO] [1790664391.628458, 436.248000]: [event] proximity_detection id=384 verdict=true gt_gap=14.266m  at gt=(54.88, -25.18) s=178.8m
[INFO] [1790664393.581589, 437.223500]: [event] proximity_detection id=385 verdict=true gt_gap=14.255m  at gt=(54.87, -25.61) s=179.2m
[INFO] [1790664395.587301, 438.225500]: [event] proximity_detection id=386 verdict=true gt_gap=14.225m  at gt=(54.86, -26.01) s=179.6m
[INFO] [1790664397.585977, 439.223000]: [event] proximity_detection id=387 verdict=true gt_gap=14.156m  at gt=(54.85, -26.39) s=180.0m
[INFO] [1790664399.533925, 440.196000]: [event] proximity_detection id=388 verdict=true gt_gap=13.902m  at gt=(54.85, -26.58) s=180.2m
[INFO] [1790664401.756889, 441.305000]: [event] proximity_detection id=389 verdict=true gt_gap=13.525m  at gt=(54.87, -26.69) s=180.3m
[INFO] [1790664403.773769, 442.312500]: [event] proximity_detection id=390 verdict=true gt_gap=13.070m  at gt=(54.87, -26.70) s=180.4m
[INFO] [1790664405.757905, 443.304000]: [event] proximity_detection id=391 verdict=true gt_gap=12.489m  at gt=(54.84, -26.63) s=180.4m
[INFO] [1790664407.764416, 444.305500]: [event] proximity_detection id=392 verdict=true gt_gap=11.949m  at gt=(54.83, -26.59) s=180.6m
[INFO] [1790664409.728972, 445.287500]: [event] proximity_detection id=393 verdict=true gt_gap=11.820m  at gt=(54.82, -26.96) s=181.0m
[INFO] [1790664411.806981, 446.324500]: [event] proximity_detection id=394 verdict=true gt_gap=11.675m  at gt=(54.87, -27.30) s=181.3m
[INFO] [1790664413.992515, 447.415500]: [event] proximity_detection id=395 verdict=true gt_gap=11.629m  at gt=(54.94, -27.76) s=181.8m
[INFO] [1790664416.001786, 448.419000]: [event] proximity_detection id=396 verdict=true gt_gap=11.490m  at gt=(54.97, -28.08) s=182.1m
[INFO] [1790664418.204340, 449.517500]: [event] proximity_detection id=397 verdict=true gt_gap=11.368m  at gt=(54.97, -28.45) s=182.5m
[INFO] [1790664420.388664, 450.609000]: [event] proximity_detection id=398 verdict=true gt_gap=11.203m  at gt=(54.90, -28.81) s=182.9m
[INFO] [1790664422.412645, 451.620000]: [event] proximity_detection id=399 verdict=true gt_gap=11.139m  at gt=(54.83, -29.23) s=183.3m
[INFO] [1790664424.378212, 452.601500]: [event] proximity_detection id=400 verdict=true gt_gap=11.048m  at gt=(54.76, -29.63) s=183.7m
[INFO] [1790664426.369827, 453.595500]: [event] proximity_detection id=401 verdict=true gt_gap=10.956m  at gt=(54.69, -30.02) s=184.1m
[INFO] [1790664428.372999, 454.595500]: [event] proximity_detection id=402 verdict=true gt_gap=10.822m  at gt=(54.62, -30.39) s=184.5m
[INFO] [1790664430.622945, 455.719500]: [event] proximity_detection id=403 verdict=true gt_gap=10.827m  at gt=(54.50, -30.86) s=184.9m
[INFO] [1790664432.793963, 456.803500]: [event] proximity_detection id=404 verdict=true gt_gap=10.786m  at gt=(54.36, -31.29) s=185.4m
[INFO] [1790664434.848592, 457.829000]: [event] proximity_detection id=405 verdict=true gt_gap=10.620m  at gt=(54.28, -31.60) s=185.7m
[INFO] [1790664437.046541, 458.926500]: [event] proximity_detection id=406 verdict=true gt_gap=10.479m  at gt=(54.16, -31.93) s=186.1m
[INFO] [1790664439.248262, 460.023500]: [event] proximity_detection id=407 verdict=true gt_gap=10.373m  at gt=(53.99, -32.31) s=186.5m
[INFO] [1790664441.352449, 461.073000]: [event] proximity_detection id=408 verdict=true gt_gap=10.353m  at gt=(53.78, -32.70) s=186.9m
[INFO] [1790664443.351368, 462.071500]: [event] proximity_detection id=409 verdict=true gt_gap=10.333m  at gt=(53.58, -33.10) s=187.4m
[INFO] [1790664445.429615, 463.104000]: [event] proximity_detection id=410 verdict=true gt_gap=10.343m  at gt=(53.35, -33.53) s=187.9m
[INFO] [1790664447.557611, 464.169500]: [event] proximity_detection id=411 verdict=true gt_gap=10.282m  at gt=(53.12, -33.94) s=188.3m
[INFO] [1790664449.723624, 465.251500]: [event] proximity_detection id=412 verdict=true gt_gap=10.258m  at gt=(52.88, -34.32) s=188.8m
[INFO] [1790664452.014204, 466.395000]: [event] proximity_detection id=413 verdict=true gt_gap=10.216m  at gt=(52.64, -34.67) s=189.2m
[INFO] [1790664454.069278, 467.419500]: [event] proximity_detection id=414 verdict=true gt_gap=10.105m  at gt=(52.41, -34.97) s=189.6m
[INFO] [1790664455.994837, 468.382000]: [event] proximity_detection id=415 verdict=true gt_gap=10.078m  at gt=(52.14, -35.31) s=190.0m
[INFO] [1790664458.242757, 469.504000]: [event] proximity_detection id=416 verdict=true gt_gap=10.141m  at gt=(51.80, -35.68) s=190.5m
[INFO] [1790664460.458427, 470.609500]: [event] proximity_detection id=417 verdict=true gt_gap=10.210m  at gt=(51.48, -36.02) s=191.0m
[INFO] [1790664462.517222, 471.638000]: [event] proximity_detection id=418 verdict=true gt_gap=10.422m  at gt=(51.17, -36.33) s=191.4m
[INFO] [1790664464.494485, 472.624500]: [event] proximity_detection id=131 verdict=true gt_gap=0.029m  at gt=(50.87, -36.61) s=191.8m
[INFO] [1790664466.659905, 473.705000]: [event] proximity_detection id=132 verdict=true gt_gap=0.044m  at gt=(50.54, -36.90) s=192.3m
[INFO] [1790664468.704812, 474.724500]: [event] proximity_detection id=133 verdict=true gt_gap=0.082m  at gt=(50.21, -37.16) s=192.7m
[INFO] [1790664470.651264, 475.697000]: [event] proximity_detection id=134 verdict=true gt_gap=0.148m  at gt=(49.88, -37.38) s=193.1m
[INFO] [1790664472.602033, 476.672000]: [event] proximity_detection id=135 verdict=true gt_gap=0.074m  at gt=(49.50, -37.63) s=193.6m
[INFO] [1790664474.759527, 477.740500]: [event] proximity_detection id=136 verdict=true gt_gap=0.028m  at gt=(49.10, -37.89) s=194.0m
[INFO] [1790664476.612612, 478.665000]: [event] proximity_detection id=137 verdict=true gt_gap=0.134m  at gt=(48.74, -38.09) s=194.5m
[INFO] [1790664478.907764, 479.807500]: [event] proximity_detection id=138 verdict=true gt_gap=0.083m  at gt=(48.25, -38.35) s=195.0m
[INFO] [1790664480.998906, 480.851000]: [event] proximity_detection id=139 verdict=true gt_gap=0.033m  at gt=(47.82, -38.55) s=195.5m
[INFO] [1790664482.975786, 481.837500]: [event] proximity_detection id=140 verdict=true gt_gap=0.024m  at gt=(47.41, -38.73) s=195.9m
[INFO] [1790664484.989268, 482.843000]: [event] proximity_detection id=141 verdict=true gt_gap=0.060m  at gt=(47.02, -38.88) s=196.3m
[INFO] [1790664486.986805, 483.840000]: [event] proximity_detection id=142 verdict=true gt_gap=0.125m  at gt=(46.64, -39.02) s=196.8m
[INFO] [1790664489.460423, 485.069000]: [event] proximity_detection id=143 verdict=true gt_gap=0.103m  at gt=(46.13, -39.17) s=197.3m
[INFO] [1790664491.232877, 485.953000]: [event] proximity_detection id=143 verdict=true gt_gap=0.281m  at gt=(45.76, -39.27) s=197.7m
[INFO] [1790664493.745564, 487.184500]: [event] proximity_detection id=144 verdict=true gt_gap=0.384m  at gt=(45.20, -39.37) s=198.2m
[INFO] [1790664495.641582, 488.122000]: [event] proximity_detection id=146 verdict=true gt_gap=0.097m  at gt=(44.78, -39.45) s=198.7m
[INFO] [1790664497.756168, 489.165000]: [event] proximity_detection id=147 verdict=true gt_gap=0.038m  at gt=(44.32, -39.52) s=199.1m
[INFO] [1790664499.854733, 490.196000]: [event] proximity_detection id=148 verdict=true gt_gap=0.016m  at gt=(43.90, -39.57) s=199.6m
[INFO] [1790664501.870379, 491.196000]: [event] proximity_detection id=149 verdict=true gt_gap=0.013m  at gt=(43.50, -39.60) s=200.0m
[INFO] [1790664503.911732, 492.205000]: [event] proximity_detection id=150 verdict=true gt_gap=0.043m  at gt=(43.04, -39.59) s=200.4m
[INFO] [1790664505.855045, 493.175000]: [event] proximity_detection id=151 verdict=true gt_gap=0.059m  at gt=(42.56, -39.58) s=200.9m
[INFO] [1790664508.030498, 494.259000]: [event] proximity_detection id=152 verdict=true gt_gap=0.022m  at gt=(42.03, -39.56) s=201.4m
[INFO] [1790664510.246461, 495.364500]: [event] proximity_detection id=153 verdict=true gt_gap=0.046m  at gt=(41.48, -39.54) s=202.0m
[INFO] [1790664512.270310, 496.374500]: [event] proximity_detection id=154 verdict=true gt_gap=0.043m  at gt=(40.99, -39.51) s=202.5m
[INFO] [1790664514.347944, 497.409000]: [event] proximity_detection id=155 verdict=true gt_gap=0.065m  at gt=(40.49, -39.48) s=203.0m
[INFO] [1790664516.530121, 498.498000]: [event] proximity_detection id=156 verdict=true gt_gap=0.115m  at gt=(39.98, -39.45) s=203.5m
[INFO] [1790664518.581897, 499.519500]: [event] proximity_detection id=157 verdict=true gt_gap=0.128m  at gt=(39.48, -39.43) s=204.0m
[INFO] [1790664520.814644, 500.624000]: [event] proximity_detection id=446 verdict=true gt_gap=13.393m  at gt=(38.94, -39.40) s=204.5m
[INFO] [1790664522.625563, 501.526000]: [event] proximity_detection id=447 verdict=true gt_gap=13.413m  at gt=(38.50, -39.39) s=205.0m
[INFO] [1790664524.818859, 502.619000]: [event] proximity_detection id=448 verdict=true gt_gap=13.541m  at gt=(37.98, -39.36) s=205.5m
[INFO] [1790664526.779024, 503.596000]: [event] proximity_detection id=449 verdict=true gt_gap=13.653m  at gt=(37.49, -39.33) s=206.0m
[INFO] [1790664528.834192, 504.614000]: [event] proximity_detection id=450 verdict=true gt_gap=13.730m  at gt=(37.02, -39.30) s=206.4m
[INFO] [1790664530.897814, 505.639000]: [event] proximity_detection id=451 verdict=true gt_gap=13.835m  at gt=(36.54, -39.27) s=206.9m
[INFO] [1790664532.840195, 506.606500]: [event] proximity_detection id=452 verdict=true gt_gap=13.923m  at gt=(36.08, -39.25) s=207.4m
[INFO] [1790664534.839578, 507.603000]: [event] proximity_detection id=453 verdict=true gt_gap=13.970m  at gt=(35.62, -39.22) s=207.8m
[INFO] [1790664536.820442, 508.593000]: [event] proximity_detection id=454 verdict=true gt_gap=13.988m  at gt=(35.17, -39.19) s=208.3m
[INFO] [1790664538.805943, 509.579500]: [event] proximity_detection id=455 verdict=true gt_gap=14.119m  at gt=(34.66, -39.16) s=208.8m
[INFO] [1790664540.880093, 510.611000]: [event] proximity_detection id=456 verdict=true gt_gap=14.118m  at gt=(34.16, -39.15) s=209.3m
[INFO] [1790664543.147294, 511.735500]: [event] proximity_detection id=457 verdict=true gt_gap=14.165m  at gt=(33.67, -39.14) s=209.8m
[INFO] [1790664545.073857, 512.698000]: [event] proximity_detection id=458 verdict=true gt_gap=14.200m  at gt=(33.22, -39.10) s=210.3m
[INFO] [1790664547.078238, 513.699000]: [event] proximity_detection id=459 verdict=true gt_gap=14.303m  at gt=(32.72, -39.06) s=210.8m
[INFO] [1790664549.252143, 514.783000]: [event] proximity_detection id=460 verdict=true gt_gap=14.441m  at gt=(32.20, -39.02) s=211.3m
[INFO] [1790664551.472214, 515.889000]: [event] proximity_detection id=461 verdict=true gt_gap=14.469m  at gt=(31.66, -38.96) s=211.8m
[INFO] [1790664553.517345, 516.910000]: [event] proximity_detection id=462 verdict=true gt_gap=14.602m  at gt=(31.16, -38.90) s=212.3m
[INFO] [1790664555.455354, 517.878000]: [event] proximity_detection id=463 verdict=true gt_gap=14.533m  at gt=(30.68, -38.83) s=212.8m
[INFO] [1790664557.644009, 518.971500]: [event] proximity_detection id=464 verdict=true gt_gap=14.651m  at gt=(30.15, -38.76) s=213.3m
[INFO] [1790664559.629274, 519.962000]: [event] proximity_detection id=465 verdict=true gt_gap=14.657m  at gt=(29.68, -38.68) s=213.8m
[INFO] [1790664561.849725, 521.071000]: [event] proximity_detection id=466 verdict=true gt_gap=14.789m  at gt=(29.14, -38.61) s=214.4m
[INFO] [1790664563.815245, 522.051000]: [event] proximity_detection id=467 verdict=true gt_gap=14.849m  at gt=(28.69, -38.52) s=214.8m
[INFO] [1790664565.811747, 523.046500]: [event] proximity_detection id=468 verdict=true gt_gap=14.857m  at gt=(28.23, -38.42) s=215.3m
[INFO] [1790664567.816308, 524.046500]: [event] proximity_detection id=469 verdict=true gt_gap=14.862m  at gt=(27.75, -38.32) s=215.8m
[INFO] [1790664569.864133, 525.069500]: [event] proximity_detection id=470 verdict=true gt_gap=14.778m  at gt=(27.31, -38.23) s=216.2m
[INFO] [1790664571.845897, 526.059000]: [event] proximity_detection id=471 verdict=true gt_gap=14.646m  at gt=(26.91, -38.13) s=216.6m
[INFO] [1790664573.882001, 527.076000]: [event] proximity_detection id=472 verdict=true gt_gap=14.548m  at gt=(26.52, -38.02) s=217.1m
[INFO] [1790664575.864865, 528.065500]: [event] proximity_detection id=473 verdict=true gt_gap=14.419m  at gt=(26.16, -37.89) s=217.4m
[INFO] [1790664577.895338, 529.079500]: [event] proximity_detection id=474 verdict=true gt_gap=14.276m  at gt=(25.80, -37.76) s=217.8m
[INFO] [1790664579.894164, 530.076500]: [event] proximity_detection id=475 verdict=true gt_gap=14.159m  at gt=(25.44, -37.61) s=218.2m
[INFO] [1790664581.942912, 531.096500]: [event] proximity_detection id=476 verdict=true gt_gap=14.022m  at gt=(25.06, -37.44) s=218.6m
[INFO] [1790664583.922330, 532.084500]: [event] proximity_detection id=477 verdict=true gt_gap=13.972m  at gt=(24.69, -37.26) s=219.0m
[INFO] [1790664586.218602, 533.232000]: [event] proximity_detection id=478 verdict=true gt_gap=13.955m  at gt=(24.22, -36.98) s=219.6m
[INFO] [1790664588.199790, 534.219000]: [event] proximity_detection id=190 verdict=true gt_gap=0.300m  at gt=(23.82, -36.71) s=220.1m
[INFO] [1790664590.220547, 535.228500]: [event] proximity_detection id=191 verdict=true gt_gap=0.252m  at gt=(23.46, -36.44) s=220.5m
[INFO] [1790664592.508163, 536.367000]: [event] proximity_detection id=192 verdict=true gt_gap=0.141m  at gt=(23.05, -36.14) s=221.0m
[INFO] [1790664594.534720, 537.375500]: [event] proximity_detection id=193 verdict=true gt_gap=0.257m  at gt=(22.65, -35.84) s=221.5m
[INFO] [1790664596.603694, 538.404500]: [event] proximity_detection id=194 verdict=true gt_gap=0.291m  at gt=(22.27, -35.53) s=222.0m
[INFO] [1790664598.558724, 539.379000]: [event] proximity_detection id=195 verdict=true gt_gap=0.222m  at gt=(21.97, -35.28) s=222.4m
[INFO] [1790664600.555420, 540.376000]: [event] proximity_detection id=196 verdict=true gt_gap=0.211m  at gt=(21.66, -34.97) s=222.8m
[INFO] [1790664602.827364, 541.506000]: [event] proximity_detection id=197 verdict=true gt_gap=0.222m  at gt=(21.29, -34.56) s=223.4m
[INFO] [1790664604.790106, 542.483500]: [event] proximity_detection id=198 verdict=true gt_gap=0.189m  at gt=(20.98, -34.19) s=223.9m
[INFO] [1790664607.037565, 543.604000]: [event] proximity_detection id=199 verdict=true gt_gap=0.229m  at gt=(20.64, -33.76) s=224.4m
[INFO] [1790664609.036177, 544.600500]: [event] proximity_detection id=200 verdict=true gt_gap=0.207m  at gt=(20.37, -33.42) s=224.9m
[INFO] [1790664610.966101, 545.561500]: [event] proximity_detection id=201 verdict=true gt_gap=0.133m  at gt=(20.16, -33.09) s=225.3m
[INFO] [1790664612.814879, 546.485000]: [event] proximity_detection id=202 verdict=true gt_gap=0.096m  at gt=(19.95, -32.76) s=225.6m
[INFO] [1790664614.809109, 547.480000]: [event] proximity_detection id=203 verdict=true gt_gap=0.113m  at gt=(19.73, -32.36) s=226.1m
[INFO] [1790664616.791686, 548.469500]: [event] proximity_detection id=204 verdict=true gt_gap=0.167m  at gt=(19.51, -31.94) s=226.6m
[INFO] [1790664618.803489, 549.473500]: [event] proximity_detection id=205 verdict=true gt_gap=0.133m  at gt=(19.29, -31.53) s=227.0m
[INFO] [1790664621.052149, 550.593500]: [event] proximity_detection id=206 verdict=true gt_gap=0.101m  at gt=(19.09, -31.13) s=227.5m
[INFO] [1790664623.000175, 551.567000]: [event] proximity_detection id=207 verdict=true gt_gap=0.120m  at gt=(18.96, -30.72) s=227.9m
[INFO] [1790664625.192735, 552.661500]: [event] proximity_detection id=208 verdict=true gt_gap=0.111m  at gt=(18.79, -30.30) s=228.4m
[INFO] [1790664627.194819, 553.661000]: [event] proximity_detection id=209 verdict=true gt_gap=0.048m  at gt=(18.67, -29.94) s=228.8m
[INFO] [1790664629.209852, 554.666000]: [event] proximity_detection id=210 verdict=true gt_gap=0.027m  at gt=(18.56, -29.51) s=229.2m
[INFO] [1790664631.199663, 555.659000]: [event] proximity_detection id=211 verdict=true gt_gap=0.088m  at gt=(18.48, -29.16) s=229.6m
[INFO] [1790664633.213535, 556.664000]: [event] proximity_detection id=212 verdict=true gt_gap=0.137m  at gt=(18.39, -28.76) s=230.0m
[INFO] [1790664635.214260, 557.662500]: [event] proximity_detection id=213 verdict=true gt_gap=0.114m  at gt=(18.35, -28.32) s=230.4m
[INFO] [1790664637.192023, 558.651500]: [event] proximity_detection id=214 verdict=true gt_gap=0.086m  at gt=(18.30, -27.86) s=230.9m
[INFO] [1790664639.200395, 559.653500]: [event] proximity_detection id=215 verdict=true gt_gap=0.031m  at gt=(18.26, -27.38) s=231.4m
[INFO] [1790664641.405745, 560.755000]: [event] proximity_detection id=216 verdict=true gt_gap=0.040m  at gt=(18.20, -26.90) s=231.8m
[INFO] [1790664643.416366, 561.757500]: [event] proximity_detection id=217 verdict=true gt_gap=0.009m  at gt=(18.20, -26.48) s=232.3m
[INFO] [1790664645.484397, 562.789000]: [event] proximity_detection id=218 verdict=true gt_gap=0.039m  at gt=(18.21, -26.01) s=232.7m
[INFO] [1790664647.469137, 563.780000]: [event] proximity_detection id=219 verdict=true gt_gap=0.074m  at gt=(18.23, -25.54) s=233.2m
[INFO] [1790664649.415277, 564.751000]: [event] proximity_detection id=220 verdict=true gt_gap=0.116m  at gt=(18.26, -25.08) s=233.7m
[INFO] [1790664651.475449, 565.778000]: [event] proximity_detection id=510 verdict=true gt_gap=12.920m  at gt=(18.30, -24.59) s=234.2m
[INFO] [1790664653.435663, 566.758500]: [event] proximity_detection id=511 verdict=true gt_gap=12.893m  at gt=(18.31, -24.14) s=234.6m
[INFO] [1790664655.489577, 567.781500]: [event] proximity_detection id=512 verdict=true gt_gap=12.879m  at gt=(18.32, -23.71) s=235.0m
[INFO] [1790664657.663872, 568.867500]: [event] proximity_detection id=513 verdict=true gt_gap=12.944m  at gt=(18.31, -23.21) s=235.5m
[INFO] [1790664659.883102, 569.974000]: [event] proximity_detection id=226 verdict=true gt_gap=0.376m  at gt=(18.32, -22.68) s=236.1m
[INFO] [1790664662.066809, 571.059500]: [event] proximity_detection id=515 verdict=true gt_gap=13.175m  at gt=(18.35, -22.21) s=236.5m
[INFO] [1790664664.078556, 572.065000]: [event] proximity_detection id=516 verdict=true gt_gap=13.144m  at gt=(18.36, -21.75) s=237.0m
[INFO] [1790664666.081721, 573.064500]: [event] proximity_detection id=517 verdict=true gt_gap=13.171m  at gt=(18.35, -21.29) s=237.5m
[INFO] [1790664668.021822, 574.033500]: [event] proximity_detection id=518 verdict=true gt_gap=13.105m  at gt=(18.34, -20.86) s=237.9m
[INFO] [1790664670.267045, 575.155000]: [event] proximity_detection id=519 verdict=true gt_gap=13.290m  at gt=(18.33, -20.29) s=238.5m
[INFO] [1790664672.245030, 576.143000]: [event] proximity_detection id=520 verdict=true gt_gap=13.380m  at gt=(18.34, -19.84) s=238.9m
[INFO] [1790664674.234051, 577.136000]: [event] proximity_detection id=521 verdict=true gt_gap=13.395m  at gt=(18.39, -19.45) s=239.3m
[INFO] [1790664676.262104, 578.148000]: [event] proximity_detection id=522 verdict=true gt_gap=13.395m  at gt=(18.41, -19.03) s=239.7m
[INFO] [1790664678.273331, 579.151500]: [event] proximity_detection id=523 verdict=true gt_gap=13.367m  at gt=(18.41, -18.62) s=240.1m
[INFO] [1790664680.561372, 580.294500]: [event] proximity_detection id=524 verdict=true gt_gap=13.420m  at gt=(18.39, -18.14) s=240.6m
[INFO] [1790664682.451265, 581.238000]: [event] proximity_detection id=525 verdict=true gt_gap=13.502m  at gt=(18.34, -17.65) s=241.1m
[INFO] [1790664684.476672, 582.248500]: [event] proximity_detection id=526 verdict=true gt_gap=13.517m  at gt=(18.31, -17.22) s=241.6m
[INFO] [1790664686.517282, 583.267000]: [event] proximity_detection id=527 verdict=true gt_gap=13.500m  at gt=(18.29, -16.81) s=242.0m
[INFO] [1790664688.463733, 584.240000]: [event] proximity_detection id=528 verdict=true gt_gap=13.562m  at gt=(18.30, -16.39) s=242.4m
[INFO] [1790664690.716674, 585.364000]: [event] proximity_detection id=529 verdict=true gt_gap=13.671m  at gt=(18.30, -15.84) s=242.9m
[INFO] [1790664692.705759, 586.353500]: [event] proximity_detection id=530 verdict=true gt_gap=13.782m  at gt=(18.30, -15.38) s=243.4m
[INFO] [1790664694.676332, 587.338000]: [event] proximity_detection id=531 verdict=true gt_gap=13.873m  at gt=(18.33, -14.89) s=243.9m
[INFO] [1790664696.666261, 588.331000]: [event] proximity_detection id=532 verdict=true gt_gap=13.894m  at gt=(18.36, -14.42) s=244.4m
[INFO] [1790664698.681370, 589.336000]: [event] proximity_detection id=533 verdict=true gt_gap=13.909m  at gt=(18.37, -13.95) s=244.8m
[INFO] [1790664700.706032, 590.347000]: [event] proximity_detection id=534 verdict=true gt_gap=13.908m  at gt=(18.37, -13.47) s=245.3m
[INFO] [1790664702.741321, 591.362000]: [event] proximity_detection id=535 verdict=true gt_gap=13.887m  at gt=(18.38, -13.01) s=245.8m
[INFO] [1790664704.729761, 592.355000]: [event] proximity_detection id=536 verdict=true gt_gap=13.920m  at gt=(18.39, -12.56) s=246.2m
[INFO] [1790664706.789692, 593.384000]: [event] proximity_detection id=537 verdict=true gt_gap=13.910m  at gt=(18.39, -12.10) s=246.7m
[INFO] [1790664708.747677, 594.361500]: [event] proximity_detection id=538 verdict=true gt_gap=13.902m  at gt=(18.40, -11.64) s=247.1m
[INFO] [1790664710.769078, 595.371000]: [event] proximity_detection id=539 verdict=true gt_gap=13.836m  at gt=(18.41, -11.24) s=247.5m
[INFO] [1790664712.820920, 596.393500]: [event] proximity_detection id=540 verdict=true gt_gap=13.740m  at gt=(18.42, -10.85) s=247.9m
[INFO] [1790664715.009887, 597.487000]: [event] proximity_detection id=541 verdict=true gt_gap=13.668m  at gt=(18.45, -10.48) s=248.3m
[INFO] [1790664717.077578, 598.518500]: [event] proximity_detection id=542 verdict=true gt_gap=13.643m  at gt=(18.53, -10.07) s=248.7m
[INFO] [1790664719.281760, 599.619000]: [event] proximity_detection id=543 verdict=true gt_gap=13.531m  at gt=(18.63, -9.69) s=249.1m
[INFO] [1790664721.230556, 600.592000]: [event] proximity_detection id=544 verdict=true gt_gap=13.438m  at gt=(18.82, -9.25) s=249.6m
[INFO] [1790664723.160995, 601.555500]: [event] proximity_detection id=545 verdict=true gt_gap=13.437m  at gt=(19.00, -8.79) s=250.1m
[INFO] [1790664725.174643, 602.561000]: [event] proximity_detection id=546 verdict=true gt_gap=13.043m  at gt=(19.00, -8.72) s=250.2m
[INFO] [1790664727.235653, 603.590500]: [event] proximity_detection id=547 verdict=true gt_gap=12.802m  at gt=(19.09, -8.51) s=250.4m
[INFO] [1790664729.283809, 604.613000]: [event] proximity_detection id=548 verdict=true gt_gap=12.706m  at gt=(19.19, -8.18) s=250.8m
[INFO] [1790664731.235927, 605.587500]: [event] proximity_detection id=549 verdict=true gt_gap=12.452m  at gt=(19.26, -7.87) s=251.1m
[INFO] [1790664733.443302, 606.689500]: [event] proximity_detection id=550 verdict=true gt_gap=12.468m  at gt=(19.23, -7.40) s=251.5m
[INFO] [1790664735.495287, 607.714000]: [event] proximity_detection id=551 verdict=true gt_gap=12.429m  at gt=(19.22, -7.05) s=251.9m
[INFO] [1790664737.483645, 608.705000]: [event] proximity_detection id=552 verdict=true gt_gap=12.372m  at gt=(19.22, -6.69) s=252.3m
[INFO] [1790664739.485331, 609.705000]: [event] proximity_detection id=553 verdict=true gt_gap=12.317m  at gt=(19.24, -6.33) s=252.6m
[INFO] [1790664741.534937, 610.728000]: [event] proximity_detection id=554 verdict=true gt_gap=12.200m  at gt=(19.26, -5.97) s=253.0m
[INFO] [1790664743.769443, 611.843000]: [event] proximity_detection id=555 verdict=true gt_gap=12.024m  at gt=(19.27, -5.66) s=253.3m
[INFO] [1790664745.767525, 612.840000]: [event] proximity_detection id=556 verdict=true gt_gap=11.786m  at gt=(19.33, -5.48) s=253.5m
[INFO] [1790664747.751653, 613.830500]: [event] proximity_detection id=557 verdict=true gt_gap=11.705m  at gt=(19.51, -5.16) s=253.9m
[INFO] [1790664749.782622, 614.845000]: [event] proximity_detection id=558 verdict=true gt_gap=11.669m  at gt=(19.72, -4.80) s=254.3m
[INFO] [1790664752.044604, 615.974000]: [event] proximity_detection id=559 verdict=true gt_gap=11.504m  at gt=(19.87, -4.44) s=254.7m
[INFO] [1790664754.007640, 616.953000]: [event] proximity_detection id=560 verdict=true gt_gap=11.326m  at gt=(19.95, -4.17) s=254.9m
[INFO] [1790664756.006944, 617.950500]: [event] proximity_detection id=561 verdict=true gt_gap=11.220m  at gt=(20.04, -3.80) s=255.3m
[INFO] [1790664758.259248, 619.075000]: [event] proximity_detection id=562 verdict=true gt_gap=11.129m  at gt=(20.14, -3.44) s=255.7m
[INFO] [1790664760.636177, 620.260500]: [event] proximity_detection id=563 verdict=true gt_gap=11.166m  at gt=(20.19, -2.93) s=256.2m
[INFO] [1790664762.589225, 621.232000]: [event] proximity_detection id=564 verdict=true gt_gap=11.037m  at gt=(20.24, -2.60) s=256.6m
[INFO] [1790664764.766089, 622.313500]: [event] proximity_detection id=278 verdict=true gt_gap=0.059m  at gt=(20.29, -2.24) s=256.9m
[INFO] [1790664766.542989, 623.200500]: [event] proximity_detection id=279 verdict=true gt_gap=0.068m  at gt=(20.32, -1.98) s=257.2m
[WARN] [1790664403.205230, 442.030000]: trajectory_follower: STALL 1 at (54.87, -26.70): commanded 0.16 m/s but moved 0.044 m in 1.0 s (0.0443 m/s); backing off -0.25 m/s for 2.0 s
[INFO] [1790663546.568134, 14.514500]: trajectory_follower: 531 points, 132.50 m, from /home/alessandro/journal_comparison/src/robot_metrics/config/reference_path_mine.yaml
[INFO] [1790663546.569213, 14.525500]: trajectory_follower: model=differential cmd=/husky/cmd_vel v<=0.50 w<=1.00 lookahead=1.00
[INFO] [1790663546.575940, 14.528500]: trajectory_follower: reference path published on ~reference_path in frame "map" (531 poses)
[INFO] [1790664199.467951, 340.330000]: trajectory_follower: vuelta 1 de 2 completa, lazo cerrado a 0.138 m
[INFO] [1790664851.453254, 665.530000]: trajectory_follower: path complete (2 vuelta(s)); lazo cerrado a 0.148 m del punto inicial
[INFO] [1790664851.454678, 665.530500]: trajectory_follower: reached point 529 of 531, vuelta 2 de 2; cross-track error mean 0.132 m, max 2.354 m; 1 stall(s)
[INFO] [1790664851.455447, 665.531000]: trajectory_follower: lazo cerrado a 0.148 m (close_tolerance 0.15 m)
[INFO] [1790663546.436731, 14.459000]: run_guard: model=differential cmd=/husky/cmd_vel
[INFO] [1790663546.438230, 14.459500]: run_guard: wedged if commanded (>0.10 m/s or >0.20 rad/s) for >=70% of 25s while getting neither >1.50 m from the window start nor >0.50 rad of heading
[INFO] [1790663546.439061, 14.460000]: run_guard: rolled if |roll|>50 or |pitch|>60 deg held 1.5s
[INFO] [1790664852.815593, 665.908000]: run_guard: no trip; the run ended on its own terms
[WARN] [1790663546.491196, 14.487000]:   gt_rate_hz 800.0 is not a divisor of the 2000 Hz physics rate; delivering 1000.0 Hz instead, which is the next exact divisor that is not slower
[INFO] [1790664768.499572, 624.178000]: [event] proximity_detection id=1 verdict=unknown gt_gap=nanm  at gt=(20.37, -1.70) s=257.5m
[INFO] [1790664770.499312, 625.174500]: [event] proximity_detection id=1 verdict=unknown gt_gap=nanm  at gt=(20.44, -1.37) s=257.8m
[INFO] [1790664772.532977, 626.189500]: [event] proximity_detection id=1 verdict=unknown gt_gap=nanm  at gt=(20.51, -0.97) s=258.2m
[INFO] [1790664774.493706, 627.167500]: [event] proximity_detection id=1 verdict=unknown gt_gap=nanm  at gt=(20.51, -0.62) s=258.6m
[INFO] [1790664776.666054, 628.253000]: [event] proximity_detection id=1 verdict=unknown gt_gap=nanm  at gt=(20.61, -0.35) s=258.9m
[INFO] [1790664778.797989, 629.316000]: [event] proximity_detection id=1 verdict=unknown gt_gap=nanm  at gt=(20.73, 0.01) s=259.2m
[INFO] [1790664781.129164, 630.473500]: [event] proximity_detection id=1 verdict=unknown gt_gap=nanm  at gt=(20.85, 0.30) s=259.6m
[INFO] [1790664783.013857, 631.414000]: [event] proximity_detection id=1 verdict=unknown gt_gap=nanm  at gt=(21.05, 0.48) s=259.8m
[INFO] [1790664785.374993, 632.558500]: [event] proximity_detection id=1 verdict=unknown gt_gap=nanm  at gt=(21.32, 0.76) s=260.2m
[INFO] [1790664787.056430, 633.399000]: [event] proximity_detection id=576 verdict=true gt_gap=9.958m  at gt=(21.53, 0.91) s=260.5m
[INFO] [1790664789.223919, 634.478500]: [event] proximity_detection id=1 verdict=unknown gt_gap=nanm  at gt=(21.80, 1.04) s=260.8m
[INFO] [1790664791.163704, 635.446000]: [event] proximity_detection id=1 verdict=unknown gt_gap=nanm  at gt=(22.07, 1.13) s=261.1m
[INFO] [1790664793.144525, 636.433500]: [event] proximity_detection id=1 verdict=unknown gt_gap=nanm  at gt=(22.33, 1.19) s=261.3m
[INFO] [1790664795.166945, 637.443500]: [event] proximity_detection id=1 verdict=unknown gt_gap=nanm  at gt=(22.61, 1.09) s=261.6m
[INFO] [1790664797.152967, 638.435500]: [event] proximity_detection id=1 verdict=unknown gt_gap=nanm  at gt=(22.86, 0.96) s=261.9m
[INFO] [1790664799.149119, 639.431500]: [event] proximity_detection id=1 verdict=unknown gt_gap=nanm  at gt=(23.09, 0.81) s=262.2m
[INFO] [1790664801.364066, 640.538500]: [event] proximity_detection id=1 verdict=unknown gt_gap=nanm  at gt=(23.26, 0.60) s=262.5m
[INFO] [1790664803.388053, 641.548500]: [event] proximity_detection id=1 verdict=unknown gt_gap=nanm  at gt=(23.41, 0.46) s=262.7m
[INFO] [1790664805.360521, 642.532500]: [event] proximity_detection id=1 verdict=unknown gt_gap=nanm  at gt=(23.54, 0.26) s=262.9m
[INFO] [1790664807.383099, 643.542500]: [event] proximity_detection id=1 verdict=unknown gt_gap=nanm  at gt=(23.70, 0.07) s=263.2m
[INFO] [1790664809.580748, 644.640500]: [event] proximity_detection id=1 verdict=unknown gt_gap=nanm  at gt=(23.92, -0.10) s=263.4m
[INFO] [1790664811.638943, 645.665500]: [event] proximity_detection id=1 verdict=unknown gt_gap=nanm  at gt=(24.15, -0.22) s=263.7m
[INFO] [1790664813.657759, 646.668000]: [event] proximity_detection id=1 verdict=unknown gt_gap=nanm  at gt=(24.29, -0.23) s=263.8m
[INFO] [1790664815.617754, 647.646000]: [event] proximity_detection id=1 verdict=unknown gt_gap=nanm  at gt=(24.48, -0.20) s=264.0m
[INFO] [1790664817.631126, 648.650500]: [event] proximity_detection id=1 verdict=unknown gt_gap=nanm  at gt=(24.84, -0.14) s=264.4m
[INFO] [1790664819.620158, 649.644000]: [event] proximity_detection id=1 verdict=unknown gt_gap=nanm  at gt=(25.24, -0.05) s=264.8m
[INFO] [1790664821.660383, 650.661500]: [event] proximity_detection id=1 verdict=unknown gt_gap=nanm  at gt=(25.70, 0.06) s=265.3m
[INFO] [1790664823.683838, 651.669500]: [event] proximity_detection id=1 verdict=unknown gt_gap=nanm  at gt=(26.13, 0.16) s=265.7m
[INFO] [1790664825.911172, 652.780000]: [event] proximity_detection id=1 verdict=unknown gt_gap=nanm  at gt=(26.55, 0.24) s=266.2m
[INFO] [1790664827.829869, 653.738000]: [event] proximity_detection id=596 verdict=true gt_gap=6.998m  at gt=(26.95, 0.26) s=266.6m
[INFO] [1790664829.873670, 654.758500]: [event] proximity_detection id=597 verdict=true gt_gap=7.350m  at gt=(27.45, 0.29) s=267.1m
[INFO] [1790664831.878560, 655.758500]: [event] proximity_detection id=598 verdict=true gt_gap=7.680m  at gt=(27.93, 0.32) s=267.5m
[INFO] [1790664833.932942, 656.784000]: [event] proximity_detection id=599 verdict=true gt_gap=8.032m  at gt=(28.43, 0.33) s=268.1m
[INFO] [1790664835.953352, 657.791000]: [event] proximity_detection id=600 verdict=true gt_gap=8.454m  at gt=(28.91, 0.34) s=268.5m
[INFO] [1790664838.088561, 658.857500]: [event] proximity_detection id=601 verdict=true gt_gap=8.805m  at gt=(29.39, 0.33) s=269.0m
[INFO] [1790664840.144293, 659.882000]: [event] proximity_detection id=602 verdict=true gt_gap=9.142m  at gt=(29.87, 0.31) s=269.5m
[INFO] [1790664842.078255, 660.848000]: [event] proximity_detection id=603 verdict=true gt_gap=9.477m  at gt=(30.33, 0.29) s=269.9m
[INFO] [1790664844.275748, 661.945000]: [event] proximity_detection id=1 verdict=unknown gt_gap=nanm  at gt=(30.84, 0.26) s=270.5m
[INFO] [1790664846.303369, 662.957000]: [event] proximity_detection id=605 verdict=true gt_gap=10.005m  at gt=(31.32, 0.24) s=270.9m
[INFO] [1790664848.469533, 664.039000]: [event] proximity_detection id=1 verdict=unknown gt_gap=nanm  at gt=(31.85, 0.23) s=271.5m
[INFO] [1790664850.485342, 665.045500]: [event] proximity_detection id=607 verdict=true gt_gap=10.552m  at gt=(32.32, 0.22) s=271.9m
[INFO] [1790664852.575170, 666.086500]: [event] proximity_detection id=608 verdict=true gt_gap=10.529m  at gt=(32.55, 0.21) s=272.2m
[INFO] [1790664853.526384, 666.561500]: Run differential/01 saved to /home/alessandro/metrics_husky_r0148/fixed_trajectory/swept_lidar/differential/run01
[INFO] [1790664853.528009, 666.563500]:   32572 samples, 32572 GT poses, 521 events
[INFO] [1790664853.528858, 666.564000]:   652086 high-rate GT samples from 1304173 messages (1000.0 Hz over 652.1 s)
[INFO] [1790664853.529810, 666.564500]:   distance travelled (GT): 272.19 m
[INFO] [1790664853.530740, 666.565000]:   tracking losses: 0, relocalizations: 0
[INFO] [1790664853.531812, 666.565000]:   loop closures: 0 (visual), 521 (proximity)
[31m================================================================================REQUIRED process [trajectory_follower-1] has died!
process has finished cleanly
log file: /home/alessandro/.ros/log/7411aec0-bbcf-11f1-bd00-096508a55b3d/trajectory_follower-1*.log
Initiating shutdown!
================================================================================[0m
... logging to /home/alessandro/.ros/log/7411aec0-bbcf-11f1-bd00-096508a55b3d/roslaunch-LAPTOP-EU6F9FQD-4031312.log
Checking log directory for disk usage. This may take a while.
Press Ctrl-C to interrupt
Done checking log file disk usage. Usage is <1GB.
]2;/home/alessandro/journal_comparison/src/robot_metrics/launch/trajectory_follow.launch
[1mstarted roslaunch server http://LAPTOP-EU6F9FQD:46421/[0m

SUMMARY
========

PARAMETERS
 * /metrics_logger/cmd_vel_topic: /husky/cmd_vel
 * /metrics_logger/effort_joints: front_left_joint,...
 * /metrics_logger/gt_rate_hz: 800
 * /metrics_logger/loop_true_radius: 3.0
 * /metrics_logger/model_name: differential
 * /metrics_logger/odom_topic: /rtabmap/odom
 * /metrics_logger/output_dir: /home/alessandro/...
 * /metrics_logger/physics_rate_hz: 2000
 * /metrics_logger/proximity_true_radius: 20.0
 * /metrics_logger/rate: 50
 * /metrics_logger/robot_name: differential
 * /metrics_logger/run_id: 1
 * /metrics_logger/suspension_joints: 
 * /metrics_logger/suspension_topic: /husky/joint_states
 * /metrics_logger/tracking_loss_timeout: 1.0
 * /metrics_logger/velocity_joints: front_left_joint,...
 * /metrics_logger/wheel_links: 
 * /rosdistro: noetic
 * /rosversion: 1.17.4
 * /run_guard/cmd_vel_topic: /husky/cmd_vel
 * /run_guard/grace: 30.0
 * /run_guard/model_name: differential
 * /run_guard/pitch_limit: 60.0
 * /run_guard/progress_min: 1.5
 * /run_guard/roll_limit: 50.0
 * /run_guard/stuck_time: 25.0
 * /run_guard/trip_file: /home/alessandro/...
 * /run_guard/yaw_progress_min: 0.5
 * /trajectory_follower/align_threshold: 0.8
 * /trajectory_follower/backoff_speed: -0.25
 * /trajectory_follower/backoff_time: 2.0
 * /trajectory_follower/base_yaw_offset: 0.0
 * /trajectory_follower/close_timeout: 15.0
 * /trajectory_follower/close_tolerance: 0.15
 * /trajectory_follower/cmd_vel_topic: /husky/cmd_vel
 * /trajectory_follower/commanded_min: 0.15
 * /trajectory_follower/cooldown: 5.0
 * /trajectory_follower/curve_slowdown: 0.6
 * /trajectory_follower/k_xte: 2.5
 * /trajectory_follower/laps: 2
 * /trajectory_follower/lookahead: 1.0
 * /trajectory_follower/lookahead_k: 0.8
 * /trajectory_follower/lookahead_max: 1.0
 * /trajectory_follower/lookahead_min: 0.3
 * /trajectory_follower/max_stalls: 8
 * /trajectory_follower/max_vel_theta: 1.0
 * /trajectory_follower/max_vel_x: 0.5
 * /trajectory_follower/min_aim_dist: 0.25
 * /trajectory_follower/model_name: differential
 * /trajectory_follower/path_file: /home/alessandro/...
 * /trajectory_follower/spawn_x: 33.5
 * /trajectory_follower/spawn_y: 0.2
 * /trajectory_follower/spawn_yaw: 0.0
 * /trajectory_follower/speed_max: 0.05
 * /trajectory_follower/stall_time: 1.0
 * /trajectory_follower/trip_file: /home/alessandro/...
 * /trajectory_follower/viz_frame: map
 * /trajectory_follower/w_v_floor: 0.1
 * /trajectory_follower/xte_curv_max: 0.5

NODES
  /
    metrics_logger (robot_metrics/metrics_logger.py)
    run_guard (robot_metrics/run_guard.py)
    trajectory_follower (robot_metrics/trajectory_follower.py)

[1mROS_MASTER_URI=http://localhost:11311[0m
]2;/home/alessandro/journal_comparison/src/robot_metrics/launch/trajectory_follow.launch http://localhost:11311
[1mprocess[trajectory_follower-1]: started with pid [4031347][0m
[1mprocess[run_guard-2]: started with pid [4031348][0m
[1mprocess[metrics_logger-3]: started with pid [4031349][0m
[metrics_logger-3] killing on exit
[run_guard-2] killing on exit
[trajectory_follower-1] killing on exit
shutting down processing monitor...
... shutting down processing monitor complete
[1mdone[0m
