Opening database "/home/alessandro/metrics_husky_r0148/fixed_trajectory/swept_lidar/differential/run05/rtabmap.db"...
Opening database "/home/alessandro/metrics_husky_r0148/fixed_trajectory/swept_lidar/differential/run05/rtabmap.db"... done (0.000200s).
Optimizing the map (Full global optimization)...
Optimizing the map (Full global optimization)... done (0.095403s, poses=626, links=2064).
Processed 7/626 (1%) nodes...
Processed 13/626 (2%) nodes...
Processed 19/626 (3%) nodes...
Processed 26/626 (4%) nodes...
Processed 32/626 (5%) nodes...
Processed 38/626 (6%) nodes...
Processed 44/626 (7%) nodes...
Processed 51/626 (8%) nodes...
Processed 57/626 (9%) nodes...
Processed 63/626 (10%) nodes...
Processed 69/626 (11%) nodes...
Processed 76/626 (12%) nodes...
Processed 82/626 (13%) nodes...
Processed 88/626 (14%) nodes...
Processed 94/626 (15%) nodes...
Processed 101/626 (16%) nodes...
Processed 107/626 (17%) nodes...
Processed 113/626 (18%) nodes...
Processed 119/626 (19%) nodes...
Processed 126/626 (20%) nodes...
Processed 132/626 (21%) nodes...
Processed 138/626 (22%) nodes...
Processed 144/626 (23%) nodes...
Processed 151/626 (24%) nodes...
Processed 157/626 (25%) nodes...
Processed 163/626 (26%) nodes...
Processed 170/626 (27%) nodes...
Processed 176/626 (28%) nodes...
Processed 182/626 (29%) nodes...
Processed 188/626 (30%) nodes...
Processed 195/626 (31%) nodes...
Processed 201/626 (32%) nodes...
Processed 207/626 (33%) nodes...
Processed 213/626 (34%) nodes...
Processed 220/626 (35%) nodes...
Processed 226/626 (36%) nodes...
Processed 232/626 (37%) nodes...
Processed 238/626 (38%) nodes...
Processed 245/626 (39%) nodes...
Processed 251/626 (40%) nodes...
Processed 257/626 (41%) nodes...
Processed 263/626 (42%) nodes...
Processed 270/626 (43%) nodes...
Processed 276/626 (44%) nodes...
Processed 282/626 (45%) nodes...
Processed 288/626 (46%) nodes...
Processed 295/626 (47%) nodes...
Processed 301/626 (48%) nodes...
Processed 307/626 (49%) nodes...
Processed 313/626 (50%) nodes...
Processed 320/626 (51%) nodes...
Processed 326/626 (52%) nodes...
Processed 332/626 (53%) nodes...
Processed 339/626 (54%) nodes...
Processed 345/626 (55%) nodes...
Processed 351/626 (56%) nodes...
Processed 357/626 (57%) nodes...
Processed 364/626 (58%) nodes...
Processed 370/626 (59%) nodes...
Processed 376/626 (60%) nodes...
Processed 382/626 (61%) nodes...
Processed 389/626 (62%) nodes...
Processed 395/626 (63%) nodes...
Processed 401/626 (64%) nodes...
Processed 407/626 (65%) nodes...
Processed 414/626 (66%) nodes...
Processed 420/626 (67%) nodes...
Processed 426/626 (68%) nodes...
Processed 432/626 (69%) nodes...
Processed 439/626 (70%) nodes...
Processed 445/626 (71%) nodes...
Processed 451/626 (72%) nodes...
Processed 457/626 (73%) nodes...
Processed 464/626 (74%) nodes...
Processed 470/626 (75%) nodes...
Processed 476/626 (76%) nodes...
Processed 483/626 (77%) nodes...
Processed 489/626 (78%) nodes...
Processed 495/626 (79%) nodes...
Processed 501/626 (80%) nodes...
Processed 508/626 (81%) nodes...
Processed 514/626 (82%) nodes...
Processed 520/626 (83%) nodes...
Processed 526/626 (84%) nodes...
Processed 533/626 (85%) nodes...
Processed 539/626 (86%) nodes...
Processed 545/626 (87%) nodes...
Processed 551/626 (88%) nodes...
Processed 558/626 (89%) nodes...
Processed 564/626 (90%) nodes...
Processed 570/626 (91%) nodes...
Processed 576/626 (92%) nodes...
Processed 583/626 (93%) nodes...
Processed 589/626 (94%) nodes...
Processed 595/626 (95%) nodes...
Processed 601/626 (96%) nodes...
Processed 608/626 (97%) nodes...
Processed 614/626 (98%) nodes...
Processed 620/626 (99%) nodes...
Processed 626/626 (100%) nodes...
626 poses exported to "/home/alessandro/metrics_husky_r0148/fixed_trajectory/swept_lidar/differential/run05/opt_traj_poses.txt". (min=[-16.117737,-39.991455,-0.782431] max=[21.419186,0.959608,7.421681])
