xacro: in-order processing became default in ROS Melodic. You can drop the option.
[33m[WARN] [1790669545.241874954]: The root link base_link has an inertia specified in the URDF, but KDL does not support a root link with an inertia.  As a workaround, you can add an extra dummy link to your URDF.[0m
[INFO] [1790669545.682529, 0.000000]: imu_ahrs: filtro complementario tau=1.00 s, compuerta |a|/g +-15%, sesgo con 200 muestras quieto
[WARN] [1790669551.342175, 0.000000]: el modelo "differential" no esta en /gazebo/model_states; nombres=['grass_plane', 'w1', 'w2', 'w3', 'w4', 'w5', 'w6', 'lc_mine', 'ramp', 'bump']
[INFO] [1790669545.591624, 0.000000]: Loading model XML from ros parameter swept_robot_description
[INFO] [1790669545.595371, 0.000000]: Waiting for service /gazebo/spawn_sdf_model
[INFO] [1790669548.606660, 0.000000]: Calling service /gazebo/spawn_sdf_model
[INFO] [1790669551.556896, 0.000500]: Spawn status: SpawnModel: Successfully spawned entity
Loaded 'joint_state_controller'
Loaded 'wheel_vel_controller_fl'
Loaded 'wheel_vel_controller_fr'
Loaded 'wheel_vel_controller_rl'
Loaded 'wheel_vel_controller_rr'
Started ['joint_state_controller'] successfully
Started ['wheel_vel_controller_fl'] successfully
Started ['wheel_vel_controller_fr'] successfully
Started ['wheel_vel_controller_rl'] successfully
Started ['wheel_vel_controller_rr'] successfully
[INFO] [1790669553.838958, 1.011000]: montaje husky/base_link <- husky/velodyne_base_link: xyz=(0.0000, 0.0000, 0.5192)
[INFO] [1790669553.840467, 1.012000]: la nube ya trae canal de tiempo "time"; se reutiliza
[INFO] [1790669553.994841, 1.089000]: nube: 27843 puntos, 360 sectores (0 vacios), costura en 0.0 deg, sentido +1, desfases 0.0000..0.0999 s | entradas=2 DEFORMADAS=1 sin_deformar=0 tarde=0 cola=1
[INFO] [1790669556.561401, 2.371000]: imu_ahrs: sesgo del giroscopo [-0.00088 -0.01425 +0.00400] rad/s con 200 muestras; actitud inicial roll=-3.06 pitch=-3.67 deg
[INFO] [1790669564.004390, 6.089500]: nube: 28097 puntos, 360 sectores (0 vacios), costura en 0.0 deg, sentido +1, desfases 0.0000..0.0999 s | entradas=52 DEFORMADAS=51 sin_deformar=0 tarde=0 cola=1
[INFO] [1790669574.034376, 11.093000]: nube: 28097 puntos, 360 sectores (0 vacios), costura en 0.0 deg, sentido +1, desfases 0.0000..0.0999 s | entradas=102 DEFORMADAS=101 sin_deformar=0 tarde=0 cola=1
[INFO] [1790669584.096791, 16.097500]: nube: 28095 puntos, 360 sectores (0 vacios), costura en 0.0 deg, sentido +1, desfases 0.0000..0.0999 s | entradas=152 DEFORMADAS=151 sin_deformar=0 tarde=0 cola=1
[INFO] [1790669594.309066, 21.199000]: nube: 28097 puntos, 360 sectores (0 vacios), costura en 0.0 deg, sentido +1, desfases 0.0000..0.0999 s | entradas=203 DEFORMADAS=202 sin_deformar=0 tarde=0 cola=1
[INFO] [1790669604.511334, 26.294500]: nube: 28100 puntos, 360 sectores (0 vacios), costura en 0.0 deg, sentido +1, desfases 0.0000..0.0999 s | entradas=254 DEFORMADAS=253 sin_deformar=0 tarde=0 cola=1
[INFO] [1790669614.713566, 31.390500]: nube: 28110 puntos, 360 sectores (0 vacios), costura en 0.0 deg, sentido +1, desfases 0.0000..0.0999 s | entradas=305 DEFORMADAS=304 sin_deformar=0 tarde=0 cola=1
[INFO] [1790669624.729443, 36.393500]: nube: 28103 puntos, 360 sectores (0 vacios), costura en 0.0 deg, sentido +1, desfases 0.0000..0.0999 s | entradas=355 DEFORMADAS=354 sin_deformar=0 tarde=0 cola=1
[INFO] [1790669634.748283, 41.397500]: nube: 28110 puntos, 360 sectores (0 vacios), costura en 0.0 deg, sentido +1, desfases 0.0000..0.0999 s | entradas=405 DEFORMADAS=404 sin_deformar=0 tarde=0 cola=1
[INFO] [1790669644.965190, 46.498500]: nube: 28110 puntos, 360 sectores (0 vacios), costura en 0.0 deg, sentido +1, desfases 0.0000..0.0999 s | entradas=456 DEFORMADAS=455 sin_deformar=0 tarde=0 cola=1
[INFO] [1790669655.164217, 51.592500]: nube: 28109 puntos, 360 sectores (0 vacios), costura en 0.0 deg, sentido +1, desfases 0.0000..0.0999 s | entradas=507 DEFORMADAS=506 sin_deformar=0 tarde=0 cola=1
[INFO] [1790669665.381841, 56.694500]: nube: 28110 puntos, 360 sectores (0 vacios), costura en 0.0 deg, sentido +1, desfases 0.0000..0.0999 s | entradas=558 DEFORMADAS=557 sin_deformar=0 tarde=0 cola=1
[INFO] [1790669675.403656, 61.698500]: nube: 28110 puntos, 360 sectores (0 vacios), costura en 0.0 deg, sentido +1, desfases 0.0000..0.0999 s | entradas=608 DEFORMADAS=607 sin_deformar=0 tarde=0 cola=1
[INFO] [1790669685.415648, 66.699500]: nube: 28110 puntos, 360 sectores (0 vacios), costura en 0.0 deg, sentido +1, desfases 0.0000..0.0999 s | entradas=658 DEFORMADAS=657 sin_deformar=0 tarde=0 cola=1
[INFO] [1790669695.611373, 71.789000]: nube: 28110 puntos, 360 sectores (0 vacios), costura en 0.0 deg, sentido +1, desfases 0.0000..0.0999 s | entradas=709 DEFORMADAS=708 sin_deformar=0 tarde=0 cola=1
[INFO] [1790669705.639767, 76.797500]: nube: 28110 puntos, 360 sectores (0 vacios), costura en 0.0 deg, sentido +1, desfases 0.0000..0.0999 s | entradas=759 DEFORMADAS=758 sin_deformar=0 tarde=0 cola=1
[INFO] [1790669715.850354, 81.897500]: nube: 28110 puntos, 360 sectores (0 vacios), costura en 0.0 deg, sentido +1, desfases 0.0000..0.0999 s | entradas=810 DEFORMADAS=809 sin_deformar=0 tarde=0 cola=1
[INFO] [1790669726.058403, 86.995500]: nube: 28110 puntos, 360 sectores (0 vacios), costura en 0.0 deg, sentido +1, desfases 0.0000..0.0999 s | entradas=861 DEFORMADAS=860 sin_deformar=0 tarde=0 cola=1
[INFO] [1790669736.073198, 91.997500]: nube: 28110 puntos, 360 sectores (0 vacios), costura en 0.0 deg, sentido +1, desfases 0.0000..0.0999 s | entradas=911 DEFORMADAS=910 sin_deformar=0 tarde=0 cola=1
[INFO] [1790669746.085959, 96.998000]: nube: 28110 puntos, 360 sectores (0 vacios), costura en 0.0 deg, sentido +1, desfases 0.0000..0.0999 s | entradas=961 DEFORMADAS=960 sin_deformar=0 tarde=0 cola=1
[INFO] [1790669756.303811, 102.097500]: nube: 28110 puntos, 360 sectores (0 vacios), costura en 0.0 deg, sentido +1, desfases 0.0000..0.0999 s | entradas=1012 DEFORMADAS=1011 sin_deformar=0 tarde=0 cola=1
[INFO] [1790669766.511032, 107.195500]: nube: 28110 puntos, 360 sectores (0 vacios), costura en 0.0 deg, sentido +1, desfases 0.0000..0.0999 s | entradas=1063 DEFORMADAS=1062 sin_deformar=0 tarde=0 cola=1
[INFO] [1790669776.711917, 112.290500]: nube: 25576 puntos, 360 sectores (0 vacios), costura en 0.0 deg, sentido +1, desfases 0.0000..0.0999 s | entradas=1114 DEFORMADAS=1113 sin_deformar=0 tarde=0 cola=1
[INFO] [1790669786.734622, 117.295500]: nube: 28110 puntos, 360 sectores (0 vacios), costura en 0.0 deg, sentido +1, desfases 0.0000..0.0999 s | entradas=1164 DEFORMADAS=1163 sin_deformar=0 tarde=0 cola=1
[INFO] [1790669796.754309, 122.299500]: nube: 28110 puntos, 360 sectores (0 vacios), costura en 0.0 deg, sentido +1, desfases 0.0000..0.0999 s | entradas=1214 DEFORMADAS=1213 sin_deformar=0 tarde=0 cola=1
[INFO] [1790669806.948409, 127.391000]: nube: 28110 puntos, 360 sectores (0 vacios), costura en 0.0 deg, sentido +1, desfases 0.0000..0.0999 s | entradas=1265 DEFORMADAS=1264 sin_deformar=0 tarde=0 cola=1
[INFO] [1790669816.973165, 132.398000]: nube: 28110 puntos, 360 sectores (0 vacios), costura en 0.0 deg, sentido +1, desfases 0.0000..0.0999 s | entradas=1315 DEFORMADAS=1314 sin_deformar=0 tarde=0 cola=1
[INFO] [1790669827.178820, 137.495500]: nube: 28110 puntos, 360 sectores (0 vacios), costura en 0.0 deg, sentido +1, desfases 0.0000..0.0999 s | entradas=1366 DEFORMADAS=1365 sin_deformar=0 tarde=0 cola=1
[INFO] [1790669837.199110, 142.497000]: nube: 28110 puntos, 360 sectores (0 vacios), costura en 0.0 deg, sentido +1, desfases 0.0000..0.0999 s | entradas=1416 DEFORMADAS=1415 sin_deformar=0 tarde=0 cola=1
[INFO] [1790669847.417420, 147.597500]: nube: 28110 puntos, 360 sectores (0 vacios), costura en 0.0 deg, sentido +1, desfases 0.0000..0.0999 s | entradas=1467 DEFORMADAS=1466 sin_deformar=0 tarde=0 cola=1
[INFO] [1790669857.613725, 152.692000]: nube: 28110 puntos, 360 sectores (0 vacios), costura en 0.0 deg, sentido +1, desfases 0.0000..0.0999 s | entradas=1518 DEFORMADAS=1517 sin_deformar=0 tarde=0 cola=1
[INFO] [1790669867.630780, 157.694500]: nube: 28110 puntos, 360 sectores (0 vacios), costura en 0.0 deg, sentido +1, desfases 0.0000..0.0999 s | entradas=1568 DEFORMADAS=1567 sin_deformar=0 tarde=0 cola=1
[INFO] [1790669877.836105, 162.791000]: nube: 28110 puntos, 360 sectores (0 vacios), costura en 0.0 deg, sentido +1, desfases 0.0000..0.0999 s | entradas=1619 DEFORMADAS=1618 sin_deformar=0 tarde=0 cola=1
[INFO] [1790669887.858915, 167.796000]: nube: 28110 puntos, 360 sectores (0 vacios), costura en 0.0 deg, sentido +1, desfases 0.0000..0.0999 s | entradas=1669 DEFORMADAS=1668 sin_deformar=0 tarde=0 cola=1
[INFO] [1790669897.871392, 172.796500]: nube: 28110 puntos, 360 sectores (0 vacios), costura en 0.0 deg, sentido +1, desfases 0.0000..0.0999 s | entradas=1719 DEFORMADAS=1718 sin_deformar=0 tarde=0 cola=1
[INFO] [1790669908.084363, 177.897500]: nube: 28110 puntos, 360 sectores (0 vacios), costura en 0.0 deg, sentido +1, desfases 0.0000..0.0999 s | entradas=1770 DEFORMADAS=1769 sin_deformar=0 tarde=0 cola=1
[INFO] [1790669918.286768, 182.993000]: nube: 28110 puntos, 360 sectores (0 vacios), costura en 0.0 deg, sentido +1, desfases 0.0000..0.0999 s | entradas=1821 DEFORMADAS=1820 sin_deformar=0 tarde=0 cola=1
[INFO] [1790669928.494794, 188.091000]: nube: 28110 puntos, 360 sectores (0 vacios), costura en 0.0 deg, sentido +1, desfases 0.0000..0.0999 s | entradas=1872 DEFORMADAS=1871 sin_deformar=0 tarde=0 cola=1
[INFO] [1790669938.522577, 193.099000]: nube: 28110 puntos, 360 sectores (0 vacios), costura en 0.0 deg, sentido +1, desfases 0.0000..0.0999 s | entradas=1922 DEFORMADAS=1921 sin_deformar=0 tarde=0 cola=1
[INFO] [1790669948.734547, 198.199500]: nube: 28110 puntos, 360 sectores (0 vacios), costura en 0.0 deg, sentido +1, desfases 0.0000..0.0999 s | entradas=1973 DEFORMADAS=1972 sin_deformar=0 tarde=0 cola=1
[INFO] [1790669958.930691, 203.292500]: nube: 28110 puntos, 360 sectores (0 vacios), costura en 0.0 deg, sentido +1, desfases 0.0000..0.0999 s | entradas=2024 DEFORMADAS=2023 sin_deformar=0 tarde=0 cola=1
[INFO] [1790669968.954620, 208.297500]: nube: 28110 puntos, 360 sectores (0 vacios), costura en 0.0 deg, sentido +1, desfases 0.0000..0.0999 s | entradas=2074 DEFORMADAS=2073 sin_deformar=0 tarde=0 cola=1
[INFO] [1790669978.974111, 213.300500]: nube: 28110 puntos, 360 sectores (0 vacios), costura en 0.0 deg, sentido +1, desfases 0.0000..0.0999 s | entradas=2124 DEFORMADAS=2123 sin_deformar=0 tarde=0 cola=1
[INFO] [1790669989.172289, 218.392500]: nube: 28110 puntos, 360 sectores (0 vacios), costura en 0.0 deg, sentido +1, desfases 0.0000..0.0999 s | entradas=2175 DEFORMADAS=2174 sin_deformar=0 tarde=0 cola=1
[INFO] [1790669999.198058, 223.400000]: nube: 28110 puntos, 360 sectores (0 vacios), costura en 0.0 deg, sentido +1, desfases 0.0000..0.0999 s | entradas=2225 DEFORMADAS=2224 sin_deformar=0 tarde=0 cola=1
[INFO] [1790670009.412194, 228.500000]: nube: 28110 puntos, 360 sectores (0 vacios), costura en 0.0 deg, sentido +1, desfases 0.0000..0.0999 s | entradas=2276 DEFORMADAS=2275 sin_deformar=0 tarde=0 cola=1
[INFO] [1790670019.608352, 233.594000]: nube: 28110 puntos, 360 sectores (0 vacios), costura en 0.0 deg, sentido +1, desfases 0.0000..0.0999 s | entradas=2327 DEFORMADAS=2326 sin_deformar=0 tarde=0 cola=1
[INFO] [1790670029.624717, 238.597000]: nube: 28110 puntos, 360 sectores (0 vacios), costura en 0.0 deg, sentido +1, desfases 0.0000..0.0999 s | entradas=2377 DEFORMADAS=2376 sin_deformar=0 tarde=0 cola=1
[INFO] [1790670039.830373, 243.694000]: nube: 28110 puntos, 360 sectores (0 vacios), costura en 0.0 deg, sentido +1, desfases 0.0000..0.0999 s | entradas=2428 DEFORMADAS=2427 sin_deformar=0 tarde=0 cola=1
[INFO] [1790670050.049473, 248.796000]: nube: 28110 puntos, 360 sectores (0 vacios), costura en 0.0 deg, sentido +1, desfases 0.0000..0.0999 s | entradas=2479 DEFORMADAS=2478 sin_deformar=0 tarde=0 cola=1
[INFO] [1790670060.068734, 253.798500]: nube: 28110 puntos, 360 sectores (0 vacios), costura en 0.0 deg, sentido +1, desfases 0.0000..0.0999 s | entradas=2529 DEFORMADAS=2528 sin_deformar=0 tarde=0 cola=1
[INFO] [1790670070.269331, 258.893500]: nube: 28110 puntos, 360 sectores (0 vacios), costura en 0.0 deg, sentido +1, desfases 0.0000..0.0999 s | entradas=2580 DEFORMADAS=2579 sin_deformar=0 tarde=0 cola=1
[INFO] [1790670080.286804, 263.896500]: nube: 28110 puntos, 360 sectores (0 vacios), costura en 0.0 deg, sentido +1, desfases 0.0000..0.0999 s | entradas=2630 DEFORMADAS=2629 sin_deformar=0 tarde=0 cola=1
[INFO] [1790670090.495181, 268.994000]: nube: 28110 puntos, 360 sectores (0 vacios), costura en 0.0 deg, sentido +1, desfases 0.0000..0.0999 s | entradas=2681 DEFORMADAS=2680 sin_deformar=0 tarde=0 cola=1
[INFO] [1790670100.516770, 273.998000]: nube: 28110 puntos, 360 sectores (0 vacios), costura en 0.0 deg, sentido +1, desfases 0.0000..0.0999 s | entradas=2731 DEFORMADAS=2730 sin_deformar=0 tarde=0 cola=1
[INFO] [1790670110.715537, 279.092000]: nube: 28110 puntos, 360 sectores (0 vacios), costura en 0.0 deg, sentido +1, desfases 0.0000..0.0999 s | entradas=2782 DEFORMADAS=2781 sin_deformar=0 tarde=0 cola=1
[INFO] [1790670120.927491, 284.193000]: nube: 28110 puntos, 360 sectores (0 vacios), costura en 0.0 deg, sentido +1, desfases 0.0000..0.0999 s | entradas=2833 DEFORMADAS=2832 sin_deformar=0 tarde=0 cola=1
[INFO] [1790670130.944046, 289.195500]: nube: 28110 puntos, 360 sectores (0 vacios), costura en 0.0 deg, sentido +1, desfases 0.0000..0.0999 s | entradas=2883 DEFORMADAS=2882 sin_deformar=0 tarde=0 cola=1
[INFO] [1790670141.156800, 294.294000]: nube: 28102 puntos, 360 sectores (0 vacios), costura en 0.0 deg, sentido +1, desfases 0.0000..0.0999 s | entradas=2934 DEFORMADAS=2933 sin_deformar=0 tarde=0 cola=1
[INFO] [1790670151.171474, 299.295000]: nube: 28110 puntos, 360 sectores (0 vacios), costura en 0.0 deg, sentido +1, desfases 0.0000..0.0999 s | entradas=2984 DEFORMADAS=2983 sin_deformar=0 tarde=0 cola=1
[INFO] [1790670161.185706, 304.295500]: nube: 28110 puntos, 360 sectores (0 vacios), costura en 0.0 deg, sentido +1, desfases 0.0000..0.0999 s | entradas=3034 DEFORMADAS=3033 sin_deformar=0 tarde=0 cola=1
[INFO] [1790670171.228929, 309.308500]: nube: 28098 puntos, 360 sectores (0 vacios), costura en 0.0 deg, sentido +1, desfases 0.0000..0.0999 s | entradas=3084 DEFORMADAS=3083 sin_deformar=0 tarde=0 cola=1
[INFO] [1790670181.434762, 314.405000]: nube: 28101 puntos, 360 sectores (0 vacios), costura en 0.0 deg, sentido +1, desfases 0.0000..0.0999 s | entradas=3135 DEFORMADAS=3134 sin_deformar=0 tarde=0 cola=1
[INFO] [1790670191.638546, 319.503000]: nube: 28110 puntos, 360 sectores (0 vacios), costura en 0.0 deg, sentido +1, desfases 0.0000..0.0999 s | entradas=3186 DEFORMADAS=3185 sin_deformar=0 tarde=0 cola=1
[INFO] [1790670201.846177, 324.597500]: nube: 28110 puntos, 360 sectores (0 vacios), costura en 0.0 deg, sentido +1, desfases 0.0000..0.0999 s | entradas=3237 DEFORMADAS=3236 sin_deformar=0 tarde=0 cola=1
[INFO] [1790670212.043317, 329.690000]: nube: 23640 puntos, 360 sectores (34 vacios), costura en 0.0 deg, sentido +1, desfases 0.0000..0.0999 s | entradas=3288 DEFORMADAS=3287 sin_deformar=0 tarde=0 cola=1
[INFO] [1790670222.102772, 334.710000]: nube: 28106 puntos, 360 sectores (0 vacios), costura en 0.0 deg, sentido +1, desfases 0.0000..0.0999 s | entradas=3338 DEFORMADAS=3337 sin_deformar=0 tarde=0 cola=1
[INFO] [1790670232.295312, 339.802500]: nube: 28096 puntos, 360 sectores (0 vacios), costura en 0.0 deg, sentido +1, desfases 0.0000..0.0999 s | entradas=3389 DEFORMADAS=3388 sin_deformar=0 tarde=0 cola=1
[INFO] [1790670242.483801, 344.891000]: nube: 28095 puntos, 360 sectores (0 vacios), costura en 0.0 deg, sentido +1, desfases 0.0000..0.0999 s | entradas=3440 DEFORMADAS=3439 sin_deformar=0 tarde=0 cola=1
[INFO] [1790670252.501335, 349.893500]: nube: 28103 puntos, 360 sectores (0 vacios), costura en 0.0 deg, sentido +1, desfases 0.0000..0.0999 s | entradas=3490 DEFORMADAS=3489 sin_deformar=0 tarde=0 cola=1
[INFO] [1790670262.523350, 354.898500]: nube: 28098 puntos, 360 sectores (0 vacios), costura en 0.0 deg, sentido +1, desfases 0.0000..0.0999 s | entradas=3540 DEFORMADAS=3539 sin_deformar=0 tarde=0 cola=1
[INFO] [1790670272.722552, 359.990500]: nube: 28110 puntos, 360 sectores (0 vacios), costura en 0.0 deg, sentido +1, desfases 0.0000..0.0999 s | entradas=3591 DEFORMADAS=3590 sin_deformar=0 tarde=0 cola=1
[INFO] [1790670282.754637, 364.999500]: nube: 28097 puntos, 360 sectores (0 vacios), costura en 0.0 deg, sentido +1, desfases 0.0000..0.0999 s | entradas=3641 DEFORMADAS=3640 sin_deformar=0 tarde=0 cola=1
[INFO] [1790670292.952432, 370.091000]: nube: 28110 puntos, 360 sectores (0 vacios), costura en 0.0 deg, sentido +1, desfases 0.0000..0.0999 s | entradas=3692 DEFORMADAS=3691 sin_deformar=0 tarde=0 cola=1
[INFO] [1790670302.976601, 375.092000]: nube: 28110 puntos, 360 sectores (0 vacios), costura en 0.0 deg, sentido +1, desfases 0.0000..0.0999 s | entradas=3742 DEFORMADAS=3741 sin_deformar=0 tarde=0 cola=1
[INFO] [1790670313.003662, 380.099000]: nube: 28110 puntos, 360 sectores (0 vacios), costura en 0.0 deg, sentido +1, desfases 0.0000..0.0999 s | entradas=3792 DEFORMADAS=3791 sin_deformar=0 tarde=0 cola=1
[INFO] [1790670323.218238, 385.199500]: nube: 28110 puntos, 360 sectores (0 vacios), costura en 0.0 deg, sentido +1, desfases 0.0000..0.0999 s | entradas=3843 DEFORMADAS=3842 sin_deformar=0 tarde=0 cola=1
[INFO] [1790670333.426415, 390.295500]: nube: 28110 puntos, 360 sectores (0 vacios), costura en 0.0 deg, sentido +1, desfases 0.0000..0.0999 s | entradas=3894 DEFORMADAS=3893 sin_deformar=0 tarde=0 cola=1
[INFO] [1790670343.642128, 395.397000]: nube: 28110 puntos, 360 sectores (0 vacios), costura en 0.0 deg, sentido +1, desfases 0.0000..0.0999 s | entradas=3945 DEFORMADAS=3944 sin_deformar=0 tarde=0 cola=1
[INFO] [1790670353.687792, 400.410000]: nube: 28110 puntos, 360 sectores (0 vacios), costura en 0.0 deg, sentido +1, desfases 0.0000..0.0999 s | entradas=3995 DEFORMADAS=3994 sin_deformar=0 tarde=0 cola=1
[INFO] [1790670363.894447, 405.500000]: nube: 28110 puntos, 360 sectores (0 vacios), costura en 0.0 deg, sentido +1, desfases 0.0000..0.0999 s | entradas=4046 DEFORMADAS=4045 sin_deformar=0 tarde=0 cola=1
[INFO] [1790670373.913884, 410.505500]: nube: 28110 puntos, 360 sectores (0 vacios), costura en 0.0 deg, sentido +1, desfases 0.0000..0.0999 s | entradas=4096 DEFORMADAS=4095 sin_deformar=0 tarde=0 cola=1
[INFO] [1790670383.933352, 415.508500]: nube: 28110 puntos, 360 sectores (0 vacios), costura en 0.0 deg, sentido +1, desfases 0.0000..0.0999 s | entradas=4146 DEFORMADAS=4145 sin_deformar=0 tarde=0 cola=1
[INFO] [1790670394.144370, 420.607500]: nube: 28110 puntos, 360 sectores (0 vacios), costura en 0.0 deg, sentido +1, desfases 0.0000..0.0999 s | entradas=4197 DEFORMADAS=4196 sin_deformar=0 tarde=0 cola=1
[INFO] [1790670404.337679, 425.696500]: nube: 28110 puntos, 360 sectores (0 vacios), costura en 0.0 deg, sentido +1, desfases 0.0000..0.0999 s | entradas=4248 DEFORMADAS=4247 sin_deformar=0 tarde=0 cola=1
[INFO] [1790670414.544564, 430.793500]: nube: 28110 puntos, 360 sectores (0 vacios), costura en 0.0 deg, sentido +1, desfases 0.0000..0.0999 s | entradas=4299 DEFORMADAS=4298 sin_deformar=0 tarde=0 cola=1
[INFO] [1790670424.754370, 435.889500]: nube: 26130 puntos, 360 sectores (0 vacios), costura en 0.0 deg, sentido +1, desfases 0.0000..0.0999 s | entradas=4350 DEFORMADAS=4349 sin_deformar=0 tarde=0 cola=1
[INFO] [1790670434.765433, 440.890500]: nube: 28110 puntos, 360 sectores (0 vacios), costura en 0.0 deg, sentido +1, desfases 0.0000..0.0999 s | entradas=4400 DEFORMADAS=4399 sin_deformar=0 tarde=0 cola=1
[INFO] [1790670444.789511, 445.895500]: nube: 28110 puntos, 360 sectores (0 vacios), costura en 0.0 deg, sentido +1, desfases 0.0000..0.0999 s | entradas=4450 DEFORMADAS=4449 sin_deformar=0 tarde=0 cola=1
[INFO] [1790670454.813502, 450.899500]: nube: 28110 puntos, 360 sectores (0 vacios), costura en 0.0 deg, sentido +1, desfases 0.0000..0.0999 s | entradas=4500 DEFORMADAS=4499 sin_deformar=0 tarde=0 cola=1
[INFO] [1790670465.011070, 455.991500]: nube: 28110 puntos, 360 sectores (0 vacios), costura en 0.0 deg, sentido +1, desfases 0.0000..0.0999 s | entradas=4551 DEFORMADAS=4550 sin_deformar=0 tarde=0 cola=1
[INFO] [1790670475.026730, 460.992000]: nube: 28110 puntos, 360 sectores (0 vacios), costura en 0.0 deg, sentido +1, desfases 0.0000..0.0999 s | entradas=4601 DEFORMADAS=4600 sin_deformar=0 tarde=0 cola=1
[INFO] [1790670485.064043, 466.003500]: nube: 28110 puntos, 360 sectores (0 vacios), costura en 0.0 deg, sentido +1, desfases 0.0000..0.0999 s | entradas=4651 DEFORMADAS=4650 sin_deformar=0 tarde=0 cola=1
[INFO] [1790670495.089413, 471.005000]: nube: 28110 puntos, 360 sectores (0 vacios), costura en 0.0 deg, sentido +1, desfases 0.0000..0.0999 s | entradas=4701 DEFORMADAS=4700 sin_deformar=0 tarde=0 cola=1
[INFO] [1790670505.307838, 476.107500]: nube: 28110 puntos, 360 sectores (0 vacios), costura en 0.0 deg, sentido +1, desfases 0.0000..0.0999 s | entradas=4752 DEFORMADAS=4751 sin_deformar=0 tarde=0 cola=1
[INFO] [1790670515.523934, 481.207500]: nube: 28110 puntos, 360 sectores (0 vacios), costura en 0.0 deg, sentido +1, desfases 0.0000..0.0999 s | entradas=4803 DEFORMADAS=4802 sin_deformar=0 tarde=0 cola=1
[INFO] [1790670525.730076, 486.305500]: nube: 28110 puntos, 360 sectores (0 vacios), costura en 0.0 deg, sentido +1, desfases 0.0000..0.0999 s | entradas=4854 DEFORMADAS=4853 sin_deformar=0 tarde=0 cola=1
[INFO] [1790670535.945750, 491.407000]: nube: 28110 puntos, 360 sectores (0 vacios), costura en 0.0 deg, sentido +1, desfases 0.0000..0.0999 s | entradas=4905 DEFORMADAS=4904 sin_deformar=0 tarde=0 cola=1
[INFO] [1790670545.964484, 496.410500]: nube: 28110 puntos, 360 sectores (0 vacios), costura en 0.0 deg, sentido +1, desfases 0.0000..0.0999 s | entradas=4955 DEFORMADAS=4954 sin_deformar=0 tarde=0 cola=1
[INFO] [1790670556.183233, 501.513000]: nube: 28110 puntos, 360 sectores (0 vacios), costura en 0.0 deg, sentido +1, desfases 0.0000..0.0999 s | entradas=5006 DEFORMADAS=5005 sin_deformar=0 tarde=0 cola=1
[INFO] [1790670566.388310, 506.609000]: nube: 28110 puntos, 360 sectores (0 vacios), costura en 0.0 deg, sentido +1, desfases 0.0000..0.0999 s | entradas=5057 DEFORMADAS=5056 sin_deformar=0 tarde=0 cola=1
[INFO] [1790670576.589828, 511.703500]: nube: 28110 puntos, 360 sectores (0 vacios), costura en 0.0 deg, sentido +1, desfases 0.0000..0.0999 s | entradas=5108 DEFORMADAS=5107 sin_deformar=0 tarde=0 cola=1
[INFO] [1790670586.808929, 516.806000]: nube: 28110 puntos, 360 sectores (0 vacios), costura en 0.0 deg, sentido +1, desfases 0.0000..0.0999 s | entradas=5159 DEFORMADAS=5158 sin_deformar=0 tarde=0 cola=1
[INFO] [1790670597.027054, 521.908500]: nube: 28110 puntos, 360 sectores (0 vacios), costura en 0.0 deg, sentido +1, desfases 0.0000..0.0999 s | entradas=5210 DEFORMADAS=5209 sin_deformar=0 tarde=0 cola=1
[INFO] [1790670607.232499, 527.003500]: nube: 28110 puntos, 360 sectores (0 vacios), costura en 0.0 deg, sentido +1, desfases 0.0000..0.0999 s | entradas=5261 DEFORMADAS=5260 sin_deformar=0 tarde=0 cola=1
[INFO] [1790670617.448176, 532.103500]: nube: 28110 puntos, 360 sectores (0 vacios), costura en 0.0 deg, sentido +1, desfases 0.0000..0.0999 s | entradas=5312 DEFORMADAS=5311 sin_deformar=0 tarde=0 cola=1
[INFO] [1790670627.474728, 537.108000]: nube: 28110 puntos, 360 sectores (0 vacios), costura en 0.0 deg, sentido +1, desfases 0.0000..0.0999 s | entradas=5362 DEFORMADAS=5361 sin_deformar=0 tarde=0 cola=1
[INFO] [1790670637.670042, 542.201000]: nube: 28110 puntos, 360 sectores (0 vacios), costura en 0.0 deg, sentido +1, desfases 0.0000..0.0999 s | entradas=5413 DEFORMADAS=5412 sin_deformar=0 tarde=0 cola=1
[INFO] [1790670647.868829, 547.292500]: nube: 28110 puntos, 360 sectores (0 vacios), costura en 0.0 deg, sentido +1, desfases 0.0000..0.0999 s | entradas=5464 DEFORMADAS=5463 sin_deformar=0 tarde=0 cola=1
[INFO] [1790670657.887830, 552.296000]: nube: 28110 puntos, 360 sectores (0 vacios), costura en 0.0 deg, sentido +1, desfases 0.0000..0.0999 s | entradas=5514 DEFORMADAS=5513 sin_deformar=0 tarde=0 cola=1
[INFO] [1790670667.918061, 557.304000]: nube: 28110 puntos, 360 sectores (0 vacios), costura en 0.0 deg, sentido +1, desfases 0.0000..0.0999 s | entradas=5564 DEFORMADAS=5563 sin_deformar=0 tarde=0 cola=1
[INFO] [1790670678.142345, 562.409000]: nube: 28110 puntos, 360 sectores (0 vacios), costura en 0.0 deg, sentido +1, desfases 0.0000..0.0999 s | entradas=5615 DEFORMADAS=5614 sin_deformar=0 tarde=0 cola=1
[INFO] [1790670688.324231, 567.493500]: nube: 28110 puntos, 360 sectores (0 vacios), costura en 0.0 deg, sentido +1, desfases 0.0000..0.0999 s | entradas=5666 DEFORMADAS=5665 sin_deformar=0 tarde=0 cola=1
[INFO] [1790670698.570426, 572.604500]: nube: 28110 puntos, 360 sectores (0 vacios), costura en 0.0 deg, sentido +1, desfases 0.0000..0.0999 s | entradas=5717 DEFORMADAS=5716 sin_deformar=0 tarde=0 cola=1
[INFO] [1790670708.648589, 577.626500]: nube: 28110 puntos, 360 sectores (0 vacios), costura en 0.0 deg, sentido +1, desfases 0.0000..0.0999 s | entradas=5767 DEFORMADAS=5766 sin_deformar=0 tarde=0 cola=1
[INFO] [1790670718.938335, 582.703000]: nube: 28110 puntos, 360 sectores (0 vacios), costura en 0.0 deg, sentido +1, desfases 0.0000..0.0999 s | entradas=5818 DEFORMADAS=5817 sin_deformar=0 tarde=0 cola=1
[INFO] [1790670729.161294, 587.794000]: nube: 28110 puntos, 360 sectores (0 vacios), costura en 0.0 deg, sentido +1, desfases 0.0000..0.0999 s | entradas=5869 DEFORMADAS=5868 sin_deformar=0 tarde=0 cola=1
[INFO] [1790670739.181507, 592.795500]: nube: 28110 puntos, 360 sectores (0 vacios), costura en 0.0 deg, sentido +1, desfases 0.0000..0.0999 s | entradas=5919 DEFORMADAS=5918 sin_deformar=0 tarde=0 cola=1
[INFO] [1790670749.393078, 597.819500]: nube: 28110 puntos, 360 sectores (0 vacios), costura en 0.0 deg, sentido +1, desfases 0.0000..0.0999 s | entradas=5969 DEFORMADAS=5968 sin_deformar=0 tarde=0 cola=1
[INFO] [1790670759.620716, 602.902500]: nube: 28110 puntos, 360 sectores (0 vacios), costura en 0.0 deg, sentido +1, desfases 0.0000..0.0999 s | entradas=6020 DEFORMADAS=6019 sin_deformar=0 tarde=0 cola=1
[INFO] [1790670769.731823, 607.938000]: nube: 28110 puntos, 360 sectores (0 vacios), costura en 0.0 deg, sentido +1, desfases 0.0000..0.0999 s | entradas=6070 DEFORMADAS=6069 sin_deformar=0 tarde=0 cola=1
[INFO] [1790670779.938055, 613.017000]: nube: 28099 puntos, 360 sectores (0 vacios), costura en 0.0 deg, sentido +1, desfases 0.0000..0.0999 s | entradas=6121 DEFORMADAS=6120 sin_deformar=0 tarde=0 cola=1
[INFO] [1790670790.140176, 618.105500]: nube: 28096 puntos, 360 sectores (0 vacios), costura en 0.0 deg, sentido +1, desfases 0.0000..0.0999 s | entradas=6172 DEFORMADAS=6171 sin_deformar=0 tarde=0 cola=1
[INFO] [1790670800.348099, 623.196000]: nube: 28101 puntos, 360 sectores (0 vacios), costura en 0.0 deg, sentido +1, desfases 0.0000..0.0999 s | entradas=6223 DEFORMADAS=6222 sin_deformar=0 tarde=0 cola=1
[INFO] [1790670810.408328, 628.209500]: nube: 28110 puntos, 360 sectores (0 vacios), costura en 0.0 deg, sentido +1, desfases 0.0000..0.0999 s | entradas=6273 DEFORMADAS=6272 sin_deformar=0 tarde=0 cola=1
[INFO] [1790670820.635660, 633.309000]: nube: 28101 puntos, 360 sectores (0 vacios), costura en 0.0 deg, sentido +1, desfases 0.0000..0.0999 s | entradas=6324 DEFORMADAS=6323 sin_deformar=0 tarde=0 cola=1
[INFO] [1790670830.869431, 638.390500]: nube: 28110 puntos, 360 sectores (0 vacios), costura en 0.0 deg, sentido +1, desfases 0.0000..0.0999 s | entradas=6375 DEFORMADAS=6373 sin_deformar=0 tarde=0 cola=2
[INFO] [1790670841.315638, 643.391000]: nube: 28110 puntos, 360 sectores (0 vacios), costura en 0.0 deg, sentido +1, desfases 0.0000..0.0999 s | entradas=6425 DEFORMADAS=6423 sin_deformar=0 tarde=0 cola=2
[INFO] [1790670851.451216, 648.415500]: nube: 26233 puntos, 360 sectores (0 vacios), costura en 0.0 deg, sentido +1, desfases 0.0000..0.0999 s | entradas=6475 DEFORMADAS=6474 sin_deformar=0 tarde=0 cola=1
[INFO] [1790670861.633475, 653.499000]: nube: 28101 puntos, 360 sectores (0 vacios), costura en 0.0 deg, sentido +1, desfases 0.0000..0.0999 s | entradas=6526 DEFORMADAS=6525 sin_deformar=0 tarde=0 cola=1
[INFO] [1790670871.845245, 658.595500]: nube: 28101 puntos, 360 sectores (0 vacios), costura en 0.0 deg, sentido +1, desfases 0.0000..0.0999 s | entradas=6577 DEFORMADAS=6576 sin_deformar=0 tarde=0 cola=1
[INFO] [1790670874.170655, 659.726500]: imu_ahrs: 65962 muestras, 1698 sin gravedad utilizable (2.6%), sesgo=[-0.00088 -0.01425 +0.00400] rad/s
[INFO] [1790670874.174170, 659.726500]: sweep_distortion: entradas=6588 deformadas=6587 sin_deformar=0 tarde=0 sin_montaje=0
Error in XmlRpcClient::writeRequest: write error (Connection refused).
Error in XmlRpcDispatch::work: couldn't find source iterator
Error in XmlRpcClient::writeRequest: write error (Connection refused).
Error in XmlRpcDispatch::work: couldn't find source iterator
Error in XmlRpcClient::writeRequest: write error (Connection refused).
Error in XmlRpcDispatch::work: couldn't find source iterator
Error in XmlRpcClient::writeRequest: write error (Connection refused).
Error in XmlRpcDispatch::work: couldn't find source iterator
Error in XmlRpcClient::writeRequest: write error (Connection refused).
Error in XmlRpcDispatch::work: couldn't find source iterator
Error in XmlRpcClient::writeRequest: write error (Connection refused).
Error in XmlRpcDispatch::work: couldn't find source iterator
Error in XmlRpcClient::writeRequest: write error (Connection refused).
Error in XmlRpcDispatch::work: couldn't find source iterator
Error in XmlRpcClient::writeRequest: write error (Connection refused).
Error in XmlRpcDispatch::work: couldn't find source iterator
[INFO] [1790669545.569101, 0.000000]: twist_to_wheels (Husky, skid-steer) started
[INFO] [1790669545.569940, 0.000000]:   track_width  = 0.5709 m
[INFO] [1790669545.570724, 0.000000]:   wheel_radius = 0.14800 m
... logging to /home/alessandro/.ros/log/80b58cec-bbdd-11f1-bd00-096508a55b3d/roslaunch-LAPTOP-EU6F9FQD-4077914.log
Checking log directory for disk usage. This may take a while.
Press Ctrl-C to interrupt
Done checking log file disk usage. Usage is <1GB.
]2;/home/alessandro/journal_comparison/src/differential/launch/lcmine_husky_world.launch
[1mstarted roslaunch server http://LAPTOP-EU6F9FQD:45657/[0m

SUMMARY
========

PARAMETERS
 * /gazebo/enable_ros_network: True
 * /husky/gazebo_ros_control/pid_gains/back_left_joint/d: 0.0
 * /husky/gazebo_ros_control/pid_gains/back_left_joint/i: 14.746
 * /husky/gazebo_ros_control/pid_gains/back_left_joint/i_clamp: 30.0
 * /husky/gazebo_ros_control/pid_gains/back_left_joint/p: 15.337
 * /husky/gazebo_ros_control/pid_gains/back_right_joint/d: 0.0
 * /husky/gazebo_ros_control/pid_gains/back_right_joint/i: 14.746
 * /husky/gazebo_ros_control/pid_gains/back_right_joint/i_clamp: 30.0
 * /husky/gazebo_ros_control/pid_gains/back_right_joint/p: 15.337
 * /husky/gazebo_ros_control/pid_gains/front_left_joint/d: 0.0
 * /husky/gazebo_ros_control/pid_gains/front_left_joint/i: 14.746
 * /husky/gazebo_ros_control/pid_gains/front_left_joint/i_clamp: 30.0
 * /husky/gazebo_ros_control/pid_gains/front_left_joint/p: 15.337
 * /husky/gazebo_ros_control/pid_gains/front_right_joint/d: 0.0
 * /husky/gazebo_ros_control/pid_gains/front_right_joint/i: 14.746
 * /husky/gazebo_ros_control/pid_gains/front_right_joint/i_clamp: 30.0
 * /husky/gazebo_ros_control/pid_gains/front_right_joint/p: 15.337
 * /husky/joint_state_controller/publish_rate: 50
 * /husky/joint_state_controller/type: joint_state_contr...
 * /husky/robot_description: <?xml version="1....
 * /husky/robot_state_publisher/tf_prefix: husky
 * /husky/twist_to_wheels/min_angular: 0.0
 * /husky/twist_to_wheels/track_width: 0.5709
 * /husky/twist_to_wheels/wheel_radius: 0.148
 * /husky/wheel_vel_controller_fl/joint: front_left_joint
 * /husky/wheel_vel_controller_fl/type: velocity_controll...
 * /husky/wheel_vel_controller_fr/joint: front_right_joint
 * /husky/wheel_vel_controller_fr/type: velocity_controll...
 * /husky/wheel_vel_controller_rl/joint: back_left_joint
 * /husky/wheel_vel_controller_rl/type: velocity_controll...
 * /husky/wheel_vel_controller_rr/joint: back_right_joint
 * /husky/wheel_vel_controller_rr/type: velocity_controll...
 * /imu_ahrs/accel_gate: 0.15
 * /imu_ahrs/angular_velocity_stddev: 0.009
 * /imu_ahrs/bias_samples: 200
 * /imu_ahrs/linear_acceleration_stddev: 0.021
 * /imu_ahrs/orientation_stddev: 0.02
 * /imu_ahrs/tau: 1.0
 * /rosdistro: noetic
 * /rosversion: 1.17.4
 * /sweep_distortion/base_frame: husky/base_link
 * /sweep_distortion/cut_angle_deg: 0.0
 * /sweep_distortion/frame_id: husky/velodyne_ba...
 * /sweep_distortion/input: /velodyne_points_raw
 * /sweep_distortion/model_name: differential
 * /sweep_distortion/output: /velodyne_points
 * /sweep_distortion/rotor_dir: 1
 * /sweep_distortion/rotor_hz: 10.0
 * /sweep_distortion/sectors: 360
 * /swept_robot_description: <sdf version="1.5...
 * /use_sim_time: True

NODES
  /
    gazebo (gazebo_ros/gzserver)
    imu_ahrs (robot_metrics/imu_ahrs.py)
    spawn_husky (gazebo_ros/spawn_model)
    sweep_distortion (robot_metrics/sweep_distortion.py)
  /husky/
    controller_starter (controller_manager/controller_manager)
    robot_state_publisher (robot_state_publisher/robot_state_publisher)
    twist_to_wheels (differential/twist_to_wheels.py)

auto-starting new master
[1mprocess[master]: started with pid [4077941][0m
[1mROS_MASTER_URI=http://localhost:11311[0m
]2;/home/alessandro/journal_comparison/src/differential/launch/lcmine_husky_world.launch http://localhost:11311
[1msetting /run_id to 80b58cec-bbdd-11f1-bd00-096508a55b3d[0m
[1mprocess[rosout-1]: started with pid [4077966][0m
started core service [/rosout]
[1mprocess[gazebo-2]: started with pid [4077973][0m
[1mprocess[spawn_husky-3]: started with pid [4077977][0m
[1mprocess[sweep_distortion-4]: started with pid [4077979][0m
[1mprocess[husky/controller_starter-5]: started with pid [4077980][0m
[1mprocess[husky/twist_to_wheels-6]: started with pid [4077981][0m
[1mprocess[husky/robot_state_publisher-7]: started with pid [4077982][0m
[1mprocess[imu_ahrs-8]: started with pid [4077983][0m
[1m[spawn_husky-3] process has finished cleanly
log file: /home/alessandro/.ros/log/80b58cec-bbdd-11f1-bd00-096508a55b3d/spawn_husky-3*.log[0m
[1m[husky/controller_starter-5] process has finished cleanly
log file: /home/alessandro/.ros/log/80b58cec-bbdd-11f1-bd00-096508a55b3d/husky-controller_starter-5*.log[0m
[imu_ahrs-8] killing on exit
[husky/robot_state_publisher-7] killing on exit
[husky/twist_to_wheels-6] killing on exit
[sweep_distortion-4] killing on exit
[gazebo-2] killing on exit
[rosout-1] killing on exit
[master] killing on exit
shutting down processing monitor...
... shutting down processing monitor complete
[1mdone[0m
