[INFO] [1790669580.671856, 14.385500]: MetricsLogger: robot=differential run=5
[INFO] [1790669580.673184, 14.386000]:   output    : /home/alessandro/metrics_husky_r0148/fixed_trajectory/swept_lidar/differential/run05
[INFO] [1790669580.675298, 14.387500]:   odom      : /rtabmap/odom
[INFO] [1790669580.677115, 14.388500]:   cmd_vel   : /husky/cmd_vel
[INFO] [1790669580.678282, 14.389000]:   gt model  : differential (via /gazebo/model_states, unfiltered)
[INFO] [1790669580.680135, 14.390000]:   efforts   : 4 driven joints
[INFO] [1790669580.681466, 14.391000]:   velocities: 4 driven joints
[INFO] [1790669580.682176, 14.391000]:   metrics   : 50.0 Hz
[INFO] [1790669580.683125, 14.391500]:   gt hi-rate: 1000.0 Hz (asked 800.0; every 2-th ModelStates at 2000 Hz physics) -> gt_highrate.csv
[INFO] [1790669645.232882, 46.631500]: [event] proximity_detection id=7 verdict=true gt_gap=13.030m  at gt=(47.16, -0.58) s=13.8m
[INFO] [1790669647.454083, 47.740500]: [event] proximity_detection id=8 verdict=true gt_gap=13.108m  at gt=(47.66, -0.77) s=14.4m
[INFO] [1790669649.418622, 48.721500]: [event] proximity_detection id=9 verdict=true gt_gap=13.111m  at gt=(48.07, -0.93) s=14.8m
[INFO] [1790669651.451265, 49.737500]: [event] proximity_detection id=10 verdict=true gt_gap=13.083m  at gt=(48.46, -1.12) s=15.2m
[INFO] [1790669653.469423, 50.745000]: [event] proximity_detection id=11 verdict=true gt_gap=12.981m  at gt=(48.80, -1.28) s=15.6m
[INFO] [1790669655.493895, 51.754500]: [event] proximity_detection id=12 verdict=true gt_gap=12.847m  at gt=(49.14, -1.44) s=16.0m
[INFO] [1790669657.487096, 52.750000]: [event] proximity_detection id=13 verdict=true gt_gap=12.781m  at gt=(49.48, -1.64) s=16.4m
[INFO] [1790669659.499942, 53.755500]: [event] proximity_detection id=14 verdict=true gt_gap=12.689m  at gt=(49.85, -1.88) s=16.8m
[INFO] [1790669661.497382, 54.752000]: [event] proximity_detection id=15 verdict=true gt_gap=12.631m  at gt=(50.21, -2.14) s=17.3m
[INFO] [1790669663.521623, 55.764000]: [event] proximity_detection id=16 verdict=true gt_gap=12.601m  at gt=(50.57, -2.43) s=17.7m
[INFO] [1790669665.710531, 56.857500]: [event] proximity_detection id=17 verdict=true gt_gap=12.629m  at gt=(50.97, -2.74) s=18.2m
[INFO] [1790669667.723315, 57.861500]: [event] proximity_detection id=18 verdict=true gt_gap=12.675m  at gt=(51.35, -3.03) s=18.7m
[INFO] [1790669673.939641, 60.967000]: [event] proximity_detection id=21 verdict=true gt_gap=12.548m  at gt=(52.19, -3.81) s=19.9m
[INFO] [1790669717.735356, 82.838000]: [event] proximity_detection id=42 verdict=true gt_gap=12.673m  at gt=(55.43, -12.44) s=29.3m
[INFO] [1790669719.729712, 83.834500]: [event] proximity_detection id=43 verdict=true gt_gap=12.727m  at gt=(55.40, -12.91) s=29.8m
[INFO] [1790669721.774388, 84.855000]: [event] proximity_detection id=44 verdict=true gt_gap=12.752m  at gt=(55.36, -13.37) s=30.3m
[INFO] [1790669723.783651, 85.858500]: [event] proximity_detection id=45 verdict=true gt_gap=12.739m  at gt=(55.33, -13.81) s=30.7m
[INFO] [1790669725.763808, 86.847000]: [event] proximity_detection id=46 verdict=true gt_gap=12.712m  at gt=(55.30, -14.23) s=31.1m
[INFO] [1790669727.768591, 87.849000]: [event] proximity_detection id=47 verdict=true gt_gap=12.694m  at gt=(55.27, -14.68) s=31.6m
[INFO] [1790669729.775853, 88.852000]: [event] proximity_detection id=48 verdict=true gt_gap=12.747m  at gt=(55.25, -15.16) s=32.1m
[INFO] [1790669731.785383, 89.855000]: [event] proximity_detection id=49 verdict=true gt_gap=12.886m  at gt=(55.23, -15.64) s=32.5m
[INFO] [1790669733.794319, 90.858500]: [event] proximity_detection id=50 verdict=true gt_gap=12.997m  at gt=(55.21, -16.09) s=33.0m
[INFO] [1790669735.788067, 91.854500]: [event] proximity_detection id=51 verdict=true gt_gap=13.080m  at gt=(55.18, -16.54) s=33.4m
[INFO] [1790669738.000428, 92.959000]: [event] proximity_detection id=52 verdict=true gt_gap=13.187m  at gt=(55.13, -17.08) s=34.0m
[INFO] [1790669740.211193, 94.062000]: [event] proximity_detection id=53 verdict=true gt_gap=13.238m  at gt=(55.09, -17.60) s=34.5m
[INFO] [1790669742.210366, 95.061000]: [event] proximity_detection id=54 verdict=true gt_gap=13.349m  at gt=(55.05, -18.07) s=35.0m
[INFO] [1790669744.406034, 96.157500]: [event] proximity_detection id=55 verdict=true gt_gap=13.477m  at gt=(55.02, -18.60) s=35.5m
[INFO] [1790669746.415842, 97.160000]: [event] proximity_detection id=56 verdict=true gt_gap=13.544m  at gt=(54.99, -19.09) s=36.0m
[INFO] [1790669748.615107, 98.259500]: [event] proximity_detection id=57 verdict=true gt_gap=13.628m  at gt=(54.96, -19.62) s=36.5m
[INFO] [1790669750.602506, 99.251000]: [event] proximity_detection id=58 verdict=true gt_gap=13.742m  at gt=(54.92, -20.10) s=37.0m
[INFO] [1790669752.824333, 100.360500]: [event] proximity_detection id=59 verdict=true gt_gap=13.921m  at gt=(54.89, -20.64) s=37.5m
[INFO] [1790669754.809148, 101.350500]: [event] proximity_detection id=60 verdict=true gt_gap=14.014m  at gt=(54.86, -21.11) s=38.0m
[INFO] [1790669756.812590, 102.350500]: [event] proximity_detection id=61 verdict=true gt_gap=14.076m  at gt=(54.83, -21.60) s=38.5m
[INFO] [1790669758.806293, 103.347000]: [event] proximity_detection id=62 verdict=true gt_gap=14.052m  at gt=(54.81, -22.06) s=39.0m
[INFO] [1790669760.803853, 104.344500]: [event] proximity_detection id=63 verdict=true gt_gap=13.999m  at gt=(54.79, -22.45) s=39.4m
[INFO] [1790669762.816395, 105.349000]: [event] proximity_detection id=64 verdict=true gt_gap=13.999m  at gt=(54.80, -22.85) s=39.8m
[INFO] [1790669764.825685, 106.352500]: [event] proximity_detection id=65 verdict=true gt_gap=13.961m  at gt=(54.81, -23.27) s=40.2m
[INFO] [1790669767.015888, 107.447000]: [event] proximity_detection id=66 verdict=true gt_gap=14.035m  at gt=(54.83, -23.75) s=40.6m
[INFO] [1790669769.008543, 108.442000]: [event] proximity_detection id=67 verdict=true gt_gap=14.125m  at gt=(54.85, -24.23) s=41.1m
[INFO] [1790669771.007914, 109.440500]: [event] proximity_detection id=68 verdict=true gt_gap=14.156m  at gt=(54.88, -24.69) s=41.6m
[INFO] [1790669773.222718, 110.546500]: [event] proximity_detection id=69 verdict=true gt_gap=14.177m  at gt=(54.89, -25.18) s=42.1m
[INFO] [1790669775.519522, 111.693500]: [event] proximity_detection id=70 verdict=true gt_gap=14.233m  at gt=(54.90, -25.70) s=42.6m
[INFO] [1790669777.210078, 112.538500]: [event] proximity_detection id=71 verdict=true gt_gap=14.146m  at gt=(54.89, -26.10) s=43.0m
[INFO] [1790669779.402735, 113.632500]: [event] proximity_detection id=72 verdict=true gt_gap=14.207m  at gt=(54.91, -26.64) s=43.5m
[INFO] [1790669783.631189, 115.744500]: [event] proximity_detection id=74 verdict=true gt_gap=13.723m  at gt=(54.95, -27.09) s=44.0m
[INFO] [1790669785.812701, 116.834500]: [event] proximity_detection id=75 verdict=true gt_gap=13.263m  at gt=(54.94, -27.07) s=44.1m
[INFO] [1790669787.828174, 117.841000]: [event] proximity_detection id=76 verdict=true gt_gap=12.822m  at gt=(54.85, -27.05) s=44.2m
[INFO] [1790669790.032408, 118.942000]: [event] proximity_detection id=77 verdict=true gt_gap=12.597m  at gt=(54.89, -27.27) s=44.5m
[INFO] [1790669792.048391, 119.948500]: [event] proximity_detection id=78 verdict=true gt_gap=12.441m  at gt=(54.96, -27.60) s=44.8m
[INFO] [1790669794.027006, 120.935500]: [event] proximity_detection id=79 verdict=true gt_gap=12.299m  at gt=(54.99, -27.94) s=45.1m
[INFO] [1790669796.025884, 121.934500]: [event] proximity_detection id=80 verdict=true gt_gap=12.122m  at gt=(54.98, -28.21) s=45.4m
[INFO] [1790669798.029548, 122.934500]: [event] proximity_detection id=81 verdict=true gt_gap=12.052m  at gt=(54.94, -28.59) s=45.8m
[INFO] [1790669800.047008, 123.943500]: [event] proximity_detection id=82 verdict=true gt_gap=11.891m  at gt=(54.89, -28.97) s=46.2m
[INFO] [1790669802.018002, 124.927000]: [event] proximity_detection id=83 verdict=true gt_gap=11.757m  at gt=(54.81, -29.36) s=46.6m
[INFO] [1790669804.025559, 125.930000]: [event] proximity_detection id=84 verdict=true gt_gap=11.668m  at gt=(54.73, -29.74) s=47.0m
[INFO] [1790669806.031275, 126.932500]: [event] proximity_detection id=85 verdict=true gt_gap=11.517m  at gt=(54.67, -30.12) s=47.4m
[INFO] [1790669808.030128, 127.930000]: [event] proximity_detection id=86 verdict=true gt_gap=11.369m  at gt=(54.61, -30.46) s=47.7m
[INFO] [1790669810.249711, 129.038000]: [event] proximity_detection id=87 verdict=true gt_gap=11.286m  at gt=(54.51, -30.90) s=48.2m
[INFO] [1790669812.238454, 130.031500]: [event] proximity_detection id=88 verdict=true gt_gap=11.209m  at gt=(54.39, -31.30) s=48.6m
[INFO] [1790669814.255315, 131.040000]: [event] proximity_detection id=89 verdict=true gt_gap=10.925m  at gt=(54.32, -31.55) s=48.8m
[INFO] [1790669816.268114, 132.046000]: [event] proximity_detection id=90 verdict=true gt_gap=10.780m  at gt=(54.17, -31.87) s=49.2m
[INFO] [1790669818.258997, 133.039500]: [event] proximity_detection id=91 verdict=true gt_gap=10.645m  at gt=(54.02, -32.22) s=49.6m
[INFO] [1790669820.474463, 134.146500]: [event] proximity_detection id=92 verdict=true gt_gap=10.607m  at gt=(53.82, -32.62) s=50.0m
[INFO] [1790669822.688246, 135.252000]: [event] proximity_detection id=93 verdict=true gt_gap=10.683m  at gt=(53.60, -33.06) s=50.5m
[INFO] [1790669824.727754, 136.269500]: [event] proximity_detection id=94 verdict=true gt_gap=10.739m  at gt=(53.37, -33.49) s=51.0m
[INFO] [1790669826.896200, 137.352500]: [event] proximity_detection id=95 verdict=true gt_gap=10.783m  at gt=(53.13, -33.92) s=51.5m
[INFO] [1790669828.976685, 138.389500]: [event] proximity_detection id=96 verdict=true gt_gap=10.699m  at gt=(52.92, -34.27) s=51.9m
[INFO] [1790669831.117707, 139.460500]: [event] proximity_detection id=97 verdict=true gt_gap=10.590m  at gt=(52.69, -34.59) s=52.3m
[INFO] [1790669833.119088, 140.460500]: [event] proximity_detection id=98 verdict=true gt_gap=10.482m  at gt=(52.46, -34.89) s=52.7m
[INFO] [1790669835.317181, 141.556500]: [event] proximity_detection id=99 verdict=true gt_gap=10.462m  at gt=(52.17, -35.28) s=53.2m
[INFO] [1790669837.339079, 142.566000]: [event] proximity_detection id=100 verdict=true gt_gap=10.395m  at gt=(51.83, -35.63) s=53.7m
[INFO] [1790669841.360394, 144.574000]: [event] proximity_detection id=102 verdict=true gt_gap=10.341m  at gt=(51.20, -36.30) s=54.6m
[INFO] [1790669843.388073, 145.586500]: [event] proximity_detection id=103 verdict=true gt_gap=10.393m  at gt=(50.90, -36.59) s=55.0m
[INFO] [1790669847.557619, 147.668500]: [event] proximity_detection id=105 verdict=true gt_gap=11.062m  at gt=(50.32, -37.11) s=55.8m
[INFO] [1790669900.781902, 174.249000]: [event] proximity_detection id=131 verdict=true gt_gap=13.147m  at gt=(38.81, -39.40) s=67.8m
[INFO] [1790669902.799921, 175.256500]: [event] proximity_detection id=132 verdict=true gt_gap=13.251m  at gt=(38.32, -39.38) s=68.3m
[INFO] [1790669904.797761, 176.254500]: [event] proximity_detection id=133 verdict=true gt_gap=13.343m  at gt=(37.85, -39.36) s=68.8m
[INFO] [1790669907.013656, 177.361000]: [event] proximity_detection id=134 verdict=true gt_gap=13.485m  at gt=(37.31, -39.32) s=69.3m
[INFO] [1790669909.007510, 178.357000]: [event] proximity_detection id=135 verdict=true gt_gap=13.645m  at gt=(36.85, -39.30) s=69.8m
[INFO] [1790669911.004218, 179.354000]: [event] proximity_detection id=136 verdict=true gt_gap=13.752m  at gt=(36.37, -39.27) s=70.3m
[INFO] [1790669913.236178, 180.469000]: [event] proximity_detection id=137 verdict=true gt_gap=13.856m  at gt=(35.84, -39.23) s=70.8m
[INFO] [1790669915.221322, 181.461000]: [event] proximity_detection id=138 verdict=true gt_gap=13.893m  at gt=(35.39, -39.21) s=71.3m
[INFO] [1790669917.449991, 182.573500]: [event] proximity_detection id=139 verdict=true gt_gap=14.017m  at gt=(34.84, -39.18) s=71.8m
[INFO] [1790669919.439953, 183.568500]: [event] proximity_detection id=140 verdict=true gt_gap=14.093m  at gt=(34.32, -39.16) s=72.3m
[INFO] [1790669921.427047, 184.560500]: [event] proximity_detection id=141 verdict=true gt_gap=14.140m  at gt=(33.86, -39.13) s=72.8m
[INFO] [1790669923.451156, 185.571500]: [event] proximity_detection id=142 verdict=true gt_gap=14.198m  at gt=(33.39, -39.10) s=73.3m
[INFO] [1790669925.431002, 186.560000]: [event] proximity_detection id=143 verdict=true gt_gap=14.264m  at gt=(32.90, -39.07) s=73.8m
[INFO] [1790669927.421949, 187.553500]: [event] proximity_detection id=144 verdict=true gt_gap=14.310m  at gt=(32.45, -39.05) s=74.2m
[INFO] [1790669929.643429, 188.663000]: [event] proximity_detection id=145 verdict=true gt_gap=14.368m  at gt=(31.96, -39.00) s=74.7m
[INFO] [1790669931.629763, 189.655000]: [event] proximity_detection id=146 verdict=true gt_gap=14.389m  at gt=(31.48, -38.95) s=75.2m
[INFO] [1790669933.626571, 190.651500]: [event] proximity_detection id=147 verdict=true gt_gap=14.419m  at gt=(31.01, -38.88) s=75.7m
[INFO] [1790669935.634329, 191.654500]: [event] proximity_detection id=148 verdict=true gt_gap=14.482m  at gt=(30.51, -38.81) s=76.2m
[INFO] [1790669937.642294, 192.658000]: [event] proximity_detection id=149 verdict=true gt_gap=14.521m  at gt=(30.02, -38.74) s=76.7m
[INFO] [1790669939.632540, 193.652000]: [event] proximity_detection id=150 verdict=true gt_gap=14.518m  at gt=(29.56, -38.66) s=77.1m
[INFO] [1790669941.839148, 194.753500]: [event] proximity_detection id=151 verdict=true gt_gap=14.681m  at gt=(29.03, -38.57) s=77.7m
[INFO] [1790669943.830003, 195.748000]: [event] proximity_detection id=152 verdict=true gt_gap=14.768m  at gt=(28.55, -38.49) s=78.2m
[INFO] [1790669945.833900, 196.749000]: [event] proximity_detection id=153 verdict=true gt_gap=14.715m  at gt=(28.10, -38.41) s=78.6m
[INFO] [1790669947.834659, 197.749500]: [event] proximity_detection id=154 verdict=true gt_gap=14.677m  at gt=(27.65, -38.30) s=79.1m
[INFO] [1790669949.828133, 198.744500]: [event] proximity_detection id=155 verdict=true gt_gap=14.554m  at gt=(27.24, -38.21) s=79.5m
[INFO] [1790669951.833815, 199.746000]: [event] proximity_detection id=156 verdict=true gt_gap=14.438m  at gt=(26.83, -38.11) s=79.9m
[INFO] [1790669953.843303, 200.749000]: [event] proximity_detection id=157 verdict=true gt_gap=14.351m  at gt=(26.45, -38.00) s=80.3m
[INFO] [1790669955.820576, 201.737500]: [event] proximity_detection id=158 verdict=true gt_gap=14.238m  at gt=(26.09, -37.87) s=80.7m
[INFO] [1790669957.853603, 202.752500]: [event] proximity_detection id=159 verdict=true gt_gap=14.154m  at gt=(25.72, -37.73) s=81.1m
[INFO] [1790669959.852839, 203.751500]: [event] proximity_detection id=160 verdict=true gt_gap=14.057m  at gt=(25.35, -37.57) s=81.5m
[INFO] [1790669961.867556, 204.758000]: [event] proximity_detection id=161 verdict=true gt_gap=13.977m  at gt=(24.98, -37.40) s=81.9m
[INFO] [1790669964.750293, 206.197500]: [event] proximity_detection id=162 verdict=true gt_gap=14.081m  at gt=(24.42, -37.10) s=82.5m
[INFO] [1790669980.500643, 214.060500]: [event] proximity_detection id=170 verdict=true gt_gap=13.571m  at gt=(21.48, -34.78) s=86.3m
[INFO] [1790670031.946754, 239.755500]: [event] proximity_detection id=195 verdict=true gt_gap=12.807m  at gt=(18.39, -24.51) s=97.4m
[INFO] [1790670034.154687, 240.858000]: [event] proximity_detection id=196 verdict=true gt_gap=12.857m  at gt=(18.41, -24.01) s=97.9m
[INFO] [1790670036.161638, 241.861500]: [event] proximity_detection id=197 verdict=true gt_gap=12.789m  at gt=(18.40, -23.66) s=98.3m
[INFO] [1790670038.164439, 242.861000]: [event] proximity_detection id=198 verdict=true gt_gap=12.812m  at gt=(18.38, -23.24) s=98.7m
[INFO] [1790670040.394422, 243.974500]: [event] proximity_detection id=199 verdict=true gt_gap=12.924m  at gt=(18.37, -22.70) s=99.3m
[INFO] [1790670042.358263, 244.955000]: [event] proximity_detection id=200 verdict=true gt_gap=12.870m  at gt=(18.37, -22.29) s=99.7m
[INFO] [1790670044.390601, 245.969000]: [event] proximity_detection id=201 verdict=true gt_gap=12.865m  at gt=(18.35, -21.83) s=100.1m
[INFO] [1790670046.383890, 246.964000]: [event] proximity_detection id=202 verdict=true gt_gap=12.832m  at gt=(18.33, -21.36) s=100.6m
[INFO] [1790670048.591707, 248.067000]: [event] proximity_detection id=203 verdict=true gt_gap=12.903m  at gt=(18.32, -20.81) s=101.1m
[INFO] [1790670050.776085, 249.156500]: [event] proximity_detection id=204 verdict=true gt_gap=13.100m  at gt=(18.30, -20.27) s=101.7m
[INFO] [1790670052.797903, 250.166000]: [event] proximity_detection id=205 verdict=true gt_gap=13.176m  at gt=(18.30, -19.80) s=102.2m
[INFO] [1790670054.786808, 251.159500]: [event] proximity_detection id=206 verdict=true gt_gap=13.236m  at gt=(18.30, -19.33) s=102.6m
[INFO] [1790670056.778761, 252.154500]: [event] proximity_detection id=207 verdict=true gt_gap=13.290m  at gt=(18.31, -18.83) s=103.1m
[INFO] [1790670058.803167, 253.165000]: [event] proximity_detection id=208 verdict=true gt_gap=13.337m  at gt=(18.31, -18.31) s=103.7m
[INFO] [1790670060.786072, 254.156000]: [event] proximity_detection id=209 verdict=true gt_gap=13.407m  at gt=(18.29, -17.80) s=104.2m
[INFO] [1790670062.779835, 255.151500]: [event] proximity_detection id=210 verdict=true gt_gap=13.366m  at gt=(18.27, -17.38) s=104.6m
[INFO] [1790670064.796687, 256.158000]: [event] proximity_detection id=211 verdict=true gt_gap=13.531m  at gt=(18.29, -16.92) s=105.0m
[INFO] [1790670066.792586, 257.156000]: [event] proximity_detection id=212 verdict=true gt_gap=13.555m  at gt=(18.28, -16.47) s=105.5m
[INFO] [1790670068.810253, 258.164000]: [event] proximity_detection id=213 verdict=true gt_gap=13.645m  at gt=(18.28, -16.02) s=106.0m
[INFO] [1790670071.007016, 259.260500]: [event] proximity_detection id=214 verdict=true gt_gap=13.711m  at gt=(18.28, -15.53) s=106.4m
[INFO] [1790670072.999293, 260.255500]: [event] proximity_detection id=215 verdict=true gt_gap=13.756m  at gt=(18.31, -15.08) s=106.9m
[INFO] [1790670075.000270, 261.254500]: [event] proximity_detection id=216 verdict=true gt_gap=13.812m  at gt=(18.38, -14.64) s=107.3m
[INFO] [1790670077.000701, 262.254500]: [event] proximity_detection id=217 verdict=true gt_gap=13.855m  at gt=(18.39, -14.19) s=107.8m
[INFO] [1790670078.999344, 263.252500]: [event] proximity_detection id=218 verdict=true gt_gap=13.839m  at gt=(18.40, -13.76) s=108.2m
[INFO] [1790670081.003953, 264.252000]: [event] proximity_detection id=219 verdict=true gt_gap=13.806m  at gt=(18.41, -13.36) s=108.6m
[INFO] [1790670083.206060, 265.351000]: [event] proximity_detection id=220 verdict=true gt_gap=13.851m  at gt=(18.42, -12.87) s=109.1m
[INFO] [1790670085.215733, 266.355000]: [event] proximity_detection id=221 verdict=true gt_gap=13.836m  at gt=(18.42, -12.41) s=109.6m
[INFO] [1790670087.241213, 267.367000]: [event] proximity_detection id=222 verdict=true gt_gap=13.771m  at gt=(18.41, -11.96) s=110.0m
[INFO] [1790670089.267677, 268.379500]: [event] proximity_detection id=223 verdict=true gt_gap=13.815m  at gt=(18.41, -11.51) s=110.5m
[INFO] [1790670091.278586, 269.384000]: [event] proximity_detection id=224 verdict=true gt_gap=13.738m  at gt=(18.41, -11.14) s=110.8m
[INFO] [1790670093.287852, 270.387500]: [event] proximity_detection id=225 verdict=true gt_gap=13.752m  at gt=(18.42, -10.76) s=111.2m
[INFO] [1790670095.285152, 271.384500]: [event] proximity_detection id=226 verdict=true gt_gap=13.650m  at gt=(18.41, -10.36) s=111.6m
[INFO] [1790670097.294308, 272.388000]: [event] proximity_detection id=227 verdict=true gt_gap=13.535m  at gt=(18.34, -10.12) s=111.9m
[INFO] [1790670099.284683, 273.382000]: [event] proximity_detection id=228 verdict=true gt_gap=13.328m  at gt=(18.42, -9.91) s=112.1m
[INFO] [1790670101.289147, 274.383000]: [event] proximity_detection id=229 verdict=true gt_gap=13.197m  at gt=(18.60, -9.51) s=112.6m
[INFO] [1790670103.324098, 275.400000]: [event] proximity_detection id=230 verdict=true gt_gap=13.237m  at gt=(18.81, -9.06) s=113.1m
[INFO] [1790670105.311984, 276.393000]: [event] proximity_detection id=231 verdict=true gt_gap=13.119m  at gt=(18.99, -8.73) s=113.4m
[INFO] [1790670107.316687, 277.394000]: [event] proximity_detection id=232 verdict=true gt_gap=12.981m  at gt=(19.14, -8.40) s=113.8m
[INFO] [1790670109.353327, 278.411000]: [event] proximity_detection id=233 verdict=true gt_gap=12.725m  at gt=(19.24, -8.12) s=114.1m
[INFO] [1790670111.331817, 279.399000]: [event] proximity_detection id=234 verdict=true gt_gap=12.419m  at gt=(19.27, -7.89) s=114.3m
[INFO] [1790670113.333375, 280.398500]: [event] proximity_detection id=235 verdict=true gt_gap=12.302m  at gt=(19.28, -7.54) s=114.7m
[INFO] [1790670115.556449, 281.508500]: [event] proximity_detection id=236 verdict=true gt_gap=12.284m  at gt=(19.26, -7.08) s=115.2m
[INFO] [1790670117.747640, 282.603000]: [event] proximity_detection id=237 verdict=true gt_gap=12.185m  at gt=(19.29, -6.68) s=115.6m
[INFO] [1790670119.763830, 283.610000]: [event] proximity_detection id=238 verdict=true gt_gap=12.054m  at gt=(19.30, -6.29) s=115.9m
[INFO] [1790670121.791236, 284.622500]: [event] proximity_detection id=239 verdict=true gt_gap=11.883m  at gt=(19.35, -5.97) s=116.3m
[INFO] [1790670123.989803, 285.720500]: [event] proximity_detection id=240 verdict=true gt_gap=11.926m  at gt=(19.46, -5.52) s=116.7m
[INFO] [1790670126.020205, 286.735000]: [event] proximity_detection id=241 verdict=true gt_gap=11.863m  at gt=(19.59, -5.13) s=117.1m
[INFO] [1790670128.028319, 287.737500]: [event] proximity_detection id=242 verdict=true gt_gap=11.885m  at gt=(19.74, -4.67) s=117.6m
[INFO] [1790670130.041082, 288.743000]: [event] proximity_detection id=243 verdict=true gt_gap=11.857m  at gt=(19.87, -4.27) s=118.1m
[INFO] [1790670132.243835, 289.842000]: [event] proximity_detection id=244 verdict=true gt_gap=11.809m  at gt=(19.98, -3.85) s=118.5m
[INFO] [1790670134.293561, 290.867000]: [event] proximity_detection id=245 verdict=true gt_gap=11.757m  at gt=(20.09, -3.46) s=118.9m
[INFO] [1790670136.465844, 291.949500]: [event] proximity_detection id=246 verdict=true gt_gap=11.691m  at gt=(20.18, -3.08) s=119.3m
[INFO] [1790670138.485512, 292.958500]: [event] proximity_detection id=247 verdict=true gt_gap=11.668m  at gt=(20.25, -2.67) s=119.7m
[INFO] [1790670140.477459, 293.954000]: [event] proximity_detection id=248 verdict=true gt_gap=11.575m  at gt=(20.32, -2.34) s=120.0m
[INFO] [1790670142.475273, 294.951000]: [event] proximity_detection id=1 verdict=unknown gt_gap=nanm  at gt=(20.36, -2.01) s=120.4m
[INFO] [1790670144.472240, 295.948500]: [event] proximity_detection id=250 verdict=true gt_gap=11.341m  at gt=(20.41, -1.70) s=120.7m
[INFO] [1790670146.488817, 296.956000]: [event] proximity_detection id=1 verdict=unknown gt_gap=nanm  at gt=(20.49, -1.38) s=121.0m
[INFO] [1790670148.670485, 298.044500]: [event] proximity_detection id=1 verdict=unknown gt_gap=nanm  at gt=(20.58, -0.97) s=121.4m
[INFO] [1790670150.875530, 299.146500]: [event] proximity_detection id=1 verdict=unknown gt_gap=nanm  at gt=(20.60, -0.61) s=121.8m
[INFO] [1790670152.885140, 300.149500]: [event] proximity_detection id=1 verdict=unknown gt_gap=nanm  at gt=(20.70, -0.36) s=122.1m
[INFO] [1790670154.873487, 301.143000]: [event] proximity_detection id=1 verdict=unknown gt_gap=nanm  at gt=(20.88, -0.02) s=122.5m
[INFO] [1790670157.095842, 302.252000]: [event] proximity_detection id=1 verdict=unknown gt_gap=nanm  at gt=(20.98, 0.25) s=122.8m
[INFO] [1790670159.071231, 303.238000]: [event] proximity_detection id=1 verdict=unknown gt_gap=nanm  at gt=(21.16, 0.43) s=123.0m
[INFO] [1790670161.075294, 304.239000]: [event] proximity_detection id=1 verdict=unknown gt_gap=nanm  at gt=(21.37, 0.65) s=123.3m
[INFO] [1790670163.049047, 305.224000]: [event] proximity_detection id=1 verdict=unknown gt_gap=nanm  at gt=(21.64, 0.82) s=123.6m
[INFO] [1790670165.066334, 306.230000]: [event] proximity_detection id=1 verdict=unknown gt_gap=nanm  at gt=(21.90, 0.89) s=123.9m
[INFO] [1790670167.003927, 307.198000]: [event] proximity_detection id=1 verdict=unknown gt_gap=nanm  at gt=(22.18, 0.88) s=124.2m
[INFO] [1790670169.045350, 308.218000]: [event] proximity_detection id=262 verdict=true gt_gap=9.768m  at gt=(22.43, 0.80) s=124.5m
[INFO] [1790670171.268891, 309.328000]: [event] proximity_detection id=1 verdict=unknown gt_gap=nanm  at gt=(22.71, 0.68) s=124.8m
[INFO] [1790670173.242804, 310.314000]: [event] proximity_detection id=1 verdict=unknown gt_gap=nanm  at gt=(22.98, 0.53) s=125.1m
[INFO] [1790670175.266596, 311.324500]: [event] proximity_detection id=1 verdict=unknown gt_gap=nanm  at gt=(23.16, 0.40) s=125.3m
[INFO] [1790670177.262025, 312.320500]: [event] proximity_detection id=1 verdict=unknown gt_gap=nanm  at gt=(23.32, 0.24) s=125.5m
[INFO] [1790670179.480500, 313.429500]: [event] proximity_detection id=1 verdict=unknown gt_gap=nanm  at gt=(23.53, 0.06) s=125.8m
[INFO] [1790670181.498094, 314.437000]: [event] proximity_detection id=268 verdict=true gt_gap=7.617m  at gt=(23.71, -0.08) s=126.0m
[INFO] [1790670183.499935, 315.437000]: [event] proximity_detection id=1 verdict=unknown gt_gap=nanm  at gt=(23.93, -0.21) s=126.3m
[INFO] [1790670185.502104, 316.437000]: [event] proximity_detection id=1 verdict=unknown gt_gap=nanm  at gt=(24.20, -0.26) s=126.6m
[INFO] [1790670187.495072, 317.432500]: [event] proximity_detection id=1 verdict=unknown gt_gap=nanm  at gt=(24.40, -0.26) s=126.8m
[INFO] [1790670189.494390, 318.431000]: [event] proximity_detection id=272 verdict=true gt_gap=6.686m  at gt=(24.70, -0.19) s=127.1m
[INFO] [1790670191.536168, 319.450500]: [event] proximity_detection id=273 verdict=true gt_gap=6.678m  at gt=(25.09, -0.10) s=127.5m
[INFO] [1790670193.526501, 320.443000]: [event] proximity_detection id=1 verdict=unknown gt_gap=nanm  at gt=(25.52, 0.02) s=127.9m
[INFO] [1790670195.524461, 321.441500]: [event] proximity_detection id=275 verdict=true gt_gap=6.872m  at gt=(25.95, 0.13) s=128.4m
[INFO] [1790670197.510489, 322.433000]: [event] proximity_detection id=276 verdict=true gt_gap=6.967m  at gt=(26.32, 0.21) s=128.8m
[INFO] [1790670199.509763, 323.429500]: [event] proximity_detection id=1 verdict=unknown gt_gap=nanm  at gt=(26.69, 0.26) s=129.1m
[INFO] [1790670201.536932, 324.442000]: [event] proximity_detection id=1 verdict=unknown gt_gap=nanm  at gt=(27.13, 0.28) s=129.6m
[INFO] [1790670203.731498, 325.537500]: [event] proximity_detection id=279 verdict=true gt_gap=7.664m  at gt=(27.67, 0.31) s=130.1m
[INFO] [1790670205.717067, 326.529000]: [event] proximity_detection id=1 verdict=unknown gt_gap=nanm  at gt=(28.15, 0.32) s=130.6m
[INFO] [1790670207.724245, 327.531500]: [event] proximity_detection id=281 verdict=true gt_gap=8.323m  at gt=(28.64, 0.34) s=131.1m
[INFO] [1790670209.742954, 328.539000]: [event] proximity_detection id=282 verdict=true gt_gap=8.617m  at gt=(29.10, 0.34) s=131.5m
[INFO] [1790670211.692650, 329.513000]: [event] proximity_detection id=283 verdict=true gt_gap=8.993m  at gt=(29.55, 0.33) s=132.0m
[INFO] [1790670213.745012, 330.537500]: [event] proximity_detection id=1 verdict=unknown gt_gap=nanm  at gt=(30.03, 0.30) s=132.5m
[INFO] [1790670215.699214, 331.514000]: [event] proximity_detection id=285 verdict=true gt_gap=9.613m  at gt=(30.49, 0.28) s=132.9m
[INFO] [1790670217.723601, 332.523000]: [event] proximity_detection id=286 verdict=true gt_gap=9.974m  at gt=(30.96, 0.25) s=133.4m
[INFO] [1790670219.943956, 333.631500]: [event] proximity_detection id=1 verdict=unknown gt_gap=nanm  at gt=(31.49, 0.24) s=133.9m
[INFO] [1790670222.145371, 334.732000]: [event] proximity_detection id=288 verdict=true gt_gap=10.668m  at gt=(32.03, 0.23) s=134.5m
[INFO] [1790670224.149355, 335.732500]: [event] proximity_detection id=289 verdict=true gt_gap=10.864m  at gt=(32.49, 0.22) s=134.9m
[INFO] [1790670226.353613, 336.834000]: [event] proximity_detection id=290 verdict=true gt_gap=11.029m  at gt=(32.91, 0.21) s=135.3m
[INFO] [1790670228.356500, 337.834000]: [event] proximity_detection id=291 verdict=true gt_gap=11.112m  at gt=(33.27, 0.21) s=135.7m
[INFO] [1790670230.407027, 338.859000]: [event] proximity_detection id=292 verdict=true gt_gap=11.354m  at gt=(33.77, 0.23) s=136.2m
[INFO] [1790670232.598332, 339.952500]: [event] proximity_detection id=293 verdict=true gt_gap=11.542m  at gt=(34.25, 0.24) s=136.7m
[INFO] [1790670234.612190, 340.958000]: [event] proximity_detection id=294 verdict=true gt_gap=11.691m  at gt=(34.67, 0.25) s=137.1m
[INFO] [1790670236.629548, 341.965500]: [event] proximity_detection id=295 verdict=true gt_gap=11.932m  at gt=(35.10, 0.25) s=137.5m
[INFO] [1790670238.623122, 342.960500]: [event] proximity_detection id=296 verdict=true gt_gap=12.219m  at gt=(35.54, 0.24) s=138.0m
[INFO] [1790670240.834964, 344.066500]: [event] proximity_detection id=297 verdict=true gt_gap=12.539m  at gt=(36.07, 0.22) s=138.5m
[INFO] [1790670242.844091, 345.069000]: [event] proximity_detection id=298 verdict=true gt_gap=12.807m  at gt=(36.52, 0.21) s=139.0m
[INFO] [1790670245.059915, 346.175500]: [event] proximity_detection id=13 verdict=true gt_gap=0.223m  at gt=(37.05, 0.22) s=139.5m
[INFO] [1790670247.105453, 347.197500]: [event] proximity_detection id=300 verdict=true gt_gap=13.348m  at gt=(37.54, 0.23) s=140.0m
[INFO] [1790670249.080610, 348.183000]: [event] proximity_detection id=301 verdict=true gt_gap=13.589m  at gt=(37.98, 0.24) s=140.4m
[INFO] [1790670251.107152, 349.195500]: [event] proximity_detection id=302 verdict=true gt_gap=13.760m  at gt=(38.45, 0.24) s=140.9m
[INFO] [1790670253.077816, 350.180000]: [event] proximity_detection id=303 verdict=true gt_gap=13.810m  at gt=(38.89, 0.21) s=141.3m
[INFO] [1790670255.124920, 351.202000]: [event] proximity_detection id=304 verdict=true gt_gap=13.774m  at gt=(39.29, 0.18) s=141.7m
[INFO] [1790670257.131362, 352.204000]: [event] proximity_detection id=305 verdict=true gt_gap=13.728m  at gt=(39.68, 0.19) s=142.1m
[INFO] [1790670259.318273, 353.297000]: [event] proximity_detection id=306 verdict=true gt_gap=13.878m  at gt=(40.20, 0.22) s=142.6m
[INFO] [1790670261.384251, 354.328000]: [event] proximity_detection id=307 verdict=true gt_gap=13.960m  at gt=(40.65, 0.25) s=143.1m
[INFO] [1790670263.345555, 355.307000]: [event] proximity_detection id=308 verdict=true gt_gap=13.915m  at gt=(41.04, 0.25) s=143.5m
[INFO] [1790670265.375433, 356.321000]: [event] proximity_detection id=23 verdict=true gt_gap=0.378m  at gt=(41.50, 0.24) s=143.9m
[INFO] [1790670267.367681, 357.315500]: [event] proximity_detection id=310 verdict=true gt_gap=13.819m  at gt=(41.97, 0.23) s=144.4m
[INFO] [1790670269.397670, 358.328500]: [event] proximity_detection id=311 verdict=true gt_gap=13.806m  at gt=(42.44, 0.20) s=144.9m
[INFO] [1790670271.386482, 359.322000]: [event] proximity_detection id=312 verdict=true gt_gap=13.819m  at gt=(42.92, 0.21) s=145.4m
[INFO] [1790670273.361953, 360.307500]: [event] proximity_detection id=313 verdict=true gt_gap=13.871m  at gt=(43.42, 0.21) s=145.9m
[INFO] [1790670275.383980, 361.317000]: [event] proximity_detection id=314 verdict=true gt_gap=13.850m  at gt=(43.88, 0.19) s=146.3m
[INFO] [1790670277.409074, 362.328000]: [event] proximity_detection id=315 verdict=true gt_gap=13.796m  at gt=(44.28, 0.17) s=146.7m
[INFO] [1790670279.350680, 363.298000]: [event] proximity_detection id=316 verdict=true gt_gap=13.705m  at gt=(44.66, 0.15) s=147.1m
[INFO] [1790670281.381709, 364.312000]: [event] proximity_detection id=317 verdict=true gt_gap=13.555m  at gt=(45.04, 0.08) s=147.5m
[INFO] [1790670283.380302, 365.311000]: [event] proximity_detection id=318 verdict=true gt_gap=13.401m  at gt=(45.43, -0.02) s=147.9m
[INFO] [1790670285.599207, 366.418000]: [event] proximity_detection id=319 verdict=true gt_gap=13.398m  at gt=(45.88, -0.14) s=148.4m
[INFO] [1790670287.585509, 367.411000]: [event] proximity_detection id=320 verdict=true gt_gap=13.399m  at gt=(46.30, -0.26) s=148.8m
[INFO] [1790670289.598048, 368.415000]: [event] proximity_detection id=321 verdict=true gt_gap=13.463m  at gt=(46.72, -0.40) s=149.3m
[INFO] [1790670291.816223, 369.521000]: [event] proximity_detection id=322 verdict=true gt_gap=13.473m  at gt=(47.21, -0.59) s=149.8m
[INFO] [1790670294.042565, 370.632500]: [event] proximity_detection id=323 verdict=true gt_gap=13.487m  at gt=(47.70, -0.77) s=150.3m
[INFO] [1790670296.081469, 371.649000]: [event] proximity_detection id=324 verdict=true gt_gap=13.462m  at gt=(48.08, -0.93) s=150.7m
[INFO] [1790670298.083941, 372.648500]: [event] proximity_detection id=325 verdict=true gt_gap=13.435m  at gt=(48.46, -1.12) s=151.1m
[INFO] [1790670300.370813, 373.791000]: [event] proximity_detection id=326 verdict=true gt_gap=13.435m  at gt=(48.89, -1.34) s=151.6m
[INFO] [1790670302.485376, 374.845000]: [event] proximity_detection id=327 verdict=true gt_gap=13.315m  at gt=(49.27, -1.53) s=152.0m
[INFO] [1790670304.473848, 375.837500]: [event] proximity_detection id=328 verdict=true gt_gap=13.252m  at gt=(49.63, -1.73) s=152.5m
[INFO] [1790670306.504649, 376.851500]: [event] proximity_detection id=329 verdict=true gt_gap=13.133m  at gt=(50.00, -1.99) s=152.9m
[INFO] [1790670308.492576, 377.844000]: [event] proximity_detection id=330 verdict=true gt_gap=13.069m  at gt=(50.36, -2.26) s=153.4m
[INFO] [1790670310.507606, 378.850000]: [event] proximity_detection id=331 verdict=true gt_gap=13.064m  at gt=(50.74, -2.55) s=153.8m
[INFO] [1790670312.723940, 379.957500]: [event] proximity_detection id=332 verdict=true gt_gap=13.086m  at gt=(51.16, -2.88) s=154.4m
[INFO] [1790670314.705668, 380.947500]: [event] proximity_detection id=333 verdict=true gt_gap=13.030m  at gt=(51.49, -3.13) s=154.8m
[INFO] [1790670316.911165, 382.049000]: [event] proximity_detection id=49 verdict=true gt_gap=0.210m  at gt=(51.80, -3.41) s=155.2m
[INFO] [1790670318.919264, 383.051000]: [event] proximity_detection id=50 verdict=true gt_gap=0.220m  at gt=(52.07, -3.68) s=155.6m
[INFO] [1790670320.916567, 384.048500]: [event] proximity_detection id=51 verdict=true gt_gap=0.232m  at gt=(52.35, -3.97) s=156.0m
[INFO] [1790670322.905723, 385.041500]: [event] proximity_detection id=52 verdict=true gt_gap=0.196m  at gt=(52.63, -4.31) s=156.4m
[INFO] [1790670324.980814, 386.077000]: [event] proximity_detection id=338 verdict=true gt_gap=12.850m  at gt=(52.91, -4.68) s=156.9m
[INFO] [1790670326.923334, 387.046500]: [event] proximity_detection id=54 verdict=true gt_gap=0.192m  at gt=(53.17, -5.03) s=157.3m
[INFO] [1790670328.898800, 388.033000]: [event] proximity_detection id=55 verdict=true gt_gap=0.177m  at gt=(53.42, -5.37) s=157.8m
[INFO] [1790670330.905179, 389.034500]: [event] proximity_detection id=56 verdict=true gt_gap=0.134m  at gt=(53.66, -5.73) s=158.2m
[INFO] [1790670332.896140, 390.029500]: [event] proximity_detection id=57 verdict=true gt_gap=0.058m  at gt=(53.87, -6.08) s=158.6m
[INFO] [1790670334.894322, 391.026500]: [event] proximity_detection id=58 verdict=true gt_gap=0.104m  at gt=(54.07, -6.48) s=159.0m
[INFO] [1790670336.916719, 392.036500]: [event] proximity_detection id=59 verdict=true gt_gap=0.171m  at gt=(54.28, -6.89) s=159.5m
[INFO] [1790670338.893193, 393.024000]: [event] proximity_detection id=60 verdict=true gt_gap=0.185m  at gt=(54.46, -7.28) s=159.9m
[INFO] [1790670341.041625, 394.097000]: [event] proximity_detection id=61 verdict=true gt_gap=0.180m  at gt=(54.63, -7.69) s=160.4m
[INFO] [1790670343.059861, 395.105500]: [event] proximity_detection id=62 verdict=true gt_gap=0.105m  at gt=(54.78, -8.11) s=160.8m
[INFO] [1790670345.250330, 396.199500]: [event] proximity_detection id=63 verdict=true gt_gap=0.123m  at gt=(54.93, -8.56) s=161.3m
[INFO] [1790670347.267469, 397.207000]: [event] proximity_detection id=64 verdict=true gt_gap=0.113m  at gt=(55.04, -8.96) s=161.7m
[INFO] [1790670349.257556, 398.201000]: [event] proximity_detection id=65 verdict=true gt_gap=0.066m  at gt=(55.14, -9.37) s=162.1m
[INFO] [1790670351.459198, 399.300500]: [event] proximity_detection id=66 verdict=true gt_gap=0.134m  at gt=(55.24, -9.85) s=162.6m
[INFO] [1790670353.716725, 400.424000]: [event] proximity_detection id=67 verdict=true gt_gap=0.212m  at gt=(55.32, -10.32) s=163.1m
[INFO] [1790670357.093551, 402.104500]: [event] proximity_detection id=68 verdict=true gt_gap=0.451m  at gt=(55.40, -11.00) s=163.8m
[INFO] [1790670357.718651, 402.416500]: [event] proximity_detection id=69 verdict=true gt_gap=0.127m  at gt=(55.41, -11.14) s=163.9m
[INFO] [1790670359.649507, 403.381500]: [event] proximity_detection id=355 verdict=true gt_gap=12.549m  at gt=(55.43, -11.56) s=164.3m
[INFO] [1790670361.877571, 404.494500]: [event] proximity_detection id=356 verdict=true gt_gap=12.542m  at gt=(55.45, -12.02) s=164.8m
[INFO] [1790670364.072479, 405.590000]: [event] proximity_detection id=72 verdict=true gt_gap=0.041m  at gt=(55.45, -12.48) s=165.3m
[INFO] [1790670366.069988, 406.587500]: [event] proximity_detection id=358 verdict=true gt_gap=12.613m  at gt=(55.41, -12.94) s=165.7m
[INFO] [1790670368.110984, 407.607000]: [event] proximity_detection id=359 verdict=true gt_gap=12.624m  at gt=(55.37, -13.41) s=166.2m
[INFO] [1790670370.109869, 408.605500]: [event] proximity_detection id=360 verdict=true gt_gap=12.612m  at gt=(55.33, -13.85) s=166.6m
[INFO] [1790670372.108892, 409.604500]: [event] proximity_detection id=361 verdict=true gt_gap=12.585m  at gt=(55.30, -14.28) s=167.1m
[INFO] [1790670374.115035, 410.605500]: [event] proximity_detection id=362 verdict=true gt_gap=12.525m  at gt=(55.27, -14.71) s=167.5m
[INFO] [1790670376.137217, 411.615000]: [event] proximity_detection id=363 verdict=true gt_gap=12.588m  at gt=(55.24, -15.15) s=167.9m
[INFO] [1790670378.128394, 412.610000]: [event] proximity_detection id=364 verdict=true gt_gap=12.678m  at gt=(55.23, -15.61) s=168.4m
[INFO] [1790670380.122344, 413.606500]: [event] proximity_detection id=365 verdict=true gt_gap=12.730m  at gt=(55.22, -16.01) s=168.8m
[INFO] [1790670382.115171, 414.601500]: [event] proximity_detection id=366 verdict=true gt_gap=12.799m  at gt=(55.19, -16.45) s=169.3m
[INFO] [1790670384.118760, 415.601000]: [event] proximity_detection id=367 verdict=true gt_gap=12.874m  at gt=(55.14, -16.94) s=169.7m
[INFO] [1790670386.134831, 416.607500]: [event] proximity_detection id=368 verdict=true gt_gap=12.919m  at gt=(55.10, -17.41) s=170.2m
[INFO] [1790670388.129560, 417.603500]: [event] proximity_detection id=369 verdict=true gt_gap=12.979m  at gt=(55.06, -17.88) s=170.7m
[INFO] [1790670390.127861, 418.601000]: [event] proximity_detection id=370 verdict=true gt_gap=13.084m  at gt=(55.04, -18.36) s=171.2m
[INFO] [1790670392.323755, 419.699000]: [event] proximity_detection id=371 verdict=true gt_gap=13.225m  at gt=(55.01, -18.88) s=171.7m
[INFO] [1790670394.325914, 420.699000]: [event] proximity_detection id=372 verdict=true gt_gap=13.295m  at gt=(54.99, -19.33) s=172.1m
[INFO] [1790670396.509019, 421.788500]: [event] proximity_detection id=373 verdict=true gt_gap=13.376m  at gt=(54.95, -19.83) s=172.6m
[INFO] [1790670398.538153, 422.799000]: [event] proximity_detection id=374 verdict=true gt_gap=13.425m  at gt=(54.91, -20.30) s=173.1m
[INFO] [1790670400.555699, 423.807000]: [event] proximity_detection id=375 verdict=true gt_gap=13.499m  at gt=(54.87, -20.77) s=173.6m
[INFO] [1790670402.709104, 424.882000]: [event] proximity_detection id=376 verdict=true gt_gap=13.597m  at gt=(54.84, -21.28) s=174.1m
[INFO] [1790670404.940036, 425.996500]: [event] proximity_detection id=377 verdict=true gt_gap=13.710m  at gt=(54.81, -21.82) s=174.6m
[INFO] [1790670406.946781, 426.998500]: [event] proximity_detection id=378 verdict=true gt_gap=13.693m  at gt=(54.81, -22.26) s=175.1m
[INFO] [1790670408.949172, 427.998500]: [event] proximity_detection id=379 verdict=true gt_gap=13.698m  at gt=(54.80, -22.66) s=175.5m
[INFO] [1790670410.948835, 428.997500]: [event] proximity_detection id=380 verdict=true gt_gap=13.724m  at gt=(54.82, -23.09) s=175.9m
[INFO] [1790670413.149708, 430.096500]: [event] proximity_detection id=381 verdict=true gt_gap=13.775m  at gt=(54.84, -23.62) s=176.4m
[INFO] [1790670415.137013, 431.088000]: [event] proximity_detection id=382 verdict=true gt_gap=13.782m  at gt=(54.86, -24.09) s=176.9m
[INFO] [1790670417.128008, 432.082500]: [event] proximity_detection id=383 verdict=true gt_gap=13.568m  at gt=(54.88, -24.55) s=177.4m
[INFO] [1790670419.134128, 433.083500]: [event] proximity_detection id=384 verdict=true gt_gap=13.874m  at gt=(54.89, -25.00) s=177.8m
[INFO] [1790670421.091639, 434.061000]: [event] proximity_detection id=385 verdict=true gt_gap=13.899m  at gt=(54.89, -25.45) s=178.3m
[INFO] [1790670423.125723, 435.077500]: [event] proximity_detection id=386 verdict=true gt_gap=13.898m  at gt=(54.88, -25.91) s=178.7m
[INFO] [1790670425.131095, 436.078000]: [event] proximity_detection id=387 verdict=true gt_gap=13.878m  at gt=(54.88, -26.35) s=179.2m
[INFO] [1790670427.008274, 437.016500]: [event] proximity_detection id=388 verdict=true gt_gap=13.730m  at gt=(54.88, -26.66) s=179.5m
[INFO] [1790670429.067858, 438.044500]: [event] proximity_detection id=389 verdict=true gt_gap=13.313m  at gt=(54.90, -26.72) s=179.6m
[INFO] [1790670431.259330, 439.139000]: [event] proximity_detection id=390 verdict=true gt_gap=12.808m  at gt=(54.87, -26.65) s=179.6m
[INFO] [1790670433.273306, 440.144500]: [event] proximity_detection id=391 verdict=true gt_gap=12.221m  at gt=(54.86, -26.50) s=179.8m
[INFO] [1790670435.452116, 441.232000]: [event] proximity_detection id=103 verdict=true gt_gap=0.139m  at gt=(54.86, -26.87) s=180.2m
[INFO] [1790670437.518208, 442.263500]: [event] proximity_detection id=393 verdict=true gt_gap=11.972m  at gt=(54.83, -27.12) s=180.4m
[INFO] [1790670439.706448, 443.356500]: [event] proximity_detection id=394 verdict=true gt_gap=12.004m  at gt=(54.90, -27.61) s=180.9m
[INFO] [1790670441.707226, 444.355500]: [event] proximity_detection id=395 verdict=true gt_gap=11.962m  at gt=(54.96, -27.97) s=181.3m
[INFO] [1790670443.700413, 445.350000]: [event] proximity_detection id=396 verdict=true gt_gap=11.856m  at gt=(54.97, -28.31) s=181.6m
[INFO] [1790670445.704447, 446.350000]: [event] proximity_detection id=397 verdict=true gt_gap=11.640m  at gt=(54.97, -28.57) s=181.9m
[INFO] [1790670447.703758, 447.347000]: [event] proximity_detection id=398 verdict=true gt_gap=11.529m  at gt=(54.89, -28.94) s=182.3m
[INFO] [1790670449.733664, 448.361500]: [event] proximity_detection id=399 verdict=true gt_gap=11.481m  at gt=(54.81, -29.35) s=182.7m
[INFO] [1790670451.970857, 449.479000]: [event] proximity_detection id=400 verdict=true gt_gap=11.473m  at gt=(54.72, -29.83) s=183.2m
[INFO] [1790670453.939933, 450.462500]: [event] proximity_detection id=401 verdict=true gt_gap=11.332m  at gt=(54.64, -30.21) s=183.6m
[INFO] [1790670455.972153, 451.476000]: [event] proximity_detection id=402 verdict=true gt_gap=11.260m  at gt=(54.58, -30.58) s=184.0m
[INFO] [1790670457.956922, 452.468000]: [event] proximity_detection id=403 verdict=true gt_gap=11.200m  at gt=(54.46, -31.02) s=184.4m
[INFO] [1790670459.975224, 453.476000]: [event] proximity_detection id=404 verdict=true gt_gap=11.072m  at gt=(54.36, -31.36) s=184.8m
[INFO] [1790670462.216646, 454.595000]: [event] proximity_detection id=405 verdict=true gt_gap=10.957m  at gt=(54.24, -31.71) s=185.1m
[INFO] [1790670464.192427, 455.582000]: [event] proximity_detection id=406 verdict=true gt_gap=10.726m  at gt=(54.14, -31.99) s=185.4m
[INFO] [1790670466.231667, 456.599500]: [event] proximity_detection id=407 verdict=true gt_gap=10.578m  at gt=(53.95, -32.36) s=185.9m
[INFO] [1790670468.458699, 457.711500]: [event] proximity_detection id=408 verdict=true gt_gap=10.570m  at gt=(53.74, -32.77) s=186.3m
[INFO] [1790670470.434350, 458.697500]: [event] proximity_detection id=409 verdict=true gt_gap=10.601m  at gt=(53.54, -33.18) s=186.8m
[INFO] [1790670472.478895, 459.718500]: [event] proximity_detection id=410 verdict=true gt_gap=10.608m  at gt=(53.33, -33.59) s=187.2m
[INFO] [1790670474.707734, 460.831500]: [event] proximity_detection id=411 verdict=true gt_gap=10.541m  at gt=(53.07, -34.01) s=187.7m
[INFO] [1790670476.686640, 461.820000]: [event] proximity_detection id=412 verdict=true gt_gap=10.469m  at gt=(52.82, -34.36) s=188.2m
[INFO] [1790670478.737917, 462.844500]: [event] proximity_detection id=413 verdict=true gt_gap=10.430m  at gt=(52.57, -34.73) s=188.6m
[INFO] [1790670480.781904, 463.865000]: [event] proximity_detection id=414 verdict=true gt_gap=10.396m  at gt=(52.32, -35.07) s=189.0m
[INFO] [1790670482.757895, 464.851000]: [event] proximity_detection id=415 verdict=true gt_gap=10.356m  at gt=(52.05, -35.40) s=189.5m
[INFO] [1790670485.013746, 465.977500]: [event] proximity_detection id=416 verdict=true gt_gap=10.366m  at gt=(51.71, -35.78) s=190.0m
[INFO] [1790670487.005283, 466.972500]: [event] proximity_detection id=417 verdict=true gt_gap=10.331m  at gt=(51.42, -36.08) s=190.4m
[INFO] [1790670489.016068, 467.977000]: [event] proximity_detection id=418 verdict=true gt_gap=10.412m  at gt=(51.12, -36.38) s=190.8m
[INFO] [1790670491.028177, 468.980000]: [event] proximity_detection id=419 verdict=true gt_gap=10.757m  at gt=(50.80, -36.66) s=191.2m
[INFO] [1790670493.067643, 469.996000]: [event] proximity_detection id=134 verdict=true gt_gap=0.120m  at gt=(50.48, -36.95) s=191.7m
[INFO] [1790670495.245599, 471.084000]: [event] proximity_detection id=135 verdict=true gt_gap=0.195m  at gt=(50.15, -37.22) s=192.1m
[INFO] [1790670497.204993, 472.061500]: [event] proximity_detection id=136 verdict=true gt_gap=0.169m  at gt=(49.84, -37.44) s=192.5m
[INFO] [1790670499.381950, 473.148000]: [event] proximity_detection id=137 verdict=true gt_gap=0.178m  at gt=(49.44, -37.66) s=192.9m
[INFO] [1790670501.375224, 474.143500]: [event] proximity_detection id=138 verdict=true gt_gap=0.197m  at gt=(49.04, -37.90) s=193.4m
[INFO] [1790670503.572684, 475.242000]: [event] proximity_detection id=139 verdict=true gt_gap=0.239m  at gt=(48.60, -38.16) s=193.9m
[INFO] [1790670505.543904, 476.226500]: [event] proximity_detection id=140 verdict=true gt_gap=0.210m  at gt=(48.20, -38.37) s=194.4m
[INFO] [1790670507.534981, 477.219500]: [event] proximity_detection id=141 verdict=true gt_gap=0.208m  at gt=(47.80, -38.56) s=194.8m
[INFO] [1790670509.490168, 478.196000]: [event] proximity_detection id=142 verdict=true gt_gap=0.214m  at gt=(47.38, -38.73) s=195.3m
[INFO] [1790670511.712141, 479.306000]: [event] proximity_detection id=143 verdict=true gt_gap=0.249m  at gt=(46.93, -38.91) s=195.7m
[INFO] [1790670513.691960, 480.293500]: [event] proximity_detection id=144 verdict=true gt_gap=0.227m  at gt=(46.55, -39.05) s=196.2m
[INFO] [1790670515.687440, 481.290000]: [event] proximity_detection id=145 verdict=true gt_gap=0.190m  at gt=(46.15, -39.17) s=196.6m
[INFO] [1790670517.698478, 482.294000]: [event] proximity_detection id=146 verdict=true gt_gap=0.148m  at gt=(45.73, -39.28) s=197.0m
[INFO] [1790670519.695217, 483.290000]: [event] proximity_detection id=147 verdict=true gt_gap=0.137m  at gt=(45.28, -39.35) s=197.5m
[INFO] [1790670521.681570, 484.283000]: [event] proximity_detection id=148 verdict=true gt_gap=0.152m  at gt=(44.83, -39.41) s=197.9m
[INFO] [1790670523.716541, 485.299500]: [event] proximity_detection id=149 verdict=true gt_gap=0.168m  at gt=(44.36, -39.48) s=198.4m
[INFO] [1790670525.684796, 486.282500]: [event] proximity_detection id=150 verdict=true gt_gap=0.073m  at gt=(43.98, -39.55) s=198.8m
[INFO] [1790670527.675139, 487.276500]: [event] proximity_detection id=151 verdict=true gt_gap=0.031m  at gt=(43.65, -39.60) s=199.1m
[INFO] [1790670529.932665, 488.403500]: [event] proximity_detection id=152 verdict=true gt_gap=0.079m  at gt=(43.20, -39.61) s=199.6m
[INFO] [1790670531.874821, 489.373000]: [event] proximity_detection id=153 verdict=true gt_gap=0.031m  at gt=(42.74, -39.60) s=200.0m
[INFO] [1790670533.865175, 490.367500]: [event] proximity_detection id=154 verdict=true gt_gap=0.028m  at gt=(42.25, -39.58) s=200.5m
[INFO] [1790670535.910833, 491.389000]: [event] proximity_detection id=155 verdict=true gt_gap=0.013m  at gt=(41.75, -39.55) s=201.0m
[INFO] [1790670537.895919, 492.380500]: [event] proximity_detection id=156 verdict=true gt_gap=0.062m  at gt=(41.26, -39.52) s=201.5m
[INFO] [1790670539.940580, 493.401500]: [event] proximity_detection id=157 verdict=true gt_gap=0.058m  at gt=(40.78, -39.49) s=202.0m
[INFO] [1790670541.934964, 494.397000]: [event] proximity_detection id=158 verdict=true gt_gap=0.080m  at gt=(40.32, -39.46) s=202.5m
[INFO] [1790670544.009799, 495.433500]: [event] proximity_detection id=445 verdict=true gt_gap=12.858m  at gt=(39.84, -39.44) s=202.9m
[INFO] [1790670546.059379, 496.458000]: [event] proximity_detection id=446 verdict=true gt_gap=12.893m  at gt=(39.34, -39.42) s=203.4m
[INFO] [1790670548.006273, 497.429500]: [event] proximity_detection id=447 verdict=true gt_gap=12.980m  at gt=(38.87, -39.40) s=203.9m
[INFO] [1790670550.021466, 498.435500]: [event] proximity_detection id=448 verdict=true gt_gap=13.086m  at gt=(38.39, -39.39) s=204.4m
[INFO] [1790670552.007276, 499.427000]: [event] proximity_detection id=449 verdict=true gt_gap=13.150m  at gt=(37.93, -39.36) s=204.8m
[INFO] [1790670554.027121, 500.435500]: [event] proximity_detection id=450 verdict=true gt_gap=13.241m  at gt=(37.45, -39.33) s=205.3m
[INFO] [1790670556.189872, 501.516000]: [event] proximity_detection id=451 verdict=true gt_gap=13.373m  at gt=(36.94, -39.30) s=205.8m
[INFO] [1790670558.251653, 502.545000]: [event] proximity_detection id=452 verdict=true gt_gap=13.525m  at gt=(36.44, -39.28) s=206.3m
[INFO] [1790670560.249697, 503.543000]: [event] proximity_detection id=453 verdict=true gt_gap=13.569m  at gt=(35.96, -39.24) s=206.8m
[INFO] [1790670562.257995, 504.545000]: [event] proximity_detection id=454 verdict=true gt_gap=13.593m  at gt=(35.51, -39.21) s=207.3m
[INFO] [1790670564.457637, 505.644500]: [event] proximity_detection id=455 verdict=true gt_gap=13.631m  at gt=(35.01, -39.17) s=207.8m
[INFO] [1790670566.442209, 506.635000]: [event] proximity_detection id=456 verdict=true gt_gap=13.725m  at gt=(34.50, -39.14) s=208.3m
[INFO] [1790670568.409739, 507.618000]: [event] proximity_detection id=457 verdict=true gt_gap=13.769m  at gt=(34.04, -39.14) s=208.7m
[INFO] [1790670570.452149, 508.637000]: [event] proximity_detection id=458 verdict=true gt_gap=13.793m  at gt=(33.60, -39.14) s=209.2m
[INFO] [1790670572.440469, 509.630500]: [event] proximity_detection id=459 verdict=true gt_gap=13.791m  at gt=(33.14, -39.10) s=209.6m
[INFO] [1790670574.638140, 510.728500]: [event] proximity_detection id=460 verdict=true gt_gap=13.902m  at gt=(32.64, -39.06) s=210.1m
[INFO] [1790670576.633937, 511.725500]: [event] proximity_detection id=461 verdict=true gt_gap=13.966m  at gt=(32.19, -39.03) s=210.6m
[INFO] [1790670578.630195, 512.721500]: [event] proximity_detection id=462 verdict=true gt_gap=14.019m  at gt=(31.72, -38.96) s=211.1m
[INFO] [1790670580.642469, 513.727000]: [event] proximity_detection id=463 verdict=true gt_gap=14.042m  at gt=(31.25, -38.90) s=211.6m
[INFO] [1790670582.784423, 514.796500]: [event] proximity_detection id=464 verdict=true gt_gap=14.108m  at gt=(30.73, -38.84) s=212.1m
[INFO] [1790670584.781290, 515.794500]: [event] proximity_detection id=465 verdict=true gt_gap=14.137m  at gt=(30.24, -38.78) s=212.6m
[INFO] [1790670586.989962, 516.896500]: [event] proximity_detection id=466 verdict=true gt_gap=14.277m  at gt=(29.73, -38.69) s=213.1m
[INFO] [1790670589.000294, 517.900500]: [event] proximity_detection id=467 verdict=true gt_gap=14.443m  at gt=(29.24, -38.62) s=213.6m
[INFO] [1790670591.011696, 518.905500]: [event] proximity_detection id=468 verdict=true gt_gap=14.469m  at gt=(28.77, -38.54) s=214.1m
[INFO] [1790670593.025809, 519.911000]: [event] proximity_detection id=469 verdict=true gt_gap=14.487m  at gt=(28.30, -38.44) s=214.5m
[INFO] [1790670595.026804, 520.910500]: [event] proximity_detection id=470 verdict=true gt_gap=14.479m  at gt=(27.82, -38.33) s=215.0m
[INFO] [1790670597.064183, 521.927500]: [event] proximity_detection id=471 verdict=true gt_gap=14.448m  at gt=(27.36, -38.23) s=215.5m
[INFO] [1790670599.276715, 523.033000]: [event] proximity_detection id=472 verdict=true gt_gap=14.425m  at gt=(26.91, -38.13) s=216.0m
[INFO] [1790670601.472673, 524.129000]: [event] proximity_detection id=473 verdict=true gt_gap=14.361m  at gt=(26.50, -38.01) s=216.4m
[INFO] [1790670603.425648, 525.105000]: [event] proximity_detection id=474 verdict=true gt_gap=14.252m  at gt=(26.16, -37.90) s=216.7m
[INFO] [1790670605.464187, 526.122000]: [event] proximity_detection id=475 verdict=true gt_gap=14.138m  at gt=(25.80, -37.76) s=217.1m
[INFO] [1790670607.485467, 527.131500]: [event] proximity_detection id=476 verdict=true gt_gap=14.035m  at gt=(25.43, -37.60) s=217.5m
[INFO] [1790670609.467879, 528.122000]: [event] proximity_detection id=477 verdict=true gt_gap=13.959m  at gt=(25.05, -37.43) s=217.9m
[INFO] [1790670611.477237, 529.125000]: [event] proximity_detection id=192 verdict=true gt_gap=0.297m  at gt=(24.68, -37.25) s=218.4m
[INFO] [1790670613.479746, 530.125000]: [event] proximity_detection id=479 verdict=true gt_gap=13.865m  at gt=(24.27, -37.01) s=218.8m
[INFO] [1790670615.544842, 531.154000]: [event] proximity_detection id=193 verdict=true gt_gap=0.312m  at gt=(23.84, -36.72) s=219.4m
[INFO] [1790670617.519667, 532.140000]: [event] proximity_detection id=194 verdict=true gt_gap=0.247m  at gt=(23.48, -36.45) s=219.8m
[INFO] [1790670619.519242, 533.138000]: [event] proximity_detection id=195 verdict=true gt_gap=0.234m  at gt=(23.13, -36.19) s=220.2m
[INFO] [1790670621.522865, 534.137500]: [event] proximity_detection id=196 verdict=true gt_gap=0.228m  at gt=(22.74, -35.90) s=220.7m
[INFO] [1790670623.538833, 535.144500]: [event] proximity_detection id=197 verdict=true gt_gap=0.243m  at gt=(22.35, -35.59) s=221.2m
[INFO] [1790670625.555774, 536.150000]: [event] proximity_detection id=198 verdict=true gt_gap=0.210m  at gt=(22.03, -35.33) s=221.6m
[INFO] [1790670627.606136, 537.175000]: [event] proximity_detection id=199 verdict=true gt_gap=0.192m  at gt=(21.71, -35.02) s=222.1m
[INFO] [1790670629.541129, 538.140500]: [event] proximity_detection id=200 verdict=true gt_gap=0.128m  at gt=(21.40, -34.67) s=222.6m
[INFO] [1790670631.542877, 539.140000]: [event] proximity_detection id=201 verdict=true gt_gap=0.109m  at gt=(21.08, -34.30) s=223.0m
[INFO] [1790670633.635004, 540.185000]: [event] proximity_detection id=202 verdict=true gt_gap=0.077m  at gt=(20.75, -33.89) s=223.6m
[INFO] [1790670635.582284, 541.157000]: [event] proximity_detection id=203 verdict=true gt_gap=0.006m  at gt=(20.47, -33.54) s=224.0m
[INFO] [1790670637.542940, 542.136500]: [event] proximity_detection id=204 verdict=true gt_gap=0.014m  at gt=(20.25, -33.23) s=224.4m
[INFO] [1790670639.561805, 543.144500]: [event] proximity_detection id=205 verdict=true gt_gap=0.023m  at gt=(20.01, -32.87) s=224.8m
[INFO] [1790670641.584035, 544.154500]: [event] proximity_detection id=206 verdict=true gt_gap=0.006m  at gt=(19.79, -32.48) s=225.3m
[INFO] [1790670643.533611, 545.126500]: [event] proximity_detection id=207 verdict=true gt_gap=0.014m  at gt=(19.58, -32.07) s=225.8m
[INFO] [1790670645.570189, 546.143000]: [event] proximity_detection id=208 verdict=true gt_gap=0.041m  at gt=(19.35, -31.64) s=226.2m
[INFO] [1790670647.545436, 547.129000]: [event] proximity_detection id=209 verdict=true gt_gap=0.094m  at gt=(19.16, -31.27) s=226.6m
[INFO] [1790670649.529662, 548.121000]: [event] proximity_detection id=209 verdict=true gt_gap=0.256m  at gt=(19.04, -30.95) s=227.0m
[INFO] [1790670651.503387, 549.107000]: [event] proximity_detection id=211 verdict=true gt_gap=0.131m  at gt=(18.89, -30.55) s=227.4m
[INFO] [1790670653.501734, 550.104500]: [event] proximity_detection id=212 verdict=true gt_gap=0.138m  at gt=(18.73, -30.15) s=227.9m
[INFO] [1790670655.742893, 551.224000]: [event] proximity_detection id=213 verdict=true gt_gap=0.083m  at gt=(18.61, -29.73) s=228.3m
[INFO] [1790670657.709798, 552.206000]: [event] proximity_detection id=214 verdict=true gt_gap=0.097m  at gt=(18.51, -29.33) s=228.7m
[INFO] [1790670659.717068, 553.208500]: [event] proximity_detection id=215 verdict=true gt_gap=0.097m  at gt=(18.42, -28.93) s=229.1m
[INFO] [1790670661.731477, 554.215000]: [event] proximity_detection id=216 verdict=true gt_gap=0.099m  at gt=(18.36, -28.54) s=229.5m
[INFO] [1790670663.716156, 555.206000]: [event] proximity_detection id=217 verdict=true gt_gap=0.072m  at gt=(18.32, -28.10) s=230.0m
[INFO] [1790670665.703822, 556.197500]: [event] proximity_detection id=218 verdict=true gt_gap=0.053m  at gt=(18.28, -27.64) s=230.4m
[INFO] [1790670667.924560, 557.307000]: [event] proximity_detection id=219 verdict=true gt_gap=0.028m  at gt=(18.24, -27.14) s=230.9m
[INFO] [1790670669.916506, 558.301000]: [event] proximity_detection id=220 verdict=true gt_gap=0.037m  at gt=(18.19, -26.68) s=231.4m
[INFO] [1790670671.920918, 559.302000]: [event] proximity_detection id=221 verdict=true gt_gap=0.015m  at gt=(18.20, -26.25) s=231.8m
[INFO] [1790670674.118537, 560.399500]: [event] proximity_detection id=222 verdict=true gt_gap=0.038m  at gt=(18.22, -25.75) s=232.3m
[INFO] [1790670676.141675, 561.410000]: [event] proximity_detection id=223 verdict=true gt_gap=0.076m  at gt=(18.27, -25.26) s=232.8m
[INFO] [1790670678.152921, 562.414000]: [event] proximity_detection id=224 verdict=true gt_gap=0.062m  at gt=(18.31, -24.85) s=233.2m
[INFO] [1790670680.359779, 563.516500]: [event] proximity_detection id=512 verdict=true gt_gap=12.713m  at gt=(18.36, -24.40) s=233.7m
[INFO] [1790670682.380043, 564.525000]: [event] proximity_detection id=513 verdict=true gt_gap=12.669m  at gt=(18.37, -24.01) s=234.1m
[INFO] [1790670684.355518, 565.510500]: [event] proximity_detection id=514 verdict=true gt_gap=12.644m  at gt=(18.36, -23.60) s=234.5m
[INFO] [1790670686.568316, 566.614500]: [event] proximity_detection id=515 verdict=true gt_gap=12.772m  at gt=(18.35, -23.10) s=235.0m
[INFO] [1790670688.802680, 567.731000]: [event] proximity_detection id=516 verdict=true gt_gap=12.882m  at gt=(18.37, -22.58) s=235.5m
[INFO] [1790670690.944845, 568.799000]: [event] proximity_detection id=517 verdict=true gt_gap=12.868m  at gt=(18.38, -22.17) s=235.9m
[INFO] [1790670692.799605, 569.725000]: [event] proximity_detection id=518 verdict=true gt_gap=12.825m  at gt=(18.36, -21.77) s=236.3m
[INFO] [1790670694.831054, 570.738000]: [event] proximity_detection id=519 verdict=true gt_gap=12.828m  at gt=(18.36, -21.28) s=236.8m
[INFO] [1790670696.836455, 571.739500]: [event] proximity_detection id=520 verdict=true gt_gap=12.900m  at gt=(18.35, -20.81) s=237.3m
[INFO] [1790670698.805701, 572.723000]: [event] proximity_detection id=521 verdict=true gt_gap=13.050m  at gt=(18.33, -20.32) s=237.8m
[INFO] [1790670701.035917, 573.836500]: [event] proximity_detection id=522 verdict=true gt_gap=13.209m  at gt=(18.32, -19.77) s=238.3m
[INFO] [1790670703.140120, 574.884500]: [event] proximity_detection id=523 verdict=true gt_gap=13.280m  at gt=(18.34, -19.28) s=238.8m
[INFO] [1790670705.276882, 575.948500]: [event] proximity_detection id=524 verdict=true gt_gap=13.314m  at gt=(18.35, -18.81) s=239.3m
[INFO] [1790670707.397365, 577.004500]: [event] proximity_detection id=525 verdict=true gt_gap=13.360m  at gt=(18.36, -18.32) s=239.8m
[INFO] [1790670709.578460, 578.089000]: [event] proximity_detection id=526 verdict=true gt_gap=13.567m  at gt=(18.32, -17.73) s=240.4m
[INFO] [1790670711.349372, 578.968000]: [event] proximity_detection id=527 verdict=true gt_gap=13.622m  at gt=(18.31, -17.35) s=240.7m
[INFO] [1790670713.659582, 580.078500]: [event] proximity_detection id=528 verdict=true gt_gap=13.711m  at gt=(18.30, -16.85) s=241.2m
[INFO] [1790670715.606418, 581.045000]: [event] proximity_detection id=529 verdict=true gt_gap=13.732m  at gt=(18.30, -16.42) s=241.7m
[INFO] [1790670717.824692, 582.146500]: [event] proximity_detection id=530 verdict=true gt_gap=13.838m  at gt=(18.31, -15.89) s=242.2m
[INFO] [1790670719.889300, 583.168000]: [event] proximity_detection id=531 verdict=true gt_gap=13.931m  at gt=(18.30, -15.40) s=242.7m
[INFO] [1790670721.673686, 584.056000]: [event] proximity_detection id=532 verdict=true gt_gap=13.941m  at gt=(18.31, -14.99) s=243.1m
[INFO] [1790670723.862358, 585.148000]: [event] proximity_detection id=533 verdict=true gt_gap=14.064m  at gt=(18.32, -14.47) s=243.6m
[INFO] [1790670725.796309, 586.113000]: [event] proximity_detection id=534 verdict=true gt_gap=14.144m  at gt=(18.32, -13.96) s=244.1m
[INFO] [1790670728.033495, 587.229500]: [event] proximity_detection id=535 verdict=true gt_gap=14.161m  at gt=(18.31, -13.48) s=244.6m
[INFO] [1790670730.000902, 588.211500]: [event] proximity_detection id=536 verdict=true gt_gap=14.070m  at gt=(18.32, -13.07) s=245.0m
[INFO] [1790670731.996681, 589.208000]: [event] proximity_detection id=537 verdict=true gt_gap=14.067m  at gt=(18.33, -12.62) s=245.5m
[INFO] [1790670734.071182, 590.243000]: [event] proximity_detection id=538 verdict=true gt_gap=14.131m  at gt=(18.36, -12.12) s=246.0m
[INFO] [1790670736.333265, 591.372500]: [event] proximity_detection id=539 verdict=true gt_gap=14.141m  at gt=(18.38, -11.61) s=246.5m
[INFO] [1790670738.319634, 592.363500]: [event] proximity_detection id=540 verdict=true gt_gap=14.065m  at gt=(18.40, -11.20) s=246.9m
[INFO] [1790670740.555666, 593.474000]: [event] proximity_detection id=541 verdict=true gt_gap=14.122m  at gt=(18.46, -10.73) s=247.4m
[INFO] [1790670742.924418, 594.613500]: [event] proximity_detection id=542 verdict=true gt_gap=14.170m  at gt=(18.56, -10.23) s=247.9m
[INFO] [1790670744.719706, 595.507500]: [event] proximity_detection id=543 verdict=true gt_gap=14.151m  at gt=(18.66, -9.86) s=248.3m
[INFO] [1790670746.895737, 596.582500]: [event] proximity_detection id=544 verdict=true gt_gap=14.245m  at gt=(18.80, -9.36) s=248.8m
[INFO] [1790670748.973209, 597.614500]: [event] proximity_detection id=545 verdict=true gt_gap=14.298m  at gt=(18.94, -8.82) s=249.3m
[INFO] [1790670750.911459, 598.572500]: [event] proximity_detection id=546 verdict=true gt_gap=14.123m  at gt=(19.01, -8.47) s=249.7m
[INFO] [1790670753.001166, 599.601000]: [event] proximity_detection id=547 verdict=true gt_gap=14.126m  at gt=(19.11, -8.06) s=250.1m
[INFO] [1790670755.000214, 600.596000]: [event] proximity_detection id=548 verdict=true gt_gap=14.143m  at gt=(19.18, -7.65) s=250.5m
[INFO] [1790670756.988845, 601.589000]: [event] proximity_detection id=549 verdict=true gt_gap=14.146m  at gt=(19.25, -7.17) s=251.0m
[INFO] [1790670759.274416, 602.726500]: [event] proximity_detection id=550 verdict=true gt_gap=14.183m  at gt=(19.32, -6.66) s=251.5m
[INFO] [1790670761.334868, 603.755500]: [event] proximity_detection id=551 verdict=true gt_gap=14.133m  at gt=(19.38, -6.22) s=252.0m
[INFO] [1790670763.482189, 604.826000]: [event] proximity_detection id=552 verdict=true gt_gap=13.998m  at gt=(19.46, -5.82) s=252.4m
[INFO] [1790670765.663312, 605.911000]: [event] proximity_detection id=553 verdict=true gt_gap=13.976m  at gt=(19.56, -5.36) s=252.9m
[INFO] [1790670767.824935, 606.989500]: [event] proximity_detection id=554 verdict=true gt_gap=13.999m  at gt=(19.69, -4.88) s=253.4m
[INFO] [1790670770.053618, 608.094500]: [event] proximity_detection id=555 verdict=true gt_gap=14.026m  at gt=(19.82, -4.37) s=253.9m
[INFO] [1790670772.046884, 609.088000]: [event] proximity_detection id=556 verdict=true gt_gap=13.893m  at gt=(19.93, -3.93) s=254.3m
[INFO] [1790670774.009446, 610.066500]: [event] proximity_detection id=557 verdict=true gt_gap=13.932m  at gt=(20.02, -3.52) s=254.8m
[INFO] [1790670776.295288, 611.201500]: [event] proximity_detection id=558 verdict=true gt_gap=13.975m  at gt=(20.14, -3.00) s=255.3m
[INFO] [1790670778.075601, 612.090000]: [event] proximity_detection id=559 verdict=true gt_gap=13.910m  at gt=(20.22, -2.65) s=255.7m
[INFO] [1790670780.186038, 613.140000]: [event] proximity_detection id=560 verdict=true gt_gap=13.683m  at gt=(20.31, -2.36) s=256.0m
[INFO] [1790670782.056284, 614.074000]: [event] proximity_detection id=278 verdict=true gt_gap=0.229m  at gt=(20.41, -2.13) s=256.2m
[INFO] [1790670784.079487, 615.083500]: [event] proximity_detection id=1 verdict=unknown gt_gap=nanm  at gt=(20.56, -1.87) s=256.5m
[INFO] [1790670786.014207, 616.045500]: [event] proximity_detection id=563 verdict=true gt_gap=13.085m  at gt=(20.71, -1.61) s=256.8m
[INFO] [1790670788.081327, 617.076500]: [event] proximity_detection id=564 verdict=true gt_gap=12.994m  at gt=(20.87, -1.22) s=257.2m
[INFO] [1790670790.042673, 618.056000]: [event] proximity_detection id=1 verdict=unknown gt_gap=nanm  at gt=(20.96, -0.84) s=257.6m
[INFO] [1790670791.979357, 619.022500]: [event] proximity_detection id=1 verdict=unknown gt_gap=nanm  at gt=(21.01, -0.55) s=257.9m
[WARN] [1790669784.121089, 115.990500]: trajectory_follower: STALL 1 at (54.95, -27.09): commanded 0.31 m/s but moved 0.046 m in 1.0 s (0.0463 m/s); backing off -0.25 m/s for 2.0 s
[WARN] [1790670429.257122, 438.140500]: trajectory_follower: STALL 2 at (54.90, -26.72): commanded 0.16 m/s but moved 0.050 m in 1.0 s (0.0496 m/s); backing off -0.25 m/s for 2.0 s
[INFO] [1790669580.770362, 14.433500]: trajectory_follower: 531 points, 132.50 m, from /home/alessandro/journal_comparison/src/robot_metrics/config/reference_path_mine.yaml
[INFO] [1790669580.771605, 14.436500]: trajectory_follower: model=differential cmd=/husky/cmd_vel v<=0.50 w<=1.00 lookahead=1.00
[INFO] [1790669580.778270, 14.439000]: trajectory_follower: reference path published on ~reference_path in frame "map" (531 poses)
[INFO] [1790670224.461819, 335.890500]: trajectory_follower: vuelta 1 de 2 completa, lazo cerrado a 0.128 m
[INFO] [1790670858.511020, 651.940500]: trajectory_follower: path complete (2 vuelta(s)); lazo cerrado a 0.141 m del punto inicial
[INFO] [1790670858.513633, 651.942000]: trajectory_follower: reached point 529 of 531, vuelta 2 de 2; cross-track error mean 0.087 m, max 1.936 m; 2 stall(s)
[INFO] [1790670858.514715, 651.942500]: trajectory_follower: lazo cerrado a 0.141 m (close_tolerance 0.15 m)
[INFO] [1790669580.633240, 14.366000]: run_guard: model=differential cmd=/husky/cmd_vel
[INFO] [1790669580.634219, 14.366500]: run_guard: wedged if commanded (>0.10 m/s or >0.20 rad/s) for >=70% of 25s while getting neither >1.50 m from the window start nor >0.50 rad of heading
[INFO] [1790669580.635010, 14.367000]: run_guard: rolled if |roll|>50 or |pitch|>60 deg held 1.5s
[INFO] [1790670860.012291, 652.390000]: run_guard: no trip; the run ended on its own terms
[WARN] [1790669580.683858, 14.392000]:   gt_rate_hz 800.0 is not a divisor of the 2000 Hz physics rate; delivering 1000.0 Hz instead, which is the next exact divisor that is not slower
[INFO] [1790670794.053587, 620.057000]: [event] proximity_detection id=1 verdict=unknown gt_gap=nanm  at gt=(21.04, -0.30) s=258.2m
[INFO] [1790670795.953409, 621.002500]: [event] proximity_detection id=1 verdict=unknown gt_gap=nanm  at gt=(21.21, -0.15) s=258.4m
[INFO] [1790670798.052721, 622.050000]: [event] proximity_detection id=1 verdict=unknown gt_gap=nanm  at gt=(21.46, 0.08) s=258.8m
[INFO] [1790670800.108801, 623.074000]: [event] proximity_detection id=570 verdict=true gt_gap=11.919m  at gt=(21.68, 0.26) s=259.0m
[INFO] [1790670802.103468, 624.070000]: [event] proximity_detection id=571 verdict=true gt_gap=11.652m  at gt=(21.89, 0.41) s=259.3m
[INFO] [1790670804.328668, 625.176500]: [event] proximity_detection id=572 verdict=true gt_gap=11.236m  at gt=(22.11, 0.43) s=259.5m
[INFO] [1790670806.121276, 626.069500]: [event] proximity_detection id=1 verdict=unknown gt_gap=nanm  at gt=(22.35, 0.36) s=259.8m
[INFO] [1790670808.307584, 627.158000]: [event] proximity_detection id=1 verdict=unknown gt_gap=nanm  at gt=(22.61, 0.29) s=260.1m
[INFO] [1790670810.480994, 628.244500]: [event] proximity_detection id=1 verdict=unknown gt_gap=nanm  at gt=(22.87, 0.15) s=260.4m
[INFO] [1790670812.416089, 629.210500]: [event] proximity_detection id=1 verdict=unknown gt_gap=nanm  at gt=(23.07, 0.00) s=260.6m
[INFO] [1790670814.442905, 630.223500]: [event] proximity_detection id=1 verdict=unknown gt_gap=nanm  at gt=(23.31, -0.11) s=260.9m
[INFO] [1790670816.675655, 631.334500]: [event] proximity_detection id=1 verdict=unknown gt_gap=nanm  at gt=(23.71, -0.27) s=261.3m
[INFO] [1790670818.710575, 632.347500]: [event] proximity_detection id=1 verdict=unknown gt_gap=nanm  at gt=(24.01, -0.33) s=261.6m
[INFO] [1790670820.681470, 633.331500]: [event] proximity_detection id=1 verdict=unknown gt_gap=nanm  at gt=(24.16, -0.32) s=261.8m
[INFO] [1790670822.760556, 634.368000]: [event] proximity_detection id=1 verdict=unknown gt_gap=nanm  at gt=(24.47, -0.23) s=262.1m
[INFO] [1790670824.680162, 635.326000]: [event] proximity_detection id=1 verdict=unknown gt_gap=nanm  at gt=(24.90, -0.11) s=262.5m
[INFO] [1790670827.362651, 636.654500]: [event] proximity_detection id=1 verdict=unknown gt_gap=nanm  at gt=(25.49, 0.04) s=263.1m
[INFO] [1790670829.271900, 637.601500]: [event] proximity_detection id=584 verdict=true gt_gap=7.962m  at gt=(25.88, 0.13) s=263.5m
[INFO] [1790670831.607933, 638.729000]: [event] proximity_detection id=585 verdict=true gt_gap=7.955m  at gt=(26.33, 0.20) s=264.0m
[INFO] [1790670834.112864, 639.914500]: [event] proximity_detection id=586 verdict=true gt_gap=8.067m  at gt=(26.83, 0.25) s=264.5m
[INFO] [1790670836.121096, 640.885500]: [event] proximity_detection id=587 verdict=true gt_gap=8.202m  at gt=(27.29, 0.28) s=265.0m
[INFO] [1790670838.352072, 641.957000]: [event] proximity_detection id=588 verdict=true gt_gap=8.340m  at gt=(27.80, 0.31) s=265.5m
[INFO] [1790670840.363919, 642.926000]: [event] proximity_detection id=589 verdict=true gt_gap=8.579m  at gt=(28.27, 0.33) s=265.9m
[INFO] [1790670842.295929, 643.863000]: [event] proximity_detection id=590 verdict=true gt_gap=8.822m  at gt=(28.71, 0.34) s=266.4m
[INFO] [1790670843.989853, 644.697000]: [event] proximity_detection id=591 verdict=true gt_gap=9.019m  at gt=(29.09, 0.34) s=266.8m
[INFO] [1790670845.573406, 645.486000]: [event] proximity_detection id=1 verdict=unknown gt_gap=nanm  at gt=(29.45, 0.32) s=267.1m
[INFO] [1790670847.489867, 646.441500]: [event] proximity_detection id=593 verdict=true gt_gap=9.399m  at gt=(29.92, 0.30) s=267.6m
[INFO] [1790670849.652959, 647.517500]: [event] proximity_detection id=594 verdict=true gt_gap=9.689m  at gt=(30.44, 0.29) s=268.1m
[INFO] [1790670851.718923, 648.548500]: [event] proximity_detection id=595 verdict=true gt_gap=10.039m  at gt=(30.94, 0.26) s=268.6m
[INFO] [1790670853.789992, 649.581500]: [event] proximity_detection id=596 verdict=true gt_gap=10.447m  at gt=(31.42, 0.24) s=269.1m
[INFO] [1790670855.719202, 650.544000]: [event] proximity_detection id=597 verdict=true gt_gap=10.847m  at gt=(31.88, 0.22) s=269.6m
[INFO] [1790670857.719508, 651.542500]: [event] proximity_detection id=598 verdict=true gt_gap=11.155m  at gt=(32.36, 0.21) s=270.0m
[INFO] [1790670859.918904, 652.635500]: [event] proximity_detection id=599 verdict=true gt_gap=11.115m  at gt=(32.57, 0.20) s=270.3m
[INFO] [1790670860.888088, 653.127000]: Run differential/05 saved to /home/alessandro/metrics_husky_r0148/fixed_trajectory/swept_lidar/differential/run05
[INFO] [1790670860.890560, 653.128000]:   31901 samples, 31901 GT poses, 512 events
[INFO] [1790670860.892273, 653.129000]:   638737 high-rate GT samples from 1277474 messages (1000.0 Hz over 638.7 s)
[INFO] [1790670860.893282, 653.129500]:   distance travelled (GT): 270.27 m
[INFO] [1790670860.894352, 653.130000]:   tracking losses: 0, relocalizations: 0
[INFO] [1790670860.895211, 653.130500]:   loop closures: 0 (visual), 512 (proximity)
[31m================================================================================REQUIRED process [trajectory_follower-1] has died!
process has finished cleanly
log file: /home/alessandro/.ros/log/80b58cec-bbdd-11f1-bd00-096508a55b3d/trajectory_follower-1*.log
Initiating shutdown!
================================================================================[0m
... logging to /home/alessandro/.ros/log/80b58cec-bbdd-11f1-bd00-096508a55b3d/roslaunch-LAPTOP-EU6F9FQD-4078547.log
Checking log directory for disk usage. This may take a while.
Press Ctrl-C to interrupt
Done checking log file disk usage. Usage is <1GB.
]2;/home/alessandro/journal_comparison/src/robot_metrics/launch/trajectory_follow.launch
[1mstarted roslaunch server http://LAPTOP-EU6F9FQD:40563/[0m

SUMMARY
========

PARAMETERS
 * /metrics_logger/cmd_vel_topic: /husky/cmd_vel
 * /metrics_logger/effort_joints: front_left_joint,...
 * /metrics_logger/gt_rate_hz: 800
 * /metrics_logger/loop_true_radius: 3.0
 * /metrics_logger/model_name: differential
 * /metrics_logger/odom_topic: /rtabmap/odom
 * /metrics_logger/output_dir: /home/alessandro/...
 * /metrics_logger/physics_rate_hz: 2000
 * /metrics_logger/proximity_true_radius: 20.0
 * /metrics_logger/rate: 50
 * /metrics_logger/robot_name: differential
 * /metrics_logger/run_id: 5
 * /metrics_logger/suspension_joints: 
 * /metrics_logger/suspension_topic: /husky/joint_states
 * /metrics_logger/tracking_loss_timeout: 1.0
 * /metrics_logger/velocity_joints: front_left_joint,...
 * /metrics_logger/wheel_links: 
 * /rosdistro: noetic
 * /rosversion: 1.17.4
 * /run_guard/cmd_vel_topic: /husky/cmd_vel
 * /run_guard/grace: 30.0
 * /run_guard/model_name: differential
 * /run_guard/pitch_limit: 60.0
 * /run_guard/progress_min: 1.5
 * /run_guard/roll_limit: 50.0
 * /run_guard/stuck_time: 25.0
 * /run_guard/trip_file: /home/alessandro/...
 * /run_guard/yaw_progress_min: 0.5
 * /trajectory_follower/align_threshold: 0.8
 * /trajectory_follower/backoff_speed: -0.25
 * /trajectory_follower/backoff_time: 2.0
 * /trajectory_follower/base_yaw_offset: 0.0
 * /trajectory_follower/close_timeout: 15.0
 * /trajectory_follower/close_tolerance: 0.15
 * /trajectory_follower/cmd_vel_topic: /husky/cmd_vel
 * /trajectory_follower/commanded_min: 0.15
 * /trajectory_follower/cooldown: 5.0
 * /trajectory_follower/curve_slowdown: 0.6
 * /trajectory_follower/k_xte: 2.5
 * /trajectory_follower/laps: 2
 * /trajectory_follower/lookahead: 1.0
 * /trajectory_follower/lookahead_k: 0.8
 * /trajectory_follower/lookahead_max: 1.0
 * /trajectory_follower/lookahead_min: 0.3
 * /trajectory_follower/max_stalls: 8
 * /trajectory_follower/max_vel_theta: 1.0
 * /trajectory_follower/max_vel_x: 0.5
 * /trajectory_follower/min_aim_dist: 0.25
 * /trajectory_follower/model_name: differential
 * /trajectory_follower/path_file: /home/alessandro/...
 * /trajectory_follower/spawn_x: 33.5
 * /trajectory_follower/spawn_y: 0.2
 * /trajectory_follower/spawn_yaw: 0.0
 * /trajectory_follower/speed_max: 0.05
 * /trajectory_follower/stall_time: 1.0
 * /trajectory_follower/trip_file: /home/alessandro/...
 * /trajectory_follower/viz_frame: map
 * /trajectory_follower/w_v_floor: 0.1
 * /trajectory_follower/xte_curv_max: 0.5

NODES
  /
    metrics_logger (robot_metrics/metrics_logger.py)
    run_guard (robot_metrics/run_guard.py)
    trajectory_follower (robot_metrics/trajectory_follower.py)

[1mROS_MASTER_URI=http://localhost:11311[0m
]2;/home/alessandro/journal_comparison/src/robot_metrics/launch/trajectory_follow.launch http://localhost:11311
[1mprocess[trajectory_follower-1]: started with pid [4078576][0m
[1mprocess[run_guard-2]: started with pid [4078577][0m
[1mprocess[metrics_logger-3]: started with pid [4078578][0m
[metrics_logger-3] killing on exit
[run_guard-2] killing on exit
[trajectory_follower-1] killing on exit
shutting down processing monitor...
... shutting down processing monitor complete
[1mdone[0m
