Opening database "/home/alessandro/metrics_VF/fixed_trajectory/swept_lidar/rocker_bogie/run05/rtabmap.db"...
Opening database "/home/alessandro/metrics_VF/fixed_trajectory/swept_lidar/rocker_bogie/run05/rtabmap.db"... done (0.000202s).
Optimizing the map (Full global optimization)...
Optimizing the map (Full global optimization)... done (0.128925s, poses=565, links=1785).
Processed 6/565 (1%) nodes...
Processed 12/565 (2%) nodes...
Processed 17/565 (3%) nodes...
Processed 23/565 (4%) nodes...
Processed 29/565 (5%) nodes...
Processed 34/565 (6%) nodes...
Processed 40/565 (7%) nodes...
Processed 46/565 (8%) nodes...
Processed 51/565 (9%) nodes...
Processed 57/565 (10%) nodes...
Processed 63/565 (11%) nodes...
Processed 68/565 (12%) nodes...
Processed 74/565 (13%) nodes...
Processed 80/565 (14%) nodes...
Processed 85/565 (15%) nodes...
Processed 91/565 (16%) nodes...
Processed 97/565 (17%) nodes...
Processed 102/565 (18%) nodes...
Processed 108/565 (19%) nodes...
Processed 113/565 (20%) nodes...
Processed 119/565 (21%) nodes...
Processed 125/565 (22%) nodes...
Processed 130/565 (23%) nodes...
Processed 136/565 (24%) nodes...
Processed 142/565 (25%) nodes...
Processed 147/565 (26%) nodes...
Processed 153/565 (27%) nodes...
Processed 159/565 (28%) nodes...
Processed 164/565 (29%) nodes...
Processed 170/565 (30%) nodes...
Processed 176/565 (31%) nodes...
Processed 181/565 (32%) nodes...
Processed 187/565 (33%) nodes...
Processed 193/565 (34%) nodes...
Processed 198/565 (35%) nodes...
Processed 204/565 (36%) nodes...
Processed 210/565 (37%) nodes...
Processed 215/565 (38%) nodes...
Processed 221/565 (39%) nodes...
Processed 226/565 (40%) nodes...
Processed 232/565 (41%) nodes...
Processed 238/565 (42%) nodes...
Processed 243/565 (43%) nodes...
Processed 249/565 (44%) nodes...
Processed 255/565 (45%) nodes...
Processed 260/565 (46%) nodes...
Processed 266/565 (47%) nodes...
Processed 272/565 (48%) nodes...
Processed 277/565 (49%) nodes...
Processed 283/565 (50%) nodes...
Processed 289/565 (51%) nodes...
Processed 294/565 (52%) nodes...
Processed 300/565 (53%) nodes...
Processed 306/565 (54%) nodes...
Processed 311/565 (55%) nodes...
Processed 317/565 (56%) nodes...
Processed 323/565 (57%) nodes...
Processed 328/565 (58%) nodes...
Processed 334/565 (59%) nodes...
Processed 339/565 (60%) nodes...
Processed 345/565 (61%) nodes...
Processed 351/565 (62%) nodes...
Processed 356/565 (63%) nodes...
Processed 362/565 (64%) nodes...
Processed 368/565 (65%) nodes...
Processed 373/565 (66%) nodes...
Processed 379/565 (67%) nodes...
Processed 385/565 (68%) nodes...
Processed 390/565 (69%) nodes...
Processed 396/565 (70%) nodes...
Processed 402/565 (71%) nodes...
Processed 407/565 (72%) nodes...
Processed 413/565 (73%) nodes...
Processed 419/565 (74%) nodes...
Processed 424/565 (75%) nodes...
Processed 430/565 (76%) nodes...
Processed 436/565 (77%) nodes...
Processed 441/565 (78%) nodes...
Processed 447/565 (79%) nodes...
Processed 452/565 (80%) nodes...
Processed 458/565 (81%) nodes...
Processed 464/565 (82%) nodes...
Processed 469/565 (83%) nodes...
Processed 475/565 (84%) nodes...
Processed 481/565 (85%) nodes...
Processed 486/565 (86%) nodes...
Processed 492/565 (87%) nodes...
Processed 498/565 (88%) nodes...
Processed 503/565 (89%) nodes...
Processed 509/565 (90%) nodes...
Processed 515/565 (91%) nodes...
Processed 520/565 (92%) nodes...
Processed 526/565 (93%) nodes...
Processed 532/565 (94%) nodes...
Processed 537/565 (95%) nodes...
Processed 543/565 (96%) nodes...
Processed 549/565 (97%) nodes...
Processed 554/565 (98%) nodes...
Processed 560/565 (99%) nodes...
Processed 565/565 (100%) nodes...
565 poses exported to "/home/alessandro/metrics_VF/fixed_trajectory/swept_lidar/rocker_bogie/run05/opt_traj_poses.txt". (min=[-15.486339,-39.815102,-0.521367] max=[21.662741,0.180922,7.422406])
