Opening database "/home/alessandro/metrics_husky_r0148/fixed_trajectory/swept_lidar/differential/run02/rtabmap.db"...
Opening database "/home/alessandro/metrics_husky_r0148/fixed_trajectory/swept_lidar/differential/run02/rtabmap.db"... done (0.000281s).
Optimizing the map (Full global optimization)...
Optimizing the map (Full global optimization)... done (0.071456s, poses=606, links=1968).
Processed 7/606 (1%) nodes...
Processed 13/606 (2%) nodes...
Processed 19/606 (3%) nodes...
Processed 25/606 (4%) nodes...
Processed 31/606 (5%) nodes...
Processed 37/606 (6%) nodes...
Processed 43/606 (7%) nodes...
Processed 49/606 (8%) nodes...
Processed 55/606 (9%) nodes...
Processed 61/606 (10%) nodes...
Processed 67/606 (11%) nodes...
Processed 73/606 (12%) nodes...
Processed 79/606 (13%) nodes...
Processed 85/606 (14%) nodes...
Processed 91/606 (15%) nodes...
Processed 97/606 (16%) nodes...
Processed 104/606 (17%) nodes...
Processed 110/606 (18%) nodes...
Processed 116/606 (19%) nodes...
Processed 122/606 (20%) nodes...
Processed 128/606 (21%) nodes...
Processed 134/606 (22%) nodes...
Processed 140/606 (23%) nodes...
Processed 146/606 (24%) nodes...
Processed 152/606 (25%) nodes...
Processed 158/606 (26%) nodes...
Processed 164/606 (27%) nodes...
Processed 170/606 (28%) nodes...
Processed 176/606 (29%) nodes...
Processed 182/606 (30%) nodes...
Processed 188/606 (31%) nodes...
Processed 194/606 (32%) nodes...
Processed 200/606 (33%) nodes...
Processed 207/606 (34%) nodes...
Processed 213/606 (35%) nodes...
Processed 219/606 (36%) nodes...
Processed 225/606 (37%) nodes...
Processed 231/606 (38%) nodes...
Processed 237/606 (39%) nodes...
Processed 243/606 (40%) nodes...
Processed 249/606 (41%) nodes...
Processed 255/606 (42%) nodes...
Processed 261/606 (43%) nodes...
Processed 267/606 (44%) nodes...
Processed 273/606 (45%) nodes...
Processed 279/606 (46%) nodes...
Processed 285/606 (47%) nodes...
Processed 291/606 (48%) nodes...
Processed 297/606 (49%) nodes...
Processed 303/606 (50%) nodes...
Processed 310/606 (51%) nodes...
Processed 316/606 (52%) nodes...
Processed 322/606 (53%) nodes...
Processed 328/606 (54%) nodes...
Processed 334/606 (55%) nodes...
Processed 340/606 (56%) nodes...
Processed 346/606 (57%) nodes...
Processed 352/606 (58%) nodes...
Processed 358/606 (59%) nodes...
Processed 364/606 (60%) nodes...
Processed 370/606 (61%) nodes...
Processed 376/606 (62%) nodes...
Processed 382/606 (63%) nodes...
Processed 388/606 (64%) nodes...
Processed 394/606 (65%) nodes...
Processed 400/606 (66%) nodes...
Processed 407/606 (67%) nodes...
Processed 413/606 (68%) nodes...
Processed 419/606 (69%) nodes...
Processed 425/606 (70%) nodes...
Processed 431/606 (71%) nodes...
Processed 437/606 (72%) nodes...
Processed 443/606 (73%) nodes...
Processed 449/606 (74%) nodes...
Processed 455/606 (75%) nodes...
Processed 461/606 (76%) nodes...
Processed 467/606 (77%) nodes...
Processed 473/606 (78%) nodes...
Processed 479/606 (79%) nodes...
Processed 485/606 (80%) nodes...
Processed 491/606 (81%) nodes...
Processed 497/606 (82%) nodes...
Processed 503/606 (83%) nodes...
Processed 510/606 (84%) nodes...
Processed 516/606 (85%) nodes...
Processed 522/606 (86%) nodes...
Processed 528/606 (87%) nodes...
Processed 534/606 (88%) nodes...
Processed 540/606 (89%) nodes...
Processed 546/606 (90%) nodes...
Processed 552/606 (91%) nodes...
Processed 558/606 (92%) nodes...
Processed 564/606 (93%) nodes...
Processed 570/606 (94%) nodes...
Processed 576/606 (95%) nodes...
Processed 582/606 (96%) nodes...
Processed 588/606 (97%) nodes...
Processed 594/606 (98%) nodes...
Processed 600/606 (99%) nodes...
Processed 606/606 (100%) nodes...
606 poses exported to "/home/alessandro/metrics_husky_r0148/fixed_trajectory/swept_lidar/differential/run02/opt_traj_poses.txt". (min=[-16.456829,-40.073059,-0.503872] max=[21.255522,0.416659,7.441355])
