xacro: in-order processing became default in ROS Melodic. You can drop the option.
[33m[WARN] [1790664877.608489487]: The root link base_link has an inertia specified in the URDF, but KDL does not support a root link with an inertia.  As a workaround, you can add an extra dummy link to your URDF.[0m
[INFO] [1790664877.893821, 0.000000]: imu_ahrs: filtro complementario tau=1.00 s, compuerta |a|/g +-15%, sesgo con 200 muestras quieto
[INFO] [1790664877.973492, 0.000000]: Loading model XML from ros parameter swept_robot_description
[INFO] [1790664877.976965, 0.000000]: Waiting for service /gazebo/spawn_sdf_model
[INFO] [1790664880.688203, 0.000000]: Calling service /gazebo/spawn_sdf_model
[INFO] [1790664883.660168, 0.000500]: Spawn status: SpawnModel: Successfully spawned entity
Loaded 'joint_state_controller'
Loaded 'wheel_vel_controller_fl'
Loaded 'wheel_vel_controller_fr'
Loaded 'wheel_vel_controller_rl'
Loaded 'wheel_vel_controller_rr'
Started ['joint_state_controller'] successfully
Started ['wheel_vel_controller_fl'] successfully
Started ['wheel_vel_controller_fr'] successfully
Started ['wheel_vel_controller_rl'] successfully
Started ['wheel_vel_controller_rr'] successfully
[INFO] [1790664885.912389, 0.994000]: montaje husky/base_link <- husky/velodyne_base_link: xyz=(0.0000, 0.0000, 0.5192)
[INFO] [1790664885.914120, 0.995500]: la nube ya trae canal de tiempo "time"; se reutiliza
[INFO] [1790664886.080666, 1.078500]: nube: 27855 puntos, 360 sectores (0 vacios), costura en 0.0 deg, sentido +1, desfases 0.0000..0.0999 s | entradas=2 DEFORMADAS=1 sin_deformar=0 tarde=0 cola=1
[INFO] [1790664888.668054, 2.371000]: imu_ahrs: sesgo del giroscopo [-0.00900 -0.00675 -0.00800] rad/s con 200 muestras; actitud inicial roll=-2.53 pitch=-4.29 deg
[INFO] [1790664896.095428, 6.079500]: nube: 28097 puntos, 360 sectores (0 vacios), costura en 0.0 deg, sentido +1, desfases 0.0000..0.0999 s | entradas=52 DEFORMADAS=51 sin_deformar=0 tarde=0 cola=1
[INFO] [1790664906.331431, 11.175500]: nube: 28097 puntos, 360 sectores (0 vacios), costura en 0.0 deg, sentido +1, desfases 0.0000..0.0999 s | entradas=103 DEFORMADAS=102 sin_deformar=0 tarde=0 cola=1
[INFO] [1790664916.358416, 16.181500]: nube: 28095 puntos, 360 sectores (0 vacios), costura en 0.0 deg, sentido +1, desfases 0.0000..0.0999 s | entradas=153 DEFORMADAS=152 sin_deformar=0 tarde=0 cola=1
[INFO] [1790664926.573279, 21.281500]: nube: 28095 puntos, 360 sectores (0 vacios), costura en 0.0 deg, sentido +1, desfases 0.0000..0.0999 s | entradas=204 DEFORMADAS=203 sin_deformar=0 tarde=0 cola=1
[INFO] [1790664936.589493, 26.282500]: nube: 28099 puntos, 360 sectores (0 vacios), costura en 0.0 deg, sentido +1, desfases 0.0000..0.0999 s | entradas=254 DEFORMADAS=253 sin_deformar=0 tarde=0 cola=1
[INFO] [1790664946.605432, 31.285000]: nube: 28095 puntos, 360 sectores (0 vacios), costura en 0.0 deg, sentido +1, desfases 0.0000..0.0999 s | entradas=304 DEFORMADAS=303 sin_deformar=0 tarde=0 cola=1
[INFO] [1790664956.810481, 36.382000]: nube: 28096 puntos, 360 sectores (0 vacios), costura en 0.0 deg, sentido +1, desfases 0.0000..0.0999 s | entradas=355 DEFORMADAS=354 sin_deformar=0 tarde=0 cola=1
[INFO] [1790664967.029150, 41.485500]: nube: 28110 puntos, 360 sectores (0 vacios), costura en 0.0 deg, sentido +1, desfases 0.0000..0.0999 s | entradas=406 DEFORMADAS=405 sin_deformar=0 tarde=0 cola=1
[INFO] [1790664977.046433, 46.487500]: nube: 28095 puntos, 360 sectores (0 vacios), costura en 0.0 deg, sentido +1, desfases 0.0000..0.0999 s | entradas=456 DEFORMADAS=455 sin_deformar=0 tarde=0 cola=1
[INFO] [1790664987.256536, 51.584500]: nube: 28106 puntos, 360 sectores (0 vacios), costura en 0.0 deg, sentido +1, desfases 0.0000..0.0999 s | entradas=507 DEFORMADAS=506 sin_deformar=0 tarde=0 cola=1
[INFO] [1790664997.469044, 56.683500]: nube: 28110 puntos, 360 sectores (0 vacios), costura en 0.0 deg, sentido +1, desfases 0.0000..0.0999 s | entradas=558 DEFORMADAS=557 sin_deformar=0 tarde=0 cola=1
[INFO] [1790665007.482214, 61.684000]: nube: 28110 puntos, 360 sectores (0 vacios), costura en 0.0 deg, sentido +1, desfases 0.0000..0.0999 s | entradas=608 DEFORMADAS=607 sin_deformar=0 tarde=0 cola=1
[INFO] [1790665017.515450, 66.692500]: nube: 28110 puntos, 360 sectores (0 vacios), costura en 0.0 deg, sentido +1, desfases 0.0000..0.0999 s | entradas=658 DEFORMADAS=657 sin_deformar=0 tarde=0 cola=1
[INFO] [1790665027.723467, 71.789000]: nube: 28110 puntos, 360 sectores (0 vacios), costura en 0.0 deg, sentido +1, desfases 0.0000..0.0999 s | entradas=709 DEFORMADAS=708 sin_deformar=0 tarde=0 cola=1
[INFO] [1790665037.922526, 76.883500]: nube: 28110 puntos, 360 sectores (0 vacios), costura en 0.0 deg, sentido +1, desfases 0.0000..0.0999 s | entradas=760 DEFORMADAS=759 sin_deformar=0 tarde=0 cola=1
[INFO] [1790665048.142479, 81.985500]: nube: 28110 puntos, 360 sectores (0 vacios), costura en 0.0 deg, sentido +1, desfases 0.0000..0.0999 s | entradas=811 DEFORMADAS=810 sin_deformar=0 tarde=0 cola=1
[INFO] [1790665058.197029, 86.995000]: nube: 28110 puntos, 360 sectores (0 vacios), costura en 0.0 deg, sentido +1, desfases 0.0000..0.0999 s | entradas=861 DEFORMADAS=860 sin_deformar=0 tarde=0 cola=1
[INFO] [1790665068.397662, 92.085500]: nube: 28110 puntos, 360 sectores (0 vacios), costura en 0.0 deg, sentido +1, desfases 0.0000..0.0999 s | entradas=912 DEFORMADAS=911 sin_deformar=0 tarde=0 cola=1
[INFO] [1790665078.611738, 97.181500]: nube: 28110 puntos, 360 sectores (0 vacios), costura en 0.0 deg, sentido +1, desfases 0.0000..0.0999 s | entradas=963 DEFORMADAS=962 sin_deformar=0 tarde=0 cola=1
[INFO] [1790665088.827149, 102.281500]: nube: 28110 puntos, 360 sectores (0 vacios), costura en 0.0 deg, sentido +1, desfases 0.0000..0.0999 s | entradas=1014 DEFORMADAS=1013 sin_deformar=0 tarde=0 cola=1
[INFO] [1790665099.046332, 107.385000]: nube: 28110 puntos, 360 sectores (0 vacios), costura en 0.0 deg, sentido +1, desfases 0.0000..0.0999 s | entradas=1065 DEFORMADAS=1064 sin_deformar=0 tarde=0 cola=1
[INFO] [1790665109.267066, 112.487500]: nube: 25559 puntos, 360 sectores (0 vacios), costura en 0.0 deg, sentido +1, desfases 0.0000..0.0999 s | entradas=1116 DEFORMADAS=1115 sin_deformar=0 tarde=0 cola=1
[INFO] [1790665119.464709, 117.580000]: nube: 28110 puntos, 360 sectores (0 vacios), costura en 0.0 deg, sentido +1, desfases 0.0000..0.0999 s | entradas=1167 DEFORMADAS=1166 sin_deformar=0 tarde=0 cola=1
[INFO] [1790665129.494938, 122.585500]: nube: 28110 puntos, 360 sectores (0 vacios), costura en 0.0 deg, sentido +1, desfases 0.0000..0.0999 s | entradas=1217 DEFORMADAS=1216 sin_deformar=0 tarde=0 cola=1
[INFO] [1790665139.716574, 127.689500]: nube: 28110 puntos, 360 sectores (0 vacios), costura en 0.0 deg, sentido +1, desfases 0.0000..0.0999 s | entradas=1268 DEFORMADAS=1267 sin_deformar=0 tarde=0 cola=1
[INFO] [1790665149.933306, 132.789000]: nube: 28110 puntos, 360 sectores (0 vacios), costura en 0.0 deg, sentido +1, desfases 0.0000..0.0999 s | entradas=1319 DEFORMADAS=1318 sin_deformar=0 tarde=0 cola=1
[INFO] [1790665160.119880, 137.877500]: nube: 28110 puntos, 360 sectores (0 vacios), costura en 0.0 deg, sentido +1, desfases 0.0000..0.0999 s | entradas=1370 DEFORMADAS=1369 sin_deformar=0 tarde=0 cola=1
[INFO] [1790665170.347331, 142.983500]: nube: 28110 puntos, 360 sectores (0 vacios), costura en 0.0 deg, sentido +1, desfases 0.0000..0.0999 s | entradas=1421 DEFORMADAS=1420 sin_deformar=0 tarde=0 cola=1
[INFO] [1790665180.554891, 148.080500]: nube: 28110 puntos, 360 sectores (0 vacios), costura en 0.0 deg, sentido +1, desfases 0.0000..0.0999 s | entradas=1472 DEFORMADAS=1471 sin_deformar=0 tarde=0 cola=1
[INFO] [1790665190.772570, 153.182500]: nube: 28110 puntos, 360 sectores (0 vacios), costura en 0.0 deg, sentido +1, desfases 0.0000..0.0999 s | entradas=1523 DEFORMADAS=1522 sin_deformar=0 tarde=0 cola=1
[INFO] [1790665200.790802, 158.185500]: nube: 28110 puntos, 360 sectores (0 vacios), costura en 0.0 deg, sentido +1, desfases 0.0000..0.0999 s | entradas=1573 DEFORMADAS=1572 sin_deformar=0 tarde=0 cola=1
[INFO] [1790665210.994979, 163.281500]: nube: 28110 puntos, 360 sectores (0 vacios), costura en 0.0 deg, sentido +1, desfases 0.0000..0.0999 s | entradas=1624 DEFORMADAS=1623 sin_deformar=0 tarde=0 cola=1
[INFO] [1790665221.008777, 168.282500]: nube: 28110 puntos, 360 sectores (0 vacios), costura en 0.0 deg, sentido +1, desfases 0.0000..0.0999 s | entradas=1674 DEFORMADAS=1673 sin_deformar=0 tarde=0 cola=1
[INFO] [1790665231.224998, 173.384500]: nube: 28110 puntos, 360 sectores (0 vacios), costura en 0.0 deg, sentido +1, desfases 0.0000..0.0999 s | entradas=1725 DEFORMADAS=1724 sin_deformar=0 tarde=0 cola=1
[INFO] [1790665241.240204, 178.385500]: nube: 28110 puntos, 360 sectores (0 vacios), costura en 0.0 deg, sentido +1, desfases 0.0000..0.0999 s | entradas=1775 DEFORMADAS=1774 sin_deformar=0 tarde=0 cola=1
[INFO] [1790665251.445360, 183.482500]: nube: 28110 puntos, 360 sectores (0 vacios), costura en 0.0 deg, sentido +1, desfases 0.0000..0.0999 s | entradas=1826 DEFORMADAS=1825 sin_deformar=0 tarde=0 cola=1
[INFO] [1790665261.461331, 188.484500]: nube: 28110 puntos, 360 sectores (0 vacios), costura en 0.0 deg, sentido +1, desfases 0.0000..0.0999 s | entradas=1876 DEFORMADAS=1875 sin_deformar=0 tarde=0 cola=1
[INFO] [1790665271.689398, 193.590000]: nube: 28110 puntos, 360 sectores (0 vacios), costura en 0.0 deg, sentido +1, desfases 0.0000..0.0999 s | entradas=1927 DEFORMADAS=1926 sin_deformar=0 tarde=0 cola=1
[INFO] [1790665281.906722, 198.694000]: nube: 28110 puntos, 360 sectores (0 vacios), costura en 0.0 deg, sentido +1, desfases 0.0000..0.0999 s | entradas=1978 DEFORMADAS=1977 sin_deformar=0 tarde=0 cola=1
[INFO] [1790665292.117646, 203.790500]: nube: 28110 puntos, 360 sectores (0 vacios), costura en 0.0 deg, sentido +1, desfases 0.0000..0.0999 s | entradas=2029 DEFORMADAS=2028 sin_deformar=0 tarde=0 cola=1
[INFO] [1790665302.307491, 208.881500]: nube: 28110 puntos, 360 sectores (0 vacios), costura en 0.0 deg, sentido +1, desfases 0.0000..0.0999 s | entradas=2080 DEFORMADAS=2079 sin_deformar=0 tarde=0 cola=1
[INFO] [1790665312.514237, 213.979000]: nube: 28110 puntos, 360 sectores (0 vacios), costura en 0.0 deg, sentido +1, desfases 0.0000..0.0999 s | entradas=2131 DEFORMADAS=2130 sin_deformar=0 tarde=0 cola=1
[INFO] [1790665322.733817, 219.082500]: nube: 28110 puntos, 360 sectores (0 vacios), costura en 0.0 deg, sentido +1, desfases 0.0000..0.0999 s | entradas=2182 DEFORMADAS=2181 sin_deformar=0 tarde=0 cola=1
[INFO] [1790665332.952173, 224.181500]: nube: 28110 puntos, 360 sectores (0 vacios), costura en 0.0 deg, sentido +1, desfases 0.0000..0.0999 s | entradas=2233 DEFORMADAS=2232 sin_deformar=0 tarde=0 cola=1
[INFO] [1790665342.964885, 229.185000]: nube: 28110 puntos, 360 sectores (0 vacios), costura en 0.0 deg, sentido +1, desfases 0.0000..0.0999 s | entradas=2283 DEFORMADAS=2282 sin_deformar=0 tarde=0 cola=1
[INFO] [1790665353.171189, 234.282500]: nube: 28110 puntos, 360 sectores (0 vacios), costura en 0.0 deg, sentido +1, desfases 0.0000..0.0999 s | entradas=2334 DEFORMADAS=2333 sin_deformar=0 tarde=0 cola=1
[INFO] [1790665363.393322, 239.385500]: nube: 28110 puntos, 360 sectores (0 vacios), costura en 0.0 deg, sentido +1, desfases 0.0000..0.0999 s | entradas=2385 DEFORMADAS=2384 sin_deformar=0 tarde=0 cola=1
[INFO] [1790665373.599115, 244.479500]: nube: 28110 puntos, 360 sectores (0 vacios), costura en 0.0 deg, sentido +1, desfases 0.0000..0.0999 s | entradas=2436 DEFORMADAS=2435 sin_deformar=0 tarde=0 cola=1
[INFO] [1790665383.823486, 249.582000]: nube: 28110 puntos, 360 sectores (0 vacios), costura en 0.0 deg, sentido +1, desfases 0.0000..0.0999 s | entradas=2487 DEFORMADAS=2486 sin_deformar=0 tarde=0 cola=1
[INFO] [1790665394.035532, 254.681500]: nube: 28110 puntos, 360 sectores (0 vacios), costura en 0.0 deg, sentido +1, desfases 0.0000..0.0999 s | entradas=2538 DEFORMADAS=2537 sin_deformar=0 tarde=0 cola=1
[INFO] [1790665404.248643, 259.782500]: nube: 28110 puntos, 360 sectores (0 vacios), costura en 0.0 deg, sentido +1, desfases 0.0000..0.0999 s | entradas=2589 DEFORMADAS=2588 sin_deformar=0 tarde=0 cola=1
[INFO] [1790665414.263093, 264.783500]: nube: 28110 puntos, 360 sectores (0 vacios), costura en 0.0 deg, sentido +1, desfases 0.0000..0.0999 s | entradas=2639 DEFORMADAS=2638 sin_deformar=0 tarde=0 cola=1
[INFO] [1790665424.277070, 269.785000]: nube: 28110 puntos, 360 sectores (0 vacios), costura en 0.0 deg, sentido +1, desfases 0.0000..0.0999 s | entradas=2689 DEFORMADAS=2688 sin_deformar=0 tarde=0 cola=1
[INFO] [1790665434.491712, 274.886000]: nube: 28110 puntos, 360 sectores (0 vacios), costura en 0.0 deg, sentido +1, desfases 0.0000..0.0999 s | entradas=2740 DEFORMADAS=2739 sin_deformar=0 tarde=0 cola=1
[INFO] [1790665444.506868, 279.887000]: nube: 28110 puntos, 360 sectores (0 vacios), costura en 0.0 deg, sentido +1, desfases 0.0000..0.0999 s | entradas=2790 DEFORMADAS=2789 sin_deformar=0 tarde=0 cola=1
[INFO] [1790665454.533513, 284.889000]: nube: 28110 puntos, 360 sectores (0 vacios), costura en 0.0 deg, sentido +1, desfases 0.0000..0.0999 s | entradas=2840 DEFORMADAS=2839 sin_deformar=0 tarde=0 cola=1
[INFO] [1790665464.762315, 289.994500]: nube: 28101 puntos, 360 sectores (0 vacios), costura en 0.0 deg, sentido +1, desfases 0.0000..0.0999 s | entradas=2891 DEFORMADAS=2890 sin_deformar=0 tarde=0 cola=1
[INFO] [1790665474.954182, 295.085500]: nube: 28110 puntos, 360 sectores (0 vacios), costura en 0.0 deg, sentido +1, desfases 0.0000..0.0999 s | entradas=2942 DEFORMADAS=2941 sin_deformar=0 tarde=0 cola=1
[INFO] [1790665485.199376, 300.199500]: nube: 28096 puntos, 360 sectores (0 vacios), costura en 0.0 deg, sentido +1, desfases 0.0000..0.0999 s | entradas=2993 DEFORMADAS=2992 sin_deformar=0 tarde=0 cola=1
[INFO] [1790665495.389632, 305.286000]: nube: 28110 puntos, 360 sectores (0 vacios), costura en 0.0 deg, sentido +1, desfases 0.0000..0.0999 s | entradas=3044 DEFORMADAS=3043 sin_deformar=0 tarde=0 cola=1
[INFO] [1790665505.597585, 310.384000]: nube: 28110 puntos, 360 sectores (0 vacios), costura en 0.0 deg, sentido +1, desfases 0.0000..0.0999 s | entradas=3095 DEFORMADAS=3094 sin_deformar=0 tarde=0 cola=1
[INFO] [1790665515.807585, 315.483000]: nube: 28098 puntos, 360 sectores (0 vacios), costura en 0.0 deg, sentido +1, desfases 0.0000..0.0999 s | entradas=3146 DEFORMADAS=3145 sin_deformar=0 tarde=0 cola=1
[INFO] [1790665526.004558, 320.573500]: nube: 23622 puntos, 360 sectores (33 vacios), costura en 0.0 deg, sentido +1, desfases 0.0000..0.0999 s | entradas=3197 DEFORMADAS=3196 sin_deformar=0 tarde=0 cola=1
[INFO] [1790665536.034643, 325.579500]: nube: 28110 puntos, 360 sectores (0 vacios), costura en 0.0 deg, sentido +1, desfases 0.0000..0.0999 s | entradas=3247 DEFORMADAS=3246 sin_deformar=0 tarde=0 cola=1
[INFO] [1790665546.058829, 330.582500]: nube: 28094 puntos, 360 sectores (0 vacios), costura en 0.0 deg, sentido +1, desfases 0.0000..0.0999 s | entradas=3297 DEFORMADAS=3296 sin_deformar=0 tarde=0 cola=1
[INFO] [1790665556.269867, 335.679500]: nube: 28099 puntos, 360 sectores (0 vacios), costura en 0.0 deg, sentido +1, desfases 0.0000..0.0999 s | entradas=3348 DEFORMADAS=3347 sin_deformar=0 tarde=0 cola=1
[INFO] [1790665566.295553, 340.684000]: nube: 28096 puntos, 360 sectores (0 vacios), costura en 0.0 deg, sentido +1, desfases 0.0000..0.0999 s | entradas=3398 DEFORMADAS=3397 sin_deformar=0 tarde=0 cola=1
[INFO] [1790665576.322873, 345.690000]: nube: 28095 puntos, 360 sectores (0 vacios), costura en 0.0 deg, sentido +1, desfases 0.0000..0.0999 s | entradas=3448 DEFORMADAS=3447 sin_deformar=0 tarde=0 cola=1
[INFO] [1790665586.356388, 350.696500]: nube: 28098 puntos, 360 sectores (0 vacios), costura en 0.0 deg, sentido +1, desfases 0.0000..0.0999 s | entradas=3498 DEFORMADAS=3497 sin_deformar=0 tarde=0 cola=1
[INFO] [1790665596.554204, 355.787500]: nube: 28103 puntos, 360 sectores (0 vacios), costura en 0.0 deg, sentido +1, desfases 0.0000..0.0999 s | entradas=3549 DEFORMADAS=3548 sin_deformar=0 tarde=0 cola=1
[INFO] [1790665606.591620, 360.794000]: nube: 28102 puntos, 360 sectores (0 vacios), costura en 0.0 deg, sentido +1, desfases 0.0000..0.0999 s | entradas=3599 DEFORMADAS=3598 sin_deformar=0 tarde=0 cola=1
[INFO] [1790665616.776420, 365.882500]: nube: 28110 puntos, 360 sectores (0 vacios), costura en 0.0 deg, sentido +1, desfases 0.0000..0.0999 s | entradas=3650 DEFORMADAS=3649 sin_deformar=0 tarde=0 cola=1
[INFO] [1790665626.807302, 370.886500]: nube: 28110 puntos, 360 sectores (0 vacios), costura en 0.0 deg, sentido +1, desfases 0.0000..0.0999 s | entradas=3700 DEFORMADAS=3699 sin_deformar=0 tarde=0 cola=1
[INFO] [1790665637.030150, 375.987000]: nube: 28110 puntos, 360 sectores (0 vacios), costura en 0.0 deg, sentido +1, desfases 0.0000..0.0999 s | entradas=3751 DEFORMADAS=3750 sin_deformar=0 tarde=0 cola=1
[INFO] [1790665647.240637, 381.083500]: nube: 28110 puntos, 360 sectores (0 vacios), costura en 0.0 deg, sentido +1, desfases 0.0000..0.0999 s | entradas=3802 DEFORMADAS=3801 sin_deformar=0 tarde=0 cola=1
[INFO] [1790665657.262555, 386.084000]: nube: 28110 puntos, 360 sectores (0 vacios), costura en 0.0 deg, sentido +1, desfases 0.0000..0.0999 s | entradas=3852 DEFORMADAS=3851 sin_deformar=0 tarde=0 cola=1
[INFO] [1790665667.476889, 391.180500]: nube: 28110 puntos, 360 sectores (0 vacios), costura en 0.0 deg, sentido +1, desfases 0.0000..0.0999 s | entradas=3903 DEFORMADAS=3902 sin_deformar=0 tarde=0 cola=1
[INFO] [1790665677.496383, 396.182500]: nube: 28110 puntos, 360 sectores (0 vacios), costura en 0.0 deg, sentido +1, desfases 0.0000..0.0999 s | entradas=3953 DEFORMADAS=3952 sin_deformar=0 tarde=0 cola=1
[INFO] [1790665687.707708, 401.280500]: nube: 28110 puntos, 360 sectores (0 vacios), costura en 0.0 deg, sentido +1, desfases 0.0000..0.0999 s | entradas=4004 DEFORMADAS=4003 sin_deformar=0 tarde=0 cola=1
[INFO] [1790665697.738589, 406.284500]: nube: 28110 puntos, 360 sectores (0 vacios), costura en 0.0 deg, sentido +1, desfases 0.0000..0.0999 s | entradas=4054 DEFORMADAS=4053 sin_deformar=0 tarde=0 cola=1
[INFO] [1790665707.955434, 411.385000]: nube: 28110 puntos, 360 sectores (0 vacios), costura en 0.0 deg, sentido +1, desfases 0.0000..0.0999 s | entradas=4105 DEFORMADAS=4104 sin_deformar=0 tarde=0 cola=1
[INFO] [1790665718.168043, 416.483500]: nube: 28110 puntos, 360 sectores (0 vacios), costura en 0.0 deg, sentido +1, desfases 0.0000..0.0999 s | entradas=4156 DEFORMADAS=4155 sin_deformar=0 tarde=0 cola=1
[INFO] [1790665728.194284, 421.485000]: nube: 28110 puntos, 360 sectores (0 vacios), costura en 0.0 deg, sentido +1, desfases 0.0000..0.0999 s | entradas=4206 DEFORMADAS=4205 sin_deformar=0 tarde=0 cola=1
[INFO] [1790665738.218607, 426.490000]: nube: 28110 puntos, 360 sectores (0 vacios), costura en 0.0 deg, sentido +1, desfases 0.0000..0.0999 s | entradas=4256 DEFORMADAS=4255 sin_deformar=0 tarde=0 cola=1
[INFO] [1790665748.418003, 431.581500]: nube: 28110 puntos, 360 sectores (0 vacios), costura en 0.0 deg, sentido +1, desfases 0.0000..0.0999 s | entradas=4307 DEFORMADAS=4306 sin_deformar=0 tarde=0 cola=1
[INFO] [1790665758.435478, 436.583500]: nube: 28110 puntos, 360 sectores (0 vacios), costura en 0.0 deg, sentido +1, desfases 0.0000..0.0999 s | entradas=4357 DEFORMADAS=4356 sin_deformar=0 tarde=0 cola=1
[INFO] [1790665768.461701, 441.586500]: nube: 28110 puntos, 360 sectores (0 vacios), costura en 0.0 deg, sentido +1, desfases 0.0000..0.0999 s | entradas=4407 DEFORMADAS=4406 sin_deformar=0 tarde=0 cola=1
[INFO] [1790665778.497732, 446.595000]: nube: 28110 puntos, 360 sectores (0 vacios), costura en 0.0 deg, sentido +1, desfases 0.0000..0.0999 s | entradas=4457 DEFORMADAS=4456 sin_deformar=0 tarde=0 cola=1
[INFO] [1790665788.537054, 451.603000]: nube: 28110 puntos, 360 sectores (0 vacios), costura en 0.0 deg, sentido +1, desfases 0.0000..0.0999 s | entradas=4507 DEFORMADAS=4506 sin_deformar=0 tarde=0 cola=1
[INFO] [1790665798.748250, 456.699500]: nube: 28110 puntos, 360 sectores (0 vacios), costura en 0.0 deg, sentido +1, desfases 0.0000..0.0999 s | entradas=4558 DEFORMADAS=4557 sin_deformar=0 tarde=0 cola=1
[INFO] [1790665808.943437, 461.790500]: nube: 28110 puntos, 360 sectores (0 vacios), costura en 0.0 deg, sentido +1, desfases 0.0000..0.0999 s | entradas=4609 DEFORMADAS=4608 sin_deformar=0 tarde=0 cola=1
[INFO] [1790665819.137257, 466.881000]: nube: 28110 puntos, 360 sectores (0 vacios), costura en 0.0 deg, sentido +1, desfases 0.0000..0.0999 s | entradas=4660 DEFORMADAS=4659 sin_deformar=0 tarde=0 cola=1
[INFO] [1790665829.168684, 471.889500]: nube: 28110 puntos, 360 sectores (0 vacios), costura en 0.0 deg, sentido +1, desfases 0.0000..0.0999 s | entradas=4710 DEFORMADAS=4709 sin_deformar=0 tarde=0 cola=1
[INFO] [1790665839.371723, 476.983500]: nube: 28110 puntos, 360 sectores (0 vacios), costura en 0.0 deg, sentido +1, desfases 0.0000..0.0999 s | entradas=4761 DEFORMADAS=4760 sin_deformar=0 tarde=0 cola=1
[INFO] [1790665849.595516, 482.088000]: nube: 28110 puntos, 360 sectores (0 vacios), costura en 0.0 deg, sentido +1, desfases 0.0000..0.0999 s | entradas=4812 DEFORMADAS=4811 sin_deformar=0 tarde=0 cola=1
[INFO] [1790665859.805969, 487.185500]: nube: 28110 puntos, 360 sectores (0 vacios), costura en 0.0 deg, sentido +1, desfases 0.0000..0.0999 s | entradas=4863 DEFORMADAS=4862 sin_deformar=0 tarde=0 cola=1
[INFO] [1790665870.066383, 492.285000]: nube: 28110 puntos, 360 sectores (0 vacios), costura en 0.0 deg, sentido +1, desfases 0.0000..0.0999 s | entradas=4914 DEFORMADAS=4913 sin_deformar=0 tarde=0 cola=1
[INFO] [1790665880.275350, 497.380500]: nube: 28110 puntos, 360 sectores (0 vacios), costura en 0.0 deg, sentido +1, desfases 0.0000..0.0999 s | entradas=4965 DEFORMADAS=4964 sin_deformar=0 tarde=0 cola=1
[INFO] [1790665890.493626, 502.480500]: nube: 28110 puntos, 360 sectores (0 vacios), costura en 0.0 deg, sentido +1, desfases 0.0000..0.0999 s | entradas=5016 DEFORMADAS=5015 sin_deformar=0 tarde=0 cola=1
[INFO] [1790665900.519892, 507.484500]: nube: 28110 puntos, 360 sectores (0 vacios), costura en 0.0 deg, sentido +1, desfases 0.0000..0.0999 s | entradas=5066 DEFORMADAS=5065 sin_deformar=0 tarde=0 cola=1
[INFO] [1790665910.570574, 512.498500]: nube: 28110 puntos, 360 sectores (0 vacios), costura en 0.0 deg, sentido +1, desfases 0.0000..0.0999 s | entradas=5116 DEFORMADAS=5115 sin_deformar=0 tarde=0 cola=1
[INFO] [1790665920.783329, 517.592500]: nube: 28110 puntos, 360 sectores (0 vacios), costura en 0.0 deg, sentido +1, desfases 0.0000..0.0999 s | entradas=5167 DEFORMADAS=5166 sin_deformar=0 tarde=0 cola=1
[INFO] [1790665931.002232, 522.693000]: nube: 28110 puntos, 360 sectores (0 vacios), costura en 0.0 deg, sentido +1, desfases 0.0000..0.0999 s | entradas=5218 DEFORMADAS=5217 sin_deformar=0 tarde=0 cola=1
[INFO] [1790665941.213309, 527.789500]: nube: 28110 puntos, 360 sectores (0 vacios), costura en 0.0 deg, sentido +1, desfases 0.0000..0.0999 s | entradas=5269 DEFORMADAS=5268 sin_deformar=0 tarde=0 cola=1
[INFO] [1790665951.232062, 532.790000]: nube: 28110 puntos, 360 sectores (0 vacios), costura en 0.0 deg, sentido +1, desfases 0.0000..0.0999 s | entradas=5319 DEFORMADAS=5318 sin_deformar=0 tarde=0 cola=1
[INFO] [1790665961.451588, 537.893500]: nube: 28110 puntos, 360 sectores (0 vacios), costura en 0.0 deg, sentido +1, desfases 0.0000..0.0999 s | entradas=5370 DEFORMADAS=5369 sin_deformar=0 tarde=0 cola=1
[INFO] [1790665971.656339, 542.988000]: nube: 28110 puntos, 360 sectores (0 vacios), costura en 0.0 deg, sentido +1, desfases 0.0000..0.0999 s | entradas=5421 DEFORMADAS=5420 sin_deformar=0 tarde=0 cola=1
[INFO] [1790665981.866294, 548.086500]: nube: 28110 puntos, 360 sectores (0 vacios), costura en 0.0 deg, sentido +1, desfases 0.0000..0.0999 s | entradas=5472 DEFORMADAS=5471 sin_deformar=0 tarde=0 cola=1
[INFO] [1790665992.075185, 553.184500]: nube: 28110 puntos, 360 sectores (0 vacios), costura en 0.0 deg, sentido +1, desfases 0.0000..0.0999 s | entradas=5523 DEFORMADAS=5522 sin_deformar=0 tarde=0 cola=1
[INFO] [1790666002.270010, 558.276500]: nube: 28110 puntos, 360 sectores (0 vacios), costura en 0.0 deg, sentido +1, desfases 0.0000..0.0999 s | entradas=5574 DEFORMADAS=5573 sin_deformar=0 tarde=0 cola=1
[INFO] [1790666012.489032, 563.378500]: nube: 28110 puntos, 360 sectores (0 vacios), costura en 0.0 deg, sentido +1, desfases 0.0000..0.0999 s | entradas=5625 DEFORMADAS=5624 sin_deformar=0 tarde=0 cola=1
[INFO] [1790666022.701972, 568.478500]: nube: 28110 puntos, 360 sectores (0 vacios), costura en 0.0 deg, sentido +1, desfases 0.0000..0.0999 s | entradas=5676 DEFORMADAS=5675 sin_deformar=0 tarde=0 cola=1
[INFO] [1790666032.717956, 573.480000]: nube: 28110 puntos, 360 sectores (0 vacios), costura en 0.0 deg, sentido +1, desfases 0.0000..0.0999 s | entradas=5726 DEFORMADAS=5725 sin_deformar=0 tarde=0 cola=1
[INFO] [1790666042.742492, 578.484500]: nube: 28110 puntos, 360 sectores (0 vacios), costura en 0.0 deg, sentido +1, desfases 0.0000..0.0999 s | entradas=5776 DEFORMADAS=5775 sin_deformar=0 tarde=0 cola=1
[INFO] [1790666052.948655, 583.581500]: nube: 28110 puntos, 360 sectores (0 vacios), costura en 0.0 deg, sentido +1, desfases 0.0000..0.0999 s | entradas=5827 DEFORMADAS=5826 sin_deformar=0 tarde=0 cola=1
[INFO] [1790666063.158455, 588.679500]: nube: 28110 puntos, 360 sectores (0 vacios), costura en 0.0 deg, sentido +1, desfases 0.0000..0.0999 s | entradas=5878 DEFORMADAS=5877 sin_deformar=0 tarde=0 cola=1
[INFO] [1790666073.209820, 593.696500]: nube: 28110 puntos, 360 sectores (0 vacios), costura en 0.0 deg, sentido +1, desfases 0.0000..0.0999 s | entradas=5928 DEFORMADAS=5927 sin_deformar=0 tarde=0 cola=1
[INFO] [1790666083.418365, 598.792000]: nube: 28110 puntos, 360 sectores (0 vacios), costura en 0.0 deg, sentido +1, desfases 0.0000..0.0999 s | entradas=5979 DEFORMADAS=5978 sin_deformar=0 tarde=0 cola=1
[INFO] [1790666093.645373, 603.898000]: nube: 28110 puntos, 360 sectores (0 vacios), costura en 0.0 deg, sentido +1, desfases 0.0000..0.0999 s | entradas=6030 DEFORMADAS=6029 sin_deformar=0 tarde=0 cola=1
[INFO] [1790666103.868862, 608.999500]: nube: 28110 puntos, 360 sectores (0 vacios), costura en 0.0 deg, sentido +1, desfases 0.0000..0.0999 s | entradas=6081 DEFORMADAS=6080 sin_deformar=0 tarde=0 cola=1
[INFO] [1790666114.045893, 614.081500]: nube: 28110 puntos, 360 sectores (0 vacios), costura en 0.0 deg, sentido +1, desfases 0.0000..0.0999 s | entradas=6132 DEFORMADAS=6131 sin_deformar=0 tarde=0 cola=1
[INFO] [1790666124.268509, 619.183000]: nube: 28098 puntos, 360 sectores (0 vacios), costura en 0.0 deg, sentido +1, desfases 0.0000..0.0999 s | entradas=6183 DEFORMADAS=6182 sin_deformar=0 tarde=0 cola=1
[INFO] [1790666134.474339, 624.278500]: nube: 28110 puntos, 360 sectores (0 vacios), costura en 0.0 deg, sentido +1, desfases 0.0000..0.0999 s | entradas=6234 DEFORMADAS=6233 sin_deformar=0 tarde=0 cola=1
[INFO] [1790666144.668811, 629.369000]: nube: 23511 puntos, 360 sectores (36 vacios), costura en 0.0 deg, sentido +1, desfases 0.0000..0.0999 s | entradas=6285 DEFORMADAS=6284 sin_deformar=0 tarde=0 cola=1
[INFO] [1790666154.711606, 634.384000]: nube: 28110 puntos, 360 sectores (0 vacios), costura en 0.0 deg, sentido +1, desfases 0.0000..0.0999 s | entradas=6335 DEFORMADAS=6334 sin_deformar=0 tarde=0 cola=1
[INFO] [1790666164.917676, 639.480500]: nube: 28101 puntos, 360 sectores (0 vacios), costura en 0.0 deg, sentido +1, desfases 0.0000..0.0999 s | entradas=6386 DEFORMADAS=6385 sin_deformar=0 tarde=0 cola=1
[INFO] [1790666171.384342, 642.705000]: imu_ahrs: 64259 muestras, 1668 sin gravedad utilizable (2.6%), sesgo=[-0.00900 -0.00675 -0.00800] rad/s
[INFO] [1790666171.385612, 642.705000]: sweep_distortion: entradas=6418 deformadas=6417 sin_deformar=0 tarde=0 sin_montaje=0
Error in XmlRpcClient::writeRequest: write error (Connection refused).
Error in XmlRpcDispatch::work: couldn't find source iterator
Error in XmlRpcClient::writeRequest: write error (Connection refused).
Error in XmlRpcDispatch::work: couldn't find source iterator
Error in XmlRpcClient::writeRequest: write error (Connection refused).
Error in XmlRpcDispatch::work: couldn't find source iterator
Error in XmlRpcClient::writeRequest: write error (Connection refused).
Error in XmlRpcDispatch::work: couldn't find source iterator
Error in XmlRpcClient::writeRequest: write error (Connection refused).
Error in XmlRpcDispatch::work: couldn't find source iterator
Error in XmlRpcClient::writeRequest: write error (Connection refused).
Error in XmlRpcDispatch::work: couldn't find source iterator
Error in XmlRpcClient::writeRequest: write error (Connection refused).
Error in XmlRpcDispatch::work: couldn't find source iterator
Error in XmlRpcClient::writeRequest: write error (Connection refused).
Error in XmlRpcDispatch::work: couldn't find source iterator
[INFO] [1790664877.960109, 0.000000]: twist_to_wheels (Husky, skid-steer) started
[INFO] [1790664877.960652, 0.000000]:   track_width  = 0.5709 m
[INFO] [1790664877.961125, 0.000000]:   wheel_radius = 0.14800 m
... logging to /home/alessandro/.ros/log/a29f11da-bbd2-11f1-bd00-096508a55b3d/roslaunch-LAPTOP-EU6F9FQD-4054804.log
Checking log directory for disk usage. This may take a while.
Press Ctrl-C to interrupt
Done checking log file disk usage. Usage is <1GB.
]2;/home/alessandro/journal_comparison/src/differential/launch/lcmine_husky_world.launch
[1mstarted roslaunch server http://LAPTOP-EU6F9FQD:43971/[0m

SUMMARY
========

PARAMETERS
 * /gazebo/enable_ros_network: True
 * /husky/gazebo_ros_control/pid_gains/back_left_joint/d: 0.0
 * /husky/gazebo_ros_control/pid_gains/back_left_joint/i: 14.746
 * /husky/gazebo_ros_control/pid_gains/back_left_joint/i_clamp: 30.0
 * /husky/gazebo_ros_control/pid_gains/back_left_joint/p: 15.337
 * /husky/gazebo_ros_control/pid_gains/back_right_joint/d: 0.0
 * /husky/gazebo_ros_control/pid_gains/back_right_joint/i: 14.746
 * /husky/gazebo_ros_control/pid_gains/back_right_joint/i_clamp: 30.0
 * /husky/gazebo_ros_control/pid_gains/back_right_joint/p: 15.337
 * /husky/gazebo_ros_control/pid_gains/front_left_joint/d: 0.0
 * /husky/gazebo_ros_control/pid_gains/front_left_joint/i: 14.746
 * /husky/gazebo_ros_control/pid_gains/front_left_joint/i_clamp: 30.0
 * /husky/gazebo_ros_control/pid_gains/front_left_joint/p: 15.337
 * /husky/gazebo_ros_control/pid_gains/front_right_joint/d: 0.0
 * /husky/gazebo_ros_control/pid_gains/front_right_joint/i: 14.746
 * /husky/gazebo_ros_control/pid_gains/front_right_joint/i_clamp: 30.0
 * /husky/gazebo_ros_control/pid_gains/front_right_joint/p: 15.337
 * /husky/joint_state_controller/publish_rate: 50
 * /husky/joint_state_controller/type: joint_state_contr...
 * /husky/robot_description: <?xml version="1....
 * /husky/robot_state_publisher/tf_prefix: husky
 * /husky/twist_to_wheels/min_angular: 0.0
 * /husky/twist_to_wheels/track_width: 0.5709
 * /husky/twist_to_wheels/wheel_radius: 0.148
 * /husky/wheel_vel_controller_fl/joint: front_left_joint
 * /husky/wheel_vel_controller_fl/type: velocity_controll...
 * /husky/wheel_vel_controller_fr/joint: front_right_joint
 * /husky/wheel_vel_controller_fr/type: velocity_controll...
 * /husky/wheel_vel_controller_rl/joint: back_left_joint
 * /husky/wheel_vel_controller_rl/type: velocity_controll...
 * /husky/wheel_vel_controller_rr/joint: back_right_joint
 * /husky/wheel_vel_controller_rr/type: velocity_controll...
 * /imu_ahrs/accel_gate: 0.15
 * /imu_ahrs/angular_velocity_stddev: 0.009
 * /imu_ahrs/bias_samples: 200
 * /imu_ahrs/linear_acceleration_stddev: 0.021
 * /imu_ahrs/orientation_stddev: 0.02
 * /imu_ahrs/tau: 1.0
 * /rosdistro: noetic
 * /rosversion: 1.17.4
 * /sweep_distortion/base_frame: husky/base_link
 * /sweep_distortion/cut_angle_deg: 0.0
 * /sweep_distortion/frame_id: husky/velodyne_ba...
 * /sweep_distortion/input: /velodyne_points_raw
 * /sweep_distortion/model_name: differential
 * /sweep_distortion/output: /velodyne_points
 * /sweep_distortion/rotor_dir: 1
 * /sweep_distortion/rotor_hz: 10.0
 * /sweep_distortion/sectors: 360
 * /swept_robot_description: <sdf version="1.5...
 * /use_sim_time: True

NODES
  /
    gazebo (gazebo_ros/gzserver)
    imu_ahrs (robot_metrics/imu_ahrs.py)
    spawn_husky (gazebo_ros/spawn_model)
    sweep_distortion (robot_metrics/sweep_distortion.py)
  /husky/
    controller_starter (controller_manager/controller_manager)
    robot_state_publisher (robot_state_publisher/robot_state_publisher)
    twist_to_wheels (differential/twist_to_wheels.py)

auto-starting new master
[1mprocess[master]: started with pid [4054896][0m
[1mROS_MASTER_URI=http://localhost:11311[0m
]2;/home/alessandro/journal_comparison/src/differential/launch/lcmine_husky_world.launch http://localhost:11311
[1msetting /run_id to a29f11da-bbd2-11f1-bd00-096508a55b3d[0m
[1mprocess[rosout-1]: started with pid [4054921][0m
started core service [/rosout]
[1mprocess[gazebo-2]: started with pid [4054928][0m
[1mprocess[spawn_husky-3]: started with pid [4054931][0m
[1mprocess[sweep_distortion-4]: started with pid [4054934][0m
[1mprocess[husky/controller_starter-5]: started with pid [4054935][0m
[1mprocess[husky/twist_to_wheels-6]: started with pid [4054936][0m
[1mprocess[husky/robot_state_publisher-7]: started with pid [4054937][0m
[1mprocess[imu_ahrs-8]: started with pid [4054938][0m
[1m[spawn_husky-3] process has finished cleanly
log file: /home/alessandro/.ros/log/a29f11da-bbd2-11f1-bd00-096508a55b3d/spawn_husky-3*.log[0m
[1m[husky/controller_starter-5] process has finished cleanly
log file: /home/alessandro/.ros/log/a29f11da-bbd2-11f1-bd00-096508a55b3d/husky-controller_starter-5*.log[0m
[imu_ahrs-8] killing on exit
[husky/robot_state_publisher-7] killing on exit
[husky/twist_to_wheels-6] killing on exit
[gazebo-2] killing on exit
[sweep_distortion-4] killing on exit
[rosout-1] killing on exit
[master] killing on exit
shutting down processing monitor...
... shutting down processing monitor complete
[1mdone[0m
