[INFO] [1790664913.052026, 14.529000]: MetricsLogger: robot=differential run=2
[INFO] [1790664913.054182, 14.530000]:   output    : /home/alessandro/metrics_husky_r0148/fixed_trajectory/swept_lidar/differential/run02
[INFO] [1790664913.055990, 14.531000]:   odom      : /rtabmap/odom
[INFO] [1790664913.058093, 14.532000]:   cmd_vel   : /husky/cmd_vel
[INFO] [1790664913.059889, 14.533000]:   gt model  : differential (via /gazebo/model_states, unfiltered)
[INFO] [1790664913.061182, 14.533500]:   efforts   : 4 driven joints
[INFO] [1790664913.062557, 14.534000]:   velocities: 4 driven joints
[INFO] [1790664913.063293, 14.534500]:   metrics   : 50.0 Hz
[INFO] [1790664913.063972, 14.535000]:   gt hi-rate: 1000.0 Hz (asked 800.0; every 2-th ModelStates at 2000 Hz physics) -> gt_highrate.csv
[INFO] [1790664978.293138, 47.108000]: [event] proximity_detection id=7 verdict=true gt_gap=13.197m  at gt=(47.31, -0.63) s=14.0m
[INFO] [1790664980.543569, 48.231500]: [event] proximity_detection id=8 verdict=true gt_gap=13.236m  at gt=(47.81, -0.82) s=14.5m
[INFO] [1790664982.533820, 49.223500]: [event] proximity_detection id=9 verdict=true gt_gap=13.203m  at gt=(48.18, -0.98) s=14.9m
[INFO] [1790664984.537707, 50.225000]: [event] proximity_detection id=10 verdict=true gt_gap=13.135m  at gt=(48.57, -1.17) s=15.3m
[INFO] [1790664986.556184, 51.233000]: [event] proximity_detection id=11 verdict=true gt_gap=13.045m  at gt=(48.92, -1.35) s=15.7m
[INFO] [1790664988.568060, 52.238000]: [event] proximity_detection id=12 verdict=true gt_gap=12.968m  at gt=(49.27, -1.53) s=16.1m
[INFO] [1790664990.560772, 53.232500]: [event] proximity_detection id=13 verdict=true gt_gap=12.926m  at gt=(49.63, -1.74) s=16.6m
[INFO] [1790664992.578447, 54.240500]: [event] proximity_detection id=14 verdict=true gt_gap=12.830m  at gt=(50.00, -1.99) s=17.0m
[INFO] [1790664994.788129, 55.343500]: [event] proximity_detection id=15 verdict=true gt_gap=12.781m  at gt=(50.40, -2.30) s=17.5m
[INFO] [1790664996.781409, 56.339000]: [event] proximity_detection id=16 verdict=true gt_gap=12.752m  at gt=(50.76, -2.58) s=18.0m
[INFO] [1790664999.015785, 57.454000]: [event] proximity_detection id=17 verdict=true gt_gap=12.801m  at gt=(51.18, -2.90) s=18.5m
[INFO] [1790665001.008022, 58.449500]: [event] proximity_detection id=18 verdict=true gt_gap=12.794m  at gt=(51.50, -3.14) s=18.9m
[INFO] [1790665011.558188, 63.717500]: [event] proximity_detection id=23 verdict=true gt_gap=12.692m  at gt=(52.95, -4.73) s=21.1m
[INFO] [1790665048.453790, 82.140000]: [event] proximity_detection id=41 verdict=true gt_gap=12.613m  at gt=(55.44, -12.15) s=29.0m
[INFO] [1790665050.474839, 83.149500]: [event] proximity_detection id=42 verdict=true gt_gap=12.650m  at gt=(55.42, -12.59) s=29.5m
[INFO] [1790665054.691586, 85.253500]: [event] proximity_detection id=44 verdict=true gt_gap=12.749m  at gt=(55.35, -13.56) s=30.4m
[INFO] [1790665057.033809, 86.412500]: [event] proximity_detection id=45 verdict=true gt_gap=12.747m  at gt=(55.31, -14.06) s=30.9m
[INFO] [1790665059.192743, 87.490000]: [event] proximity_detection id=46 verdict=true gt_gap=12.786m  at gt=(55.28, -14.53) s=31.4m
[INFO] [1790665061.104222, 88.443500]: [event] proximity_detection id=47 verdict=true gt_gap=12.746m  at gt=(55.26, -14.98) s=31.9m
[INFO] [1790665063.337086, 89.558000]: [event] proximity_detection id=48 verdict=true gt_gap=12.925m  at gt=(55.24, -15.52) s=32.4m
[INFO] [1790665065.340907, 90.557500]: [event] proximity_detection id=49 verdict=true gt_gap=13.030m  at gt=(55.22, -15.97) s=32.9m
[INFO] [1790665067.402304, 91.586000]: [event] proximity_detection id=50 verdict=true gt_gap=13.149m  at gt=(55.19, -16.43) s=33.3m
[INFO] [1790665069.310716, 92.539500]: [event] proximity_detection id=51 verdict=true gt_gap=13.182m  at gt=(55.15, -16.89) s=33.8m
[INFO] [1790665071.341176, 93.552500]: [event] proximity_detection id=52 verdict=true gt_gap=13.272m  at gt=(55.11, -17.38) s=34.3m
[INFO] [1790665073.344051, 94.553500]: [event] proximity_detection id=53 verdict=true gt_gap=13.286m  at gt=(55.07, -17.85) s=34.7m
[INFO] [1790665075.555772, 95.654500]: [event] proximity_detection id=54 verdict=true gt_gap=13.446m  at gt=(55.03, -18.37) s=35.3m
[INFO] [1790665077.753336, 96.751000]: [event] proximity_detection id=55 verdict=true gt_gap=13.540m  at gt=(55.00, -18.91) s=35.8m
[INFO] [1790665079.754191, 97.750500]: [event] proximity_detection id=56 verdict=true gt_gap=13.626m  at gt=(54.97, -19.39) s=36.3m
[INFO] [1790665081.759437, 98.752500]: [event] proximity_detection id=57 verdict=true gt_gap=13.739m  at gt=(54.94, -19.87) s=36.8m
[INFO] [1790665083.953168, 99.847500]: [event] proximity_detection id=58 verdict=true gt_gap=13.938m  at gt=(54.90, -20.40) s=37.3m
[INFO] [1790665085.945103, 100.842500]: [event] proximity_detection id=59 verdict=true gt_gap=14.004m  at gt=(54.87, -20.89) s=37.8m
[INFO] [1790665087.957282, 101.846000]: [event] proximity_detection id=60 verdict=true gt_gap=14.087m  at gt=(54.85, -21.37) s=38.3m
[INFO] [1790665090.149886, 102.940000]: [event] proximity_detection id=61 verdict=true gt_gap=14.124m  at gt=(54.82, -21.90) s=38.8m
[INFO] [1790665092.366588, 104.048000]: [event] proximity_detection id=62 verdict=true gt_gap=14.138m  at gt=(54.80, -22.36) s=39.3m
[INFO] [1790665094.353094, 105.039500]: [event] proximity_detection id=63 verdict=true gt_gap=14.056m  at gt=(54.80, -22.75) s=39.7m
[INFO] [1790665096.551255, 106.138000]: [event] proximity_detection id=64 verdict=true gt_gap=14.109m  at gt=(54.81, -23.20) s=40.1m
[INFO] [1790665098.558995, 107.140000]: [event] proximity_detection id=65 verdict=true gt_gap=14.129m  at gt=(54.83, -23.63) s=40.5m
[INFO] [1790665100.558828, 108.138500]: [event] proximity_detection id=66 verdict=true gt_gap=14.163m  at gt=(54.85, -24.11) s=41.0m
[INFO] [1790665102.760556, 109.239000]: [event] proximity_detection id=67 verdict=true gt_gap=14.291m  at gt=(54.87, -24.63) s=41.5m
[INFO] [1790665104.940696, 110.326000]: [event] proximity_detection id=68 verdict=true gt_gap=14.378m  at gt=(54.89, -25.11) s=42.0m
[INFO] [1790665106.960941, 111.335000]: [event] proximity_detection id=69 verdict=true gt_gap=14.327m  at gt=(54.89, -25.55) s=42.5m
[INFO] [1790665109.476104, 112.590500]: [event] proximity_detection id=70 verdict=true gt_gap=14.463m  at gt=(54.89, -26.15) s=43.1m
[INFO] [1790665111.167086, 113.435000]: [event] proximity_detection id=71 verdict=true gt_gap=14.428m  at gt=(54.90, -26.57) s=43.5m
[INFO] [1790665113.140731, 114.421500]: [event] proximity_detection id=72 verdict=true gt_gap=14.323m  at gt=(54.88, -26.90) s=43.8m
[INFO] [1790665115.154908, 115.427000]: [event] proximity_detection id=73 verdict=true gt_gap=13.982m  at gt=(54.95, -27.08) s=44.0m
[INFO] [1790665119.155588, 117.424500]: [event] proximity_detection id=74 verdict=true gt_gap=13.466m  at gt=(54.92, -27.02) s=44.1m
[INFO] [1790665121.156924, 118.424000]: [event] proximity_detection id=75 verdict=true gt_gap=13.019m  at gt=(54.89, -27.07) s=44.2m
[INFO] [1790665123.408981, 119.549000]: [event] proximity_detection id=76 verdict=true gt_gap=12.840m  at gt=(54.96, -27.37) s=44.5m
[INFO] [1790665125.368943, 120.527000]: [event] proximity_detection id=77 verdict=true gt_gap=12.700m  at gt=(54.97, -27.67) s=44.8m
[INFO] [1790665127.594266, 121.637000]: [event] proximity_detection id=78 verdict=true gt_gap=12.535m  at gt=(54.98, -28.05) s=45.2m
[INFO] [1790665129.573549, 122.625000]: [event] proximity_detection id=79 verdict=true gt_gap=12.447m  at gt=(54.95, -28.42) s=45.6m
[INFO] [1790665131.772605, 123.723000]: [event] proximity_detection id=80 verdict=true gt_gap=12.405m  at gt=(54.89, -28.83) s=46.0m
[INFO] [1790665133.770356, 124.721000]: [event] proximity_detection id=81 verdict=true gt_gap=12.371m  at gt=(54.82, -29.25) s=46.4m
[INFO] [1790665135.788055, 125.729000]: [event] proximity_detection id=82 verdict=true gt_gap=12.304m  at gt=(54.75, -29.68) s=46.9m
[INFO] [1790665137.782268, 126.725000]: [event] proximity_detection id=83 verdict=true gt_gap=12.224m  at gt=(54.67, -30.07) s=47.2m
[INFO] [1790665139.790736, 127.727000]: [event] proximity_detection id=84 verdict=true gt_gap=12.040m  at gt=(54.63, -30.41) s=47.6m
[INFO] [1790665142.012155, 128.836500]: [event] proximity_detection id=85 verdict=true gt_gap=11.941m  at gt=(54.52, -30.84) s=48.0m
[INFO] [1790665144.001887, 129.830000]: [event] proximity_detection id=86 verdict=true gt_gap=11.861m  at gt=(54.39, -31.23) s=48.5m
[INFO] [1790665146.042709, 130.848500]: [event] proximity_detection id=87 verdict=true gt_gap=11.668m  at gt=(54.31, -31.52) s=48.8m
[INFO] [1790665148.064161, 131.857000]: [event] proximity_detection id=88 verdict=true gt_gap=11.461m  at gt=(54.20, -31.84) s=49.1m
[INFO] [1790665150.021923, 132.834500]: [event] proximity_detection id=89 verdict=true gt_gap=11.292m  at gt=(54.06, -32.15) s=49.4m
[INFO] [1790665152.225743, 133.935000]: [event] proximity_detection id=90 verdict=true gt_gap=11.203m  at gt=(53.85, -32.53) s=49.9m
[INFO] [1790665154.233364, 134.937000]: [event] proximity_detection id=91 verdict=true gt_gap=11.042m  at gt=(53.67, -32.88) s=50.3m
[INFO] [1790665156.261239, 135.950000]: [event] proximity_detection id=92 verdict=true gt_gap=10.981m  at gt=(53.47, -33.26) s=50.7m
[INFO] [1790665158.256725, 136.946500]: [event] proximity_detection id=93 verdict=true gt_gap=11.040m  at gt=(53.26, -33.68) s=51.2m
[INFO] [1790665160.461780, 138.047500]: [event] proximity_detection id=94 verdict=true gt_gap=11.021m  at gt=(53.04, -34.08) s=51.6m
[INFO] [1790665162.502231, 139.066000]: [event] proximity_detection id=95 verdict=true gt_gap=10.954m  at gt=(52.83, -34.40) s=52.0m
[INFO] [1790665164.473343, 140.049000]: [event] proximity_detection id=96 verdict=true gt_gap=10.827m  at gt=(52.62, -34.70) s=52.4m
[INFO] [1790665166.501845, 141.063000]: [event] proximity_detection id=97 verdict=true gt_gap=10.701m  at gt=(52.37, -35.03) s=52.8m
[INFO] [1790665168.507203, 142.063500]: [event] proximity_detection id=98 verdict=true gt_gap=10.623m  at gt=(52.10, -35.36) s=53.2m
[INFO] [1790665170.516189, 143.067000]: [event] proximity_detection id=99 verdict=true gt_gap=10.602m  at gt=(51.79, -35.69) s=53.7m
[INFO] [1790665172.721953, 144.168000]: [event] proximity_detection id=100 verdict=true gt_gap=10.485m  at gt=(51.44, -36.05) s=54.2m
[INFO] [1790665174.736039, 145.173500]: [event] proximity_detection id=101 verdict=true gt_gap=10.503m  at gt=(51.12, -36.37) s=54.6m
[INFO] [1790665230.522545, 173.031000]: [event] proximity_detection id=129 verdict=true gt_gap=13.051m  at gt=(39.70, -39.44) s=66.9m
[INFO] [1790665232.539318, 174.039000]: [event] proximity_detection id=130 verdict=true gt_gap=13.115m  at gt=(39.22, -39.41) s=67.4m
[INFO] [1790665234.785301, 175.161500]: [event] proximity_detection id=131 verdict=true gt_gap=13.187m  at gt=(38.68, -39.39) s=67.9m
[INFO] [1790665236.817239, 176.175000]: [event] proximity_detection id=132 verdict=true gt_gap=13.290m  at gt=(38.18, -39.37) s=68.4m
[INFO] [1790665238.951167, 177.242000]: [event] proximity_detection id=133 verdict=true gt_gap=13.425m  at gt=(37.66, -39.34) s=68.9m
[INFO] [1790665240.963039, 178.246000]: [event] proximity_detection id=134 verdict=true gt_gap=13.539m  at gt=(37.19, -39.32) s=69.4m
[INFO] [1790665243.190906, 179.358000]: [event] proximity_detection id=135 verdict=true gt_gap=13.696m  at gt=(36.65, -39.29) s=69.9m
[INFO] [1790665245.198711, 180.361000]: [event] proximity_detection id=136 verdict=true gt_gap=13.858m  at gt=(36.16, -39.26) s=70.4m
[INFO] [1790665247.420888, 181.470000]: [event] proximity_detection id=137 verdict=true gt_gap=13.984m  at gt=(35.62, -39.23) s=71.0m
[INFO] [1790665249.397202, 182.457000]: [event] proximity_detection id=138 verdict=true gt_gap=14.043m  at gt=(35.16, -39.20) s=71.4m
[INFO] [1790665251.602246, 183.559500]: [event] proximity_detection id=139 verdict=true gt_gap=14.201m  at gt=(34.60, -39.14) s=72.0m
[INFO] [1790665253.600943, 184.558000]: [event] proximity_detection id=140 verdict=true gt_gap=14.185m  at gt=(34.14, -39.15) s=72.5m
[INFO] [1790665255.605884, 185.559000]: [event] proximity_detection id=141 verdict=true gt_gap=14.234m  at gt=(33.71, -39.15) s=72.9m
[INFO] [1790665257.590982, 186.549000]: [event] proximity_detection id=142 verdict=true gt_gap=14.265m  at gt=(33.26, -39.10) s=73.3m
[INFO] [1790665259.607456, 187.557500]: [event] proximity_detection id=143 verdict=true gt_gap=14.382m  at gt=(32.76, -39.06) s=73.8m
[INFO] [1790665261.620126, 188.562000]: [event] proximity_detection id=144 verdict=true gt_gap=14.496m  at gt=(32.27, -39.02) s=74.3m
[INFO] [1790665263.593108, 189.547500]: [event] proximity_detection id=145 verdict=true gt_gap=14.559m  at gt=(31.79, -38.97) s=74.8m
[INFO] [1790665265.599919, 190.549000]: [event] proximity_detection id=146 verdict=true gt_gap=14.584m  at gt=(31.30, -38.91) s=75.3m
[INFO] [1790665267.790778, 191.643500]: [event] proximity_detection id=147 verdict=true gt_gap=14.670m  at gt=(30.76, -38.85) s=75.9m
[INFO] [1790665269.792168, 192.643000]: [event] proximity_detection id=148 verdict=true gt_gap=14.731m  at gt=(30.27, -38.78) s=76.3m
[INFO] [1790665271.819626, 193.655500]: [event] proximity_detection id=149 verdict=true gt_gap=14.769m  at gt=(29.79, -38.70) s=76.8m
[INFO] [1790665273.777235, 194.633500]: [event] proximity_detection id=150 verdict=true gt_gap=14.801m  at gt=(29.34, -38.63) s=77.3m
[INFO] [1790665275.804568, 195.645500]: [event] proximity_detection id=151 verdict=true gt_gap=14.887m  at gt=(28.84, -38.54) s=77.8m
[INFO] [1790665277.786915, 196.635000]: [event] proximity_detection id=152 verdict=true gt_gap=14.872m  at gt=(28.38, -38.45) s=78.3m
[INFO] [1790665279.802890, 197.642500]: [event] proximity_detection id=153 verdict=true gt_gap=14.870m  at gt=(27.91, -38.35) s=78.7m
[INFO] [1790665281.816999, 198.648000]: [event] proximity_detection id=154 verdict=true gt_gap=14.833m  at gt=(27.45, -38.26) s=79.2m
[INFO] [1790665283.811305, 199.642000]: [event] proximity_detection id=155 verdict=true gt_gap=14.763m  at gt=(27.04, -38.16) s=79.6m
[INFO] [1790665285.819527, 200.646000]: [event] proximity_detection id=156 verdict=true gt_gap=14.634m  at gt=(26.65, -38.05) s=80.0m
[INFO] [1790665287.998663, 201.734500]: [event] proximity_detection id=157 verdict=true gt_gap=14.542m  at gt=(26.25, -37.92) s=80.5m
[INFO] [1790665290.217983, 202.842500]: [event] proximity_detection id=158 verdict=true gt_gap=14.484m  at gt=(25.84, -37.77) s=80.9m
[INFO] [1790665292.257933, 203.861500]: [event] proximity_detection id=159 verdict=true gt_gap=14.353m  at gt=(25.46, -37.62) s=81.3m
[INFO] [1790665294.431464, 204.946500]: [event] proximity_detection id=160 verdict=true gt_gap=14.292m  at gt=(25.06, -37.43) s=81.7m
[INFO] [1790665296.434203, 205.947000]: [event] proximity_detection id=161 verdict=true gt_gap=14.155m  at gt=(24.69, -37.25) s=82.2m
[INFO] [1790665298.446557, 206.952000]: [event] proximity_detection id=162 verdict=true gt_gap=14.092m  at gt=(24.28, -37.03) s=82.6m
[INFO] [1790665364.126970, 239.750000]: [event] proximity_detection id=194 verdict=true gt_gap=12.861m  at gt=(18.35, -24.48) s=97.4m
[INFO] [1790665366.357835, 240.862500]: [event] proximity_detection id=195 verdict=true gt_gap=13.014m  at gt=(18.36, -24.03) s=97.9m
[INFO] [1790665368.348337, 241.856500]: [event] proximity_detection id=196 verdict=true gt_gap=12.991m  at gt=(18.35, -23.61) s=98.3m
[INFO] [1790665370.361844, 242.862000]: [event] proximity_detection id=197 verdict=true gt_gap=13.070m  at gt=(18.30, -23.11) s=98.8m
[INFO] [1790665372.536220, 243.947500]: [event] proximity_detection id=198 verdict=true gt_gap=13.228m  at gt=(18.29, -22.54) s=99.4m
[INFO] [1790665374.577278, 244.966000]: [event] proximity_detection id=199 verdict=true gt_gap=13.326m  at gt=(18.29, -22.02) s=99.9m
[INFO] [1790665376.606272, 245.977500]: [event] proximity_detection id=200 verdict=true gt_gap=13.367m  at gt=(18.27, -21.52) s=100.4m
[INFO] [1790665378.580086, 246.962500]: [event] proximity_detection id=201 verdict=true gt_gap=13.340m  at gt=(18.24, -21.11) s=100.8m
[INFO] [1790665380.578865, 247.961500]: [event] proximity_detection id=202 verdict=true gt_gap=13.356m  at gt=(18.23, -20.68) s=101.2m
[INFO] [1790665382.769755, 249.055000]: [event] proximity_detection id=203 verdict=true gt_gap=13.478m  at gt=(18.27, -20.16) s=101.7m
[INFO] [1790665384.800270, 250.068000]: [event] proximity_detection id=204 verdict=true gt_gap=13.585m  at gt=(18.32, -19.69) s=102.2m
[INFO] [1790665386.786155, 251.060500]: [event] proximity_detection id=205 verdict=true gt_gap=13.639m  at gt=(18.37, -19.29) s=102.6m
[INFO] [1790665388.767736, 252.049500]: [event] proximity_detection id=206 verdict=true gt_gap=13.650m  at gt=(18.39, -18.85) s=103.1m
[INFO] [1790665390.770779, 253.050500]: [event] proximity_detection id=207 verdict=true gt_gap=13.590m  at gt=(18.38, -18.46) s=103.4m
[INFO] [1790665392.784355, 254.055000]: [event] proximity_detection id=208 verdict=true gt_gap=13.586m  at gt=(18.34, -17.97) s=103.9m
[INFO] [1790665394.973887, 255.149500]: [event] proximity_detection id=209 verdict=true gt_gap=13.686m  at gt=(18.29, -17.48) s=104.4m
[INFO] [1790665396.979803, 256.151500]: [event] proximity_detection id=210 verdict=true gt_gap=13.717m  at gt=(18.30, -17.02) s=104.9m
[INFO] [1790665399.163840, 257.242000]: [event] proximity_detection id=211 verdict=true gt_gap=13.800m  at gt=(18.29, -16.56) s=105.4m
[INFO] [1790665401.187318, 258.251500]: [event] proximity_detection id=212 verdict=true gt_gap=13.943m  at gt=(18.31, -16.06) s=105.9m
[INFO] [1790665403.396435, 259.354500]: [event] proximity_detection id=213 verdict=true gt_gap=14.066m  at gt=(18.31, -15.48) s=106.4m
[INFO] [1790665405.395584, 260.354000]: [event] proximity_detection id=214 verdict=true gt_gap=14.235m  at gt=(18.31, -15.01) s=106.9m
[INFO] [1790665407.588363, 261.449500]: [event] proximity_detection id=215 verdict=true gt_gap=14.353m  at gt=(18.36, -14.49) s=107.4m
[INFO] [1790665409.610150, 262.459000]: [event] proximity_detection id=216 verdict=true gt_gap=14.395m  at gt=(18.38, -13.98) s=107.9m
[INFO] [1790665411.798334, 263.551500]: [event] proximity_detection id=217 verdict=true gt_gap=14.441m  at gt=(18.37, -13.45) s=108.5m
[INFO] [1790665413.783205, 264.542500]: [event] proximity_detection id=218 verdict=true gt_gap=14.352m  at gt=(18.38, -12.99) s=108.9m
[INFO] [1790665415.814187, 265.557000]: [event] proximity_detection id=219 verdict=true gt_gap=14.317m  at gt=(18.39, -12.55) s=109.4m
[INFO] [1790665418.047209, 266.673500]: [event] proximity_detection id=220 verdict=true gt_gap=14.371m  at gt=(18.41, -12.06) s=109.9m
[INFO] [1790665420.059434, 267.678000]: [event] proximity_detection id=221 verdict=true gt_gap=14.329m  at gt=(18.42, -11.59) s=110.3m
[INFO] [1790665422.079297, 268.686500]: [event] proximity_detection id=222 verdict=true gt_gap=14.238m  at gt=(18.44, -11.15) s=110.8m
[INFO] [1790665424.097227, 269.693500]: [event] proximity_detection id=223 verdict=true gt_gap=14.120m  at gt=(18.45, -10.79) s=111.1m
[INFO] [1790665426.087870, 270.688500]: [event] proximity_detection id=224 verdict=true gt_gap=14.113m  at gt=(18.47, -10.37) s=111.6m
[INFO] [1790665428.083474, 271.684500]: [event] proximity_detection id=225 verdict=true gt_gap=13.977m  at gt=(18.50, -10.05) s=111.9m
[INFO] [1790665430.073015, 272.678000]: [event] proximity_detection id=226 verdict=true gt_gap=13.933m  at gt=(18.60, -9.68) s=112.3m
[INFO] [1790665432.079443, 273.679500]: [event] proximity_detection id=227 verdict=true gt_gap=13.800m  at gt=(18.69, -9.31) s=112.6m
[INFO] [1790665434.023099, 274.649500]: [event] proximity_detection id=228 verdict=true gt_gap=13.682m  at gt=(18.91, -8.87) s=113.1m
[INFO] [1790665436.111309, 275.694000]: [event] proximity_detection id=229 verdict=true gt_gap=13.525m  at gt=(19.08, -8.51) s=113.6m
[INFO] [1790665438.134143, 276.703500]: [event] proximity_detection id=230 verdict=true gt_gap=13.116m  at gt=(19.16, -8.44) s=113.7m
[INFO] [1790665440.329598, 277.800000]: [event] proximity_detection id=231 verdict=true gt_gap=12.929m  at gt=(19.25, -8.22) s=113.9m
[INFO] [1790665442.309337, 278.788500]: [event] proximity_detection id=232 verdict=true gt_gap=12.905m  at gt=(19.22, -7.82) s=114.3m
[INFO] [1790665444.313187, 279.790000]: [event] proximity_detection id=233 verdict=true gt_gap=12.759m  at gt=(19.18, -7.43) s=114.7m
[INFO] [1790665446.564836, 280.914000]: [event] proximity_detection id=234 verdict=true gt_gap=12.656m  at gt=(19.18, -7.07) s=115.1m
[INFO] [1790665448.559824, 281.908000]: [event] proximity_detection id=235 verdict=true gt_gap=12.564m  at gt=(19.22, -6.75) s=115.4m
[INFO] [1790665450.579988, 282.915000]: [event] proximity_detection id=236 verdict=true gt_gap=12.533m  at gt=(19.27, -6.35) s=115.8m
[INFO] [1790665452.616722, 283.931500]: [event] proximity_detection id=237 verdict=true gt_gap=12.476m  at gt=(19.35, -6.02) s=116.1m
[INFO] [1790665454.600033, 284.922000]: [event] proximity_detection id=238 verdict=true gt_gap=12.392m  at gt=(19.41, -5.62) s=116.5m
[INFO] [1790665456.622134, 285.930500]: [event] proximity_detection id=239 verdict=true gt_gap=12.248m  at gt=(19.52, -5.29) s=116.9m
[INFO] [1790665458.845099, 287.040500]: [event] proximity_detection id=240 verdict=true gt_gap=12.296m  at gt=(19.71, -4.81) s=117.4m
[INFO] [1790665460.861281, 288.047000]: [event] proximity_detection id=241 verdict=true gt_gap=12.232m  at gt=(19.84, -4.43) s=117.8m
[INFO] [1790665462.856232, 289.043000]: [event] proximity_detection id=242 verdict=true gt_gap=12.089m  at gt=(19.94, -4.08) s=118.2m
[INFO] [1790665464.862938, 290.045500]: [event] proximity_detection id=243 verdict=true gt_gap=11.925m  at gt=(20.04, -3.68) s=118.6m
[INFO] [1790665466.880024, 291.052500]: [event] proximity_detection id=244 verdict=true gt_gap=11.800m  at gt=(20.10, -3.34) s=118.9m
[INFO] [1790665468.880799, 292.052000]: [event] proximity_detection id=245 verdict=true gt_gap=11.747m  at gt=(20.18, -2.88) s=119.4m
[INFO] [1790665470.901257, 293.061000]: [event] proximity_detection id=246 verdict=true gt_gap=11.608m  at gt=(20.26, -2.52) s=119.8m
[INFO] [1790665472.894766, 294.056000]: [event] proximity_detection id=247 verdict=true gt_gap=11.266m  at gt=(20.30, -2.35) s=120.0m
[INFO] [1790665474.893597, 295.054500]: [event] proximity_detection id=248 verdict=true gt_gap=10.949m  at gt=(20.41, -2.23) s=120.2m
[INFO] [1790665476.872421, 296.042500]: [event] proximity_detection id=249 verdict=true gt_gap=10.828m  at gt=(20.69, -1.97) s=120.5m
[INFO] [1790665478.896956, 297.053000]: [event] proximity_detection id=1 verdict=unknown gt_gap=nanm  at gt=(20.93, -1.68) s=120.9m
[INFO] [1790665480.887466, 298.047000]: [event] proximity_detection id=1 verdict=unknown gt_gap=nanm  at gt=(21.21, -1.47) s=121.3m
[INFO] [1790665483.063577, 299.133000]: [event] proximity_detection id=1 verdict=unknown gt_gap=nanm  at gt=(21.47, -1.22) s=121.6m
[INFO] [1790665485.280156, 300.239000]: [event] proximity_detection id=1 verdict=unknown gt_gap=nanm  at gt=(21.81, -1.05) s=122.0m
[INFO] [1790665487.283066, 301.237500]: [event] proximity_detection id=1 verdict=unknown gt_gap=nanm  at gt=(22.16, -0.94) s=122.4m
[INFO] [1790665489.305342, 302.248000]: [event] proximity_detection id=1 verdict=unknown gt_gap=nanm  at gt=(22.61, -0.83) s=122.8m
[INFO] [1790665491.491128, 303.338500]: [event] proximity_detection id=256 verdict=true gt_gap=10.008m  at gt=(23.03, -0.71) s=123.3m
[INFO] [1790665493.694339, 304.439000]: [event] proximity_detection id=1 verdict=unknown gt_gap=nanm  at gt=(23.44, -0.57) s=123.7m
[INFO] [1790665495.714748, 305.448500]: [event] proximity_detection id=258 verdict=true gt_gap=9.819m  at gt=(23.89, -0.41) s=124.2m
[INFO] [1790665497.685541, 306.432000]: [event] proximity_detection id=259 verdict=true gt_gap=9.776m  at gt=(24.31, -0.26) s=124.6m
[INFO] [1790665499.870923, 307.523500]: [event] proximity_detection id=1 verdict=unknown gt_gap=nanm  at gt=(24.72, -0.11) s=125.1m
[INFO] [1790665501.838317, 308.506500]: [event] proximity_detection id=1 verdict=unknown gt_gap=nanm  at gt=(25.08, 0.00) s=125.5m
[INFO] [1790665503.854476, 309.512500]: [event] proximity_detection id=1 verdict=unknown gt_gap=nanm  at gt=(25.42, 0.10) s=125.8m
[INFO] [1790665505.838871, 310.504000]: [event] proximity_detection id=1 verdict=unknown gt_gap=nanm  at gt=(25.79, 0.16) s=126.2m
[INFO] [1790665507.850640, 311.508000]: [event] proximity_detection id=1 verdict=unknown gt_gap=nanm  at gt=(26.24, 0.18) s=126.6m
[INFO] [1790665509.846262, 312.504500]: [event] proximity_detection id=1 verdict=unknown gt_gap=nanm  at gt=(26.66, 0.19) s=127.1m
[INFO] [1790665511.847137, 313.505000]: [event] proximity_detection id=1 verdict=unknown gt_gap=nanm  at gt=(27.03, 0.21) s=127.4m
[INFO] [1790665514.046494, 314.603000]: [event] proximity_detection id=267 verdict=true gt_gap=10.248m  at gt=(27.46, 0.25) s=127.9m
[INFO] [1790665516.026223, 315.591000]: [event] proximity_detection id=1 verdict=unknown gt_gap=nanm  at gt=(27.88, 0.29) s=128.3m
[INFO] [1790665518.044042, 316.598500]: [event] proximity_detection id=269 verdict=true gt_gap=10.471m  at gt=(28.35, 0.34) s=128.8m
[INFO] [1790665520.248502, 317.699000]: [event] proximity_detection id=1 verdict=unknown gt_gap=nanm  at gt=(28.80, 0.36) s=129.2m
[INFO] [1790665522.470211, 318.806500]: [event] proximity_detection id=271 verdict=true gt_gap=10.572m  at gt=(29.26, 0.35) s=129.7m
[INFO] [1790665524.469801, 319.805500]: [event] proximity_detection id=272 verdict=true gt_gap=10.723m  at gt=(29.71, 0.32) s=130.1m
[INFO] [1790665526.666843, 320.901500]: [event] proximity_detection id=1 verdict=unknown gt_gap=nanm  at gt=(30.24, 0.30) s=130.7m
[INFO] [1790665528.677555, 321.906000]: [event] proximity_detection id=274 verdict=true gt_gap=11.217m  at gt=(30.72, 0.27) s=131.1m
[INFO] [1790665530.715174, 322.921500]: [event] proximity_detection id=275 verdict=true gt_gap=11.448m  at gt=(31.20, 0.25) s=131.6m
[INFO] [1790665532.721363, 323.924500]: [event] proximity_detection id=276 verdict=true gt_gap=11.741m  at gt=(31.67, 0.23) s=132.1m
[INFO] [1790665534.767709, 324.945000]: [event] proximity_detection id=277 verdict=true gt_gap=12.148m  at gt=(32.17, 0.22) s=132.6m
[INFO] [1790665536.783363, 325.952000]: [event] proximity_detection id=278 verdict=true gt_gap=12.464m  at gt=(32.64, 0.21) s=133.0m
[INFO] [1790665538.835892, 326.973500]: [event] proximity_detection id=279 verdict=true gt_gap=12.489m  at gt=(32.99, 0.20) s=133.4m
[INFO] [1790665540.773814, 327.942000]: [event] proximity_detection id=280 verdict=true gt_gap=12.586m  at gt=(33.37, 0.21) s=133.8m
[INFO] [1790665542.984638, 329.047000]: [event] proximity_detection id=281 verdict=true gt_gap=12.797m  at gt=(33.90, 0.23) s=134.3m
[INFO] [1790665545.029067, 330.067000]: [event] proximity_detection id=282 verdict=true gt_gap=12.956m  at gt=(34.35, 0.24) s=134.8m
[INFO] [1790665547.218802, 331.161000]: [event] proximity_detection id=283 verdict=true gt_gap=13.045m  at gt=(34.79, 0.25) s=135.2m
[INFO] [1790665549.256275, 332.178500]: [event] proximity_detection id=284 verdict=true gt_gap=13.091m  at gt=(35.20, 0.26) s=135.6m
[INFO] [1790665551.235643, 333.166500]: [event] proximity_detection id=285 verdict=true gt_gap=13.059m  at gt=(35.63, 0.25) s=136.0m
[INFO] [1790665553.264824, 334.177500]: [event] proximity_detection id=286 verdict=true gt_gap=13.117m  at gt=(36.11, 0.23) s=136.5m
[INFO] [1790665555.346347, 335.216500]: [event] proximity_detection id=287 verdict=true gt_gap=13.173m  at gt=(36.59, 0.21) s=137.0m
[INFO] [1790665557.475820, 336.280500]: [event] proximity_detection id=288 verdict=true gt_gap=13.203m  at gt=(37.08, 0.21) s=137.5m
[INFO] [1790665559.699395, 337.389500]: [event] proximity_detection id=289 verdict=true gt_gap=13.300m  at gt=(37.60, 0.21) s=138.0m
[INFO] [1790665561.726066, 338.401000]: [event] proximity_detection id=290 verdict=true gt_gap=13.376m  at gt=(38.09, 0.22) s=138.5m
[INFO] [1790665563.710361, 339.392000]: [event] proximity_detection id=291 verdict=true gt_gap=13.489m  at gt=(38.56, 0.23) s=139.0m
[INFO] [1790665565.953331, 340.512500]: [event] proximity_detection id=292 verdict=true gt_gap=13.682m  at gt=(39.10, 0.22) s=139.5m
[INFO] [1790665567.944294, 341.507000]: [event] proximity_detection id=293 verdict=true gt_gap=13.794m  at gt=(39.58, 0.21) s=140.0m
[INFO] [1790665569.956821, 342.511000]: [event] proximity_detection id=294 verdict=true gt_gap=13.821m  at gt=(40.06, 0.21) s=140.5m
[INFO] [1790665572.083082, 343.572500]: [event] proximity_detection id=295 verdict=true gt_gap=13.930m  at gt=(40.59, 0.22) s=141.0m
[INFO] [1790665574.180054, 344.618500]: [event] proximity_detection id=296 verdict=true gt_gap=14.062m  at gt=(41.10, 0.22) s=141.5m
[INFO] [1790665576.188302, 345.622000]: [event] proximity_detection id=297 verdict=true gt_gap=14.129m  at gt=(41.58, 0.22) s=142.0m
[INFO] [1790665578.181038, 346.616000]: [event] proximity_detection id=298 verdict=true gt_gap=14.180m  at gt=(42.06, 0.22) s=142.5m
[INFO] [1790665580.168960, 347.608000]: [event] proximity_detection id=299 verdict=true gt_gap=14.204m  at gt=(42.56, 0.21) s=143.0m
[INFO] [1790665582.172965, 348.608000]: [event] proximity_detection id=300 verdict=true gt_gap=14.270m  at gt=(43.07, 0.22) s=143.5m
[INFO] [1790665584.203562, 349.620500]: [event] proximity_detection id=301 verdict=true gt_gap=14.288m  at gt=(43.55, 0.22) s=144.0m
[INFO] [1790665586.381681, 350.709500]: [event] proximity_detection id=302 verdict=true gt_gap=14.311m  at gt=(44.02, 0.19) s=144.4m
[INFO] [1790665588.386234, 351.710000]: [event] proximity_detection id=303 verdict=true gt_gap=14.209m  at gt=(44.45, 0.16) s=144.9m
[INFO] [1790665590.413329, 352.722500]: [event] proximity_detection id=304 verdict=true gt_gap=14.137m  at gt=(44.85, 0.10) s=145.3m
[INFO] [1790665592.404966, 353.715500]: [event] proximity_detection id=305 verdict=true gt_gap=14.090m  at gt=(45.28, -0.01) s=145.7m
[INFO] [1790665594.404416, 354.713500]: [event] proximity_detection id=306 verdict=true gt_gap=14.052m  at gt=(45.72, -0.11) s=146.2m
[INFO] [1790665596.431005, 355.724500]: [event] proximity_detection id=307 verdict=true gt_gap=13.969m  at gt=(46.14, -0.20) s=146.6m
[INFO] [1790665598.411693, 356.712500]: [event] proximity_detection id=308 verdict=true gt_gap=13.857m  at gt=(46.48, -0.29) s=147.0m
[INFO] [1790665600.432534, 357.721500]: [event] proximity_detection id=309 verdict=true gt_gap=13.854m  at gt=(46.83, -0.41) s=147.3m
[INFO] [1790665602.626488, 358.817500]: [event] proximity_detection id=310 verdict=true gt_gap=13.866m  at gt=(47.22, -0.54) s=147.7m
[INFO] [1790665604.678180, 359.840000]: [event] proximity_detection id=311 verdict=true gt_gap=13.718m  at gt=(47.58, -0.69) s=148.1m
[INFO] [1790665606.870374, 360.935000]: [event] proximity_detection id=312 verdict=true gt_gap=13.697m  at gt=(48.00, -0.87) s=148.6m
[INFO] [1790665609.051005, 362.023000]: [event] proximity_detection id=313 verdict=true gt_gap=13.711m  at gt=(48.43, -1.12) s=149.1m
[INFO] [1790665611.103653, 363.049000]: [event] proximity_detection id=314 verdict=true gt_gap=13.738m  at gt=(48.84, -1.35) s=149.5m
[INFO] [1790665613.207345, 364.098500]: [event] proximity_detection id=315 verdict=true gt_gap=13.776m  at gt=(49.28, -1.58) s=150.0m
[INFO] [1790665615.303833, 365.146000]: [event] proximity_detection id=316 verdict=true gt_gap=13.751m  at gt=(49.71, -1.82) s=150.5m
[INFO] [1790665617.304798, 366.144000]: [event] proximity_detection id=317 verdict=true gt_gap=13.655m  at gt=(50.06, -2.02) s=150.9m
[INFO] [1790665619.279459, 367.128000]: [event] proximity_detection id=45 verdict=true gt_gap=0.064m  at gt=(50.37, -2.24) s=151.3m
[INFO] [1790665621.357898, 368.165000]: [event] proximity_detection id=319 verdict=true gt_gap=13.422m  at gt=(50.74, -2.55) s=151.8m
[INFO] [1790665623.326130, 369.147500]: [event] proximity_detection id=47 verdict=true gt_gap=0.092m  at gt=(51.12, -2.84) s=152.3m
[INFO] [1790665625.348850, 370.156500]: [event] proximity_detection id=321 verdict=true gt_gap=13.309m  at gt=(51.45, -3.10) s=152.7m
[INFO] [1790665627.325533, 371.143000]: [event] proximity_detection id=49 verdict=true gt_gap=0.064m  at gt=(51.74, -3.37) s=153.1m
[INFO] [1790665629.532056, 372.244500]: [event] proximity_detection id=50 verdict=true gt_gap=0.001m  at gt=(52.05, -3.67) s=153.5m
[INFO] [1790665631.576458, 373.264000]: [event] proximity_detection id=51 verdict=true gt_gap=0.033m  at gt=(52.34, -3.98) s=154.0m
[INFO] [1790665633.534727, 374.241000]: [event] proximity_detection id=52 verdict=true gt_gap=0.025m  at gt=(52.62, -4.33) s=154.4m
[INFO] [1790665635.544279, 375.242500]: [event] proximity_detection id=326 verdict=true gt_gap=12.803m  at gt=(52.92, -4.69) s=154.9m
[INFO] [1790665637.742162, 376.341000]: [event] proximity_detection id=54 verdict=true gt_gap=0.021m  at gt=(53.20, -5.06) s=155.3m
[INFO] [1790665639.746378, 377.342000]: [event] proximity_detection id=55 verdict=true gt_gap=0.051m  at gt=(53.44, -5.41) s=155.8m
[INFO] [1790665641.713987, 378.324500]: [event] proximity_detection id=56 verdict=true gt_gap=0.075m  at gt=(53.66, -5.76) s=156.2m
[INFO] [1790665643.716248, 379.322500]: [event] proximity_detection id=57 verdict=true gt_gap=0.053m  at gt=(53.88, -6.13) s=156.6m
[INFO] [1790665645.907025, 380.416500]: [event] proximity_detection id=58 verdict=true gt_gap=0.073m  at gt=(54.11, -6.56) s=157.1m
[INFO] [1790665648.084852, 381.504000]: [event] proximity_detection id=59 verdict=true gt_gap=0.072m  at gt=(54.33, -6.96) s=157.6m
[INFO] [1790665650.100190, 382.510000]: [event] proximity_detection id=60 verdict=true gt_gap=0.052m  at gt=(54.49, -7.34) s=158.0m
[INFO] [1790665652.292283, 383.604500]: [event] proximity_detection id=61 verdict=true gt_gap=0.025m  at gt=(54.67, -7.77) s=158.4m
[INFO] [1790665654.479542, 384.696000]: [event] proximity_detection id=62 verdict=true gt_gap=0.017m  at gt=(54.82, -8.23) s=158.9m
[INFO] [1790665656.456259, 385.680000]: [event] proximity_detection id=63 verdict=true gt_gap=0.039m  at gt=(54.95, -8.65) s=159.4m
[INFO] [1790665658.479342, 386.689000]: [event] proximity_detection id=64 verdict=true gt_gap=0.025m  at gt=(55.08, -9.07) s=159.8m
[INFO] [1790665660.544096, 387.720500]: [event] proximity_detection id=65 verdict=true gt_gap=0.005m  at gt=(55.18, -9.50) s=160.2m
[INFO] [1790665662.498045, 388.694500]: [event] proximity_detection id=66 verdict=true gt_gap=0.055m  at gt=(55.25, -9.90) s=160.6m
[INFO] [1790665664.484103, 389.685000]: [event] proximity_detection id=67 verdict=true gt_gap=0.064m  at gt=(55.33, -10.28) s=161.0m
[INFO] [1790665666.683851, 390.783500]: [event] proximity_detection id=68 verdict=true gt_gap=0.026m  at gt=(55.38, -10.71) s=161.5m
[INFO] [1790665668.667756, 391.774000]: [event] proximity_detection id=69 verdict=true gt_gap=0.089m  at gt=(55.40, -11.15) s=161.9m
[INFO] [1790665670.877366, 392.876500]: [event] proximity_detection id=343 verdict=true gt_gap=12.643m  at gt=(55.42, -11.66) s=162.4m
[INFO] [1790665672.884184, 393.878000]: [event] proximity_detection id=344 verdict=true gt_gap=12.631m  at gt=(55.44, -12.12) s=162.9m
[INFO] [1790665674.889765, 394.879000]: [event] proximity_detection id=345 verdict=true gt_gap=12.558m  at gt=(55.44, -12.53) s=163.3m
[INFO] [1790665676.917379, 395.892500]: [event] proximity_detection id=346 verdict=true gt_gap=12.542m  at gt=(55.41, -12.99) s=163.8m
[INFO] [1790665678.946343, 396.904500]: [event] proximity_detection id=347 verdict=true gt_gap=12.628m  at gt=(55.37, -13.48) s=164.2m
[INFO] [1790665680.928727, 397.894500]: [event] proximity_detection id=348 verdict=true gt_gap=12.693m  at gt=(55.33, -13.92) s=164.7m
[INFO] [1790665682.923300, 398.890500]: [event] proximity_detection id=349 verdict=true gt_gap=12.664m  at gt=(55.29, -14.36) s=165.1m
[INFO] [1790665684.955217, 399.905500]: [event] proximity_detection id=350 verdict=true gt_gap=12.658m  at gt=(55.26, -14.80) s=165.6m
[INFO] [1790665686.930077, 400.891000]: [event] proximity_detection id=351 verdict=true gt_gap=12.719m  at gt=(55.24, -15.24) s=166.0m
[INFO] [1790665689.158835, 402.003500]: [event] proximity_detection id=352 verdict=true gt_gap=12.881m  at gt=(55.22, -15.77) s=166.5m
[INFO] [1790665691.165818, 403.005000]: [event] proximity_detection id=353 verdict=true gt_gap=12.937m  at gt=(55.20, -16.21) s=167.0m
[INFO] [1790665694.592440, 404.712000]: [event] proximity_detection id=354 verdict=true gt_gap=13.324m  at gt=(55.14, -17.01) s=167.8m
[INFO] [1790665695.228146, 405.029500]: [event] proximity_detection id=355 verdict=true gt_gap=13.079m  at gt=(55.13, -17.16) s=167.9m
[INFO] [1790665697.359773, 406.094000]: [event] proximity_detection id=356 verdict=true gt_gap=13.161m  at gt=(55.08, -17.68) s=168.4m
[INFO] [1790665699.396833, 407.110500]: [event] proximity_detection id=357 verdict=true gt_gap=13.228m  at gt=(55.05, -18.16) s=168.9m
[INFO] [1790665701.371614, 408.096500]: [event] proximity_detection id=358 verdict=true gt_gap=13.328m  at gt=(55.02, -18.64) s=169.4m
[INFO] [1790665703.357709, 409.088500]: [event] proximity_detection id=359 verdict=true gt_gap=13.434m  at gt=(54.99, -19.12) s=169.9m
[INFO] [1790665705.377614, 410.096000]: [event] proximity_detection id=360 verdict=true gt_gap=13.515m  at gt=(54.96, -19.60) s=170.4m
[INFO] [1790665707.351257, 411.082500]: [event] proximity_detection id=361 verdict=true gt_gap=13.541m  at gt=(54.92, -20.08) s=170.9m
[INFO] [1790665709.569458, 412.189500]: [event] proximity_detection id=362 verdict=true gt_gap=13.658m  at gt=(54.89, -20.61) s=171.4m
[INFO] [1790665711.571629, 413.188500]: [event] proximity_detection id=363 verdict=true gt_gap=13.763m  at gt=(54.86, -21.09) s=171.9m
[INFO] [1790665713.547738, 414.175500]: [event] proximity_detection id=364 verdict=true gt_gap=13.808m  at gt=(54.83, -21.58) s=172.4m
[INFO] [1790665715.757020, 415.278000]: [event] proximity_detection id=365 verdict=true gt_gap=13.863m  at gt=(54.81, -22.09) s=172.9m
[INFO] [1790665717.784902, 416.290500]: [event] proximity_detection id=366 verdict=true gt_gap=13.844m  at gt=(54.80, -22.50) s=173.3m
[INFO] [1790665719.746920, 417.270500]: [event] proximity_detection id=367 verdict=true gt_gap=13.827m  at gt=(54.80, -22.90) s=173.7m
[INFO] [1790665721.779171, 418.282500]: [event] proximity_detection id=368 verdict=true gt_gap=13.820m  at gt=(54.82, -23.32) s=174.1m
[INFO] [1790665723.847783, 419.316500]: [event] proximity_detection id=369 verdict=true gt_gap=13.898m  at gt=(54.83, -23.79) s=174.6m
[INFO] [1790665725.780349, 420.280000]: [event] proximity_detection id=370 verdict=true gt_gap=13.984m  at gt=(54.86, -24.26) s=175.0m
[INFO] [1790665727.979218, 421.376500]: [event] proximity_detection id=371 verdict=true gt_gap=14.061m  at gt=(54.88, -24.76) s=175.5m
[INFO] [1790665730.197166, 422.484000]: [event] proximity_detection id=372 verdict=true gt_gap=14.109m  at gt=(54.90, -25.25) s=176.0m
[INFO] [1790665732.185937, 423.476500]: [event] proximity_detection id=373 verdict=true gt_gap=14.056m  at gt=(54.90, -25.71) s=176.5m
[INFO] [1790665734.185050, 424.474500]: [event] proximity_detection id=374 verdict=true gt_gap=14.077m  at gt=(54.89, -26.18) s=177.0m
[INFO] [1790665736.174763, 425.468500]: [event] proximity_detection id=375 verdict=true gt_gap=14.156m  at gt=(54.90, -26.68) s=177.5m
[INFO] [1790665738.154638, 426.457500]: [event] proximity_detection id=102 verdict=true gt_gap=0.060m  at gt=(54.88, -26.96) s=177.8m
[INFO] [1790665740.180526, 427.468500]: [event] proximity_detection id=377 verdict=true gt_gap=13.612m  at gt=(54.94, -27.08) s=177.9m
[INFO] [1790665742.185388, 428.470500]: [event] proximity_detection id=378 verdict=true gt_gap=13.157m  at gt=(54.94, -27.08) s=177.9m
[INFO] [1790665744.187228, 429.469500]: [event] proximity_detection id=379 verdict=true gt_gap=12.629m  at gt=(54.91, -26.99) s=178.0m
[INFO] [1790665746.162267, 430.454000]: [event] proximity_detection id=380 verdict=true gt_gap=12.277m  at gt=(54.91, -27.07) s=178.1m
[INFO] [1790665748.165416, 431.454500]: [event] proximity_detection id=381 verdict=true gt_gap=12.056m  at gt=(54.97, -27.30) s=178.3m
[INFO] [1790665750.186767, 432.464000]: [event] proximity_detection id=382 verdict=true gt_gap=11.800m  at gt=(55.01, -27.57) s=178.6m
[INFO] [1790665752.173730, 433.456000]: [event] proximity_detection id=383 verdict=true gt_gap=11.687m  at gt=(55.02, -27.90) s=178.9m
[INFO] [1790665754.201600, 434.468000]: [event] proximity_detection id=384 verdict=true gt_gap=11.192m  at gt=(54.99, -28.20) s=179.2m
[INFO] [1790665756.207721, 435.469500]: [event] proximity_detection id=385 verdict=true gt_gap=11.468m  at gt=(54.92, -28.63) s=179.7m
[INFO] [1790665758.156657, 436.443000]: [event] proximity_detection id=386 verdict=true gt_gap=11.393m  at gt=(54.84, -29.07) s=180.1m
[INFO] [1790665760.165140, 437.446500]: [event] proximity_detection id=387 verdict=true gt_gap=11.352m  at gt=(54.77, -29.51) s=180.6m
[INFO] [1790665762.158447, 438.441000]: [event] proximity_detection id=388 verdict=true gt_gap=11.268m  at gt=(54.70, -29.90) s=181.0m
[INFO] [1790665764.157223, 439.439000]: [event] proximity_detection id=389 verdict=true gt_gap=11.153m  at gt=(54.64, -30.27) s=181.3m
[INFO] [1790665766.411793, 440.564000]: [event] proximity_detection id=390 verdict=true gt_gap=11.131m  at gt=(54.53, -30.73) s=181.8m
[INFO] [1790665768.393738, 441.552000]: [event] proximity_detection id=391 verdict=true gt_gap=11.112m  at gt=(54.38, -31.17) s=182.3m
[INFO] [1790665770.659752, 442.683000]: [event] proximity_detection id=392 verdict=true gt_gap=10.972m  at gt=(54.28, -31.56) s=182.7m
[INFO] [1790665772.659096, 443.682000]: [event] proximity_detection id=393 verdict=true gt_gap=10.826m  at gt=(54.16, -31.90) s=183.0m
[INFO] [1790665774.632551, 444.667000]: [event] proximity_detection id=394 verdict=true gt_gap=10.694m  at gt=(54.01, -32.24) s=183.4m
[INFO] [1790665776.673679, 445.686000]: [event] proximity_detection id=395 verdict=true gt_gap=10.555m  at gt=(53.83, -32.60) s=183.8m
[INFO] [1790665778.719114, 446.706500]: [event] proximity_detection id=396 verdict=true gt_gap=10.555m  at gt=(53.63, -32.99) s=184.3m
[INFO] [1790665780.686345, 447.689000]: [event] proximity_detection id=397 verdict=true gt_gap=10.573m  at gt=(53.42, -33.38) s=184.7m
[INFO] [1790665782.753555, 448.720500]: [event] proximity_detection id=398 verdict=true gt_gap=10.604m  at gt=(53.20, -33.80) s=185.2m
[INFO] [1790665784.789436, 449.736000]: [event] proximity_detection id=399 verdict=true gt_gap=10.533m  at gt=(52.99, -34.16) s=185.6m
[INFO] [1790665786.763901, 450.721000]: [event] proximity_detection id=400 verdict=true gt_gap=10.422m  at gt=(52.79, -34.47) s=186.0m
[INFO] [1790665788.797143, 451.734500]: [event] proximity_detection id=401 verdict=true gt_gap=10.249m  at gt=(52.58, -34.75) s=186.3m
[INFO] [1790665790.807753, 452.737000]: [event] proximity_detection id=402 verdict=true gt_gap=10.191m  at gt=(52.30, -35.10) s=186.8m
[INFO] [1790665792.864638, 453.765000]: [event] proximity_detection id=403 verdict=true gt_gap=10.182m  at gt=(51.99, -35.46) s=187.2m
[INFO] [1790665794.878416, 454.770500]: [event] proximity_detection id=404 verdict=true gt_gap=10.150m  at gt=(51.68, -35.81) s=187.7m
[INFO] [1790665796.888295, 455.773500]: [event] proximity_detection id=405 verdict=true gt_gap=10.082m  at gt=(51.38, -36.12) s=188.1m
[INFO] [1790665799.118138, 456.887500]: [event] proximity_detection id=406 verdict=true gt_gap=10.234m  at gt=(51.04, -36.45) s=188.6m
[INFO] [1790665801.124909, 457.889500]: [event] proximity_detection id=133 verdict=true gt_gap=0.118m  at gt=(50.73, -36.73) s=189.0m
[INFO] [1790665803.095185, 458.872500]: [event] proximity_detection id=408 verdict=true gt_gap=10.889m  at gt=(50.43, -36.99) s=189.4m
[INFO] [1790665805.312681, 459.979500]: [event] proximity_detection id=408 verdict=true gt_gap=11.274m  at gt=(50.09, -37.26) s=189.9m
[INFO] [1790665807.254750, 460.949000]: [event] proximity_detection id=136 verdict=true gt_gap=0.136m  at gt=(49.78, -37.48) s=190.2m
[INFO] [1790665809.244448, 461.942500]: [event] proximity_detection id=137 verdict=true gt_gap=0.111m  at gt=(49.42, -37.67) s=190.7m
[INFO] [1790665811.238144, 462.937000]: [event] proximity_detection id=138 verdict=true gt_gap=0.117m  at gt=(49.03, -37.89) s=191.1m
[INFO] [1790665813.499114, 464.066000]: [event] proximity_detection id=139 verdict=true gt_gap=0.225m  at gt=(48.58, -38.17) s=191.6m
[INFO] [1790665815.398225, 465.012000]: [event] proximity_detection id=140 verdict=true gt_gap=0.114m  at gt=(48.20, -38.37) s=192.1m
[INFO] [1790665817.371105, 465.997500]: [event] proximity_detection id=141 verdict=true gt_gap=0.125m  at gt=(47.82, -38.56) s=192.5m
[INFO] [1790665819.583522, 467.102500]: [event] proximity_detection id=142 verdict=true gt_gap=0.176m  at gt=(47.36, -38.75) s=193.0m
[INFO] [1790665821.582798, 468.101000]: [event] proximity_detection id=143 verdict=true gt_gap=0.198m  at gt=(46.95, -38.91) s=193.4m
[INFO] [1790665823.567558, 469.091500]: [event] proximity_detection id=144 verdict=true gt_gap=0.205m  at gt=(46.57, -39.04) s=193.8m
[INFO] [1790665825.570569, 470.092000]: [event] proximity_detection id=145 verdict=true gt_gap=0.189m  at gt=(46.17, -39.16) s=194.2m
[INFO] [1790665827.580461, 471.095500]: [event] proximity_detection id=146 verdict=true gt_gap=0.153m  at gt=(45.74, -39.28) s=194.7m
[INFO] [1790665829.620040, 472.113000]: [event] proximity_detection id=147 verdict=true gt_gap=0.136m  at gt=(45.29, -39.37) s=195.2m
[INFO] [1790665831.822789, 473.212500]: [event] proximity_detection id=148 verdict=true gt_gap=0.202m  at gt=(44.78, -39.43) s=195.7m
[INFO] [1790665834.002684, 474.301000]: [event] proximity_detection id=149 verdict=true gt_gap=0.257m  at gt=(44.28, -39.49) s=196.2m
[INFO] [1790665835.986132, 475.291500]: [event] proximity_detection id=150 verdict=true gt_gap=0.198m  at gt=(43.91, -39.56) s=196.6m
[INFO] [1790665838.167499, 476.381500]: [event] proximity_detection id=151 verdict=true gt_gap=0.166m  at gt=(43.52, -39.61) s=196.9m
[INFO] [1790665840.174102, 477.383000]: [event] proximity_detection id=152 verdict=true gt_gap=0.099m  at gt=(43.11, -39.60) s=197.4m
[INFO] [1790665842.361053, 478.474500]: [event] proximity_detection id=153 verdict=true gt_gap=0.153m  at gt=(42.57, -39.59) s=197.9m
[INFO] [1790665844.383749, 479.485000]: [event] proximity_detection id=154 verdict=true gt_gap=0.152m  at gt=(42.08, -39.57) s=198.4m
[INFO] [1790665846.392521, 480.487000]: [event] proximity_detection id=155 verdict=true gt_gap=0.159m  at gt=(41.58, -39.54) s=198.9m
[INFO] [1790665848.398630, 481.489000]: [event] proximity_detection id=156 verdict=true gt_gap=0.109m  at gt=(41.10, -39.51) s=199.4m
[INFO] [1790665850.433187, 482.504500]: [event] proximity_detection id=157 verdict=true gt_gap=0.087m  at gt=(40.62, -39.48) s=199.9m
[INFO] [1790665852.449151, 483.511000]: [event] proximity_detection id=158 verdict=true gt_gap=0.073m  at gt=(40.16, -39.46) s=200.3m
[INFO] [1790665854.663689, 484.616000]: [event] proximity_detection id=433 verdict=true gt_gap=12.975m  at gt=(39.63, -39.43) s=200.8m
[INFO] [1790665856.703128, 485.635500]: [event] proximity_detection id=434 verdict=true gt_gap=13.035m  at gt=(39.15, -39.41) s=201.3m
[INFO] [1790665858.683316, 486.624000]: [event] proximity_detection id=435 verdict=true gt_gap=13.128m  at gt=(38.67, -39.39) s=201.8m
[INFO] [1790665860.872957, 487.714000]: [event] proximity_detection id=436 verdict=true gt_gap=13.223m  at gt=(38.15, -39.38) s=202.3m
[INFO] [1790665862.881755, 488.717000]: [event] proximity_detection id=437 verdict=true gt_gap=13.313m  at gt=(37.67, -39.35) s=202.8m
[INFO] [1790665865.084084, 489.815500]: [event] proximity_detection id=438 verdict=true gt_gap=13.480m  at gt=(37.16, -39.32) s=203.3m
[INFO] [1790665867.137055, 490.827000]: [event] proximity_detection id=439 verdict=true gt_gap=13.572m  at gt=(36.67, -39.29) s=203.8m
[INFO] [1790665869.267700, 491.884500]: [event] proximity_detection id=440 verdict=true gt_gap=13.737m  at gt=(36.16, -39.26) s=204.3m
[INFO] [1790665871.154361, 492.827000]: [event] proximity_detection id=441 verdict=true gt_gap=13.787m  at gt=(35.72, -39.23) s=204.8m
[INFO] [1790665873.167147, 493.829500]: [event] proximity_detection id=442 verdict=true gt_gap=13.827m  at gt=(35.27, -39.20) s=205.2m
[INFO] [1790665875.354910, 494.922000]: [event] proximity_detection id=443 verdict=true gt_gap=13.888m  at gt=(34.72, -39.16) s=205.8m
[INFO] [1790665877.348870, 495.917500]: [event] proximity_detection id=444 verdict=true gt_gap=13.989m  at gt=(34.23, -39.15) s=206.2m
[INFO] [1790665879.528115, 497.006500]: [event] proximity_detection id=445 verdict=true gt_gap=14.080m  at gt=(33.75, -39.14) s=206.7m
[INFO] [1790665881.746853, 498.113500]: [event] proximity_detection id=446 verdict=true gt_gap=14.111m  at gt=(33.25, -39.11) s=207.2m
[INFO] [1790665883.740832, 499.109000]: [event] proximity_detection id=447 verdict=true gt_gap=14.166m  at gt=(32.79, -39.08) s=207.7m
[INFO] [1790665885.711629, 500.094000]: [event] proximity_detection id=448 verdict=true gt_gap=14.230m  at gt=(32.34, -39.04) s=208.2m
[INFO] [1790665887.775285, 501.123500]: [event] proximity_detection id=449 verdict=true gt_gap=14.318m  at gt=(31.85, -38.98) s=208.6m
[INFO] [1790665889.952001, 502.209000]: [event] proximity_detection id=450 verdict=true gt_gap=14.407m  at gt=(31.34, -38.91) s=209.2m
[INFO] [1790665891.921479, 503.190500]: [event] proximity_detection id=451 verdict=true gt_gap=14.430m  at gt=(30.87, -38.85) s=209.6m
[INFO] [1790665893.915516, 504.186000]: [event] proximity_detection id=452 verdict=true gt_gap=14.426m  at gt=(30.37, -38.79) s=210.1m
[INFO] [1790665895.959712, 505.206000]: [event] proximity_detection id=453 verdict=true gt_gap=14.409m  at gt=(29.90, -38.72) s=210.6m
[INFO] [1790665897.943857, 506.197000]: [event] proximity_detection id=454 verdict=true gt_gap=14.526m  at gt=(29.41, -38.65) s=211.1m
[INFO] [1790665900.147806, 507.297500]: [event] proximity_detection id=455 verdict=true gt_gap=14.668m  at gt=(28.89, -38.56) s=211.6m
[INFO] [1790665902.143012, 508.292500]: [event] proximity_detection id=456 verdict=true gt_gap=14.720m  at gt=(28.43, -38.47) s=212.1m
[INFO] [1790665904.146385, 509.292000]: [event] proximity_detection id=457 verdict=true gt_gap=14.664m  at gt=(27.96, -38.37) s=212.6m
[INFO] [1790665906.389005, 510.410500]: [event] proximity_detection id=458 verdict=true gt_gap=14.698m  at gt=(27.44, -38.25) s=213.1m
[INFO] [1790665908.512542, 511.470000]: [event] proximity_detection id=459 verdict=true gt_gap=14.652m  at gt=(27.00, -38.15) s=213.6m
[INFO] [1790665910.641438, 512.533500]: [event] proximity_detection id=460 verdict=true gt_gap=14.587m  at gt=(26.59, -38.04) s=214.0m
[INFO] [1790665912.808212, 513.613000]: [event] proximity_detection id=461 verdict=true gt_gap=14.502m  at gt=(26.20, -37.91) s=214.4m
[INFO] [1790665914.834475, 514.626000]: [event] proximity_detection id=462 verdict=true gt_gap=14.411m  at gt=(25.84, -37.78) s=214.8m
[INFO] [1790665916.860877, 515.637500]: [event] proximity_detection id=463 verdict=true gt_gap=14.272m  at gt=(25.48, -37.63) s=215.2m
[INFO] [1790665918.868853, 516.637500]: [event] proximity_detection id=464 verdict=true gt_gap=14.181m  at gt=(25.10, -37.46) s=215.6m
[INFO] [1790665920.868824, 517.636000]: [event] proximity_detection id=191 verdict=true gt_gap=0.042m  at gt=(24.72, -37.27) s=216.0m
[INFO] [1790665923.054015, 518.725500]: [event] proximity_detection id=466 verdict=true gt_gap=14.055m  at gt=(24.29, -37.02) s=216.5m
[INFO] [1790665925.088477, 519.741000]: [event] proximity_detection id=193 verdict=true gt_gap=0.045m  at gt=(23.87, -36.74) s=217.0m
[INFO] [1790665927.111594, 520.751000]: [event] proximity_detection id=194 verdict=true gt_gap=0.225m  at gt=(23.50, -36.47) s=217.5m
[INFO] [1790665929.307566, 521.847500]: [event] proximity_detection id=195 verdict=true gt_gap=0.045m  at gt=(23.11, -36.18) s=218.0m
[INFO] [1790665931.277616, 522.831000]: [event] proximity_detection id=196 verdict=true gt_gap=0.055m  at gt=(22.73, -35.89) s=218.4m
[INFO] [1790665933.277740, 523.830000]: [event] proximity_detection id=197 verdict=true gt_gap=0.064m  at gt=(22.35, -35.59) s=218.9m
[INFO] [1790665935.220485, 524.799000]: [event] proximity_detection id=198 verdict=true gt_gap=0.135m  at gt=(22.04, -35.35) s=219.3m
[INFO] [1790665937.303843, 525.838500]: [event] proximity_detection id=198 verdict=true gt_gap=0.310m  at gt=(21.73, -35.03) s=219.8m
[INFO] [1790665939.298094, 526.834000]: [event] proximity_detection id=199 verdict=true gt_gap=0.332m  at gt=(21.40, -34.67) s=220.3m
[INFO] [1790665941.335726, 527.852000]: [event] proximity_detection id=200 verdict=true gt_gap=0.330m  at gt=(21.08, -34.29) s=220.8m
[INFO] [1790665943.312681, 528.838500]: [event] proximity_detection id=201 verdict=true gt_gap=0.341m  at gt=(20.76, -33.90) s=221.3m
[INFO] [1790665945.317191, 529.840000]: [event] proximity_detection id=202 verdict=true gt_gap=0.340m  at gt=(20.47, -33.54) s=221.7m
[INFO] [1790665947.299108, 530.827500]: [event] proximity_detection id=204 verdict=true gt_gap=0.101m  at gt=(20.25, -33.23) s=222.1m
[INFO] [1790665949.315688, 531.834000]: [event] proximity_detection id=205 verdict=true gt_gap=0.064m  at gt=(20.02, -32.88) s=222.5m
[INFO] [1790665951.508738, 532.930000]: [event] proximity_detection id=206 verdict=true gt_gap=0.025m  at gt=(19.77, -32.45) s=223.0m
[INFO] [1790665953.471448, 533.910000]: [event] proximity_detection id=207 verdict=true gt_gap=0.038m  at gt=(19.56, -32.03) s=223.5m
[INFO] [1790665955.479394, 534.912000]: [event] proximity_detection id=208 verdict=true gt_gap=0.100m  at gt=(19.34, -31.61) s=224.0m
[INFO] [1790665957.660331, 536.001000]: [event] proximity_detection id=209 verdict=true gt_gap=0.077m  at gt=(19.13, -31.21) s=224.4m
[INFO] [1790665959.677832, 537.008500]: [event] proximity_detection id=209 verdict=true gt_gap=0.320m  at gt=(19.00, -30.84) s=224.8m
[INFO] [1790665961.663710, 537.999000]: [event] proximity_detection id=211 verdict=true gt_gap=0.139m  at gt=(18.85, -30.48) s=225.2m
[INFO] [1790665963.644959, 538.988500]: [event] proximity_detection id=212 verdict=true gt_gap=0.099m  at gt=(18.71, -30.09) s=225.6m
[INFO] [1790665965.693462, 540.011000]: [event] proximity_detection id=213 verdict=true gt_gap=0.176m  at gt=(18.61, -29.71) s=226.0m
[INFO] [1790665967.669162, 540.998500]: [event] proximity_detection id=214 verdict=true gt_gap=0.086m  at gt=(18.51, -29.29) s=226.4m
[INFO] [1790665969.877226, 542.101000]: [event] proximity_detection id=215 verdict=true gt_gap=0.008m  at gt=(18.41, -28.84) s=226.9m
[INFO] [1790665971.856906, 543.089000]: [event] proximity_detection id=216 verdict=true gt_gap=0.038m  at gt=(18.36, -28.41) s=227.3m
[INFO] [1790665973.859676, 544.089000]: [event] proximity_detection id=217 verdict=true gt_gap=0.087m  at gt=(18.31, -27.97) s=227.8m
[INFO] [1790665975.828736, 545.072000]: [event] proximity_detection id=218 verdict=true gt_gap=0.193m  at gt=(18.27, -27.54) s=228.2m
[INFO] [1790665977.856279, 546.085000]: [event] proximity_detection id=218 verdict=true gt_gap=0.265m  at gt=(18.23, -27.08) s=228.7m
[INFO] [1790665979.889926, 547.100000]: [event] proximity_detection id=219 verdict=true gt_gap=0.231m  at gt=(18.19, -26.64) s=229.1m
[INFO] [1790665982.063799, 548.186500]: [event] proximity_detection id=220 verdict=true gt_gap=0.271m  at gt=(18.18, -26.16) s=229.6m
[INFO] [1790665984.124287, 549.215000]: [event] proximity_detection id=221 verdict=true gt_gap=0.175m  at gt=(18.21, -25.74) s=230.0m
[INFO] [1790665986.296457, 550.299500]: [event] proximity_detection id=222 verdict=true gt_gap=0.158m  at gt=(18.27, -25.23) s=230.5m
[INFO] [1790665988.306558, 551.303000]: [event] proximity_detection id=498 verdict=true gt_gap=12.747m  at gt=(18.32, -24.82) s=231.0m
[INFO] [1790665990.332002, 552.315000]: [event] proximity_detection id=499 verdict=true gt_gap=12.673m  at gt=(18.37, -24.42) s=231.4m
[INFO] [1790665992.345912, 553.321000]: [event] proximity_detection id=500 verdict=true gt_gap=12.608m  at gt=(18.38, -24.06) s=231.7m
[INFO] [1790665994.569655, 554.430000]: [event] proximity_detection id=501 verdict=true gt_gap=12.642m  at gt=(18.36, -23.60) s=232.2m
[INFO] [1790665996.545617, 555.417000]: [event] proximity_detection id=502 verdict=true gt_gap=12.747m  at gt=(18.35, -23.14) s=232.6m
[INFO] [1790665998.533249, 556.408500]: [event] proximity_detection id=503 verdict=true gt_gap=12.800m  at gt=(18.36, -22.68) s=233.1m
[INFO] [1790666000.580596, 557.433000]: [event] proximity_detection id=504 verdict=true gt_gap=12.751m  at gt=(18.38, -22.28) s=233.5m
[INFO] [1790666002.738454, 558.508500]: [event] proximity_detection id=505 verdict=true gt_gap=12.761m  at gt=(18.37, -21.82) s=234.0m
[INFO] [1790666004.978942, 559.628000]: [event] proximity_detection id=506 verdict=true gt_gap=12.840m  at gt=(18.36, -21.28) s=234.5m
[INFO] [1790666006.963281, 560.619000]: [event] proximity_detection id=507 verdict=true gt_gap=12.895m  at gt=(18.35, -20.82) s=235.0m
[INFO] [1790666008.946315, 561.608500]: [event] proximity_detection id=508 verdict=true gt_gap=13.048m  at gt=(18.33, -20.32) s=235.5m
[INFO] [1790666011.156966, 562.711500]: [event] proximity_detection id=509 verdict=true gt_gap=13.209m  at gt=(18.33, -19.78) s=236.0m
[INFO] [1790666013.370144, 563.817000]: [event] proximity_detection id=510 verdict=true gt_gap=13.252m  at gt=(18.36, -19.28) s=236.5m
[INFO] [1790666015.372242, 564.817000]: [event] proximity_detection id=511 verdict=true gt_gap=13.242m  at gt=(18.37, -18.84) s=236.9m
[INFO] [1790666017.399574, 565.829500]: [event] proximity_detection id=512 verdict=true gt_gap=13.223m  at gt=(18.38, -18.42) s=237.4m
[INFO] [1790666019.385624, 566.821000]: [event] proximity_detection id=513 verdict=true gt_gap=13.315m  at gt=(18.35, -17.92) s=237.9m
[INFO] [1790666021.370265, 567.812000]: [event] proximity_detection id=514 verdict=true gt_gap=13.422m  at gt=(18.30, -17.44) s=238.4m
[INFO] [1790666023.357273, 568.804500]: [event] proximity_detection id=515 verdict=true gt_gap=13.513m  at gt=(18.30, -16.98) s=238.8m
[INFO] [1790666025.343107, 569.795500]: [event] proximity_detection id=516 verdict=true gt_gap=13.567m  at gt=(18.29, -16.53) s=239.3m
[INFO] [1790666027.382429, 570.814000]: [event] proximity_detection id=517 verdict=true gt_gap=13.651m  at gt=(18.30, -16.06) s=239.7m
[INFO] [1790666029.332010, 571.787500]: [event] proximity_detection id=518 verdict=true gt_gap=13.691m  at gt=(18.29, -15.60) s=240.2m
[INFO] [1790666031.320870, 572.780500]: [event] proximity_detection id=519 verdict=true gt_gap=13.671m  at gt=(18.31, -15.16) s=240.6m
[INFO] [1790666033.351111, 573.795000]: [event] proximity_detection id=520 verdict=true gt_gap=13.711m  at gt=(18.34, -14.70) s=241.1m
[INFO] [1790666035.565301, 574.899500]: [event] proximity_detection id=521 verdict=true gt_gap=13.809m  at gt=(18.36, -14.17) s=241.6m
[INFO] [1790666037.538372, 575.885500]: [event] proximity_detection id=522 verdict=true gt_gap=13.861m  at gt=(18.36, -13.67) s=242.1m
[INFO] [1790666039.621137, 576.924500]: [event] proximity_detection id=523 verdict=true gt_gap=13.918m  at gt=(18.36, -13.17) s=242.6m
[INFO] [1790666041.561991, 577.894000]: [event] proximity_detection id=524 verdict=true gt_gap=13.932m  at gt=(18.35, -12.71) s=243.1m
[INFO] [1790666043.598116, 578.911500]: [event] proximity_detection id=525 verdict=true gt_gap=13.928m  at gt=(18.35, -12.24) s=243.6m
[INFO] [1790666045.838663, 580.029000]: [event] proximity_detection id=526 verdict=true gt_gap=13.986m  at gt=(18.35, -11.76) s=244.0m
[INFO] [1790666047.812745, 581.014000]: [event] proximity_detection id=527 verdict=true gt_gap=13.856m  at gt=(18.36, -11.37) s=244.4m
[INFO] [1790666050.017171, 582.116000]: [event] proximity_detection id=528 verdict=true gt_gap=13.912m  at gt=(18.41, -10.91) s=244.9m
[INFO] [1790666052.034370, 583.122000]: [event] proximity_detection id=529 verdict=true gt_gap=13.921m  at gt=(18.50, -10.50) s=245.3m
[INFO] [1790666054.231680, 584.221000]: [event] proximity_detection id=530 verdict=true gt_gap=14.001m  at gt=(18.61, -10.06) s=245.8m
[INFO] [1790666056.431113, 585.319000]: [event] proximity_detection id=531 verdict=true gt_gap=13.998m  at gt=(18.71, -9.60) s=246.2m
[INFO] [1790666058.432926, 586.318000]: [event] proximity_detection id=532 verdict=true gt_gap=14.060m  at gt=(18.86, -9.09) s=246.8m
[INFO] [1790666060.412674, 587.307000]: [event] proximity_detection id=533 verdict=true gt_gap=14.231m  at gt=(18.97, -8.46) s=247.4m
[INFO] [1790666062.452118, 588.325500]: [event] proximity_detection id=534 verdict=true gt_gap=14.282m  at gt=(19.08, -8.02) s=247.9m
[INFO] [1790666064.473334, 589.335500]: [event] proximity_detection id=262 verdict=true gt_gap=0.251m  at gt=(19.18, -7.57) s=248.3m
[INFO] [1790666066.462481, 590.327500]: [event] proximity_detection id=536 verdict=true gt_gap=14.201m  at gt=(19.27, -7.11) s=248.8m
[INFO] [1790666068.715387, 591.451500]: [event] proximity_detection id=537 verdict=true gt_gap=14.290m  at gt=(19.37, -6.56) s=249.4m
[INFO] [1790666070.910288, 592.548500]: [event] proximity_detection id=538 verdict=true gt_gap=14.338m  at gt=(19.46, -6.03) s=249.9m
[INFO] [1790666073.193300, 593.688000]: [event] proximity_detection id=539 verdict=true gt_gap=14.333m  at gt=(19.56, -5.50) s=250.4m
[INFO] [1790666075.362345, 594.771500]: [event] proximity_detection id=540 verdict=true gt_gap=14.323m  at gt=(19.66, -5.01) s=250.9m
[INFO] [1790666077.586243, 595.880500]: [event] proximity_detection id=270 verdict=true gt_gap=0.322m  at gt=(19.77, -4.49) s=251.5m
[INFO] [1790666079.865254, 597.019000]: [event] proximity_detection id=542 verdict=true gt_gap=14.572m  at gt=(19.90, -3.93) s=252.0m
[INFO] [1790666081.854813, 598.012500]: [event] proximity_detection id=543 verdict=true gt_gap=14.574m  at gt=(20.00, -3.44) s=252.5m
[INFO] [1790666083.908130, 599.037000]: [event] proximity_detection id=544 verdict=true gt_gap=14.568m  at gt=(20.11, -2.98) s=253.0m
[INFO] [1790666085.915659, 600.039000]: [event] proximity_detection id=275 verdict=true gt_gap=0.284m  at gt=(20.20, -2.60) s=253.4m
[INFO] [1790666087.899358, 601.029500]: [event] proximity_detection id=276 verdict=true gt_gap=0.137m  at gt=(20.27, -2.39) s=253.6m
[INFO] [1790666089.923182, 602.038500]: [event] proximity_detection id=277 verdict=true gt_gap=0.219m  at gt=(20.36, -2.14) s=253.9m
[INFO] [1790666091.931785, 603.042500]: [event] proximity_detection id=278 verdict=true gt_gap=0.329m  at gt=(20.59, -1.96) s=254.2m
[INFO] [1790666093.895847, 604.023000]: [event] proximity_detection id=1 verdict=unknown gt_gap=nanm  at gt=(20.82, -1.71) s=254.5m
[INFO] [1790666096.149603, 605.147500]: [event] proximity_detection id=550 verdict=true gt_gap=13.540m  at gt=(21.10, -1.44) s=254.9m
[INFO] [1790666098.094194, 606.119000]: [event] proximity_detection id=1 verdict=unknown gt_gap=nanm  at gt=(21.37, -1.19) s=255.3m
[INFO] [1790666100.099544, 607.120000]: [event] proximity_detection id=1 verdict=unknown gt_gap=nanm  at gt=(21.58, -0.96) s=255.6m
[INFO] [1790666102.134469, 608.134500]: [event] proximity_detection id=1 verdict=unknown gt_gap=nanm  at gt=(21.72, -0.82) s=255.8m
[INFO] [1790666104.126976, 609.127500]: [event] proximity_detection id=1 verdict=unknown gt_gap=nanm  at gt=(21.91, -0.78) s=256.0m
[INFO] [1790666106.355012, 610.240500]: [event] proximity_detection id=1 verdict=unknown gt_gap=nanm  at gt=(22.23, -0.80) s=256.4m
[INFO] [1790666108.413265, 611.268500]: [event] proximity_detection id=1 verdict=unknown gt_gap=nanm  at gt=(22.58, -0.82) s=256.7m
[INFO] [1790666110.455647, 612.288500]: [event] proximity_detection id=557 verdict=true gt_gap=11.500m  at gt=(22.85, -0.78) s=257.0m
[INFO] [1790666112.711991, 613.415000]: [event] proximity_detection id=558 verdict=true gt_gap=11.296m  at gt=(23.22, -0.69) s=257.4m
[INFO] [1790666114.737142, 614.425000]: [event] proximity_detection id=559 verdict=true gt_gap=11.110m  at gt=(23.51, -0.59) s=257.7m
[INFO] [1790666116.733759, 615.421000]: [event] proximity_detection id=560 verdict=true gt_gap=11.028m  at gt=(23.91, -0.39) s=258.1m
[INFO] [1790666118.906558, 616.505000]: [event] proximity_detection id=561 verdict=true gt_gap=10.929m  at gt=(24.31, -0.22) s=258.6m
[INFO] [1790666121.109096, 617.605000]: [event] proximity_detection id=562 verdict=true gt_gap=10.737m  at gt=(24.69, -0.08) s=259.0m
[INFO] [1790666123.096726, 618.596000]: [event] proximity_detection id=563 verdict=true gt_gap=10.429m  at gt=(25.09, -0.02) s=259.4m
[INFO] [1790666125.090567, 619.593000]: [event] proximity_detection id=1 verdict=unknown gt_gap=nanm  at gt=(25.57, 0.04) s=259.9m
[INFO] [1790666127.283169, 620.687000]: [event] proximity_detection id=1 verdict=unknown gt_gap=nanm  at gt=(26.05, 0.11) s=260.3m
[INFO] [1790666129.260003, 621.673000]: [event] proximity_detection id=1 verdict=unknown gt_gap=nanm  at gt=(26.47, 0.17) s=260.8m
[WARN] [1790665116.145002, 115.923000]: trajectory_follower: STALL 1 at (54.95, -27.09): commanded 0.31 m/s but moved 0.041 m in 1.0 s (0.0411 m/s); backing off -0.25 m/s for 2.0 s
[WARN] [1790665740.787006, 427.773000]: trajectory_follower: STALL 2 at (54.94, -27.09): commanded 0.31 m/s but moved 0.044 m in 1.0 s (0.0443 m/s); backing off -0.25 m/s for 2.0 s
[INFO] [1790664913.129959, 14.560000]: trajectory_follower: 531 points, 132.50 m, from /home/alessandro/journal_comparison/src/robot_metrics/config/reference_path_mine.yaml
[INFO] [1790664913.130798, 14.568500]: trajectory_follower: model=differential cmd=/husky/cmd_vel v<=0.50 w<=1.00 lookahead=1.00
[INFO] [1790664913.138230, 14.571500]: trajectory_follower: reference path published on ~reference_path in frame "map" (531 poses)
[INFO] [1790665536.321546, 325.723000]: trajectory_follower: vuelta 1 de 2 completa, lazo cerrado a 0.141 m
[INFO] [1790666156.292290, 635.173000]: trajectory_follower: path complete (2 vuelta(s)); lazo cerrado a 0.147 m del punto inicial
[INFO] [1790666156.294024, 635.174000]: trajectory_follower: reached point 529 of 531, vuelta 2 de 2; cross-track error mean 0.028 m, max 0.727 m; 2 stall(s)
[INFO] [1790666156.294979, 635.174500]: trajectory_follower: lazo cerrado a 0.147 m (close_tolerance 0.15 m)
[INFO] [1790664912.912177, 14.455500]: run_guard: model=differential cmd=/husky/cmd_vel
[INFO] [1790664912.913057, 14.456000]: run_guard: wedged if commanded (>0.10 m/s or >0.20 rad/s) for >=70% of 25s while getting neither >1.50 m from the window start nor >0.50 rad of heading
[INFO] [1790664912.913872, 14.456000]: run_guard: rolled if |roll|>50 or |pitch|>60 deg held 1.5s
[INFO] [1790666157.633069, 635.543500]: run_guard: no trip; the run ended on its own terms
[WARN] [1790664913.064654, 14.535500]:   gt_rate_hz 800.0 is not a divisor of the 2000 Hz physics rate; delivering 1000.0 Hz instead, which is the next exact divisor that is not slower
[INFO] [1790666131.254570, 622.670000]: [event] proximity_detection id=1 verdict=unknown gt_gap=nanm  at gt=(26.94, 0.23) s=261.2m
[INFO] [1790666133.481668, 623.781500]: [event] proximity_detection id=1 verdict=unknown gt_gap=nanm  at gt=(27.45, 0.30) s=261.8m
[INFO] [1790666135.443130, 624.761000]: [event] proximity_detection id=569 verdict=true gt_gap=10.150m  at gt=(27.86, 0.34) s=262.2m
[INFO] [1790666137.460253, 625.768500]: [event] proximity_detection id=570 verdict=true gt_gap=10.161m  at gt=(28.29, 0.36) s=262.6m
[INFO] [1790666139.449831, 626.762000]: [event] proximity_detection id=571 verdict=true gt_gap=10.143m  at gt=(28.67, 0.37) s=263.0m
[INFO] [1790666141.426590, 627.748500]: [event] proximity_detection id=572 verdict=true gt_gap=10.160m  at gt=(29.11, 0.35) s=263.4m
[INFO] [1790666143.650269, 628.859500]: [event] proximity_detection id=573 verdict=true gt_gap=10.341m  at gt=(29.64, 0.32) s=263.9m
[INFO] [1790666145.623123, 629.844000]: [event] proximity_detection id=1 verdict=unknown gt_gap=nanm  at gt=(30.09, 0.29) s=264.4m
[INFO] [1790666147.641421, 630.852500]: [event] proximity_detection id=575 verdict=true gt_gap=10.742m  at gt=(30.55, 0.27) s=264.9m
[INFO] [1790666149.672193, 631.866500]: [event] proximity_detection id=576 verdict=true gt_gap=11.056m  at gt=(31.01, 0.25) s=265.3m
[INFO] [1790666151.859821, 632.959000]: [event] proximity_detection id=577 verdict=true gt_gap=11.421m  at gt=(31.53, 0.24) s=265.8m
[INFO] [1790666153.839211, 633.947000]: [event] proximity_detection id=578 verdict=true gt_gap=11.624m  at gt=(32.00, 0.23) s=266.3m
[INFO] [1790666155.915218, 634.984000]: [event] proximity_detection id=1 verdict=unknown gt_gap=nanm  at gt=(32.45, 0.22) s=266.8m
[INFO] [1790666158.217498, 636.132000]: [event] proximity_detection id=580 verdict=true gt_gap=11.551m  at gt=(32.53, 0.23) s=266.9m
[INFO] [1790666158.394432, 636.222000]: Run differential/02 saved to /home/alessandro/metrics_husky_r0148/fixed_trajectory/swept_lidar/differential/run02
[INFO] [1790666158.395679, 636.222500]:   31051 samples, 31051 GT poses, 494 events
[INFO] [1790666158.396536, 636.223000]:   621694 high-rate GT samples from 1243389 messages (1000.0 Hz over 621.7 s)
[INFO] [1790666158.397609, 636.223500]:   distance travelled (GT): 266.90 m
[INFO] [1790666158.398688, 636.224500]:   tracking losses: 0, relocalizations: 0
[INFO] [1790666158.399520, 636.224500]:   loop closures: 0 (visual), 494 (proximity)
[31m================================================================================REQUIRED process [trajectory_follower-1] has died!
process has finished cleanly
log file: /home/alessandro/.ros/log/a29f11da-bbd2-11f1-bd00-096508a55b3d/trajectory_follower-1*.log
Initiating shutdown!
================================================================================[0m
... logging to /home/alessandro/.ros/log/a29f11da-bbd2-11f1-bd00-096508a55b3d/roslaunch-LAPTOP-EU6F9FQD-4055693.log
Checking log directory for disk usage. This may take a while.
Press Ctrl-C to interrupt
Done checking log file disk usage. Usage is <1GB.
]2;/home/alessandro/journal_comparison/src/robot_metrics/launch/trajectory_follow.launch
[1mstarted roslaunch server http://LAPTOP-EU6F9FQD:44719/[0m

SUMMARY
========

PARAMETERS
 * /metrics_logger/cmd_vel_topic: /husky/cmd_vel
 * /metrics_logger/effort_joints: front_left_joint,...
 * /metrics_logger/gt_rate_hz: 800
 * /metrics_logger/loop_true_radius: 3.0
 * /metrics_logger/model_name: differential
 * /metrics_logger/odom_topic: /rtabmap/odom
 * /metrics_logger/output_dir: /home/alessandro/...
 * /metrics_logger/physics_rate_hz: 2000
 * /metrics_logger/proximity_true_radius: 20.0
 * /metrics_logger/rate: 50
 * /metrics_logger/robot_name: differential
 * /metrics_logger/run_id: 2
 * /metrics_logger/suspension_joints: 
 * /metrics_logger/suspension_topic: /husky/joint_states
 * /metrics_logger/tracking_loss_timeout: 1.0
 * /metrics_logger/velocity_joints: front_left_joint,...
 * /metrics_logger/wheel_links: 
 * /rosdistro: noetic
 * /rosversion: 1.17.4
 * /run_guard/cmd_vel_topic: /husky/cmd_vel
 * /run_guard/grace: 30.0
 * /run_guard/model_name: differential
 * /run_guard/pitch_limit: 60.0
 * /run_guard/progress_min: 1.5
 * /run_guard/roll_limit: 50.0
 * /run_guard/stuck_time: 25.0
 * /run_guard/trip_file: /home/alessandro/...
 * /run_guard/yaw_progress_min: 0.5
 * /trajectory_follower/align_threshold: 0.8
 * /trajectory_follower/backoff_speed: -0.25
 * /trajectory_follower/backoff_time: 2.0
 * /trajectory_follower/base_yaw_offset: 0.0
 * /trajectory_follower/close_timeout: 15.0
 * /trajectory_follower/close_tolerance: 0.15
 * /trajectory_follower/cmd_vel_topic: /husky/cmd_vel
 * /trajectory_follower/commanded_min: 0.15
 * /trajectory_follower/cooldown: 5.0
 * /trajectory_follower/curve_slowdown: 0.6
 * /trajectory_follower/k_xte: 2.5
 * /trajectory_follower/laps: 2
 * /trajectory_follower/lookahead: 1.0
 * /trajectory_follower/lookahead_k: 0.8
 * /trajectory_follower/lookahead_max: 1.0
 * /trajectory_follower/lookahead_min: 0.3
 * /trajectory_follower/max_stalls: 8
 * /trajectory_follower/max_vel_theta: 1.0
 * /trajectory_follower/max_vel_x: 0.5
 * /trajectory_follower/min_aim_dist: 0.25
 * /trajectory_follower/model_name: differential
 * /trajectory_follower/path_file: /home/alessandro/...
 * /trajectory_follower/spawn_x: 33.5
 * /trajectory_follower/spawn_y: 0.2
 * /trajectory_follower/spawn_yaw: 0.0
 * /trajectory_follower/speed_max: 0.05
 * /trajectory_follower/stall_time: 1.0
 * /trajectory_follower/trip_file: /home/alessandro/...
 * /trajectory_follower/viz_frame: map
 * /trajectory_follower/w_v_floor: 0.1
 * /trajectory_follower/xte_curv_max: 0.5

NODES
  /
    metrics_logger (robot_metrics/metrics_logger.py)
    run_guard (robot_metrics/run_guard.py)
    trajectory_follower (robot_metrics/trajectory_follower.py)

[1mROS_MASTER_URI=http://localhost:11311[0m
]2;/home/alessandro/journal_comparison/src/robot_metrics/launch/trajectory_follow.launch http://localhost:11311
[1mprocess[trajectory_follower-1]: started with pid [4055722][0m
[1mprocess[run_guard-2]: started with pid [4055723][0m
[1mprocess[metrics_logger-3]: started with pid [4055724][0m
[metrics_logger-3] killing on exit
[run_guard-2] killing on exit
[trajectory_follower-1] killing on exit
shutting down processing monitor...
... shutting down processing monitor complete
[1mdone[0m
