xacro: in-order processing became default in ROS Melodic. You can drop the option.
[INFO] [1789716237.776902, 0.000000]: imu_ahrs: filtro complementario tau=1.00 s, compuerta |a|/g +-15%, sesgo con 200 muestras quieto
[WARN] [1789716244.090857, 0.000500]: el modelo "rocker_bogie" no esta en /gazebo/model_states; nombres=['grass_plane', 'w1', 'w2', 'w3', 'w4', 'w5', 'w6', 'lc_mine', 'ramp', 'bump']
[INFO] [1789716237.669176, 0.000000]: Loading model XML from ros parameter swept_robot_description
[INFO] [1789716237.674027, 0.000000]: Waiting for service /gazebo/spawn_urdf_model
[INFO] [1789716240.685730, 0.000000]: Calling service /gazebo/spawn_urdf_model
[INFO] [1789716244.447743, 0.000500]: Spawn status: SpawnModel: Successfully spawned entity
Loaded 'joint_state_controller'
Loaded 'wheel_vel_controller_fl'
Loaded 'wheel_vel_controller_ml'
Loaded 'wheel_vel_controller_rl'
Loaded 'wheel_vel_controller_fr'
Loaded 'wheel_vel_controller_mr'
Loaded 'wheel_vel_controller_rr'
Loaded 'steer_controller_fl'
Loaded 'steer_controller_fr'
Loaded 'steer_controller_rl'
Loaded 'steer_controller_rr'
Loaded 'rocker_diff_effort_left'
Loaded 'rocker_diff_effort_right'
Started ['joint_state_controller'] successfully
Started ['wheel_vel_controller_fl'] successfully
Started ['wheel_vel_controller_ml'] successfully
Started ['wheel_vel_controller_rl'] successfully
Started ['wheel_vel_controller_fr'] successfully
Started ['wheel_vel_controller_mr'] successfully
Started ['wheel_vel_controller_rr'] successfully
Started ['steer_controller_fl'] successfully
Started ['steer_controller_fr'] successfully
Started ['steer_controller_rl'] successfully
Started ['steer_controller_rr'] successfully
Started ['rocker_diff_effort_left'] successfully
Started ['rocker_diff_effort_right'] successfully
[INFO] [1789716247.607210, 0.161500]: montaje rocker_bogie/base_link <- rocker_bogie/velodyne_base_link: xyz=(0.0000, 0.0000, 0.4579)
[INFO] [1789716247.608443, 0.162500]: la nube ya trae canal de tiempo "time"; se reutiliza
[INFO] [1789716247.786463, 0.250000]: nube: 28110 puntos, 360 sectores (0 vacios), costura en 0.0 deg, sentido +1, desfases 0.0000..0.0999 s | entradas=2 DEFORMADAS=1 sin_deformar=0 tarde=0 cola=1
[INFO] [1789716251.764722, 2.201000]: imu_ahrs: sesgo del giroscopo [+0.00713 -0.00250 +0.00038] rad/s con 200 muestras; actitud inicial roll=-2.36 pitch=-3.18 deg
[INFO] [1789716258.114803, 5.343000]: nube: 28110 puntos, 360 sectores (0 vacios), costura en 0.0 deg, sentido +1, desfases 0.0000..0.0999 s | entradas=53 DEFORMADAS=52 sin_deformar=0 tarde=0 cola=1
[INFO] [1789716268.277836, 10.344500]: nube: 28110 puntos, 360 sectores (0 vacios), costura en 0.0 deg, sentido +1, desfases 0.0000..0.0999 s | entradas=103 DEFORMADAS=102 sin_deformar=0 tarde=0 cola=1
[INFO] [1789716279.308431, 15.360000]: nube: 28096 puntos, 360 sectores (0 vacios), costura en 0.0 deg, sentido +1, desfases 0.0000..0.0999 s | entradas=153 DEFORMADAS=152 sin_deformar=0 tarde=0 cola=1
[INFO] [1789716290.209175, 20.459000]: nube: 28110 puntos, 360 sectores (0 vacios), costura en 0.0 deg, sentido +1, desfases 0.0000..0.0999 s | entradas=204 DEFORMADAS=203 sin_deformar=0 tarde=0 cola=1
[INFO] [1789716301.063519, 25.557500]: nube: 28110 puntos, 360 sectores (0 vacios), costura en 0.0 deg, sentido +1, desfases 0.0000..0.0999 s | entradas=255 DEFORMADAS=254 sin_deformar=0 tarde=0 cola=1
[INFO] [1789716312.044013, 30.657500]: nube: 28101 puntos, 360 sectores (0 vacios), costura en 0.0 deg, sentido +1, desfases 0.0000..0.0999 s | entradas=306 DEFORMADAS=305 sin_deformar=0 tarde=0 cola=1
[INFO] [1789716322.691798, 35.663000]: nube: 28100 puntos, 360 sectores (0 vacios), costura en 0.0 deg, sentido +1, desfases 0.0000..0.0999 s | entradas=356 DEFORMADAS=355 sin_deformar=0 tarde=0 cola=1
[INFO] [1789716333.475682, 40.753000]: nube: 28105 puntos, 360 sectores (0 vacios), costura en 0.0 deg, sentido +1, desfases 0.0000..0.0999 s | entradas=407 DEFORMADAS=406 sin_deformar=0 tarde=0 cola=1
[INFO] [1789716344.203062, 45.758000]: nube: 28103 puntos, 360 sectores (0 vacios), costura en 0.0 deg, sentido +1, desfases 0.0000..0.0999 s | entradas=457 DEFORMADAS=456 sin_deformar=0 tarde=0 cola=1
[INFO] [1789716355.555497, 50.856500]: nube: 28110 puntos, 360 sectores (0 vacios), costura en 0.0 deg, sentido +1, desfases 0.0000..0.0999 s | entradas=508 DEFORMADAS=507 sin_deformar=0 tarde=0 cola=1
[INFO] [1789716366.659058, 55.858500]: nube: 28110 puntos, 360 sectores (0 vacios), costura en 0.0 deg, sentido +1, desfases 0.0000..0.0999 s | entradas=558 DEFORMADAS=557 sin_deformar=0 tarde=0 cola=1
[INFO] [1789716378.649175, 60.859500]: nube: 28110 puntos, 360 sectores (0 vacios), costura en 0.0 deg, sentido +1, desfases 0.0000..0.0999 s | entradas=608 DEFORMADAS=607 sin_deformar=0 tarde=0 cola=1
[INFO] [1789716391.124159, 65.865500]: nube: 28110 puntos, 360 sectores (0 vacios), costura en 0.0 deg, sentido +1, desfases 0.0000..0.0999 s | entradas=658 DEFORMADAS=657 sin_deformar=0 tarde=0 cola=1
[INFO] [1789716403.896173, 70.959500]: nube: 28110 puntos, 360 sectores (0 vacios), costura en 0.0 deg, sentido +1, desfases 0.0000..0.0999 s | entradas=709 DEFORMADAS=708 sin_deformar=0 tarde=0 cola=1
[INFO] [1789716415.440102, 75.966000]: nube: 28110 puntos, 360 sectores (0 vacios), costura en 0.0 deg, sentido +1, desfases 0.0000..0.0999 s | entradas=759 DEFORMADAS=758 sin_deformar=0 tarde=0 cola=1
[INFO] [1789716426.842341, 81.052000]: nube: 28110 puntos, 360 sectores (0 vacios), costura en 0.0 deg, sentido +1, desfases 0.0000..0.0999 s | entradas=810 DEFORMADAS=809 sin_deformar=0 tarde=0 cola=1
[INFO] [1789716438.079450, 86.062500]: nube: 28110 puntos, 360 sectores (0 vacios), costura en 0.0 deg, sentido +1, desfases 0.0000..0.0999 s | entradas=860 DEFORMADAS=859 sin_deformar=0 tarde=0 cola=1
[INFO] [1789716449.870287, 91.159500]: nube: 28110 puntos, 360 sectores (0 vacios), costura en 0.0 deg, sentido +1, desfases 0.0000..0.0999 s | entradas=911 DEFORMADAS=910 sin_deformar=0 tarde=0 cola=1
[INFO] [1789716461.252914, 96.264000]: nube: 28110 puntos, 360 sectores (0 vacios), costura en 0.0 deg, sentido +1, desfases 0.0000..0.0999 s | entradas=962 DEFORMADAS=961 sin_deformar=0 tarde=0 cola=1
[INFO] [1789716472.381053, 101.353500]: nube: 28110 puntos, 360 sectores (0 vacios), costura en 0.0 deg, sentido +1, desfases 0.0000..0.0999 s | entradas=1013 DEFORMADAS=1012 sin_deformar=0 tarde=0 cola=1
[INFO] [1789716483.214098, 106.362500]: nube: 27690 puntos, 360 sectores (0 vacios), costura en 0.0 deg, sentido +1, desfases 0.0000..0.0999 s | entradas=1063 DEFORMADAS=1062 sin_deformar=0 tarde=0 cola=1
[INFO] [1789716494.411138, 111.466000]: nube: 28110 puntos, 360 sectores (0 vacios), costura en 0.0 deg, sentido +1, desfases 0.0000..0.0999 s | entradas=1114 DEFORMADAS=1113 sin_deformar=0 tarde=0 cola=1
[INFO] [1789716505.856957, 116.568500]: nube: 28110 puntos, 360 sectores (0 vacios), costura en 0.0 deg, sentido +1, desfases 0.0000..0.0999 s | entradas=1165 DEFORMADAS=1164 sin_deformar=0 tarde=0 cola=1
[INFO] [1789716517.057436, 121.674000]: nube: 28110 puntos, 360 sectores (0 vacios), costura en 0.0 deg, sentido +1, desfases 0.0000..0.0999 s | entradas=1216 DEFORMADAS=1215 sin_deformar=0 tarde=0 cola=1
[INFO] [1789716528.030257, 126.755500]: nube: 28110 puntos, 360 sectores (0 vacios), costura en 0.0 deg, sentido +1, desfases 0.0000..0.0999 s | entradas=1267 DEFORMADAS=1266 sin_deformar=0 tarde=0 cola=1
[INFO] [1789716538.965449, 131.761000]: nube: 28110 puntos, 360 sectores (0 vacios), costura en 0.0 deg, sentido +1, desfases 0.0000..0.0999 s | entradas=1317 DEFORMADAS=1316 sin_deformar=0 tarde=0 cola=1
[INFO] [1789716550.057389, 136.765000]: nube: 28110 puntos, 360 sectores (0 vacios), costura en 0.0 deg, sentido +1, desfases 0.0000..0.0999 s | entradas=1367 DEFORMADAS=1366 sin_deformar=0 tarde=0 cola=1
[INFO] [1789716561.521063, 141.854500]: nube: 28110 puntos, 360 sectores (0 vacios), costura en 0.0 deg, sentido +1, desfases 0.0000..0.0999 s | entradas=1418 DEFORMADAS=1417 sin_deformar=0 tarde=0 cola=1
[INFO] [1789716572.563085, 146.857000]: nube: 28110 puntos, 360 sectores (0 vacios), costura en 0.0 deg, sentido +1, desfases 0.0000..0.0999 s | entradas=1468 DEFORMADAS=1467 sin_deformar=0 tarde=0 cola=1
[INFO] [1789716583.399255, 151.864000]: nube: 28110 puntos, 360 sectores (0 vacios), costura en 0.0 deg, sentido +1, desfases 0.0000..0.0999 s | entradas=1518 DEFORMADAS=1517 sin_deformar=0 tarde=0 cola=1
[INFO] [1789716594.469679, 156.961500]: nube: 28110 puntos, 360 sectores (0 vacios), costura en 0.0 deg, sentido +1, desfases 0.0000..0.0999 s | entradas=1569 DEFORMADAS=1568 sin_deformar=0 tarde=0 cola=1
[INFO] [1789716606.383411, 162.058000]: nube: 28110 puntos, 360 sectores (0 vacios), costura en 0.0 deg, sentido +1, desfases 0.0000..0.0999 s | entradas=1620 DEFORMADAS=1619 sin_deformar=0 tarde=0 cola=1
[INFO] [1789716617.327458, 167.157500]: nube: 28110 puntos, 360 sectores (0 vacios), costura en 0.0 deg, sentido +1, desfases 0.0000..0.0999 s | entradas=1671 DEFORMADAS=1670 sin_deformar=0 tarde=0 cola=1
[INFO] [1789716628.727643, 172.259000]: nube: 28110 puntos, 360 sectores (0 vacios), costura en 0.0 deg, sentido +1, desfases 0.0000..0.0999 s | entradas=1722 DEFORMADAS=1721 sin_deformar=0 tarde=0 cola=1
[INFO] [1789716640.361479, 177.360500]: nube: 28110 puntos, 360 sectores (0 vacios), costura en 0.0 deg, sentido +1, desfases 0.0000..0.0999 s | entradas=1773 DEFORMADAS=1772 sin_deformar=0 tarde=0 cola=1
[INFO] [1789716651.609407, 182.361500]: nube: 28110 puntos, 360 sectores (0 vacios), costura en 0.0 deg, sentido +1, desfases 0.0000..0.0999 s | entradas=1823 DEFORMADAS=1822 sin_deformar=0 tarde=0 cola=1
[INFO] [1789716663.003671, 187.364000]: nube: 28110 puntos, 360 sectores (0 vacios), costura en 0.0 deg, sentido +1, desfases 0.0000..0.0999 s | entradas=1873 DEFORMADAS=1872 sin_deformar=0 tarde=0 cola=1
[INFO] [1789716674.324315, 192.463500]: nube: 28110 puntos, 360 sectores (0 vacios), costura en 0.0 deg, sentido +1, desfases 0.0000..0.0999 s | entradas=1924 DEFORMADAS=1923 sin_deformar=0 tarde=0 cola=1
[INFO] [1789716685.408526, 197.560000]: nube: 28110 puntos, 360 sectores (0 vacios), costura en 0.0 deg, sentido +1, desfases 0.0000..0.0999 s | entradas=1975 DEFORMADAS=1974 sin_deformar=0 tarde=0 cola=1
[INFO] [1789716696.629621, 202.659000]: nube: 28110 puntos, 360 sectores (0 vacios), costura en 0.0 deg, sentido +1, desfases 0.0000..0.0999 s | entradas=2026 DEFORMADAS=2025 sin_deformar=0 tarde=0 cola=1
[INFO] [1789716707.753958, 207.660000]: nube: 28110 puntos, 360 sectores (0 vacios), costura en 0.0 deg, sentido +1, desfases 0.0000..0.0999 s | entradas=2076 DEFORMADAS=2075 sin_deformar=0 tarde=0 cola=1
[INFO] [1789716719.377447, 212.757000]: nube: 28110 puntos, 360 sectores (0 vacios), costura en 0.0 deg, sentido +1, desfases 0.0000..0.0999 s | entradas=2127 DEFORMADAS=2126 sin_deformar=0 tarde=0 cola=1
[INFO] [1789716730.473847, 217.857500]: nube: 28110 puntos, 360 sectores (0 vacios), costura en 0.0 deg, sentido +1, desfases 0.0000..0.0999 s | entradas=2178 DEFORMADAS=2177 sin_deformar=0 tarde=0 cola=1
[INFO] [1789716741.346275, 222.859500]: nube: 28110 puntos, 360 sectores (0 vacios), costura en 0.0 deg, sentido +1, desfases 0.0000..0.0999 s | entradas=2228 DEFORMADAS=2227 sin_deformar=0 tarde=0 cola=1
[INFO] [1789716752.538325, 227.871000]: nube: 28110 puntos, 360 sectores (0 vacios), costura en 0.0 deg, sentido +1, desfases 0.0000..0.0999 s | entradas=2278 DEFORMADAS=2277 sin_deformar=0 tarde=0 cola=1
[INFO] [1789716763.515603, 232.966500]: nube: 28110 puntos, 360 sectores (0 vacios), costura en 0.0 deg, sentido +1, desfases 0.0000..0.0999 s | entradas=2329 DEFORMADAS=2328 sin_deformar=0 tarde=0 cola=1
[INFO] [1789716774.452939, 238.059500]: nube: 28110 puntos, 360 sectores (0 vacios), costura en 0.0 deg, sentido +1, desfases 0.0000..0.0999 s | entradas=2380 DEFORMADAS=2379 sin_deformar=0 tarde=0 cola=1
[INFO] [1789716785.437587, 243.063000]: nube: 28110 puntos, 360 sectores (0 vacios), costura en 0.0 deg, sentido +1, desfases 0.0000..0.0999 s | entradas=2430 DEFORMADAS=2429 sin_deformar=0 tarde=0 cola=1
[INFO] [1789716796.110232, 248.066000]: nube: 28110 puntos, 360 sectores (0 vacios), costura en 0.0 deg, sentido +1, desfases 0.0000..0.0999 s | entradas=2480 DEFORMADAS=2479 sin_deformar=0 tarde=0 cola=1
[INFO] [1789716806.854489, 253.158500]: nube: 28110 puntos, 360 sectores (0 vacios), costura en 0.0 deg, sentido +1, desfases 0.0000..0.0999 s | entradas=2531 DEFORMADAS=2530 sin_deformar=0 tarde=0 cola=1
[INFO] [1789716817.821882, 258.256500]: nube: 28110 puntos, 360 sectores (0 vacios), costura en 0.0 deg, sentido +1, desfases 0.0000..0.0999 s | entradas=2582 DEFORMADAS=2581 sin_deformar=0 tarde=0 cola=1
[INFO] [1789716828.675367, 263.261000]: nube: 28110 puntos, 360 sectores (0 vacios), costura en 0.0 deg, sentido +1, desfases 0.0000..0.0999 s | entradas=2632 DEFORMADAS=2631 sin_deformar=0 tarde=0 cola=1
[INFO] [1789716839.886990, 268.361000]: nube: 28101 puntos, 360 sectores (0 vacios), costura en 0.0 deg, sentido +1, desfases 0.0000..0.0999 s | entradas=2683 DEFORMADAS=2682 sin_deformar=0 tarde=0 cola=1
[INFO] [1789716851.184940, 273.455000]: nube: 28110 puntos, 360 sectores (0 vacios), costura en 0.0 deg, sentido +1, desfases 0.0000..0.0999 s | entradas=2734 DEFORMADAS=2733 sin_deformar=0 tarde=0 cola=1
[INFO] [1789716862.532995, 278.461500]: nube: 28095 puntos, 360 sectores (0 vacios), costura en 0.0 deg, sentido +1, desfases 0.0000..0.0999 s | entradas=2784 DEFORMADAS=2783 sin_deformar=0 tarde=0 cola=1
[INFO] [1789716873.819008, 283.567000]: nube: 28110 puntos, 360 sectores (0 vacios), costura en 0.0 deg, sentido +1, desfases 0.0000..0.0999 s | entradas=2835 DEFORMADAS=2834 sin_deformar=0 tarde=0 cola=1
[INFO] [1789716884.839655, 288.569500]: nube: 28097 puntos, 360 sectores (0 vacios), costura en 0.0 deg, sentido +1, desfases 0.0000..0.0999 s | entradas=2885 DEFORMADAS=2884 sin_deformar=0 tarde=0 cola=1
[INFO] [1789716896.174181, 293.654000]: nube: 23473 puntos, 360 sectores (39 vacios), costura en 0.0 deg, sentido +1, desfases 0.0000..0.0999 s | entradas=2936 DEFORMADAS=2935 sin_deformar=0 tarde=0 cola=1
[INFO] [1789716907.129090, 298.659000]: nube: 28110 puntos, 360 sectores (0 vacios), costura en 0.0 deg, sentido +1, desfases 0.0000..0.0999 s | entradas=2986 DEFORMADAS=2985 sin_deformar=0 tarde=0 cola=1
[INFO] [1789716918.268139, 303.763000]: nube: 28104 puntos, 360 sectores (0 vacios), costura en 0.0 deg, sentido +1, desfases 0.0000..0.0999 s | entradas=3037 DEFORMADAS=3036 sin_deformar=0 tarde=0 cola=1
[INFO] [1789716929.476188, 308.865000]: nube: 28097 puntos, 360 sectores (0 vacios), costura en 0.0 deg, sentido +1, desfases 0.0000..0.0999 s | entradas=3088 DEFORMADAS=3087 sin_deformar=0 tarde=0 cola=1
[INFO] [1789716940.744245, 313.964000]: nube: 28097 puntos, 360 sectores (0 vacios), costura en 0.0 deg, sentido +1, desfases 0.0000..0.0999 s | entradas=3139 DEFORMADAS=3138 sin_deformar=0 tarde=0 cola=1
[INFO] [1789716952.401055, 319.060500]: nube: 28108 puntos, 360 sectores (0 vacios), costura en 0.0 deg, sentido +1, desfases 0.0000..0.0999 s | entradas=3190 DEFORMADAS=3189 sin_deformar=0 tarde=0 cola=1
[INFO] [1789716963.999332, 324.165000]: nube: 28101 puntos, 360 sectores (0 vacios), costura en 0.0 deg, sentido +1, desfases 0.0000..0.0999 s | entradas=3241 DEFORMADAS=3240 sin_deformar=0 tarde=0 cola=1
[INFO] [1789716975.316405, 329.262000]: nube: 28099 puntos, 360 sectores (0 vacios), costura en 0.0 deg, sentido +1, desfases 0.0000..0.0999 s | entradas=3292 DEFORMADAS=3291 sin_deformar=0 tarde=0 cola=1
[INFO] [1789716986.979071, 334.360500]: nube: 28103 puntos, 360 sectores (0 vacios), costura en 0.0 deg, sentido +1, desfases 0.0000..0.0999 s | entradas=3343 DEFORMADAS=3342 sin_deformar=0 tarde=0 cola=1
[INFO] [1789716998.346004, 339.362500]: nube: 28110 puntos, 360 sectores (0 vacios), costura en 0.0 deg, sentido +1, desfases 0.0000..0.0999 s | entradas=3393 DEFORMADAS=3392 sin_deformar=0 tarde=0 cola=1
[INFO] [1789717010.037086, 344.457500]: nube: 28110 puntos, 360 sectores (0 vacios), costura en 0.0 deg, sentido +1, desfases 0.0000..0.0999 s | entradas=3444 DEFORMADAS=3443 sin_deformar=0 tarde=0 cola=1
[INFO] [1789717021.386629, 349.461000]: nube: 28110 puntos, 360 sectores (0 vacios), costura en 0.0 deg, sentido +1, desfases 0.0000..0.0999 s | entradas=3494 DEFORMADAS=3493 sin_deformar=0 tarde=0 cola=1
[INFO] [1789717032.779495, 354.462500]: nube: 28110 puntos, 360 sectores (0 vacios), costura en 0.0 deg, sentido +1, desfases 0.0000..0.0999 s | entradas=3544 DEFORMADAS=3543 sin_deformar=0 tarde=0 cola=1
[INFO] [1789717044.495464, 359.561000]: nube: 28110 puntos, 360 sectores (0 vacios), costura en 0.0 deg, sentido +1, desfases 0.0000..0.0999 s | entradas=3595 DEFORMADAS=3594 sin_deformar=0 tarde=0 cola=1
[INFO] [1789717055.832862, 364.654500]: nube: 28110 puntos, 360 sectores (0 vacios), costura en 0.0 deg, sentido +1, desfases 0.0000..0.0999 s | entradas=3646 DEFORMADAS=3645 sin_deformar=0 tarde=0 cola=1
[INFO] [1789717066.944363, 369.673500]: nube: 28110 puntos, 360 sectores (0 vacios), costura en 0.0 deg, sentido +1, desfases 0.0000..0.0999 s | entradas=3696 DEFORMADAS=3695 sin_deformar=0 tarde=0 cola=1
[INFO] [1789717078.155326, 374.764000]: nube: 28110 puntos, 360 sectores (0 vacios), costura en 0.0 deg, sentido +1, desfases 0.0000..0.0999 s | entradas=3747 DEFORMADAS=3746 sin_deformar=0 tarde=0 cola=1
[INFO] [1789717089.522959, 379.871000]: nube: 28110 puntos, 360 sectores (0 vacios), costura en 0.0 deg, sentido +1, desfases 0.0000..0.0999 s | entradas=3798 DEFORMADAS=3797 sin_deformar=0 tarde=0 cola=1
[INFO] [1789717100.787625, 384.967000]: nube: 28110 puntos, 360 sectores (0 vacios), costura en 0.0 deg, sentido +1, desfases 0.0000..0.0999 s | entradas=3849 DEFORMADAS=3848 sin_deformar=0 tarde=0 cola=1
[INFO] [1789717112.201258, 390.059000]: nube: 28110 puntos, 360 sectores (0 vacios), costura en 0.0 deg, sentido +1, desfases 0.0000..0.0999 s | entradas=3900 DEFORMADAS=3899 sin_deformar=0 tarde=0 cola=1
[INFO] [1789717123.551766, 395.060500]: nube: 28110 puntos, 360 sectores (0 vacios), costura en 0.0 deg, sentido +1, desfases 0.0000..0.0999 s | entradas=3950 DEFORMADAS=3949 sin_deformar=0 tarde=0 cola=1
[INFO] [1789717134.714573, 400.172500]: nube: 28110 puntos, 360 sectores (0 vacios), costura en 0.0 deg, sentido +1, desfases 0.0000..0.0999 s | entradas=4001 DEFORMADAS=4000 sin_deformar=0 tarde=0 cola=1
[INFO] [1789717145.973643, 405.265500]: nube: 28110 puntos, 360 sectores (0 vacios), costura en 0.0 deg, sentido +1, desfases 0.0000..0.0999 s | entradas=4052 DEFORMADAS=4051 sin_deformar=0 tarde=0 cola=1
[INFO] [1789717157.247142, 410.362000]: nube: 28110 puntos, 360 sectores (0 vacios), costura en 0.0 deg, sentido +1, desfases 0.0000..0.0999 s | entradas=4103 DEFORMADAS=4102 sin_deformar=0 tarde=0 cola=1
[INFO] [1789717168.583294, 415.458000]: nube: 28110 puntos, 360 sectores (0 vacios), costura en 0.0 deg, sentido +1, desfases 0.0000..0.0999 s | entradas=4154 DEFORMADAS=4153 sin_deformar=0 tarde=0 cola=1
[INFO] [1789717180.170026, 420.557500]: nube: 28110 puntos, 360 sectores (0 vacios), costura en 0.0 deg, sentido +1, desfases 0.0000..0.0999 s | entradas=4205 DEFORMADAS=4204 sin_deformar=0 tarde=0 cola=1
[INFO] [1789717191.739422, 425.560500]: nube: 28110 puntos, 360 sectores (0 vacios), costura en 0.0 deg, sentido +1, desfases 0.0000..0.0999 s | entradas=4255 DEFORMADAS=4254 sin_deformar=0 tarde=0 cola=1
[INFO] [1789717203.327392, 430.659000]: nube: 28110 puntos, 360 sectores (0 vacios), costura en 0.0 deg, sentido +1, desfases 0.0000..0.0999 s | entradas=4306 DEFORMADAS=4305 sin_deformar=0 tarde=0 cola=1
[INFO] [1789717214.965788, 435.664500]: nube: 28110 puntos, 360 sectores (0 vacios), costura en 0.0 deg, sentido +1, desfases 0.0000..0.0999 s | entradas=4356 DEFORMADAS=4355 sin_deformar=0 tarde=0 cola=1
[INFO] [1789717226.335198, 440.764500]: nube: 28110 puntos, 360 sectores (0 vacios), costura en 0.0 deg, sentido +1, desfases 0.0000..0.0999 s | entradas=4407 DEFORMADAS=4406 sin_deformar=0 tarde=0 cola=1
[INFO] [1789717237.662597, 445.863000]: nube: 28110 puntos, 360 sectores (0 vacios), costura en 0.0 deg, sentido +1, desfases 0.0000..0.0999 s | entradas=4458 DEFORMADAS=4457 sin_deformar=0 tarde=0 cola=1
[INFO] [1789717248.916959, 450.869500]: nube: 28110 puntos, 360 sectores (0 vacios), costura en 0.0 deg, sentido +1, desfases 0.0000..0.0999 s | entradas=4508 DEFORMADAS=4507 sin_deformar=0 tarde=0 cola=1
[INFO] [1789717260.232749, 455.964500]: nube: 28110 puntos, 360 sectores (0 vacios), costura en 0.0 deg, sentido +1, desfases 0.0000..0.0999 s | entradas=4559 DEFORMADAS=4558 sin_deformar=0 tarde=0 cola=1
[INFO] [1789717271.435898, 460.972500]: nube: 28110 puntos, 360 sectores (0 vacios), costura en 0.0 deg, sentido +1, desfases 0.0000..0.0999 s | entradas=4609 DEFORMADAS=4608 sin_deformar=0 tarde=0 cola=1
[INFO] [1789717283.001289, 466.063500]: nube: 28110 puntos, 360 sectores (0 vacios), costura en 0.0 deg, sentido +1, desfases 0.0000..0.0999 s | entradas=4660 DEFORMADAS=4659 sin_deformar=0 tarde=0 cola=1
[INFO] [1789717294.406581, 471.157500]: nube: 28110 puntos, 360 sectores (0 vacios), costura en 0.0 deg, sentido +1, desfases 0.0000..0.0999 s | entradas=4711 DEFORMADAS=4710 sin_deformar=0 tarde=0 cola=1
[INFO] [1789717305.877435, 476.258500]: nube: 28110 puntos, 360 sectores (0 vacios), costura en 0.0 deg, sentido +1, desfases 0.0000..0.0999 s | entradas=4762 DEFORMADAS=4761 sin_deformar=0 tarde=0 cola=1
[INFO] [1789717317.075618, 481.262000]: nube: 28110 puntos, 360 sectores (0 vacios), costura en 0.0 deg, sentido +1, desfases 0.0000..0.0999 s | entradas=4812 DEFORMADAS=4811 sin_deformar=0 tarde=0 cola=1
[INFO] [1789717328.461948, 486.265500]: nube: 28110 puntos, 360 sectores (0 vacios), costura en 0.0 deg, sentido +1, desfases 0.0000..0.0999 s | entradas=4862 DEFORMADAS=4861 sin_deformar=0 tarde=0 cola=1
[INFO] [1789717340.179127, 491.357500]: nube: 28110 puntos, 360 sectores (0 vacios), costura en 0.0 deg, sentido +1, desfases 0.0000..0.0999 s | entradas=4913 DEFORMADAS=4912 sin_deformar=0 tarde=0 cola=1
[INFO] [1789717351.688646, 496.364000]: nube: 28110 puntos, 360 sectores (0 vacios), costura en 0.0 deg, sentido +1, desfases 0.0000..0.0999 s | entradas=4963 DEFORMADAS=4962 sin_deformar=0 tarde=0 cola=1
[INFO] [1789717363.319012, 501.459500]: nube: 28110 puntos, 360 sectores (0 vacios), costura en 0.0 deg, sentido +1, desfases 0.0000..0.0999 s | entradas=5014 DEFORMADAS=5013 sin_deformar=0 tarde=0 cola=1
[INFO] [1789717374.557705, 506.460500]: nube: 28110 puntos, 360 sectores (0 vacios), costura en 0.0 deg, sentido +1, desfases 0.0000..0.0999 s | entradas=5064 DEFORMADAS=5063 sin_deformar=0 tarde=0 cola=1
[INFO] [1789717386.133470, 511.461000]: nube: 28110 puntos, 360 sectores (0 vacios), costura en 0.0 deg, sentido +1, desfases 0.0000..0.0999 s | entradas=5114 DEFORMADAS=5113 sin_deformar=0 tarde=0 cola=1
[INFO] [1789717397.351248, 516.462000]: nube: 28110 puntos, 360 sectores (0 vacios), costura en 0.0 deg, sentido +1, desfases 0.0000..0.0999 s | entradas=5164 DEFORMADAS=5163 sin_deformar=0 tarde=0 cola=1
[INFO] [1789717408.892920, 521.568000]: nube: 28110 puntos, 360 sectores (0 vacios), costura en 0.0 deg, sentido +1, desfases 0.0000..0.0999 s | entradas=5215 DEFORMADAS=5214 sin_deformar=0 tarde=0 cola=1
[INFO] [1789717420.273592, 526.668000]: nube: 28110 puntos, 360 sectores (0 vacios), costura en 0.0 deg, sentido +1, desfases 0.0000..0.0999 s | entradas=5266 DEFORMADAS=5265 sin_deformar=0 tarde=0 cola=1
[INFO] [1789717431.645917, 531.765000]: nube: 28110 puntos, 360 sectores (0 vacios), costura en 0.0 deg, sentido +1, desfases 0.0000..0.0999 s | entradas=5317 DEFORMADAS=5316 sin_deformar=0 tarde=0 cola=1
[INFO] [1789717443.090110, 536.865500]: nube: 28110 puntos, 360 sectores (0 vacios), costura en 0.0 deg, sentido +1, desfases 0.0000..0.0999 s | entradas=5368 DEFORMADAS=5367 sin_deformar=0 tarde=0 cola=1
[INFO] [1789717453.920765, 541.871500]: nube: 28110 puntos, 360 sectores (0 vacios), costura en 0.0 deg, sentido +1, desfases 0.0000..0.0999 s | entradas=5418 DEFORMADAS=5417 sin_deformar=0 tarde=0 cola=1
[INFO] [1789717464.953102, 546.959000]: nube: 28110 puntos, 360 sectores (0 vacios), costura en 0.0 deg, sentido +1, desfases 0.0000..0.0999 s | entradas=5469 DEFORMADAS=5468 sin_deformar=0 tarde=0 cola=1
[INFO] [1789717476.632455, 552.063000]: nube: 28110 puntos, 360 sectores (0 vacios), costura en 0.0 deg, sentido +1, desfases 0.0000..0.0999 s | entradas=5520 DEFORMADAS=5519 sin_deformar=0 tarde=0 cola=1
[INFO] [1789717488.118602, 557.160500]: nube: 28110 puntos, 360 sectores (0 vacios), costura en 0.0 deg, sentido +1, desfases 0.0000..0.0999 s | entradas=5571 DEFORMADAS=5570 sin_deformar=0 tarde=0 cola=1
[INFO] [1789717499.770046, 562.162500]: nube: 28110 puntos, 360 sectores (0 vacios), costura en 0.0 deg, sentido +1, desfases 0.0000..0.0999 s | entradas=5621 DEFORMADAS=5620 sin_deformar=0 tarde=0 cola=1
[INFO] [1789717511.632669, 567.259000]: nube: 28106 puntos, 360 sectores (0 vacios), costura en 0.0 deg, sentido +1, desfases 0.0000..0.0999 s | entradas=5672 DEFORMADAS=5671 sin_deformar=0 tarde=0 cola=1
[INFO] [1789717523.472598, 572.360000]: nube: 28110 puntos, 360 sectores (0 vacios), costura en 0.0 deg, sentido +1, desfases 0.0000..0.0999 s | entradas=5723 DEFORMADAS=5722 sin_deformar=0 tarde=0 cola=1
[INFO] [1789717535.219977, 577.463500]: nube: 28110 puntos, 360 sectores (0 vacios), costura en 0.0 deg, sentido +1, desfases 0.0000..0.0999 s | entradas=5774 DEFORMADAS=5773 sin_deformar=0 tarde=0 cola=1
[INFO] [1789717546.729946, 582.559000]: nube: 28107 puntos, 360 sectores (0 vacios), costura en 0.0 deg, sentido +1, desfases 0.0000..0.0999 s | entradas=5825 DEFORMADAS=5824 sin_deformar=0 tarde=0 cola=1
[INFO] [1789717558.119609, 587.649500]: nube: 24151 puntos, 360 sectores (31 vacios), costura en 0.0 deg, sentido +1, desfases 0.0000..0.0999 s | entradas=5876 DEFORMADAS=5875 sin_deformar=0 tarde=0 cola=1
[INFO] [1789717569.303110, 592.657000]: nube: 28096 puntos, 360 sectores (0 vacios), costura en 0.0 deg, sentido +1, desfases 0.0000..0.0999 s | entradas=5926 DEFORMADAS=5925 sin_deformar=0 tarde=0 cola=1
[INFO] [1789717579.830006, 597.739000]: nube: 28096 puntos, 360 sectores (0 vacios), costura en 0.0 deg, sentido +1, desfases 0.0000..0.0999 s | entradas=5977 DEFORMADAS=5976 sin_deformar=0 tarde=0 cola=1
[INFO] [1789717585.119235, 600.340000]: imu_ahrs: 59992 muestras, 187 sin gravedad utilizable (0.3%), sesgo=[+0.00713 -0.00250 +0.00038] rad/s
[INFO] [1789717585.121032, 600.340000]: sweep_distortion: entradas=6003 deformadas=6002 sin_deformar=0 tarde=0 sin_montaje=0
Error in XmlRpcClient::writeRequest: write error (Connection refused).
Error in XmlRpcDispatch::work: couldn't find source iterator
Error in XmlRpcClient::writeRequest: write error (Connection refused).
Error in XmlRpcDispatch::work: couldn't find source iterator
Error in XmlRpcClient::writeRequest: write error (Connection refused).
Error in XmlRpcDispatch::work: couldn't find source iterator
Error in XmlRpcClient::writeRequest: write error (Connection refused).
Error in XmlRpcDispatch::work: couldn't find source iterator
Error in XmlRpcClient::writeRequest: write error (Connection refused).
Error in XmlRpcDispatch::work: couldn't find source iterator
Error in XmlRpcClient::writeRequest: write error (Connection refused).
Error in XmlRpcDispatch::work: couldn't find source iterator
Error in XmlRpcClient::writeRequest: write error (Connection refused).
Error in XmlRpcDispatch::work: couldn't find source iterator
[WARN] [1789716237.658211, 0.000000]: Rocker differential DISABLED (~enabled=false): rockers are independent. This is the ablation configuration, not the nominal robot.
[INFO] [1789716237.769002, 0.000000]: twist_to_wheels (Ackermann, 4-wheel counter-steer)
[INFO] [1789716237.770708, 0.000000]:   wheelbase   = 0.7355 m
[INFO] [1789716237.771198, 0.000000]:   front track = 0.4462 m
[INFO] [1789716237.771773, 0.000000]:   rear track  = 0.5757 m
[INFO] [1789716237.773108, 0.000000]:   wheel radius= 0.1480 m
[INFO] [1789716237.773703, 0.000000]:   max steer   = 1.100 rad (63.0 deg)
[INFO] [1789716237.774813, 0.000000]:   min turn radius at full lock = 0.187 m
... logging to /home/alessandro/.ros/log/e899b7d4-b331-11f1-8ba6-4d711d8e6fc4/roslaunch-LAPTOP-EU6F9FQD-52521.log
Checking log directory for disk usage. This may take a while.
Press Ctrl-C to interrupt
Done checking log file disk usage. Usage is <1GB.
]2;/home/alessandro/journal_comparison/src/rocker_bogie/launch/lcmine_rocker_bogie_world.launch
[1mstarted roslaunch server http://LAPTOP-EU6F9FQD:33761/[0m

SUMMARY
========

PARAMETERS
 * /gazebo/enable_ros_network: True
 * /imu_ahrs/accel_gate: 0.15
 * /imu_ahrs/angular_velocity_stddev: 0.009
 * /imu_ahrs/bias_samples: 200
 * /imu_ahrs/linear_acceleration_stddev: 0.021
 * /imu_ahrs/orientation_stddev: 0.02
 * /imu_ahrs/tau: 1.0
 * /rocker_bogie/gazebo_ros_control/pid_gains/rev_10/d: 0.0
 * /rocker_bogie/gazebo_ros_control/pid_gains/rev_10/i: 9.831
 * /rocker_bogie/gazebo_ros_control/pid_gains/rev_10/i_clamp: 20.0
 * /rocker_bogie/gazebo_ros_control/pid_gains/rev_10/p: 10.225
 * /rocker_bogie/gazebo_ros_control/pid_gains/rev_11/d: 0.0
 * /rocker_bogie/gazebo_ros_control/pid_gains/rev_11/i: 9.831
 * /rocker_bogie/gazebo_ros_control/pid_gains/rev_11/i_clamp: 20.0
 * /rocker_bogie/gazebo_ros_control/pid_gains/rev_11/p: 10.225
 * /rocker_bogie/gazebo_ros_control/pid_gains/rev_12/d: 0.0
 * /rocker_bogie/gazebo_ros_control/pid_gains/rev_12/i: 9.831
 * /rocker_bogie/gazebo_ros_control/pid_gains/rev_12/i_clamp: 20.0
 * /rocker_bogie/gazebo_ros_control/pid_gains/rev_12/p: 10.225
 * /rocker_bogie/gazebo_ros_control/pid_gains/rev_13/d: 0.0
 * /rocker_bogie/gazebo_ros_control/pid_gains/rev_13/i: 9.831
 * /rocker_bogie/gazebo_ros_control/pid_gains/rev_13/i_clamp: 20.0
 * /rocker_bogie/gazebo_ros_control/pid_gains/rev_13/p: 10.225
 * /rocker_bogie/gazebo_ros_control/pid_gains/rev_14/d: 0.0
 * /rocker_bogie/gazebo_ros_control/pid_gains/rev_14/i: 9.831
 * /rocker_bogie/gazebo_ros_control/pid_gains/rev_14/i_clamp: 20.0
 * /rocker_bogie/gazebo_ros_control/pid_gains/rev_14/p: 10.225
 * /rocker_bogie/gazebo_ros_control/pid_gains/rev_5/d: 0.474
 * /rocker_bogie/gazebo_ros_control/pid_gains/rev_5/i: 2.37
 * /rocker_bogie/gazebo_ros_control/pid_gains/rev_5/p: 23.702
 * /rocker_bogie/gazebo_ros_control/pid_gains/rev_6/d: 0.474
 * /rocker_bogie/gazebo_ros_control/pid_gains/rev_6/i: 2.37
 * /rocker_bogie/gazebo_ros_control/pid_gains/rev_6/p: 23.702
 * /rocker_bogie/gazebo_ros_control/pid_gains/rev_7/d: 0.474
 * /rocker_bogie/gazebo_ros_control/pid_gains/rev_7/i: 2.37
 * /rocker_bogie/gazebo_ros_control/pid_gains/rev_7/p: 23.702
 * /rocker_bogie/gazebo_ros_control/pid_gains/rev_8/d: 0.474
 * /rocker_bogie/gazebo_ros_control/pid_gains/rev_8/i: 2.37
 * /rocker_bogie/gazebo_ros_control/pid_gains/rev_8/p: 23.702
 * /rocker_bogie/gazebo_ros_control/pid_gains/rev_9/d: 0.0
 * /rocker_bogie/gazebo_ros_control/pid_gains/rev_9/i: 9.831
 * /rocker_bogie/gazebo_ros_control/pid_gains/rev_9/i_clamp: 20.0
 * /rocker_bogie/gazebo_ros_control/pid_gains/rev_9/p: 10.225
 * /rocker_bogie/joint_state_controller/publish_rate: 50
 * /rocker_bogie/joint_state_controller/type: joint_state_contr...
 * /rocker_bogie/robot_description: <?xml version="1....
 * /rocker_bogie/robot_state_publisher/tf_prefix: rocker_bogie
 * /rocker_bogie/rocker_diff_effort_left/joint: rocker_pivot_left
 * /rocker_bogie/rocker_diff_effort_left/type: effort_controller...
 * /rocker_bogie/rocker_diff_effort_right/joint: rocker_pivot_right
 * /rocker_bogie/rocker_diff_effort_right/type: effort_controller...
 * /rocker_bogie/rocker_differential/damping: 28.44
 * /rocker_bogie/rocker_differential/enabled: False
 * /rocker_bogie/rocker_differential/inertia: 4.046
 * /rocker_bogie/rocker_differential/max_torque: 189.6
 * /rocker_bogie/rocker_differential/stiffness: 948.08
 * /rocker_bogie/steer_controller_fl/joint: rev_5
 * /rocker_bogie/steer_controller_fl/type: position_controll...
 * /rocker_bogie/steer_controller_fr/joint: rev_7
 * /rocker_bogie/steer_controller_fr/type: position_controll...
 * /rocker_bogie/steer_controller_rl/joint: rev_6
 * /rocker_bogie/steer_controller_rl/type: position_controll...
 * /rocker_bogie/steer_controller_rr/joint: rev_8
 * /rocker_bogie/steer_controller_rr/type: position_controll...
 * /rocker_bogie/twist_to_wheels/front_track: 0.4462
 * /rocker_bogie/twist_to_wheels/max_steer_angle: 1.1
 * /rocker_bogie/twist_to_wheels/min_angular: 0.0
 * /rocker_bogie/twist_to_wheels/rear_track: 0.5757
 * /rocker_bogie/twist_to_wheels/wheel_radius: 0.148
 * /rocker_bogie/twist_to_wheels/wheelbase: 0.7355
 * /rocker_bogie/wheel_vel_controller_fl/joint: rev_11
 * /rocker_bogie/wheel_vel_controller_fl/type: velocity_controll...
 * /rocker_bogie/wheel_vel_controller_fr/joint: rev_12
 * /rocker_bogie/wheel_vel_controller_fr/type: velocity_controll...
 * /rocker_bogie/wheel_vel_controller_ml/joint: rev_10
 * /rocker_bogie/wheel_vel_controller_ml/type: velocity_controll...
 * /rocker_bogie/wheel_vel_controller_mr/joint: rev_13
 * /rocker_bogie/wheel_vel_controller_mr/type: velocity_controll...
 * /rocker_bogie/wheel_vel_controller_rl/joint: rev_9
 * /rocker_bogie/wheel_vel_controller_rl/type: velocity_controll...
 * /rocker_bogie/wheel_vel_controller_rr/joint: rev_14
 * /rocker_bogie/wheel_vel_controller_rr/type: velocity_controll...
 * /rosdistro: noetic
 * /rosversion: 1.17.4
 * /sweep_distortion/base_frame: rocker_bogie/base...
 * /sweep_distortion/cut_angle_deg: 0.0
 * /sweep_distortion/frame_id: rocker_bogie/velo...
 * /sweep_distortion/input: /velodyne_points_raw
 * /sweep_distortion/model_name: rocker_bogie
 * /sweep_distortion/output: /velodyne_points
 * /sweep_distortion/rotor_dir: 1
 * /sweep_distortion/rotor_hz: 10.0
 * /sweep_distortion/sectors: 360
 * /swept_robot_description: <robot name="ensa...
 * /use_sim_time: True

NODES
  /
    gazebo (gazebo_ros/gzserver)
    gazebo_gui (gazebo_ros/gzclient)
    imu_ahrs (robot_metrics/imu_ahrs.py)
    spawn_rocker_bogie (gazebo_ros/spawn_model)
    sweep_distortion (robot_metrics/sweep_distortion.py)
  /rocker_bogie/
    controller_starter (controller_manager/controller_manager)
    robot_state_publisher (robot_state_publisher/robot_state_publisher)
    rocker_differential (rocker_bogie/rocker_differential.py)
    twist_to_wheels (rocker_bogie/twist_to_wheels.py)

auto-starting new master
[1mprocess[master]: started with pid [52580][0m
[1mROS_MASTER_URI=http://localhost:11311[0m
]2;/home/alessandro/journal_comparison/src/rocker_bogie/launch/lcmine_rocker_bogie_world.launch http://localhost:11311
[1msetting /run_id to e899b7d4-b331-11f1-8ba6-4d711d8e6fc4[0m
[1mprocess[rosout-1]: started with pid [52605][0m
started core service [/rosout]
[1mprocess[gazebo-2]: started with pid [52612][0m
[1mprocess[gazebo_gui-3]: started with pid [52615][0m
[1mprocess[spawn_rocker_bogie-4]: started with pid [52620][0m
[1mprocess[sweep_distortion-5]: started with pid [52623][0m
[1mprocess[rocker_bogie/controller_starter-6]: started with pid [52624][0m
[1mprocess[rocker_bogie/rocker_differential-7]: started with pid [52625][0m
[1mprocess[rocker_bogie/twist_to_wheels-8]: started with pid [52626][0m
[1mprocess[rocker_bogie/robot_state_publisher-9]: started with pid [52627][0m
[1mprocess[imu_ahrs-10]: started with pid [52628][0m
[1m[spawn_rocker_bogie-4] process has finished cleanly
log file: /home/alessandro/.ros/log/e899b7d4-b331-11f1-8ba6-4d711d8e6fc4/spawn_rocker_bogie-4*.log[0m
[1m[rocker_bogie/controller_starter-6] process has finished cleanly
log file: /home/alessandro/.ros/log/e899b7d4-b331-11f1-8ba6-4d711d8e6fc4/rocker_bogie-controller_starter-6*.log[0m
[imu_ahrs-10] killing on exit
[rocker_bogie/robot_state_publisher-9] killing on exit
[rocker_bogie/twist_to_wheels-8] killing on exit
[rocker_bogie/rocker_differential-7] killing on exit
[sweep_distortion-5] killing on exit
[gazebo_gui-3] killing on exit
[gazebo-2] killing on exit
[rosout-1] killing on exit
[master] killing on exit
shutting down processing monitor...
... shutting down processing monitor complete
[1mdone[0m
