Opening database "/home/alessandro/metrics_VF/fixed_trajectory/swept_lidar/tracked/run02/rtabmap.db"...
Opening database "/home/alessandro/metrics_VF/fixed_trajectory/swept_lidar/tracked/run02/rtabmap.db"... done (0.000196s).
Optimizing the map (Full global optimization)...
Optimizing the map (Full global optimization)... done (0.072918s, poses=567, links=1794).
Processed 6/567 (1%) nodes...
Processed 12/567 (2%) nodes...
Processed 18/567 (3%) nodes...
Processed 23/567 (4%) nodes...
Processed 29/567 (5%) nodes...
Processed 35/567 (6%) nodes...
Processed 40/567 (7%) nodes...
Processed 46/567 (8%) nodes...
Processed 52/567 (9%) nodes...
Processed 57/567 (10%) nodes...
Processed 63/567 (11%) nodes...
Processed 69/567 (12%) nodes...
Processed 74/567 (13%) nodes...
Processed 80/567 (14%) nodes...
Processed 86/567 (15%) nodes...
Processed 91/567 (16%) nodes...
Processed 97/567 (17%) nodes...
Processed 103/567 (18%) nodes...
Processed 108/567 (19%) nodes...
Processed 114/567 (20%) nodes...
Processed 120/567 (21%) nodes...
Processed 125/567 (22%) nodes...
Processed 131/567 (23%) nodes...
Processed 137/567 (24%) nodes...
Processed 142/567 (25%) nodes...
Processed 148/567 (26%) nodes...
Processed 154/567 (27%) nodes...
Processed 159/567 (28%) nodes...
Processed 165/567 (29%) nodes...
Processed 171/567 (30%) nodes...
Processed 176/567 (31%) nodes...
Processed 182/567 (32%) nodes...
Processed 188/567 (33%) nodes...
Processed 193/567 (34%) nodes...
Processed 199/567 (35%) nodes...
Processed 205/567 (36%) nodes...
Processed 210/567 (37%) nodes...
Processed 216/567 (38%) nodes...
Processed 222/567 (39%) nodes...
Processed 227/567 (40%) nodes...
Processed 233/567 (41%) nodes...
Processed 239/567 (42%) nodes...
Processed 244/567 (43%) nodes...
Processed 250/567 (44%) nodes...
Processed 256/567 (45%) nodes...
Processed 261/567 (46%) nodes...
Processed 267/567 (47%) nodes...
Processed 273/567 (48%) nodes...
Processed 278/567 (49%) nodes...
Processed 284/567 (50%) nodes...
Processed 290/567 (51%) nodes...
Processed 295/567 (52%) nodes...
Processed 301/567 (53%) nodes...
Processed 307/567 (54%) nodes...
Processed 312/567 (55%) nodes...
Processed 318/567 (56%) nodes...
Processed 324/567 (57%) nodes...
Processed 329/567 (58%) nodes...
Processed 335/567 (59%) nodes...
Processed 341/567 (60%) nodes...
Processed 346/567 (61%) nodes...
Processed 352/567 (62%) nodes...
Processed 358/567 (63%) nodes...
Processed 363/567 (64%) nodes...
Processed 369/567 (65%) nodes...
Processed 375/567 (66%) nodes...
Processed 380/567 (67%) nodes...
Processed 386/567 (68%) nodes...
Processed 392/567 (69%) nodes...
Processed 397/567 (70%) nodes...
Processed 403/567 (71%) nodes...
Processed 409/567 (72%) nodes...
Processed 414/567 (73%) nodes...
Processed 420/567 (74%) nodes...
Processed 426/567 (75%) nodes...
Processed 431/567 (76%) nodes...
Processed 437/567 (77%) nodes...
Processed 443/567 (78%) nodes...
Processed 448/567 (79%) nodes...
Processed 454/567 (80%) nodes...
Processed 460/567 (81%) nodes...
Processed 465/567 (82%) nodes...
Processed 471/567 (83%) nodes...
Processed 477/567 (84%) nodes...
Processed 482/567 (85%) nodes...
Processed 488/567 (86%) nodes...
Processed 494/567 (87%) nodes...
Processed 499/567 (88%) nodes...
Processed 505/567 (89%) nodes...
Processed 511/567 (90%) nodes...
Processed 516/567 (91%) nodes...
Processed 522/567 (92%) nodes...
Processed 528/567 (93%) nodes...
Processed 533/567 (94%) nodes...
Processed 539/567 (95%) nodes...
Processed 545/567 (96%) nodes...
Processed 550/567 (97%) nodes...
Processed 556/567 (98%) nodes...
Processed 562/567 (99%) nodes...
Processed 567/567 (100%) nodes...
567 poses exported to "/home/alessandro/metrics_VF/fixed_trajectory/swept_lidar/tracked/run02/opt_traj_poses.txt". (min=[-15.382361,-39.644115,-0.483648] max=[21.739689,0.146603,7.568400])
