xacro: in-order processing became default in ROS Melodic. You can drop the option.
[INFO] [1789713436.506777, 0.000000]: imu_ahrs: filtro complementario tau=1.00 s, compuerta |a|/g +-15%, sesgo con 200 muestras quieto
[WARN] [1789713442.638100, 0.000000]: el modelo "rocker_bogie" no esta en /gazebo/model_states; nombres=['grass_plane', 'w1', 'w2', 'w3', 'w4', 'w5', 'w6', 'lc_mine', 'ramp', 'bump']
[INFO] [1789713436.605085, 0.000000]: Loading model XML from ros parameter swept_robot_description
[INFO] [1789713436.610563, 0.000000]: Waiting for service /gazebo/spawn_urdf_model
[INFO] [1789713439.922190, 0.000000]: Calling service /gazebo/spawn_urdf_model
[INFO] [1789713443.017996, 0.000500]: Spawn status: SpawnModel: Successfully spawned entity
[INFO] [1789713445.679264, 0.159500]: montaje rocker_bogie/base_link <- rocker_bogie/velodyne_base_link: xyz=(0.0000, 0.0000, 0.4579)
[INFO] [1789713445.681818, 0.160500]: la nube ya trae canal de tiempo "time"; se reutiliza
Loaded 'joint_state_controller'
Loaded 'wheel_vel_controller_fl'
Loaded 'wheel_vel_controller_ml'
Loaded 'wheel_vel_controller_rl'
Loaded 'wheel_vel_controller_fr'
Loaded 'wheel_vel_controller_mr'
Loaded 'wheel_vel_controller_rr'
Loaded 'steer_controller_fl'
Loaded 'steer_controller_fr'
Loaded 'steer_controller_rl'
Loaded 'steer_controller_rr'
Loaded 'rocker_diff_effort_left'
Loaded 'rocker_diff_effort_right'
Started ['joint_state_controller'] successfully
Started ['wheel_vel_controller_fl'] successfully
Started ['wheel_vel_controller_ml'] successfully
Started ['wheel_vel_controller_rl'] successfully
Started ['wheel_vel_controller_fr'] successfully
Started ['wheel_vel_controller_mr'] successfully
Started ['wheel_vel_controller_rr'] successfully
Started ['steer_controller_fl'] successfully
Started ['steer_controller_fr'] successfully
Started ['steer_controller_rl'] successfully
Started ['steer_controller_rr'] successfully
Started ['rocker_diff_effort_left'] successfully
Started ['rocker_diff_effort_right'] successfully
[INFO] [1789713445.887209, 0.260500]: nube: 28110 puntos, 360 sectores (0 vacios), costura en 0.0 deg, sentido +1, desfases 0.0000..0.0999 s | entradas=2 DEFORMADAS=1 sin_deformar=0 tarde=0 cola=1
[INFO] [1789713449.823871, 2.211000]: imu_ahrs: sesgo del giroscopo [-0.00625 +0.00200 +0.00762] rad/s con 200 muestras; actitud inicial roll=-2.32 pitch=-3.14 deg
[INFO] [1789713456.133868, 5.345500]: nube: 28110 puntos, 360 sectores (0 vacios), costura en 0.0 deg, sentido +1, desfases 0.0000..0.0999 s | entradas=53 DEFORMADAS=52 sin_deformar=0 tarde=0 cola=1
[INFO] [1789713466.484039, 10.438500]: nube: 28110 puntos, 360 sectores (0 vacios), costura en 0.0 deg, sentido +1, desfases 0.0000..0.0999 s | entradas=104 DEFORMADAS=103 sin_deformar=0 tarde=0 cola=1
[INFO] [1789713477.010074, 15.453000]: nube: 28110 puntos, 360 sectores (0 vacios), costura en 0.0 deg, sentido +1, desfases 0.0000..0.0999 s | entradas=154 DEFORMADAS=153 sin_deformar=0 tarde=0 cola=1
[INFO] [1789713487.833230, 20.553500]: nube: 28097 puntos, 360 sectores (0 vacios), costura en 0.0 deg, sentido +1, desfases 0.0000..0.0999 s | entradas=205 DEFORMADAS=204 sin_deformar=0 tarde=0 cola=1
[INFO] [1789713498.597921, 25.649000]: nube: 28100 puntos, 360 sectores (0 vacios), costura en 0.0 deg, sentido +1, desfases 0.0000..0.0999 s | entradas=256 DEFORMADAS=255 sin_deformar=0 tarde=0 cola=1
[INFO] [1789713509.452890, 30.750000]: nube: 28110 puntos, 360 sectores (0 vacios), costura en 0.0 deg, sentido +1, desfases 0.0000..0.0999 s | entradas=307 DEFORMADAS=306 sin_deformar=0 tarde=0 cola=1
[INFO] [1789713520.276649, 35.852000]: nube: 28105 puntos, 360 sectores (0 vacios), costura en 0.0 deg, sentido +1, desfases 0.0000..0.0999 s | entradas=358 DEFORMADAS=357 sin_deformar=0 tarde=0 cola=1
[INFO] [1789713530.841631, 40.853500]: nube: 28095 puntos, 360 sectores (0 vacios), costura en 0.0 deg, sentido +1, desfases 0.0000..0.0999 s | entradas=408 DEFORMADAS=407 sin_deformar=0 tarde=0 cola=1
[INFO] [1789713541.803541, 45.953500]: nube: 28101 puntos, 360 sectores (0 vacios), costura en 0.0 deg, sentido +1, desfases 0.0000..0.0999 s | entradas=459 DEFORMADAS=458 sin_deformar=0 tarde=0 cola=1
[INFO] [1789713552.714898, 51.056500]: nube: 28110 puntos, 360 sectores (0 vacios), costura en 0.0 deg, sentido +1, desfases 0.0000..0.0999 s | entradas=510 DEFORMADAS=509 sin_deformar=0 tarde=0 cola=1
[INFO] [1789713564.090029, 56.063500]: nube: 28110 puntos, 360 sectores (0 vacios), costura en 0.0 deg, sentido +1, desfases 0.0000..0.0999 s | entradas=560 DEFORMADAS=559 sin_deformar=0 tarde=0 cola=1
[INFO] [1789713575.874129, 61.163500]: nube: 28110 puntos, 360 sectores (0 vacios), costura en 0.0 deg, sentido +1, desfases 0.0000..0.0999 s | entradas=611 DEFORMADAS=610 sin_deformar=0 tarde=0 cola=1
[INFO] [1789713587.315822, 66.164500]: nube: 28110 puntos, 360 sectores (0 vacios), costura en 0.0 deg, sentido +1, desfases 0.0000..0.0999 s | entradas=661 DEFORMADAS=660 sin_deformar=0 tarde=0 cola=1
[INFO] [1789713598.809515, 71.258500]: nube: 28110 puntos, 360 sectores (0 vacios), costura en 0.0 deg, sentido +1, desfases 0.0000..0.0999 s | entradas=712 DEFORMADAS=711 sin_deformar=0 tarde=0 cola=1
[INFO] [1789713610.118008, 76.264000]: nube: 28110 puntos, 360 sectores (0 vacios), costura en 0.0 deg, sentido +1, desfases 0.0000..0.0999 s | entradas=762 DEFORMADAS=761 sin_deformar=0 tarde=0 cola=1
[INFO] [1789713621.338618, 81.354000]: nube: 28110 puntos, 360 sectores (0 vacios), costura en 0.0 deg, sentido +1, desfases 0.0000..0.0999 s | entradas=813 DEFORMADAS=812 sin_deformar=0 tarde=0 cola=1
[INFO] [1789713632.466829, 86.354500]: nube: 28110 puntos, 360 sectores (0 vacios), costura en 0.0 deg, sentido +1, desfases 0.0000..0.0999 s | entradas=863 DEFORMADAS=862 sin_deformar=0 tarde=0 cola=1
[INFO] [1789713643.635427, 91.363500]: nube: 28110 puntos, 360 sectores (0 vacios), costura en 0.0 deg, sentido +1, desfases 0.0000..0.0999 s | entradas=913 DEFORMADAS=912 sin_deformar=0 tarde=0 cola=1
[INFO] [1789713655.034883, 96.458500]: nube: 28110 puntos, 360 sectores (0 vacios), costura en 0.0 deg, sentido +1, desfases 0.0000..0.0999 s | entradas=964 DEFORMADAS=963 sin_deformar=0 tarde=0 cola=1
[INFO] [1789713666.522820, 101.461500]: nube: 28110 puntos, 360 sectores (0 vacios), costura en 0.0 deg, sentido +1, desfases 0.0000..0.0999 s | entradas=1014 DEFORMADAS=1013 sin_deformar=0 tarde=0 cola=1
[INFO] [1789713678.136529, 106.462000]: nube: 28110 puntos, 360 sectores (0 vacios), costura en 0.0 deg, sentido +1, desfases 0.0000..0.0999 s | entradas=1064 DEFORMADAS=1063 sin_deformar=0 tarde=0 cola=1
[INFO] [1789713689.199924, 111.563000]: nube: 28110 puntos, 360 sectores (0 vacios), costura en 0.0 deg, sentido +1, desfases 0.0000..0.0999 s | entradas=1115 DEFORMADAS=1114 sin_deformar=0 tarde=0 cola=1
[INFO] [1789713700.303769, 116.656500]: nube: 28110 puntos, 360 sectores (0 vacios), costura en 0.0 deg, sentido +1, desfases 0.0000..0.0999 s | entradas=1166 DEFORMADAS=1165 sin_deformar=0 tarde=0 cola=1
[INFO] [1789713711.452394, 121.659000]: nube: 28110 puntos, 360 sectores (0 vacios), costura en 0.0 deg, sentido +1, desfases 0.0000..0.0999 s | entradas=1216 DEFORMADAS=1215 sin_deformar=0 tarde=0 cola=1
[INFO] [1789713722.788769, 126.667000]: nube: 28110 puntos, 360 sectores (0 vacios), costura en 0.0 deg, sentido +1, desfases 0.0000..0.0999 s | entradas=1266 DEFORMADAS=1265 sin_deformar=0 tarde=0 cola=1
[INFO] [1789713734.524883, 131.755500]: nube: 28110 puntos, 360 sectores (0 vacios), costura en 0.0 deg, sentido +1, desfases 0.0000..0.0999 s | entradas=1317 DEFORMADAS=1316 sin_deformar=0 tarde=0 cola=1
[INFO] [1789713746.150394, 136.756000]: nube: 28110 puntos, 360 sectores (0 vacios), costura en 0.0 deg, sentido +1, desfases 0.0000..0.0999 s | entradas=1367 DEFORMADAS=1366 sin_deformar=0 tarde=0 cola=1
[INFO] [1789713757.632429, 141.759000]: nube: 28110 puntos, 360 sectores (0 vacios), costura en 0.0 deg, sentido +1, desfases 0.0000..0.0999 s | entradas=1417 DEFORMADAS=1416 sin_deformar=0 tarde=0 cola=1
[INFO] [1789713769.253500, 146.859000]: nube: 28110 puntos, 360 sectores (0 vacios), costura en 0.0 deg, sentido +1, desfases 0.0000..0.0999 s | entradas=1468 DEFORMADAS=1467 sin_deformar=0 tarde=0 cola=1
[INFO] [1789713780.570510, 151.861500]: nube: 28110 puntos, 360 sectores (0 vacios), costura en 0.0 deg, sentido +1, desfases 0.0000..0.0999 s | entradas=1518 DEFORMADAS=1517 sin_deformar=0 tarde=0 cola=1
[INFO] [1789713792.120035, 156.967500]: nube: 28110 puntos, 360 sectores (0 vacios), costura en 0.0 deg, sentido +1, desfases 0.0000..0.0999 s | entradas=1569 DEFORMADAS=1568 sin_deformar=0 tarde=0 cola=1
[INFO] [1789713803.849298, 162.058000]: nube: 28110 puntos, 360 sectores (0 vacios), costura en 0.0 deg, sentido +1, desfases 0.0000..0.0999 s | entradas=1620 DEFORMADAS=1619 sin_deformar=0 tarde=0 cola=1
[INFO] [1789713815.248208, 167.157500]: nube: 28110 puntos, 360 sectores (0 vacios), costura en 0.0 deg, sentido +1, desfases 0.0000..0.0999 s | entradas=1671 DEFORMADAS=1670 sin_deformar=0 tarde=0 cola=1
[INFO] [1789713826.549974, 172.158000]: nube: 28110 puntos, 360 sectores (0 vacios), costura en 0.0 deg, sentido +1, desfases 0.0000..0.0999 s | entradas=1721 DEFORMADAS=1720 sin_deformar=0 tarde=0 cola=1
[INFO] [1789713837.949639, 177.170500]: nube: 28110 puntos, 360 sectores (0 vacios), costura en 0.0 deg, sentido +1, desfases 0.0000..0.0999 s | entradas=1771 DEFORMADAS=1770 sin_deformar=0 tarde=0 cola=1
[INFO] [1789713849.594660, 182.263500]: nube: 28110 puntos, 360 sectores (0 vacios), costura en 0.0 deg, sentido +1, desfases 0.0000..0.0999 s | entradas=1822 DEFORMADAS=1821 sin_deformar=0 tarde=0 cola=1
[INFO] [1789713861.200694, 187.357000]: nube: 28110 puntos, 360 sectores (0 vacios), costura en 0.0 deg, sentido +1, desfases 0.0000..0.0999 s | entradas=1873 DEFORMADAS=1872 sin_deformar=0 tarde=0 cola=1
[INFO] [1789713872.377109, 192.363500]: nube: 28110 puntos, 360 sectores (0 vacios), costura en 0.0 deg, sentido +1, desfases 0.0000..0.0999 s | entradas=1923 DEFORMADAS=1922 sin_deformar=0 tarde=0 cola=1
[INFO] [1789713883.671638, 197.365500]: nube: 28110 puntos, 360 sectores (0 vacios), costura en 0.0 deg, sentido +1, desfases 0.0000..0.0999 s | entradas=1973 DEFORMADAS=1972 sin_deformar=0 tarde=0 cola=1
[INFO] [1789713895.351556, 202.453500]: nube: 28110 puntos, 360 sectores (0 vacios), costura en 0.0 deg, sentido +1, desfases 0.0000..0.0999 s | entradas=2024 DEFORMADAS=2023 sin_deformar=0 tarde=0 cola=1
[INFO] [1789713906.824432, 207.457500]: nube: 28110 puntos, 360 sectores (0 vacios), costura en 0.0 deg, sentido +1, desfases 0.0000..0.0999 s | entradas=2074 DEFORMADAS=2073 sin_deformar=0 tarde=0 cola=1
[INFO] [1789713918.370992, 212.466000]: nube: 28110 puntos, 360 sectores (0 vacios), costura en 0.0 deg, sentido +1, desfases 0.0000..0.0999 s | entradas=2124 DEFORMADAS=2123 sin_deformar=0 tarde=0 cola=1
[INFO] [1789713929.918396, 217.559000]: nube: 28110 puntos, 360 sectores (0 vacios), costura en 0.0 deg, sentido +1, desfases 0.0000..0.0999 s | entradas=2175 DEFORMADAS=2174 sin_deformar=0 tarde=0 cola=1
[INFO] [1789713941.573267, 222.660000]: nube: 28110 puntos, 360 sectores (0 vacios), costura en 0.0 deg, sentido +1, desfases 0.0000..0.0999 s | entradas=2226 DEFORMADAS=2225 sin_deformar=0 tarde=0 cola=1
[INFO] [1789713953.217749, 227.760000]: nube: 28110 puntos, 360 sectores (0 vacios), costura en 0.0 deg, sentido +1, desfases 0.0000..0.0999 s | entradas=2277 DEFORMADAS=2276 sin_deformar=0 tarde=0 cola=1
[INFO] [1789713964.943589, 232.767500]: nube: 28110 puntos, 360 sectores (0 vacios), costura en 0.0 deg, sentido +1, desfases 0.0000..0.0999 s | entradas=2327 DEFORMADAS=2326 sin_deformar=0 tarde=0 cola=1
[INFO] [1789713976.373130, 237.854000]: nube: 28110 puntos, 360 sectores (0 vacios), costura en 0.0 deg, sentido +1, desfases 0.0000..0.0999 s | entradas=2378 DEFORMADAS=2377 sin_deformar=0 tarde=0 cola=1
[INFO] [1789713987.883564, 242.860000]: nube: 28110 puntos, 360 sectores (0 vacios), costura en 0.0 deg, sentido +1, desfases 0.0000..0.0999 s | entradas=2428 DEFORMADAS=2427 sin_deformar=0 tarde=0 cola=1
[INFO] [1789713999.270859, 247.869000]: nube: 28110 puntos, 360 sectores (0 vacios), costura en 0.0 deg, sentido +1, desfases 0.0000..0.0999 s | entradas=2478 DEFORMADAS=2477 sin_deformar=0 tarde=0 cola=1
[INFO] [1789714010.641520, 252.969500]: nube: 28110 puntos, 360 sectores (0 vacios), costura en 0.0 deg, sentido +1, desfases 0.0000..0.0999 s | entradas=2529 DEFORMADAS=2528 sin_deformar=0 tarde=0 cola=1
[INFO] [1789714023.067332, 258.062500]: nube: 28110 puntos, 360 sectores (0 vacios), costura en 0.0 deg, sentido +1, desfases 0.0000..0.0999 s | entradas=2580 DEFORMADAS=2579 sin_deformar=0 tarde=0 cola=1
[INFO] [1789714034.430147, 263.173500]: nube: 28110 puntos, 360 sectores (0 vacios), costura en 0.0 deg, sentido +1, desfases 0.0000..0.0999 s | entradas=2631 DEFORMADAS=2630 sin_deformar=0 tarde=0 cola=1
[INFO] [1789714046.405652, 268.272000]: nube: 28110 puntos, 360 sectores (0 vacios), costura en 0.0 deg, sentido +1, desfases 0.0000..0.0999 s | entradas=2682 DEFORMADAS=2681 sin_deformar=0 tarde=0 cola=1
[INFO] [1789714058.172838, 273.359500]: nube: 28098 puntos, 360 sectores (0 vacios), costura en 0.0 deg, sentido +1, desfases 0.0000..0.0999 s | entradas=2733 DEFORMADAS=2732 sin_deformar=0 tarde=0 cola=1
[INFO] [1789714070.389990, 278.465000]: nube: 28110 puntos, 360 sectores (0 vacios), costura en 0.0 deg, sentido +1, desfases 0.0000..0.0999 s | entradas=2784 DEFORMADAS=2783 sin_deformar=0 tarde=0 cola=1
[INFO] [1789714081.906027, 283.467500]: nube: 28098 puntos, 360 sectores (0 vacios), costura en 0.0 deg, sentido +1, desfases 0.0000..0.0999 s | entradas=2834 DEFORMADAS=2833 sin_deformar=0 tarde=0 cola=1
[INFO] [1789714093.543456, 288.564000]: nube: 28110 puntos, 360 sectores (0 vacios), costura en 0.0 deg, sentido +1, desfases 0.0000..0.0999 s | entradas=2885 DEFORMADAS=2884 sin_deformar=0 tarde=0 cola=1
[INFO] [1789714104.969969, 293.654500]: nube: 24411 puntos, 360 sectores (11 vacios), costura en 0.0 deg, sentido +1, desfases 0.0000..0.0999 s | entradas=2936 DEFORMADAS=2935 sin_deformar=0 tarde=0 cola=1
[INFO] [1789714116.065804, 298.655500]: nube: 28110 puntos, 360 sectores (0 vacios), costura en 0.0 deg, sentido +1, desfases 0.0000..0.0999 s | entradas=2986 DEFORMADAS=2985 sin_deformar=0 tarde=0 cola=1
[INFO] [1789714127.204920, 303.656000]: nube: 28110 puntos, 360 sectores (0 vacios), costura en 0.0 deg, sentido +1, desfases 0.0000..0.0999 s | entradas=3036 DEFORMADAS=3035 sin_deformar=0 tarde=0 cola=1
[INFO] [1789714138.425532, 308.666000]: nube: 28110 puntos, 360 sectores (0 vacios), costura en 0.0 deg, sentido +1, desfases 0.0000..0.0999 s | entradas=3086 DEFORMADAS=3085 sin_deformar=0 tarde=0 cola=1
[INFO] [1789714149.969532, 313.759500]: nube: 28103 puntos, 360 sectores (0 vacios), costura en 0.0 deg, sentido +1, desfases 0.0000..0.0999 s | entradas=3137 DEFORMADAS=3136 sin_deformar=0 tarde=0 cola=1
[INFO] [1789714162.091919, 318.766500]: nube: 28110 puntos, 360 sectores (0 vacios), costura en 0.0 deg, sentido +1, desfases 0.0000..0.0999 s | entradas=3187 DEFORMADAS=3186 sin_deformar=0 tarde=0 cola=1
[INFO] [1789714174.904874, 323.873000]: nube: 28103 puntos, 360 sectores (0 vacios), costura en 0.0 deg, sentido +1, desfases 0.0000..0.0999 s | entradas=3238 DEFORMADAS=3237 sin_deformar=0 tarde=0 cola=1
[INFO] [1789714187.913456, 328.963000]: nube: 28096 puntos, 360 sectores (0 vacios), costura en 0.0 deg, sentido +1, desfases 0.0000..0.0999 s | entradas=3289 DEFORMADAS=3288 sin_deformar=0 tarde=0 cola=1
[INFO] [1789714200.310965, 333.978000]: nube: 28101 puntos, 360 sectores (0 vacios), costura en 0.0 deg, sentido +1, desfases 0.0000..0.0999 s | entradas=3339 DEFORMADAS=3338 sin_deformar=0 tarde=0 cola=1
[INFO] [1789714213.035416, 339.061000]: nube: 28110 puntos, 360 sectores (0 vacios), costura en 0.0 deg, sentido +1, desfases 0.0000..0.0999 s | entradas=3390 DEFORMADAS=3389 sin_deformar=0 tarde=0 cola=1
[INFO] [1789714225.261905, 344.063500]: nube: 28110 puntos, 360 sectores (0 vacios), costura en 0.0 deg, sentido +1, desfases 0.0000..0.0999 s | entradas=3440 DEFORMADAS=3439 sin_deformar=0 tarde=0 cola=1
[INFO] [1789714237.638453, 349.067500]: nube: 28110 puntos, 360 sectores (0 vacios), costura en 0.0 deg, sentido +1, desfases 0.0000..0.0999 s | entradas=3490 DEFORMADAS=3489 sin_deformar=0 tarde=0 cola=1
[INFO] [1789714250.260128, 354.169000]: nube: 28110 puntos, 360 sectores (0 vacios), costura en 0.0 deg, sentido +1, desfases 0.0000..0.0999 s | entradas=3541 DEFORMADAS=3540 sin_deformar=0 tarde=0 cola=1
[INFO] [1789714261.948286, 359.260000]: nube: 28110 puntos, 360 sectores (0 vacios), costura en 0.0 deg, sentido +1, desfases 0.0000..0.0999 s | entradas=3592 DEFORMADAS=3591 sin_deformar=0 tarde=0 cola=1
[INFO] [1789714273.479854, 364.366500]: nube: 28110 puntos, 360 sectores (0 vacios), costura en 0.0 deg, sentido +1, desfases 0.0000..0.0999 s | entradas=3643 DEFORMADAS=3642 sin_deformar=0 tarde=0 cola=1
[INFO] [1789714285.011899, 369.463500]: nube: 28110 puntos, 360 sectores (0 vacios), costura en 0.0 deg, sentido +1, desfases 0.0000..0.0999 s | entradas=3694 DEFORMADAS=3693 sin_deformar=0 tarde=0 cola=1
[INFO] [1789714296.430387, 374.564000]: nube: 28110 puntos, 360 sectores (0 vacios), costura en 0.0 deg, sentido +1, desfases 0.0000..0.0999 s | entradas=3745 DEFORMADAS=3744 sin_deformar=0 tarde=0 cola=1
[INFO] [1789714307.945491, 379.660000]: nube: 28110 puntos, 360 sectores (0 vacios), costura en 0.0 deg, sentido +1, desfases 0.0000..0.0999 s | entradas=3796 DEFORMADAS=3795 sin_deformar=0 tarde=0 cola=1
[INFO] [1789714319.236027, 384.663000]: nube: 28110 puntos, 360 sectores (0 vacios), costura en 0.0 deg, sentido +1, desfases 0.0000..0.0999 s | entradas=3846 DEFORMADAS=3845 sin_deformar=0 tarde=0 cola=1
[INFO] [1789714330.853115, 389.764000]: nube: 28110 puntos, 360 sectores (0 vacios), costura en 0.0 deg, sentido +1, desfases 0.0000..0.0999 s | entradas=3897 DEFORMADAS=3896 sin_deformar=0 tarde=0 cola=1
[INFO] [1789714343.782201, 394.766000]: nube: 28110 puntos, 360 sectores (0 vacios), costura en 0.0 deg, sentido +1, desfases 0.0000..0.0999 s | entradas=3947 DEFORMADAS=3946 sin_deformar=0 tarde=0 cola=1
[INFO] [1789714355.574562, 399.865000]: nube: 28019 puntos, 360 sectores (0 vacios), costura en 0.0 deg, sentido +1, desfases 0.0000..0.0999 s | entradas=3998 DEFORMADAS=3997 sin_deformar=0 tarde=0 cola=1
[INFO] [1789714366.887996, 404.873000]: nube: 28110 puntos, 360 sectores (0 vacios), costura en 0.0 deg, sentido +1, desfases 0.0000..0.0999 s | entradas=4048 DEFORMADAS=4047 sin_deformar=0 tarde=0 cola=1
[INFO] [1789714378.570109, 409.971000]: nube: 28110 puntos, 360 sectores (0 vacios), costura en 0.0 deg, sentido +1, desfases 0.0000..0.0999 s | entradas=4099 DEFORMADAS=4098 sin_deformar=0 tarde=0 cola=1
[INFO] [1789714389.993846, 415.059500]: nube: 28110 puntos, 360 sectores (0 vacios), costura en 0.0 deg, sentido +1, desfases 0.0000..0.0999 s | entradas=4150 DEFORMADAS=4149 sin_deformar=0 tarde=0 cola=1
[INFO] [1789714401.551076, 420.065500]: nube: 28110 puntos, 360 sectores (0 vacios), costura en 0.0 deg, sentido +1, desfases 0.0000..0.0999 s | entradas=4200 DEFORMADAS=4199 sin_deformar=0 tarde=0 cola=1
[INFO] [1789714413.402350, 425.158000]: nube: 28110 puntos, 360 sectores (0 vacios), costura en 0.0 deg, sentido +1, desfases 0.0000..0.0999 s | entradas=4251 DEFORMADAS=4250 sin_deformar=0 tarde=0 cola=1
[INFO] [1789714425.105597, 430.160000]: nube: 28110 puntos, 360 sectores (0 vacios), costura en 0.0 deg, sentido +1, desfases 0.0000..0.0999 s | entradas=4301 DEFORMADAS=4300 sin_deformar=0 tarde=0 cola=1
[INFO] [1789714436.856472, 435.165500]: nube: 28110 puntos, 360 sectores (0 vacios), costura en 0.0 deg, sentido +1, desfases 0.0000..0.0999 s | entradas=4351 DEFORMADAS=4350 sin_deformar=0 tarde=0 cola=1
[INFO] [1789714448.511623, 440.263500]: nube: 28110 puntos, 360 sectores (0 vacios), costura en 0.0 deg, sentido +1, desfases 0.0000..0.0999 s | entradas=4402 DEFORMADAS=4401 sin_deformar=0 tarde=0 cola=1
[INFO] [1789714460.100178, 445.356500]: nube: 28110 puntos, 360 sectores (0 vacios), costura en 0.0 deg, sentido +1, desfases 0.0000..0.0999 s | entradas=4453 DEFORMADAS=4452 sin_deformar=0 tarde=0 cola=1
[INFO] [1789714471.508952, 450.361500]: nube: 28110 puntos, 360 sectores (0 vacios), costura en 0.0 deg, sentido +1, desfases 0.0000..0.0999 s | entradas=4503 DEFORMADAS=4502 sin_deformar=0 tarde=0 cola=1
[INFO] [1789714482.901109, 455.365500]: nube: 28110 puntos, 360 sectores (0 vacios), costura en 0.0 deg, sentido +1, desfases 0.0000..0.0999 s | entradas=4553 DEFORMADAS=4552 sin_deformar=0 tarde=0 cola=1
[INFO] [1789714494.287662, 460.457000]: nube: 28110 puntos, 360 sectores (0 vacios), costura en 0.0 deg, sentido +1, desfases 0.0000..0.0999 s | entradas=4604 DEFORMADAS=4603 sin_deformar=0 tarde=0 cola=1
[INFO] [1789714505.845418, 465.466500]: nube: 28110 puntos, 360 sectores (0 vacios), costura en 0.0 deg, sentido +1, desfases 0.0000..0.0999 s | entradas=4654 DEFORMADAS=4653 sin_deformar=0 tarde=0 cola=1
[INFO] [1789714517.238558, 470.467500]: nube: 28110 puntos, 360 sectores (0 vacios), costura en 0.0 deg, sentido +1, desfases 0.0000..0.0999 s | entradas=4704 DEFORMADAS=4703 sin_deformar=0 tarde=0 cola=1
[INFO] [1789714528.479034, 475.468000]: nube: 28110 puntos, 360 sectores (0 vacios), costura en 0.0 deg, sentido +1, desfases 0.0000..0.0999 s | entradas=4754 DEFORMADAS=4753 sin_deformar=0 tarde=0 cola=1
[INFO] [1789714540.277746, 480.561000]: nube: 28110 puntos, 360 sectores (0 vacios), costura en 0.0 deg, sentido +1, desfases 0.0000..0.0999 s | entradas=4805 DEFORMADAS=4804 sin_deformar=0 tarde=0 cola=1
[INFO] [1789714552.048817, 485.669000]: nube: 28110 puntos, 360 sectores (0 vacios), costura en 0.0 deg, sentido +1, desfases 0.0000..0.0999 s | entradas=4856 DEFORMADAS=4855 sin_deformar=0 tarde=0 cola=1
[INFO] [1789714563.606232, 490.756000]: nube: 28110 puntos, 360 sectores (0 vacios), costura en 0.0 deg, sentido +1, desfases 0.0000..0.0999 s | entradas=4907 DEFORMADAS=4906 sin_deformar=0 tarde=0 cola=1
[INFO] [1789714575.160554, 495.758000]: nube: 28110 puntos, 360 sectores (0 vacios), costura en 0.0 deg, sentido +1, desfases 0.0000..0.0999 s | entradas=4957 DEFORMADAS=4956 sin_deformar=0 tarde=0 cola=1
[INFO] [1789714586.911712, 500.758500]: nube: 28110 puntos, 360 sectores (0 vacios), costura en 0.0 deg, sentido +1, desfases 0.0000..0.0999 s | entradas=5007 DEFORMADAS=5006 sin_deformar=0 tarde=0 cola=1
[INFO] [1789714598.419437, 505.759000]: nube: 28110 puntos, 360 sectores (0 vacios), costura en 0.0 deg, sentido +1, desfases 0.0000..0.0999 s | entradas=5057 DEFORMADAS=5056 sin_deformar=0 tarde=0 cola=1
[INFO] [1789714609.945571, 510.860000]: nube: 28110 puntos, 360 sectores (0 vacios), costura en 0.0 deg, sentido +1, desfases 0.0000..0.0999 s | entradas=5108 DEFORMADAS=5107 sin_deformar=0 tarde=0 cola=1
[INFO] [1789714621.321005, 515.865000]: nube: 28110 puntos, 360 sectores (0 vacios), costura en 0.0 deg, sentido +1, desfases 0.0000..0.0999 s | entradas=5158 DEFORMADAS=5157 sin_deformar=0 tarde=0 cola=1
[INFO] [1789714632.638889, 520.867000]: nube: 28110 puntos, 360 sectores (0 vacios), costura en 0.0 deg, sentido +1, desfases 0.0000..0.0999 s | entradas=5208 DEFORMADAS=5207 sin_deformar=0 tarde=0 cola=1
[INFO] [1789714644.018021, 525.961500]: nube: 28110 puntos, 360 sectores (0 vacios), costura en 0.0 deg, sentido +1, desfases 0.0000..0.0999 s | entradas=5259 DEFORMADAS=5258 sin_deformar=0 tarde=0 cola=1
[INFO] [1789714655.118828, 530.962500]: nube: 28110 puntos, 360 sectores (0 vacios), costura en 0.0 deg, sentido +1, desfases 0.0000..0.0999 s | entradas=5309 DEFORMADAS=5308 sin_deformar=0 tarde=0 cola=1
[INFO] [1789714666.676521, 536.060000]: nube: 28110 puntos, 360 sectores (0 vacios), costura en 0.0 deg, sentido +1, desfases 0.0000..0.0999 s | entradas=5360 DEFORMADAS=5359 sin_deformar=0 tarde=0 cola=1
[INFO] [1789714677.862186, 541.066000]: nube: 28110 puntos, 360 sectores (0 vacios), costura en 0.0 deg, sentido +1, desfases 0.0000..0.0999 s | entradas=5410 DEFORMADAS=5409 sin_deformar=0 tarde=0 cola=1
[INFO] [1789714689.014413, 546.159500]: nube: 28110 puntos, 360 sectores (0 vacios), costura en 0.0 deg, sentido +1, desfases 0.0000..0.0999 s | entradas=5461 DEFORMADAS=5460 sin_deformar=0 tarde=0 cola=1
[INFO] [1789714701.254661, 551.257000]: nube: 28110 puntos, 360 sectores (0 vacios), costura en 0.0 deg, sentido +1, desfases 0.0000..0.0999 s | entradas=5512 DEFORMADAS=5511 sin_deformar=0 tarde=0 cola=1
[INFO] [1789714714.762477, 556.279500]: nube: 28110 puntos, 360 sectores (0 vacios), costura en 0.0 deg, sentido +1, desfases 0.0000..0.0999 s | entradas=5562 DEFORMADAS=5561 sin_deformar=0 tarde=0 cola=1
[INFO] [1789714729.447156, 561.355500]: nube: 28109 puntos, 360 sectores (0 vacios), costura en 0.0 deg, sentido +1, desfases 0.0000..0.0999 s | entradas=5613 DEFORMADAS=5612 sin_deformar=0 tarde=0 cola=1
[INFO] [1789714740.866414, 566.360000]: nube: 28110 puntos, 360 sectores (0 vacios), costura en 0.0 deg, sentido +1, desfases 0.0000..0.0999 s | entradas=5663 DEFORMADAS=5662 sin_deformar=0 tarde=0 cola=1
[INFO] [1789714752.759240, 571.464000]: nube: 28107 puntos, 360 sectores (0 vacios), costura en 0.0 deg, sentido +1, desfases 0.0000..0.0999 s | entradas=5714 DEFORMADAS=5713 sin_deformar=0 tarde=0 cola=1
[INFO] [1789714764.280190, 576.557500]: nube: 28104 puntos, 360 sectores (0 vacios), costura en 0.0 deg, sentido +1, desfases 0.0000..0.0999 s | entradas=5765 DEFORMADAS=5764 sin_deformar=0 tarde=0 cola=1
[INFO] [1789714775.527865, 581.567500]: nube: 28110 puntos, 360 sectores (0 vacios), costura en 0.0 deg, sentido +1, desfases 0.0000..0.0999 s | entradas=5815 DEFORMADAS=5814 sin_deformar=0 tarde=0 cola=1
[INFO] [1789714786.953602, 586.662000]: nube: 23577 puntos, 360 sectores (36 vacios), costura en 0.0 deg, sentido +1, desfases 0.0000..0.0999 s | entradas=5866 DEFORMADAS=5865 sin_deformar=0 tarde=0 cola=1
[INFO] [1789714798.133300, 591.762500]: nube: 28110 puntos, 360 sectores (0 vacios), costura en 0.0 deg, sentido +1, desfases 0.0000..0.0999 s | entradas=5917 DEFORMADAS=5916 sin_deformar=0 tarde=0 cola=1
[INFO] [1789714808.961004, 596.846000]: nube: 28096 puntos, 360 sectores (0 vacios), costura en 0.0 deg, sentido +1, desfases 0.0000..0.0999 s | entradas=5968 DEFORMADAS=5967 sin_deformar=0 tarde=0 cola=1
[INFO] [1789714818.202338, 601.382000]: imu_ahrs: 60093 muestras, 202 sin gravedad utilizable (0.3%), sesgo=[-0.00625 +0.00200 +0.00762] rad/s
[INFO] [1789714818.205952, 601.382000]: sweep_distortion: entradas=6013 deformadas=6012 sin_deformar=0 tarde=0 sin_montaje=0
Error in XmlRpcClient::writeRequest: write error (Connection refused).
Error in XmlRpcDispatch::work: couldn't find source iterator
Error in XmlRpcClient::writeRequest: write error (Connection refused).
Error in XmlRpcDispatch::work: couldn't find source iterator
Error in XmlRpcClient::writeRequest: write error (Connection refused).
Error in XmlRpcDispatch::work: couldn't find source iterator
Error in XmlRpcClient::writeRequest: write error (Connection refused).
Error in XmlRpcDispatch::work: couldn't find source iterator
Error in XmlRpcClient::writeRequest: write error (Connection refused).
Error in XmlRpcDispatch::work: couldn't find source iterator
Error in XmlRpcClient::writeRequest: write error (Connection refused).
Error in XmlRpcDispatch::work: couldn't find source iterator
Error in XmlRpcClient::writeRequest: write error (Connection refused).
Error in XmlRpcDispatch::work: couldn't find source iterator
[INFO] [1789713436.574368, 0.000000]: twist_to_wheels (Ackermann, 4-wheel counter-steer)
[INFO] [1789713436.574931, 0.000000]:   wheelbase   = 0.7355 m
[INFO] [1789713436.575488, 0.000000]:   front track = 0.4462 m
[INFO] [1789713436.575952, 0.000000]:   rear track  = 0.5757 m
[INFO] [1789713436.577065, 0.000000]:   wheel radius= 0.1480 m
[INFO] [1789713436.577695, 0.000000]:   max steer   = 1.100 rad (63.0 deg)
[INFO] [1789713436.578270, 0.000000]:   min turn radius at full lock = 0.187 m
[WARN] [1789713436.583842, 0.000000]: Rocker differential DISABLED (~enabled=false): rockers are independent. This is the ablation configuration, not the nominal robot.
... logging to /home/alessandro/.ros/log/63039fbe-b32b-11f1-8ba6-4d711d8e6fc4/roslaunch-LAPTOP-EU6F9FQD-40990.log
Checking log directory for disk usage. This may take a while.
Press Ctrl-C to interrupt
Done checking log file disk usage. Usage is <1GB.
]2;/home/alessandro/journal_comparison/src/rocker_bogie/launch/lcmine_rocker_bogie_world.launch
[1mstarted roslaunch server http://LAPTOP-EU6F9FQD:43095/[0m

SUMMARY
========

PARAMETERS
 * /gazebo/enable_ros_network: True
 * /imu_ahrs/accel_gate: 0.15
 * /imu_ahrs/angular_velocity_stddev: 0.009
 * /imu_ahrs/bias_samples: 200
 * /imu_ahrs/linear_acceleration_stddev: 0.021
 * /imu_ahrs/orientation_stddev: 0.02
 * /imu_ahrs/tau: 1.0
 * /rocker_bogie/gazebo_ros_control/pid_gains/rev_10/d: 0.0
 * /rocker_bogie/gazebo_ros_control/pid_gains/rev_10/i: 9.831
 * /rocker_bogie/gazebo_ros_control/pid_gains/rev_10/i_clamp: 20.0
 * /rocker_bogie/gazebo_ros_control/pid_gains/rev_10/p: 10.225
 * /rocker_bogie/gazebo_ros_control/pid_gains/rev_11/d: 0.0
 * /rocker_bogie/gazebo_ros_control/pid_gains/rev_11/i: 9.831
 * /rocker_bogie/gazebo_ros_control/pid_gains/rev_11/i_clamp: 20.0
 * /rocker_bogie/gazebo_ros_control/pid_gains/rev_11/p: 10.225
 * /rocker_bogie/gazebo_ros_control/pid_gains/rev_12/d: 0.0
 * /rocker_bogie/gazebo_ros_control/pid_gains/rev_12/i: 9.831
 * /rocker_bogie/gazebo_ros_control/pid_gains/rev_12/i_clamp: 20.0
 * /rocker_bogie/gazebo_ros_control/pid_gains/rev_12/p: 10.225
 * /rocker_bogie/gazebo_ros_control/pid_gains/rev_13/d: 0.0
 * /rocker_bogie/gazebo_ros_control/pid_gains/rev_13/i: 9.831
 * /rocker_bogie/gazebo_ros_control/pid_gains/rev_13/i_clamp: 20.0
 * /rocker_bogie/gazebo_ros_control/pid_gains/rev_13/p: 10.225
 * /rocker_bogie/gazebo_ros_control/pid_gains/rev_14/d: 0.0
 * /rocker_bogie/gazebo_ros_control/pid_gains/rev_14/i: 9.831
 * /rocker_bogie/gazebo_ros_control/pid_gains/rev_14/i_clamp: 20.0
 * /rocker_bogie/gazebo_ros_control/pid_gains/rev_14/p: 10.225
 * /rocker_bogie/gazebo_ros_control/pid_gains/rev_5/d: 0.474
 * /rocker_bogie/gazebo_ros_control/pid_gains/rev_5/i: 2.37
 * /rocker_bogie/gazebo_ros_control/pid_gains/rev_5/p: 23.702
 * /rocker_bogie/gazebo_ros_control/pid_gains/rev_6/d: 0.474
 * /rocker_bogie/gazebo_ros_control/pid_gains/rev_6/i: 2.37
 * /rocker_bogie/gazebo_ros_control/pid_gains/rev_6/p: 23.702
 * /rocker_bogie/gazebo_ros_control/pid_gains/rev_7/d: 0.474
 * /rocker_bogie/gazebo_ros_control/pid_gains/rev_7/i: 2.37
 * /rocker_bogie/gazebo_ros_control/pid_gains/rev_7/p: 23.702
 * /rocker_bogie/gazebo_ros_control/pid_gains/rev_8/d: 0.474
 * /rocker_bogie/gazebo_ros_control/pid_gains/rev_8/i: 2.37
 * /rocker_bogie/gazebo_ros_control/pid_gains/rev_8/p: 23.702
 * /rocker_bogie/gazebo_ros_control/pid_gains/rev_9/d: 0.0
 * /rocker_bogie/gazebo_ros_control/pid_gains/rev_9/i: 9.831
 * /rocker_bogie/gazebo_ros_control/pid_gains/rev_9/i_clamp: 20.0
 * /rocker_bogie/gazebo_ros_control/pid_gains/rev_9/p: 10.225
 * /rocker_bogie/joint_state_controller/publish_rate: 50
 * /rocker_bogie/joint_state_controller/type: joint_state_contr...
 * /rocker_bogie/robot_description: <?xml version="1....
 * /rocker_bogie/robot_state_publisher/tf_prefix: rocker_bogie
 * /rocker_bogie/rocker_diff_effort_left/joint: rocker_pivot_left
 * /rocker_bogie/rocker_diff_effort_left/type: effort_controller...
 * /rocker_bogie/rocker_diff_effort_right/joint: rocker_pivot_right
 * /rocker_bogie/rocker_diff_effort_right/type: effort_controller...
 * /rocker_bogie/rocker_differential/damping: 28.44
 * /rocker_bogie/rocker_differential/enabled: False
 * /rocker_bogie/rocker_differential/inertia: 4.046
 * /rocker_bogie/rocker_differential/max_torque: 189.6
 * /rocker_bogie/rocker_differential/stiffness: 948.08
 * /rocker_bogie/steer_controller_fl/joint: rev_5
 * /rocker_bogie/steer_controller_fl/type: position_controll...
 * /rocker_bogie/steer_controller_fr/joint: rev_7
 * /rocker_bogie/steer_controller_fr/type: position_controll...
 * /rocker_bogie/steer_controller_rl/joint: rev_6
 * /rocker_bogie/steer_controller_rl/type: position_controll...
 * /rocker_bogie/steer_controller_rr/joint: rev_8
 * /rocker_bogie/steer_controller_rr/type: position_controll...
 * /rocker_bogie/twist_to_wheels/front_track: 0.4462
 * /rocker_bogie/twist_to_wheels/max_steer_angle: 1.1
 * /rocker_bogie/twist_to_wheels/min_angular: 0.0
 * /rocker_bogie/twist_to_wheels/rear_track: 0.5757
 * /rocker_bogie/twist_to_wheels/wheel_radius: 0.148
 * /rocker_bogie/twist_to_wheels/wheelbase: 0.7355
 * /rocker_bogie/wheel_vel_controller_fl/joint: rev_11
 * /rocker_bogie/wheel_vel_controller_fl/type: velocity_controll...
 * /rocker_bogie/wheel_vel_controller_fr/joint: rev_12
 * /rocker_bogie/wheel_vel_controller_fr/type: velocity_controll...
 * /rocker_bogie/wheel_vel_controller_ml/joint: rev_10
 * /rocker_bogie/wheel_vel_controller_ml/type: velocity_controll...
 * /rocker_bogie/wheel_vel_controller_mr/joint: rev_13
 * /rocker_bogie/wheel_vel_controller_mr/type: velocity_controll...
 * /rocker_bogie/wheel_vel_controller_rl/joint: rev_9
 * /rocker_bogie/wheel_vel_controller_rl/type: velocity_controll...
 * /rocker_bogie/wheel_vel_controller_rr/joint: rev_14
 * /rocker_bogie/wheel_vel_controller_rr/type: velocity_controll...
 * /rosdistro: noetic
 * /rosversion: 1.17.4
 * /sweep_distortion/base_frame: rocker_bogie/base...
 * /sweep_distortion/cut_angle_deg: 0.0
 * /sweep_distortion/frame_id: rocker_bogie/velo...
 * /sweep_distortion/input: /velodyne_points_raw
 * /sweep_distortion/model_name: rocker_bogie
 * /sweep_distortion/output: /velodyne_points
 * /sweep_distortion/rotor_dir: 1
 * /sweep_distortion/rotor_hz: 10.0
 * /sweep_distortion/sectors: 360
 * /swept_robot_description: <robot name="ensa...
 * /use_sim_time: True

NODES
  /
    gazebo (gazebo_ros/gzserver)
    gazebo_gui (gazebo_ros/gzclient)
    imu_ahrs (robot_metrics/imu_ahrs.py)
    spawn_rocker_bogie (gazebo_ros/spawn_model)
    sweep_distortion (robot_metrics/sweep_distortion.py)
  /rocker_bogie/
    controller_starter (controller_manager/controller_manager)
    robot_state_publisher (robot_state_publisher/robot_state_publisher)
    rocker_differential (rocker_bogie/rocker_differential.py)
    twist_to_wheels (rocker_bogie/twist_to_wheels.py)

auto-starting new master
[1mprocess[master]: started with pid [41049][0m
[1mROS_MASTER_URI=http://localhost:11311[0m
]2;/home/alessandro/journal_comparison/src/rocker_bogie/launch/lcmine_rocker_bogie_world.launch http://localhost:11311
[1msetting /run_id to 63039fbe-b32b-11f1-8ba6-4d711d8e6fc4[0m
[1mprocess[rosout-1]: started with pid [41074][0m
started core service [/rosout]
[1mprocess[gazebo-2]: started with pid [41080][0m
[1mprocess[gazebo_gui-3]: started with pid [41084][0m
[1mprocess[spawn_rocker_bogie-4]: started with pid [41090][0m
[1mprocess[sweep_distortion-5]: started with pid [41092][0m
[1mprocess[rocker_bogie/controller_starter-6]: started with pid [41093][0m
[1mprocess[rocker_bogie/rocker_differential-7]: started with pid [41094][0m
[1mprocess[rocker_bogie/twist_to_wheels-8]: started with pid [41095][0m
[1mprocess[rocker_bogie/robot_state_publisher-9]: started with pid [41096][0m
[1mprocess[imu_ahrs-10]: started with pid [41105][0m
[1m[spawn_rocker_bogie-4] process has finished cleanly
log file: /home/alessandro/.ros/log/63039fbe-b32b-11f1-8ba6-4d711d8e6fc4/spawn_rocker_bogie-4*.log[0m
[1m[rocker_bogie/controller_starter-6] process has finished cleanly
log file: /home/alessandro/.ros/log/63039fbe-b32b-11f1-8ba6-4d711d8e6fc4/rocker_bogie-controller_starter-6*.log[0m
[imu_ahrs-10] killing on exit
[rocker_bogie/robot_state_publisher-9] killing on exit
[rocker_bogie/twist_to_wheels-8] killing on exit
[rocker_bogie/rocker_differential-7] killing on exit
[sweep_distortion-5] killing on exit
[gazebo_gui-3] killing on exit
[gazebo-2] killing on exit
[rosout-1] killing on exit
[master] killing on exit
shutting down processing monitor...
... shutting down processing monitor complete
[1mdone[0m
