Opening database "/home/alessandro/metrics_husky_r0148/fixed_trajectory/swept_lidar/differential/run04/rtabmap.db"...
Opening database "/home/alessandro/metrics_husky_r0148/fixed_trajectory/swept_lidar/differential/run04/rtabmap.db"... done (0.000169s).
Optimizing the map (Full global optimization)...
Optimizing the map (Full global optimization)... done (0.090718s, poses=628, links=2075).
Processed 7/628 (1%) nodes...
Processed 13/628 (2%) nodes...
Processed 19/628 (3%) nodes...
Processed 26/628 (4%) nodes...
Processed 32/628 (5%) nodes...
Processed 38/628 (6%) nodes...
Processed 44/628 (7%) nodes...
Processed 51/628 (8%) nodes...
Processed 57/628 (9%) nodes...
Processed 63/628 (10%) nodes...
Processed 70/628 (11%) nodes...
Processed 76/628 (12%) nodes...
Processed 82/628 (13%) nodes...
Processed 88/628 (14%) nodes...
Processed 95/628 (15%) nodes...
Processed 101/628 (16%) nodes...
Processed 107/628 (17%) nodes...
Processed 114/628 (18%) nodes...
Processed 120/628 (19%) nodes...
Processed 126/628 (20%) nodes...
Processed 132/628 (21%) nodes...
Processed 139/628 (22%) nodes...
Processed 145/628 (23%) nodes...
Processed 151/628 (24%) nodes...
Processed 157/628 (25%) nodes...
Processed 164/628 (26%) nodes...
Processed 170/628 (27%) nodes...
Processed 176/628 (28%) nodes...
Processed 183/628 (29%) nodes...
Processed 189/628 (30%) nodes...
Processed 195/628 (31%) nodes...
Processed 201/628 (32%) nodes...
Processed 208/628 (33%) nodes...
Processed 214/628 (34%) nodes...
Processed 220/628 (35%) nodes...
Processed 227/628 (36%) nodes...
Processed 233/628 (37%) nodes...
Processed 239/628 (38%) nodes...
Processed 245/628 (39%) nodes...
Processed 252/628 (40%) nodes...
Processed 258/628 (41%) nodes...
Processed 264/628 (42%) nodes...
Processed 271/628 (43%) nodes...
Processed 277/628 (44%) nodes...
Processed 283/628 (45%) nodes...
Processed 289/628 (46%) nodes...
Processed 296/628 (47%) nodes...
Processed 302/628 (48%) nodes...
Processed 308/628 (49%) nodes...
Processed 314/628 (50%) nodes...
Processed 321/628 (51%) nodes...
Processed 327/628 (52%) nodes...
Processed 333/628 (53%) nodes...
Processed 340/628 (54%) nodes...
Processed 346/628 (55%) nodes...
Processed 352/628 (56%) nodes...
Processed 358/628 (57%) nodes...
Processed 365/628 (58%) nodes...
Processed 371/628 (59%) nodes...
Processed 377/628 (60%) nodes...
Processed 384/628 (61%) nodes...
Processed 390/628 (62%) nodes...
Processed 396/628 (63%) nodes...
Processed 402/628 (64%) nodes...
Processed 409/628 (65%) nodes...
Processed 415/628 (66%) nodes...
Processed 421/628 (67%) nodes...
Processed 428/628 (68%) nodes...
Processed 434/628 (69%) nodes...
Processed 440/628 (70%) nodes...
Processed 446/628 (71%) nodes...
Processed 453/628 (72%) nodes...
Processed 459/628 (73%) nodes...
Processed 465/628 (74%) nodes...
Processed 471/628 (75%) nodes...
Processed 478/628 (76%) nodes...
Processed 484/628 (77%) nodes...
Processed 490/628 (78%) nodes...
Processed 497/628 (79%) nodes...
Processed 503/628 (80%) nodes...
Processed 509/628 (81%) nodes...
Processed 515/628 (82%) nodes...
Processed 522/628 (83%) nodes...
Processed 528/628 (84%) nodes...
Processed 534/628 (85%) nodes...
Processed 541/628 (86%) nodes...
Processed 547/628 (87%) nodes...
Processed 553/628 (88%) nodes...
Processed 559/628 (89%) nodes...
Processed 566/628 (90%) nodes...
Processed 572/628 (91%) nodes...
Processed 578/628 (92%) nodes...
Processed 585/628 (93%) nodes...
Processed 591/628 (94%) nodes...
Processed 597/628 (95%) nodes...
Processed 603/628 (96%) nodes...
Processed 610/628 (97%) nodes...
Processed 616/628 (98%) nodes...
Processed 622/628 (99%) nodes...
Processed 628/628 (100%) nodes...
628 poses exported to "/home/alessandro/metrics_husky_r0148/fixed_trajectory/swept_lidar/differential/run04/opt_traj_poses.txt". (min=[-16.201887,-40.027668,-0.843002] max=[21.397699,1.292505,7.338804])
