xacro: in-order processing became default in ROS Melodic. You can drop the option.
[33m[WARN] [1790668193.612008020]: The root link base_link has an inertia specified in the URDF, but KDL does not support a root link with an inertia.  As a workaround, you can add an extra dummy link to your URDF.[0m
[INFO] [1790668193.877603, 0.000000]: imu_ahrs: filtro complementario tau=1.00 s, compuerta |a|/g +-15%, sesgo con 200 muestras quieto
[WARN] [1790668199.240399, 0.000500]: el modelo "differential" no esta en /gazebo/model_states; nombres=['grass_plane', 'w1', 'w2', 'w3', 'w4', 'w5', 'w6', 'lc_mine', 'ramp', 'bump']
[INFO] [1790668193.977341, 0.000000]: Loading model XML from ros parameter swept_robot_description
[INFO] [1790668193.980232, 0.000000]: Waiting for service /gazebo/spawn_sdf_model
[INFO] [1790668196.690351, 0.000000]: Calling service /gazebo/spawn_sdf_model
[INFO] [1790668199.470380, 0.000500]: Spawn status: SpawnModel: Successfully spawned entity
Loaded 'joint_state_controller'
Loaded 'wheel_vel_controller_fl'
Loaded 'wheel_vel_controller_fr'
Loaded 'wheel_vel_controller_rl'
Loaded 'wheel_vel_controller_rr'
Started ['joint_state_controller'] successfully
Started ['wheel_vel_controller_fl'] successfully
Started ['wheel_vel_controller_fr'] successfully
Started ['wheel_vel_controller_rl'] successfully
Started ['wheel_vel_controller_rr'] successfully
[INFO] [1790668201.727764, 0.997500]: montaje husky/base_link <- husky/velodyne_base_link: xyz=(0.0000, 0.0000, 0.5192)
[INFO] [1790668201.729507, 0.999000]: la nube ya trae canal de tiempo "time"; se reutiliza
[INFO] [1790668201.893871, 1.081000]: nube: 27849 puntos, 360 sectores (0 vacios), costura en 0.0 deg, sentido +1, desfases 0.0000..0.0999 s | entradas=2 DEFORMADAS=1 sin_deformar=0 tarde=0 cola=1
[INFO] [1790668204.476141, 2.371000]: imu_ahrs: sesgo del giroscopo [+0.00600 +0.00075 +0.00825] rad/s con 200 muestras; actitud inicial roll=-3.12 pitch=-3.67 deg
[INFO] [1790668211.909359, 6.084500]: nube: 28097 puntos, 360 sectores (0 vacios), costura en 0.0 deg, sentido +1, desfases 0.0000..0.0999 s | entradas=52 DEFORMADAS=51 sin_deformar=0 tarde=0 cola=1
[INFO] [1790668222.101166, 11.175500]: nube: 28097 puntos, 360 sectores (0 vacios), costura en 0.0 deg, sentido +1, desfases 0.0000..0.0999 s | entradas=103 DEFORMADAS=102 sin_deformar=0 tarde=0 cola=1
[INFO] [1790668232.141977, 16.184000]: nube: 28106 puntos, 360 sectores (0 vacios), costura en 0.0 deg, sentido +1, desfases 0.0000..0.0999 s | entradas=153 DEFORMADAS=152 sin_deformar=0 tarde=0 cola=1
[INFO] [1790668242.348176, 21.282000]: nube: 28095 puntos, 360 sectores (0 vacios), costura en 0.0 deg, sentido +1, desfases 0.0000..0.0999 s | entradas=204 DEFORMADAS=203 sin_deformar=0 tarde=0 cola=1
[INFO] [1790668252.559935, 26.383000]: nube: 28099 puntos, 360 sectores (0 vacios), costura en 0.0 deg, sentido +1, desfases 0.0000..0.0999 s | entradas=255 DEFORMADAS=254 sin_deformar=0 tarde=0 cola=1
[INFO] [1790668262.779191, 31.485000]: nube: 28095 puntos, 360 sectores (0 vacios), costura en 0.0 deg, sentido +1, desfases 0.0000..0.0999 s | entradas=306 DEFORMADAS=305 sin_deformar=0 tarde=0 cola=1
[INFO] [1790668272.987228, 36.584000]: nube: 28110 puntos, 360 sectores (0 vacios), costura en 0.0 deg, sentido +1, desfases 0.0000..0.0999 s | entradas=357 DEFORMADAS=356 sin_deformar=0 tarde=0 cola=1
[INFO] [1790668283.004152, 41.587500]: nube: 28110 puntos, 360 sectores (0 vacios), costura en 0.0 deg, sentido +1, desfases 0.0000..0.0999 s | entradas=407 DEFORMADAS=406 sin_deformar=0 tarde=0 cola=1
[INFO] [1790668293.211662, 46.684000]: nube: 28110 puntos, 360 sectores (0 vacios), costura en 0.0 deg, sentido +1, desfases 0.0000..0.0999 s | entradas=458 DEFORMADAS=457 sin_deformar=0 tarde=0 cola=1
[INFO] [1790668303.224580, 51.686000]: nube: 28107 puntos, 360 sectores (0 vacios), costura en 0.0 deg, sentido +1, desfases 0.0000..0.0999 s | entradas=508 DEFORMADAS=507 sin_deformar=0 tarde=0 cola=1
[INFO] [1790668313.432151, 56.783500]: nube: 28110 puntos, 360 sectores (0 vacios), costura en 0.0 deg, sentido +1, desfases 0.0000..0.0999 s | entradas=559 DEFORMADAS=558 sin_deformar=0 tarde=0 cola=1
[INFO] [1790668323.448800, 61.786500]: nube: 28110 puntos, 360 sectores (0 vacios), costura en 0.0 deg, sentido +1, desfases 0.0000..0.0999 s | entradas=609 DEFORMADAS=608 sin_deformar=0 tarde=0 cola=1
[INFO] [1790668333.462252, 66.787000]: nube: 28110 puntos, 360 sectores (0 vacios), costura en 0.0 deg, sentido +1, desfases 0.0000..0.0999 s | entradas=659 DEFORMADAS=658 sin_deformar=0 tarde=0 cola=1
[INFO] [1790668343.711100, 71.905500]: nube: 28110 puntos, 360 sectores (0 vacios), costura en 0.0 deg, sentido +1, desfases 0.0000..0.0999 s | entradas=710 DEFORMADAS=709 sin_deformar=0 tarde=0 cola=1
[INFO] [1790668353.899311, 76.994000]: nube: 28110 puntos, 360 sectores (0 vacios), costura en 0.0 deg, sentido +1, desfases 0.0000..0.0999 s | entradas=761 DEFORMADAS=760 sin_deformar=0 tarde=0 cola=1
[INFO] [1790668364.086731, 82.083500]: nube: 28110 puntos, 360 sectores (0 vacios), costura en 0.0 deg, sentido +1, desfases 0.0000..0.0999 s | entradas=812 DEFORMADAS=811 sin_deformar=0 tarde=0 cola=1
[INFO] [1790668374.109486, 87.089000]: nube: 28110 puntos, 360 sectores (0 vacios), costura en 0.0 deg, sentido +1, desfases 0.0000..0.0999 s | entradas=862 DEFORMADAS=861 sin_deformar=0 tarde=0 cola=1
[INFO] [1790668384.304201, 92.180500]: nube: 28110 puntos, 360 sectores (0 vacios), costura en 0.0 deg, sentido +1, desfases 0.0000..0.0999 s | entradas=913 DEFORMADAS=912 sin_deformar=0 tarde=0 cola=1
[INFO] [1790668394.322710, 97.184000]: nube: 28110 puntos, 360 sectores (0 vacios), costura en 0.0 deg, sentido +1, desfases 0.0000..0.0999 s | entradas=963 DEFORMADAS=962 sin_deformar=0 tarde=0 cola=1
[INFO] [1790668404.531443, 102.283000]: nube: 28110 puntos, 360 sectores (0 vacios), costura en 0.0 deg, sentido +1, desfases 0.0000..0.0999 s | entradas=1014 DEFORMADAS=1013 sin_deformar=0 tarde=0 cola=1
[INFO] [1790668414.557306, 107.290500]: nube: 28110 puntos, 360 sectores (0 vacios), costura en 0.0 deg, sentido +1, desfases 0.0000..0.0999 s | entradas=1064 DEFORMADAS=1063 sin_deformar=0 tarde=0 cola=1
[INFO] [1790668424.755881, 112.384500]: nube: 25467 puntos, 360 sectores (0 vacios), costura en 0.0 deg, sentido +1, desfases 0.0000..0.0999 s | entradas=1115 DEFORMADAS=1114 sin_deformar=0 tarde=0 cola=1
[INFO] [1790668434.965213, 117.484000]: nube: 28110 puntos, 360 sectores (0 vacios), costura en 0.0 deg, sentido +1, desfases 0.0000..0.0999 s | entradas=1166 DEFORMADAS=1165 sin_deformar=0 tarde=0 cola=1
[INFO] [1790668445.168608, 122.580000]: nube: 26156 puntos, 360 sectores (0 vacios), costura en 0.0 deg, sentido +1, desfases 0.0000..0.0999 s | entradas=1217 DEFORMADAS=1216 sin_deformar=0 tarde=0 cola=1
[INFO] [1790668455.192114, 127.586000]: nube: 28110 puntos, 360 sectores (0 vacios), costura en 0.0 deg, sentido +1, desfases 0.0000..0.0999 s | entradas=1267 DEFORMADAS=1266 sin_deformar=0 tarde=0 cola=1
[INFO] [1790668465.404612, 132.687000]: nube: 28110 puntos, 360 sectores (0 vacios), costura en 0.0 deg, sentido +1, desfases 0.0000..0.0999 s | entradas=1318 DEFORMADAS=1317 sin_deformar=0 tarde=0 cola=1
[INFO] [1790668475.432147, 137.693000]: nube: 28110 puntos, 360 sectores (0 vacios), costura en 0.0 deg, sentido +1, desfases 0.0000..0.0999 s | entradas=1368 DEFORMADAS=1367 sin_deformar=0 tarde=0 cola=1
[INFO] [1790668485.617044, 142.783000]: nube: 28110 puntos, 360 sectores (0 vacios), costura en 0.0 deg, sentido +1, desfases 0.0000..0.0999 s | entradas=1419 DEFORMADAS=1418 sin_deformar=0 tarde=0 cola=1
[INFO] [1790668495.852122, 147.892500]: nube: 28110 puntos, 360 sectores (0 vacios), costura en 0.0 deg, sentido +1, desfases 0.0000..0.0999 s | entradas=1470 DEFORMADAS=1469 sin_deformar=0 tarde=0 cola=1
[INFO] [1790668505.870939, 152.896500]: nube: 28110 puntos, 360 sectores (0 vacios), costura en 0.0 deg, sentido +1, desfases 0.0000..0.0999 s | entradas=1520 DEFORMADAS=1519 sin_deformar=0 tarde=0 cola=1
[INFO] [1790668516.074782, 157.993000]: nube: 28110 puntos, 360 sectores (0 vacios), costura en 0.0 deg, sentido +1, desfases 0.0000..0.0999 s | entradas=1571 DEFORMADAS=1570 sin_deformar=0 tarde=0 cola=1
[INFO] [1790668526.275399, 163.088500]: nube: 28110 puntos, 360 sectores (0 vacios), costura en 0.0 deg, sentido +1, desfases 0.0000..0.0999 s | entradas=1622 DEFORMADAS=1621 sin_deformar=0 tarde=0 cola=1
[INFO] [1790668536.474857, 168.183000]: nube: 28110 puntos, 360 sectores (0 vacios), costura en 0.0 deg, sentido +1, desfases 0.0000..0.0999 s | entradas=1673 DEFORMADAS=1672 sin_deformar=0 tarde=0 cola=1
[INFO] [1790668546.496753, 173.186500]: nube: 28110 puntos, 360 sectores (0 vacios), costura en 0.0 deg, sentido +1, desfases 0.0000..0.0999 s | entradas=1723 DEFORMADAS=1722 sin_deformar=0 tarde=0 cola=1
[INFO] [1790668556.700905, 178.283500]: nube: 28110 puntos, 360 sectores (0 vacios), costura en 0.0 deg, sentido +1, desfases 0.0000..0.0999 s | entradas=1774 DEFORMADAS=1773 sin_deformar=0 tarde=0 cola=1
[INFO] [1790668566.915595, 183.385500]: nube: 28110 puntos, 360 sectores (0 vacios), costura en 0.0 deg, sentido +1, desfases 0.0000..0.0999 s | entradas=1825 DEFORMADAS=1824 sin_deformar=0 tarde=0 cola=1
[INFO] [1790668577.127585, 188.486000]: nube: 28110 puntos, 360 sectores (0 vacios), costura en 0.0 deg, sentido +1, desfases 0.0000..0.0999 s | entradas=1876 DEFORMADAS=1875 sin_deformar=0 tarde=0 cola=1
[INFO] [1790668587.331817, 193.582500]: nube: 28110 puntos, 360 sectores (0 vacios), costura en 0.0 deg, sentido +1, desfases 0.0000..0.0999 s | entradas=1927 DEFORMADAS=1926 sin_deformar=0 tarde=0 cola=1
[INFO] [1790668597.344876, 198.583500]: nube: 28110 puntos, 360 sectores (0 vacios), costura en 0.0 deg, sentido +1, desfases 0.0000..0.0999 s | entradas=1977 DEFORMADAS=1976 sin_deformar=0 tarde=0 cola=1
[INFO] [1790668607.560375, 203.686000]: nube: 28110 puntos, 360 sectores (0 vacios), costura en 0.0 deg, sentido +1, desfases 0.0000..0.0999 s | entradas=2028 DEFORMADAS=2027 sin_deformar=0 tarde=0 cola=1
[INFO] [1790668617.772523, 208.786000]: nube: 28110 puntos, 360 sectores (0 vacios), costura en 0.0 deg, sentido +1, desfases 0.0000..0.0999 s | entradas=2079 DEFORMADAS=2078 sin_deformar=0 tarde=0 cola=1
[INFO] [1790668627.987430, 213.887500]: nube: 28110 puntos, 360 sectores (0 vacios), costura en 0.0 deg, sentido +1, desfases 0.0000..0.0999 s | entradas=2130 DEFORMADAS=2129 sin_deformar=0 tarde=0 cola=1
[INFO] [1790668638.196606, 218.986500]: nube: 28110 puntos, 360 sectores (0 vacios), costura en 0.0 deg, sentido +1, desfases 0.0000..0.0999 s | entradas=2181 DEFORMADAS=2180 sin_deformar=0 tarde=0 cola=1
[INFO] [1790668648.214229, 223.990000]: nube: 28110 puntos, 360 sectores (0 vacios), costura en 0.0 deg, sentido +1, desfases 0.0000..0.0999 s | entradas=2231 DEFORMADAS=2230 sin_deformar=0 tarde=0 cola=1
[INFO] [1790668658.404393, 229.079500]: nube: 28110 puntos, 360 sectores (0 vacios), costura en 0.0 deg, sentido +1, desfases 0.0000..0.0999 s | entradas=2282 DEFORMADAS=2281 sin_deformar=0 tarde=0 cola=1
[INFO] [1790668668.421117, 234.082500]: nube: 28110 puntos, 360 sectores (0 vacios), costura en 0.0 deg, sentido +1, desfases 0.0000..0.0999 s | entradas=2332 DEFORMADAS=2331 sin_deformar=0 tarde=0 cola=1
[INFO] [1790668678.633009, 239.181500]: nube: 28110 puntos, 360 sectores (0 vacios), costura en 0.0 deg, sentido +1, desfases 0.0000..0.0999 s | entradas=2383 DEFORMADAS=2382 sin_deformar=0 tarde=0 cola=1
[INFO] [1790668688.657065, 244.188000]: nube: 28110 puntos, 360 sectores (0 vacios), costura en 0.0 deg, sentido +1, desfases 0.0000..0.0999 s | entradas=2433 DEFORMADAS=2432 sin_deformar=0 tarde=0 cola=1
[INFO] [1790668698.850171, 249.279000]: nube: 28110 puntos, 360 sectores (0 vacios), costura en 0.0 deg, sentido +1, desfases 0.0000..0.0999 s | entradas=2484 DEFORMADAS=2483 sin_deformar=0 tarde=0 cola=1
[INFO] [1790668708.867445, 254.281500]: nube: 28110 puntos, 360 sectores (0 vacios), costura en 0.0 deg, sentido +1, desfases 0.0000..0.0999 s | entradas=2534 DEFORMADAS=2533 sin_deformar=0 tarde=0 cola=1
[INFO] [1790668718.881922, 259.283000]: nube: 28110 puntos, 360 sectores (0 vacios), costura en 0.0 deg, sentido +1, desfases 0.0000..0.0999 s | entradas=2584 DEFORMADAS=2583 sin_deformar=0 tarde=0 cola=1
[INFO] [1790668728.905514, 264.289500]: nube: 28110 puntos, 360 sectores (0 vacios), costura en 0.0 deg, sentido +1, desfases 0.0000..0.0999 s | entradas=2634 DEFORMADAS=2633 sin_deformar=0 tarde=0 cola=1
[INFO] [1790668739.113436, 269.388000]: nube: 28110 puntos, 360 sectores (0 vacios), costura en 0.0 deg, sentido +1, desfases 0.0000..0.0999 s | entradas=2685 DEFORMADAS=2684 sin_deformar=0 tarde=0 cola=1
[INFO] [1790668749.319268, 274.485500]: nube: 28110 puntos, 360 sectores (0 vacios), costura en 0.0 deg, sentido +1, desfases 0.0000..0.0999 s | entradas=2736 DEFORMADAS=2735 sin_deformar=0 tarde=0 cola=1
[INFO] [1790668759.331295, 279.486000]: nube: 28110 puntos, 360 sectores (0 vacios), costura en 0.0 deg, sentido +1, desfases 0.0000..0.0999 s | entradas=2786 DEFORMADAS=2785 sin_deformar=0 tarde=0 cola=1
[INFO] [1790668769.540808, 284.584500]: nube: 28110 puntos, 360 sectores (0 vacios), costura en 0.0 deg, sentido +1, desfases 0.0000..0.0999 s | entradas=2837 DEFORMADAS=2836 sin_deformar=0 tarde=0 cola=1
[INFO] [1790668779.749705, 289.683000]: nube: 28100 puntos, 360 sectores (0 vacios), costura en 0.0 deg, sentido +1, desfases 0.0000..0.0999 s | entradas=2888 DEFORMADAS=2887 sin_deformar=0 tarde=0 cola=1
[INFO] [1790668789.969948, 294.787000]: nube: 28096 puntos, 360 sectores (0 vacios), costura en 0.0 deg, sentido +1, desfases 0.0000..0.0999 s | entradas=2939 DEFORMADAS=2938 sin_deformar=0 tarde=0 cola=1
[INFO] [1790668800.184430, 299.887500]: nube: 28099 puntos, 360 sectores (0 vacios), costura en 0.0 deg, sentido +1, desfases 0.0000..0.0999 s | entradas=2990 DEFORMADAS=2989 sin_deformar=0 tarde=0 cola=1
[INFO] [1790668810.393774, 304.986500]: nube: 28110 puntos, 360 sectores (0 vacios), costura en 0.0 deg, sentido +1, desfases 0.0000..0.0999 s | entradas=3041 DEFORMADAS=3040 sin_deformar=0 tarde=0 cola=1
[INFO] [1790668820.597861, 310.080500]: nube: 28109 puntos, 360 sectores (0 vacios), costura en 0.0 deg, sentido +1, desfases 0.0000..0.0999 s | entradas=3092 DEFORMADAS=3091 sin_deformar=0 tarde=0 cola=1
[INFO] [1790668830.617388, 315.084500]: nube: 28110 puntos, 360 sectores (0 vacios), costura en 0.0 deg, sentido +1, desfases 0.0000..0.0999 s | entradas=3142 DEFORMADAS=3141 sin_deformar=0 tarde=0 cola=1
[INFO] [1790668840.631534, 320.085000]: nube: 28099 puntos, 360 sectores (0 vacios), costura en 0.0 deg, sentido +1, desfases 0.0000..0.0999 s | entradas=3192 DEFORMADAS=3191 sin_deformar=0 tarde=0 cola=1
[INFO] [1790668850.850274, 325.186500]: nube: 28110 puntos, 360 sectores (0 vacios), costura en 0.0 deg, sentido +1, desfases 0.0000..0.0999 s | entradas=3243 DEFORMADAS=3242 sin_deformar=0 tarde=0 cola=1
[INFO] [1790668861.056383, 330.282000]: nube: 23676 puntos, 360 sectores (31 vacios), costura en 0.0 deg, sentido +1, desfases 0.0000..0.0999 s | entradas=3294 DEFORMADAS=3293 sin_deformar=0 tarde=0 cola=1
[INFO] [1790668871.084422, 335.284500]: nube: 28098 puntos, 360 sectores (0 vacios), costura en 0.0 deg, sentido +1, desfases 0.0000..0.0999 s | entradas=3344 DEFORMADAS=3343 sin_deformar=0 tarde=0 cola=1
[INFO] [1790668881.291589, 340.382000]: nube: 28094 puntos, 360 sectores (0 vacios), costura en 0.0 deg, sentido +1, desfases 0.0000..0.0999 s | entradas=3395 DEFORMADAS=3394 sin_deformar=0 tarde=0 cola=1
[INFO] [1790668891.505018, 345.481500]: nube: 28101 puntos, 360 sectores (0 vacios), costura en 0.0 deg, sentido +1, desfases 0.0000..0.0999 s | entradas=3446 DEFORMADAS=3445 sin_deformar=0 tarde=0 cola=1
[INFO] [1790668901.525280, 350.485500]: nube: 28096 puntos, 360 sectores (0 vacios), costura en 0.0 deg, sentido +1, desfases 0.0000..0.0999 s | entradas=3496 DEFORMADAS=3495 sin_deformar=0 tarde=0 cola=1
[INFO] [1790668911.767147, 355.596000]: nube: 28095 puntos, 360 sectores (0 vacios), costura en 0.0 deg, sentido +1, desfases 0.0000..0.0999 s | entradas=3547 DEFORMADAS=3546 sin_deformar=0 tarde=0 cola=1
[INFO] [1790668921.975799, 360.696000]: nube: 28097 puntos, 360 sectores (0 vacios), costura en 0.0 deg, sentido +1, desfases 0.0000..0.0999 s | entradas=3598 DEFORMADAS=3597 sin_deformar=0 tarde=0 cola=1
[INFO] [1790668932.004188, 365.701000]: nube: 28110 puntos, 360 sectores (0 vacios), costura en 0.0 deg, sentido +1, desfases 0.0000..0.0999 s | entradas=3648 DEFORMADAS=3647 sin_deformar=0 tarde=0 cola=1
[INFO] [1790668942.204090, 370.792000]: nube: 28107 puntos, 360 sectores (0 vacios), costura en 0.0 deg, sentido +1, desfases 0.0000..0.0999 s | entradas=3699 DEFORMADAS=3698 sin_deformar=0 tarde=0 cola=1
[INFO] [1790668952.239711, 375.802000]: nube: 28110 puntos, 360 sectores (0 vacios), costura en 0.0 deg, sentido +1, desfases 0.0000..0.0999 s | entradas=3749 DEFORMADAS=3748 sin_deformar=0 tarde=0 cola=1
[INFO] [1790668962.449700, 380.899000]: nube: 28110 puntos, 360 sectores (0 vacios), costura en 0.0 deg, sentido +1, desfases 0.0000..0.0999 s | entradas=3800 DEFORMADAS=3799 sin_deformar=0 tarde=0 cola=1
[INFO] [1790668972.682740, 386.007500]: nube: 28110 puntos, 360 sectores (0 vacios), costura en 0.0 deg, sentido +1, desfases 0.0000..0.0999 s | entradas=3851 DEFORMADAS=3850 sin_deformar=0 tarde=0 cola=1
[INFO] [1790668982.901341, 391.100000]: nube: 28110 puntos, 360 sectores (0 vacios), costura en 0.0 deg, sentido +1, desfases 0.0000..0.0999 s | entradas=3902 DEFORMADAS=3901 sin_deformar=0 tarde=0 cola=1
[INFO] [1790668993.095525, 396.193500]: nube: 28110 puntos, 360 sectores (0 vacios), costura en 0.0 deg, sentido +1, desfases 0.0000..0.0999 s | entradas=3953 DEFORMADAS=3952 sin_deformar=0 tarde=0 cola=1
[INFO] [1790669003.111865, 401.194000]: nube: 28110 puntos, 360 sectores (0 vacios), costura en 0.0 deg, sentido +1, desfases 0.0000..0.0999 s | entradas=4003 DEFORMADAS=4002 sin_deformar=0 tarde=0 cola=1
[INFO] [1790669013.309466, 406.287500]: nube: 28110 puntos, 360 sectores (0 vacios), costura en 0.0 deg, sentido +1, desfases 0.0000..0.0999 s | entradas=4054 DEFORMADAS=4053 sin_deformar=0 tarde=0 cola=1
[INFO] [1790669023.526273, 411.387500]: nube: 28110 puntos, 360 sectores (0 vacios), costura en 0.0 deg, sentido +1, desfases 0.0000..0.0999 s | entradas=4105 DEFORMADAS=4104 sin_deformar=0 tarde=0 cola=1
[INFO] [1790669033.733991, 416.482500]: nube: 28110 puntos, 360 sectores (0 vacios), costura en 0.0 deg, sentido +1, desfases 0.0000..0.0999 s | entradas=4156 DEFORMADAS=4155 sin_deformar=0 tarde=0 cola=1
[INFO] [1790669043.772231, 421.494000]: nube: 28110 puntos, 360 sectores (0 vacios), costura en 0.0 deg, sentido +1, desfases 0.0000..0.0999 s | entradas=4206 DEFORMADAS=4205 sin_deformar=0 tarde=0 cola=1
[INFO] [1790669053.991405, 426.597500]: nube: 28110 puntos, 360 sectores (0 vacios), costura en 0.0 deg, sentido +1, desfases 0.0000..0.0999 s | entradas=4257 DEFORMADAS=4256 sin_deformar=0 tarde=0 cola=1
[INFO] [1790669064.176068, 431.682000]: nube: 28110 puntos, 360 sectores (0 vacios), costura en 0.0 deg, sentido +1, desfases 0.0000..0.0999 s | entradas=4308 DEFORMADAS=4307 sin_deformar=0 tarde=0 cola=1
[INFO] [1790669074.211486, 436.693500]: nube: 27707 puntos, 360 sectores (0 vacios), costura en 0.0 deg, sentido +1, desfases 0.0000..0.0999 s | entradas=4358 DEFORMADAS=4357 sin_deformar=0 tarde=0 cola=1
[INFO] [1790669084.419160, 441.791500]: nube: 28042 puntos, 360 sectores (0 vacios), costura en 0.0 deg, sentido +1, desfases 0.0000..0.0999 s | entradas=4409 DEFORMADAS=4408 sin_deformar=0 tarde=0 cola=1
[INFO] [1790669094.612731, 446.884000]: nube: 28107 puntos, 360 sectores (0 vacios), costura en 0.0 deg, sentido +1, desfases 0.0000..0.0999 s | entradas=4460 DEFORMADAS=4459 sin_deformar=0 tarde=0 cola=1
[INFO] [1790669104.645782, 451.893500]: nube: 28110 puntos, 360 sectores (0 vacios), costura en 0.0 deg, sentido +1, desfases 0.0000..0.0999 s | entradas=4510 DEFORMADAS=4509 sin_deformar=0 tarde=0 cola=1
[INFO] [1790669114.862085, 456.995000]: nube: 28110 puntos, 360 sectores (0 vacios), costura en 0.0 deg, sentido +1, desfases 0.0000..0.0999 s | entradas=4561 DEFORMADAS=4560 sin_deformar=0 tarde=0 cola=1
[INFO] [1790669125.068155, 462.093000]: nube: 28110 puntos, 360 sectores (0 vacios), costura en 0.0 deg, sentido +1, desfases 0.0000..0.0999 s | entradas=4612 DEFORMADAS=4611 sin_deformar=0 tarde=0 cola=1
[INFO] [1790669135.280617, 467.193000]: nube: 28110 puntos, 360 sectores (0 vacios), costura en 0.0 deg, sentido +1, desfases 0.0000..0.0999 s | entradas=4663 DEFORMADAS=4662 sin_deformar=0 tarde=0 cola=1
[INFO] [1790669145.487536, 472.289500]: nube: 28110 puntos, 360 sectores (0 vacios), costura en 0.0 deg, sentido +1, desfases 0.0000..0.0999 s | entradas=4714 DEFORMADAS=4713 sin_deformar=0 tarde=0 cola=1
[INFO] [1790669155.719748, 477.396000]: nube: 28110 puntos, 360 sectores (0 vacios), costura en 0.0 deg, sentido +1, desfases 0.0000..0.0999 s | entradas=4765 DEFORMADAS=4764 sin_deformar=0 tarde=0 cola=1
[INFO] [1790669165.937100, 482.499000]: nube: 28110 puntos, 360 sectores (0 vacios), costura en 0.0 deg, sentido +1, desfases 0.0000..0.0999 s | entradas=4816 DEFORMADAS=4815 sin_deformar=0 tarde=0 cola=1
[INFO] [1790669175.958934, 487.502500]: nube: 28110 puntos, 360 sectores (0 vacios), costura en 0.0 deg, sentido +1, desfases 0.0000..0.0999 s | entradas=4866 DEFORMADAS=4865 sin_deformar=0 tarde=0 cola=1
[INFO] [1790669186.145902, 492.590000]: nube: 28110 puntos, 360 sectores (0 vacios), costura en 0.0 deg, sentido +1, desfases 0.0000..0.0999 s | entradas=4917 DEFORMADAS=4916 sin_deformar=0 tarde=0 cola=1
[INFO] [1790669196.164353, 497.591500]: nube: 28110 puntos, 360 sectores (0 vacios), costura en 0.0 deg, sentido +1, desfases 0.0000..0.0999 s | entradas=4967 DEFORMADAS=4966 sin_deformar=0 tarde=0 cola=1
[INFO] [1790669206.377577, 502.690500]: nube: 28110 puntos, 360 sectores (0 vacios), costura en 0.0 deg, sentido +1, desfases 0.0000..0.0999 s | entradas=5018 DEFORMADAS=5017 sin_deformar=0 tarde=0 cola=1
[INFO] [1790669216.593749, 507.794500]: nube: 28110 puntos, 360 sectores (0 vacios), costura en 0.0 deg, sentido +1, desfases 0.0000..0.0999 s | entradas=5069 DEFORMADAS=5068 sin_deformar=0 tarde=0 cola=1
[INFO] [1790669226.792871, 512.888000]: nube: 28110 puntos, 360 sectores (0 vacios), costura en 0.0 deg, sentido +1, desfases 0.0000..0.0999 s | entradas=5120 DEFORMADAS=5119 sin_deformar=0 tarde=0 cola=1
[INFO] [1790669236.988045, 517.979500]: nube: 28110 puntos, 360 sectores (0 vacios), costura en 0.0 deg, sentido +1, desfases 0.0000..0.0999 s | entradas=5171 DEFORMADAS=5170 sin_deformar=0 tarde=0 cola=1
[INFO] [1790669247.017268, 522.988000]: nube: 28110 puntos, 360 sectores (0 vacios), costura en 0.0 deg, sentido +1, desfases 0.0000..0.0999 s | entradas=5221 DEFORMADAS=5220 sin_deformar=0 tarde=0 cola=1
[INFO] [1790669257.228786, 528.087000]: nube: 28110 puntos, 360 sectores (0 vacios), costura en 0.0 deg, sentido +1, desfases 0.0000..0.0999 s | entradas=5272 DEFORMADAS=5271 sin_deformar=0 tarde=0 cola=1
[INFO] [1790669267.435762, 533.184000]: nube: 28110 puntos, 360 sectores (0 vacios), costura en 0.0 deg, sentido +1, desfases 0.0000..0.0999 s | entradas=5323 DEFORMADAS=5322 sin_deformar=0 tarde=0 cola=1
[INFO] [1790669277.653702, 538.285500]: nube: 28110 puntos, 360 sectores (0 vacios), costura en 0.0 deg, sentido +1, desfases 0.0000..0.0999 s | entradas=5374 DEFORMADAS=5373 sin_deformar=0 tarde=0 cola=1
[INFO] [1790669287.670549, 543.286000]: nube: 28110 puntos, 360 sectores (0 vacios), costura en 0.0 deg, sentido +1, desfases 0.0000..0.0999 s | entradas=5424 DEFORMADAS=5423 sin_deformar=0 tarde=0 cola=1
[INFO] [1790669297.886308, 548.387500]: nube: 28110 puntos, 360 sectores (0 vacios), costura en 0.0 deg, sentido +1, desfases 0.0000..0.0999 s | entradas=5475 DEFORMADAS=5474 sin_deformar=0 tarde=0 cola=1
[INFO] [1790669308.092049, 553.480500]: nube: 28110 puntos, 360 sectores (0 vacios), costura en 0.0 deg, sentido +1, desfases 0.0000..0.0999 s | entradas=5526 DEFORMADAS=5525 sin_deformar=0 tarde=0 cola=1
[INFO] [1790669318.316167, 558.584000]: nube: 28110 puntos, 360 sectores (0 vacios), costura en 0.0 deg, sentido +1, desfases 0.0000..0.0999 s | entradas=5577 DEFORMADAS=5576 sin_deformar=0 tarde=0 cola=1
[INFO] [1790669328.332107, 563.585500]: nube: 28110 puntos, 360 sectores (0 vacios), costura en 0.0 deg, sentido +1, desfases 0.0000..0.0999 s | entradas=5627 DEFORMADAS=5626 sin_deformar=0 tarde=0 cola=1
[INFO] [1790669338.359706, 568.588500]: nube: 28110 puntos, 360 sectores (0 vacios), costura en 0.0 deg, sentido +1, desfases 0.0000..0.0999 s | entradas=5677 DEFORMADAS=5676 sin_deformar=0 tarde=0 cola=1
[INFO] [1790669348.394937, 573.601000]: nube: 28110 puntos, 360 sectores (0 vacios), costura en 0.0 deg, sentido +1, desfases 0.0000..0.0999 s | entradas=5727 DEFORMADAS=5726 sin_deformar=0 tarde=0 cola=1
[INFO] [1790669358.601633, 578.698000]: nube: 28110 puntos, 360 sectores (0 vacios), costura en 0.0 deg, sentido +1, desfases 0.0000..0.0999 s | entradas=5778 DEFORMADAS=5777 sin_deformar=0 tarde=0 cola=1
[INFO] [1790669368.785491, 583.786000]: nube: 28110 puntos, 360 sectores (0 vacios), costura en 0.0 deg, sentido +1, desfases 0.0000..0.0999 s | entradas=5829 DEFORMADAS=5828 sin_deformar=0 tarde=0 cola=1
[INFO] [1790669378.807202, 588.789000]: nube: 28110 puntos, 360 sectores (0 vacios), costura en 0.0 deg, sentido +1, desfases 0.0000..0.0999 s | entradas=5879 DEFORMADAS=5878 sin_deformar=0 tarde=0 cola=1
[INFO] [1790669389.002697, 593.880500]: nube: 28110 puntos, 360 sectores (0 vacios), costura en 0.0 deg, sentido +1, desfases 0.0000..0.0999 s | entradas=5930 DEFORMADAS=5929 sin_deformar=0 tarde=0 cola=1
[INFO] [1790669399.020509, 598.881500]: nube: 28110 puntos, 360 sectores (0 vacios), costura en 0.0 deg, sentido +1, desfases 0.0000..0.0999 s | entradas=5980 DEFORMADAS=5979 sin_deformar=0 tarde=0 cola=1
[INFO] [1790669409.242395, 603.985000]: nube: 28110 puntos, 360 sectores (0 vacios), costura en 0.0 deg, sentido +1, desfases 0.0000..0.0999 s | entradas=6031 DEFORMADAS=6030 sin_deformar=0 tarde=0 cola=1
[INFO] [1790669419.475629, 609.094000]: nube: 28110 puntos, 360 sectores (0 vacios), costura en 0.0 deg, sentido +1, desfases 0.0000..0.0999 s | entradas=6082 DEFORMADAS=6081 sin_deformar=0 tarde=0 cola=1
[INFO] [1790669429.670997, 614.182000]: nube: 28110 puntos, 360 sectores (0 vacios), costura en 0.0 deg, sentido +1, desfases 0.0000..0.0999 s | entradas=6133 DEFORMADAS=6132 sin_deformar=0 tarde=0 cola=1
[INFO] [1790669439.695188, 619.186500]: nube: 28110 puntos, 360 sectores (0 vacios), costura en 0.0 deg, sentido +1, desfases 0.0000..0.0999 s | entradas=6183 DEFORMADAS=6182 sin_deformar=0 tarde=0 cola=1
[INFO] [1790669449.902936, 624.282000]: nube: 28110 puntos, 360 sectores (0 vacios), costura en 0.0 deg, sentido +1, desfases 0.0000..0.0999 s | entradas=6234 DEFORMADAS=6233 sin_deformar=0 tarde=0 cola=1
[INFO] [1790669459.931594, 629.287000]: nube: 28095 puntos, 360 sectores (0 vacios), costura en 0.0 deg, sentido +1, desfases 0.0000..0.0999 s | entradas=6284 DEFORMADAS=6283 sin_deformar=0 tarde=0 cola=1
[INFO] [1790669470.170899, 634.394000]: nube: 28109 puntos, 360 sectores (0 vacios), costura en 0.0 deg, sentido +1, desfases 0.0000..0.0999 s | entradas=6335 DEFORMADAS=6334 sin_deformar=0 tarde=0 cola=1
[INFO] [1790669480.370321, 639.486500]: nube: 28110 puntos, 360 sectores (0 vacios), costura en 0.0 deg, sentido +1, desfases 0.0000..0.0999 s | entradas=6386 DEFORMADAS=6385 sin_deformar=0 tarde=0 cola=1
[INFO] [1790669490.588102, 644.586000]: nube: 28097 puntos, 360 sectores (0 vacios), costura en 0.0 deg, sentido +1, desfases 0.0000..0.0999 s | entradas=6437 DEFORMADAS=6436 sin_deformar=0 tarde=0 cola=1
[INFO] [1790669500.797839, 649.684000]: nube: 28095 puntos, 360 sectores (0 vacios), costura en 0.0 deg, sentido +1, desfases 0.0000..0.0999 s | entradas=6488 DEFORMADAS=6487 sin_deformar=0 tarde=0 cola=1
[INFO] [1790669510.997801, 654.777000]: nube: 24379 puntos, 360 sectores (28 vacios), costura en 0.0 deg, sentido +1, desfases 0.0000..0.0999 s | entradas=6539 DEFORMADAS=6538 sin_deformar=0 tarde=0 cola=1
[INFO] [1790669521.022279, 659.784000]: nube: 28094 puntos, 360 sectores (0 vacios), costura en 0.0 deg, sentido +1, desfases 0.0000..0.0999 s | entradas=6589 DEFORMADAS=6588 sin_deformar=0 tarde=0 cola=1
[INFO] [1790669531.219646, 664.877000]: nube: 28091 puntos, 360 sectores (0 vacios), costura en 0.0 deg, sentido +1, desfases 0.0000..0.0999 s | entradas=6640 DEFORMADAS=6639 sin_deformar=0 tarde=0 cola=1
[INFO] [1790669534.159948, 666.306000]: imu_ahrs: 66620 muestras, 1719 sin gravedad utilizable (2.6%), sesgo=[+0.00600 +0.00075 +0.00825] rad/s
[INFO] [1790669534.161809, 666.306000]: sweep_distortion: entradas=6654 deformadas=6653 sin_deformar=0 tarde=0 sin_montaje=0
Error in XmlRpcClient::writeRequest: write error (Connection refused).
Error in XmlRpcDispatch::work: couldn't find source iterator
Error in XmlRpcClient::writeRequest: write error (Connection refused).
Error in XmlRpcDispatch::work: couldn't find source iterator
Error in XmlRpcClient::writeRequest: write error (Connection refused).
Error in XmlRpcDispatch::work: couldn't find source iterator
Error in XmlRpcClient::writeRequest: write error (Connection refused).
Error in XmlRpcDispatch::work: couldn't find source iterator
Error in XmlRpcClient::writeRequest: write error (Connection refused).
Error in XmlRpcDispatch::work: couldn't find source iterator
Error in XmlRpcClient::writeRequest: write error (Connection refused).
Error in XmlRpcDispatch::work: couldn't find source iterator
Error in XmlRpcClient::writeRequest: write error (Connection refused).
Error in XmlRpcDispatch::work: couldn't find source iterator
Error in XmlRpcClient::writeRequest: write error (Connection refused).
Error in XmlRpcDispatch::work: couldn't find source iterator
[INFO] [1790668193.865977, 0.000000]: twist_to_wheels (Husky, skid-steer) started
[INFO] [1790668193.866471, 0.000000]:   track_width  = 0.5709 m
[INFO] [1790668193.866866, 0.000000]:   wheel_radius = 0.14800 m
... logging to /home/alessandro/.ros/log/5b1e26d6-bbda-11f1-bd00-096508a55b3d/roslaunch-LAPTOP-EU6F9FQD-4071562.log
Checking log directory for disk usage. This may take a while.
Press Ctrl-C to interrupt
Done checking log file disk usage. Usage is <1GB.
]2;/home/alessandro/journal_comparison/src/differential/launch/lcmine_husky_world.launch
[1mstarted roslaunch server http://LAPTOP-EU6F9FQD:37503/[0m

SUMMARY
========

PARAMETERS
 * /gazebo/enable_ros_network: True
 * /husky/gazebo_ros_control/pid_gains/back_left_joint/d: 0.0
 * /husky/gazebo_ros_control/pid_gains/back_left_joint/i: 14.746
 * /husky/gazebo_ros_control/pid_gains/back_left_joint/i_clamp: 30.0
 * /husky/gazebo_ros_control/pid_gains/back_left_joint/p: 15.337
 * /husky/gazebo_ros_control/pid_gains/back_right_joint/d: 0.0
 * /husky/gazebo_ros_control/pid_gains/back_right_joint/i: 14.746
 * /husky/gazebo_ros_control/pid_gains/back_right_joint/i_clamp: 30.0
 * /husky/gazebo_ros_control/pid_gains/back_right_joint/p: 15.337
 * /husky/gazebo_ros_control/pid_gains/front_left_joint/d: 0.0
 * /husky/gazebo_ros_control/pid_gains/front_left_joint/i: 14.746
 * /husky/gazebo_ros_control/pid_gains/front_left_joint/i_clamp: 30.0
 * /husky/gazebo_ros_control/pid_gains/front_left_joint/p: 15.337
 * /husky/gazebo_ros_control/pid_gains/front_right_joint/d: 0.0
 * /husky/gazebo_ros_control/pid_gains/front_right_joint/i: 14.746
 * /husky/gazebo_ros_control/pid_gains/front_right_joint/i_clamp: 30.0
 * /husky/gazebo_ros_control/pid_gains/front_right_joint/p: 15.337
 * /husky/joint_state_controller/publish_rate: 50
 * /husky/joint_state_controller/type: joint_state_contr...
 * /husky/robot_description: <?xml version="1....
 * /husky/robot_state_publisher/tf_prefix: husky
 * /husky/twist_to_wheels/min_angular: 0.0
 * /husky/twist_to_wheels/track_width: 0.5709
 * /husky/twist_to_wheels/wheel_radius: 0.148
 * /husky/wheel_vel_controller_fl/joint: front_left_joint
 * /husky/wheel_vel_controller_fl/type: velocity_controll...
 * /husky/wheel_vel_controller_fr/joint: front_right_joint
 * /husky/wheel_vel_controller_fr/type: velocity_controll...
 * /husky/wheel_vel_controller_rl/joint: back_left_joint
 * /husky/wheel_vel_controller_rl/type: velocity_controll...
 * /husky/wheel_vel_controller_rr/joint: back_right_joint
 * /husky/wheel_vel_controller_rr/type: velocity_controll...
 * /imu_ahrs/accel_gate: 0.15
 * /imu_ahrs/angular_velocity_stddev: 0.009
 * /imu_ahrs/bias_samples: 200
 * /imu_ahrs/linear_acceleration_stddev: 0.021
 * /imu_ahrs/orientation_stddev: 0.02
 * /imu_ahrs/tau: 1.0
 * /rosdistro: noetic
 * /rosversion: 1.17.4
 * /sweep_distortion/base_frame: husky/base_link
 * /sweep_distortion/cut_angle_deg: 0.0
 * /sweep_distortion/frame_id: husky/velodyne_ba...
 * /sweep_distortion/input: /velodyne_points_raw
 * /sweep_distortion/model_name: differential
 * /sweep_distortion/output: /velodyne_points
 * /sweep_distortion/rotor_dir: 1
 * /sweep_distortion/rotor_hz: 10.0
 * /sweep_distortion/sectors: 360
 * /swept_robot_description: <sdf version="1.5...
 * /use_sim_time: True

NODES
  /
    gazebo (gazebo_ros/gzserver)
    imu_ahrs (robot_metrics/imu_ahrs.py)
    spawn_husky (gazebo_ros/spawn_model)
    sweep_distortion (robot_metrics/sweep_distortion.py)
  /husky/
    controller_starter (controller_manager/controller_manager)
    robot_state_publisher (robot_state_publisher/robot_state_publisher)
    twist_to_wheels (differential/twist_to_wheels.py)

auto-starting new master
[1mprocess[master]: started with pid [4071589][0m
[1mROS_MASTER_URI=http://localhost:11311[0m
]2;/home/alessandro/journal_comparison/src/differential/launch/lcmine_husky_world.launch http://localhost:11311
[1msetting /run_id to 5b1e26d6-bbda-11f1-bd00-096508a55b3d[0m
[1mprocess[rosout-1]: started with pid [4071614][0m
started core service [/rosout]
[1mprocess[gazebo-2]: started with pid [4071621][0m
[1mprocess[spawn_husky-3]: started with pid [4071624][0m
[1mprocess[sweep_distortion-4]: started with pid [4071627][0m
[1mprocess[husky/controller_starter-5]: started with pid [4071628][0m
[1mprocess[husky/twist_to_wheels-6]: started with pid [4071629][0m
[1mprocess[husky/robot_state_publisher-7]: started with pid [4071630][0m
[1mprocess[imu_ahrs-8]: started with pid [4071631][0m
[1m[spawn_husky-3] process has finished cleanly
log file: /home/alessandro/.ros/log/5b1e26d6-bbda-11f1-bd00-096508a55b3d/spawn_husky-3*.log[0m
[1m[husky/controller_starter-5] process has finished cleanly
log file: /home/alessandro/.ros/log/5b1e26d6-bbda-11f1-bd00-096508a55b3d/husky-controller_starter-5*.log[0m
[imu_ahrs-8] killing on exit
[husky/robot_state_publisher-7] killing on exit
[husky/twist_to_wheels-6] killing on exit
[sweep_distortion-4] killing on exit
[gazebo-2] killing on exit
[rosout-1] killing on exit
[master] killing on exit
shutting down processing monitor...
... shutting down processing monitor complete
[1mdone[0m
