[INFO] [1790668228.983511, 14.604500]: MetricsLogger: robot=differential run=4
[INFO] [1790668228.984973, 14.605000]:   output    : /home/alessandro/metrics_husky_r0148/fixed_trajectory/swept_lidar/differential/run04
[INFO] [1790668228.986183, 14.605500]:   odom      : /rtabmap/odom
[INFO] [1790668228.987512, 14.606500]:   cmd_vel   : /husky/cmd_vel
[INFO] [1790668228.989045, 14.607500]:   gt model  : differential (via /gazebo/model_states, unfiltered)
[INFO] [1790668228.991086, 14.608500]:   efforts   : 4 driven joints
[INFO] [1790668228.991920, 14.608500]:   velocities: 4 driven joints
[INFO] [1790668228.992987, 14.609000]:   metrics   : 50.0 Hz
[INFO] [1790668228.994059, 14.610000]:   gt hi-rate: 1000.0 Hz (asked 800.0; every 2-th ModelStates at 2000 Hz physics) -> gt_highrate.csv
[INFO] [1790668294.588480, 47.371000]: [event] proximity_detection id=7 verdict=true gt_gap=13.117m  at gt=(47.37, -0.66) s=14.0m
[INFO] [1790668296.598750, 48.374500]: [event] proximity_detection id=8 verdict=true gt_gap=13.150m  at gt=(47.82, -0.83) s=14.5m
[INFO] [1790668298.617629, 49.384000]: [event] proximity_detection id=9 verdict=true gt_gap=13.137m  at gt=(48.21, -1.00) s=14.9m
[INFO] [1790668300.615073, 50.381500]: [event] proximity_detection id=10 verdict=true gt_gap=13.056m  at gt=(48.59, -1.18) s=15.4m
[INFO] [1790668302.630603, 51.387500]: [event] proximity_detection id=11 verdict=true gt_gap=12.950m  at gt=(48.94, -1.35) s=15.8m
[INFO] [1790668304.666480, 52.404500]: [event] proximity_detection id=12 verdict=true gt_gap=12.889m  at gt=(49.29, -1.54) s=16.2m
[INFO] [1790668306.867540, 53.504000]: [event] proximity_detection id=13 verdict=true gt_gap=12.873m  at gt=(49.67, -1.77) s=16.6m
[INFO] [1790668309.081094, 54.609500]: [event] proximity_detection id=14 verdict=true gt_gap=12.860m  at gt=(50.08, -2.05) s=17.1m
[INFO] [1790668311.056676, 55.596500]: [event] proximity_detection id=15 verdict=true gt_gap=12.812m  at gt=(50.45, -2.33) s=17.6m
[INFO] [1790668313.062645, 56.598000]: [event] proximity_detection id=16 verdict=true gt_gap=12.794m  at gt=(50.80, -2.61) s=18.0m
[INFO] [1790668315.086335, 57.608500]: [event] proximity_detection id=17 verdict=true gt_gap=12.762m  at gt=(51.19, -2.91) s=18.5m
[INFO] [1790668317.072132, 58.600000]: [event] proximity_detection id=18 verdict=true gt_gap=12.754m  at gt=(51.51, -3.15) s=18.9m
[INFO] [1790668319.091873, 59.609500]: [event] proximity_detection id=19 verdict=true gt_gap=12.714m  at gt=(51.79, -3.39) s=19.3m
[INFO] [1790668325.093278, 62.606500]: [event] proximity_detection id=22 verdict=true gt_gap=12.533m  at gt=(52.60, -4.28) s=20.5m
[INFO] [1790668327.433797, 63.776000]: [event] proximity_detection id=23 verdict=true gt_gap=12.534m  at gt=(52.92, -4.67) s=21.0m
[INFO] [1790668364.327832, 82.202500]: [event] proximity_detection id=41 verdict=true gt_gap=12.535m  at gt=(55.43, -12.08) s=29.0m
[INFO] [1790668366.334833, 83.204000]: [event] proximity_detection id=42 verdict=true gt_gap=12.603m  at gt=(55.41, -12.56) s=29.4m
[INFO] [1790668368.334942, 84.203500]: [event] proximity_detection id=43 verdict=true gt_gap=12.623m  at gt=(55.39, -13.03) s=29.9m
[INFO] [1790668370.342433, 85.205500]: [event] proximity_detection id=44 verdict=true gt_gap=12.602m  at gt=(55.36, -13.50) s=30.4m
[INFO] [1790668372.343485, 86.205500]: [event] proximity_detection id=45 verdict=true gt_gap=12.611m  at gt=(55.33, -13.96) s=30.8m
[INFO] [1790668374.358092, 87.211000]: [event] proximity_detection id=46 verdict=true gt_gap=12.624m  at gt=(55.29, -14.41) s=31.3m
[INFO] [1790668376.569453, 88.316000]: [event] proximity_detection id=47 verdict=true gt_gap=12.665m  at gt=(55.26, -14.90) s=31.8m
[INFO] [1790668378.761227, 89.410500]: [event] proximity_detection id=48 verdict=true gt_gap=12.823m  at gt=(55.24, -15.42) s=32.3m
[INFO] [1790668380.949981, 90.504500]: [event] proximity_detection id=49 verdict=true gt_gap=13.002m  at gt=(55.22, -15.93) s=32.8m
[INFO] [1790668382.974714, 91.514500]: [event] proximity_detection id=50 verdict=true gt_gap=13.124m  at gt=(55.19, -16.39) s=33.3m
[INFO] [1790668385.015501, 92.533500]: [event] proximity_detection id=51 verdict=true gt_gap=13.214m  at gt=(55.15, -16.87) s=33.8m
[INFO] [1790668387.187227, 93.619500]: [event] proximity_detection id=52 verdict=true gt_gap=13.353m  at gt=(55.11, -17.40) s=34.3m
[INFO] [1790668389.387324, 94.718000]: [event] proximity_detection id=53 verdict=true gt_gap=13.424m  at gt=(55.07, -17.92) s=34.8m
[INFO] [1790668391.383892, 95.715000]: [event] proximity_detection id=54 verdict=true gt_gap=13.540m  at gt=(55.03, -18.40) s=35.3m
[INFO] [1790668393.371442, 96.707000]: [event] proximity_detection id=55 verdict=true gt_gap=13.595m  at gt=(55.00, -18.88) s=35.8m
[INFO] [1790668395.380995, 97.710500]: [event] proximity_detection id=56 verdict=true gt_gap=13.641m  at gt=(54.97, -19.36) s=36.3m
[INFO] [1790668397.391788, 98.715500]: [event] proximity_detection id=57 verdict=true gt_gap=13.728m  at gt=(54.94, -19.83) s=36.7m
[INFO] [1790668399.401794, 99.719500]: [event] proximity_detection id=58 verdict=true gt_gap=13.857m  at gt=(54.90, -20.31) s=37.2m
[INFO] [1790668401.600704, 100.818500]: [event] proximity_detection id=59 verdict=true gt_gap=13.992m  at gt=(54.87, -20.85) s=37.7m
[INFO] [1790668403.574703, 101.805000]: [event] proximity_detection id=60 verdict=true gt_gap=14.061m  at gt=(54.85, -21.32) s=38.2m
[INFO] [1790668405.587236, 102.808500]: [event] proximity_detection id=61 verdict=true gt_gap=14.098m  at gt=(54.82, -21.81) s=38.7m
[INFO] [1790668407.586031, 103.807000]: [event] proximity_detection id=62 verdict=true gt_gap=14.093m  at gt=(54.81, -22.25) s=39.2m
[INFO] [1790668409.775463, 104.901000]: [event] proximity_detection id=63 verdict=true gt_gap=14.079m  at gt=(54.80, -22.68) s=39.6m
[INFO] [1790668411.978376, 106.002000]: [event] proximity_detection id=64 verdict=true gt_gap=14.115m  at gt=(54.81, -23.14) s=40.0m
[INFO] [1790668414.000875, 107.012000]: [event] proximity_detection id=65 verdict=true gt_gap=14.137m  at gt=(54.82, -23.56) s=40.5m
[INFO] [1790668416.177226, 108.098000]: [event] proximity_detection id=66 verdict=true gt_gap=14.251m  at gt=(54.85, -24.08) s=41.0m
[INFO] [1790668418.176322, 109.096500]: [event] proximity_detection id=67 verdict=true gt_gap=14.286m  at gt=(54.87, -24.55) s=41.5m
[INFO] [1790668420.380750, 110.198000]: [event] proximity_detection id=68 verdict=true gt_gap=14.328m  at gt=(54.89, -25.04) s=41.9m
[INFO] [1790668422.705028, 111.359000]: [event] proximity_detection id=69 verdict=true gt_gap=14.395m  at gt=(54.89, -25.56) s=42.5m
[INFO] [1790668424.367659, 112.189000]: [event] proximity_detection id=70 verdict=true gt_gap=14.322m  at gt=(54.89, -25.96) s=42.9m
[INFO] [1790668426.384405, 113.197000]: [event] proximity_detection id=71 verdict=true gt_gap=14.350m  at gt=(54.89, -26.42) s=43.3m
[INFO] [1790668428.347911, 114.178000]: [event] proximity_detection id=72 verdict=true gt_gap=14.299m  at gt=(54.87, -26.84) s=43.8m
[INFO] [1790668430.384864, 115.195000]: [event] proximity_detection id=73 verdict=true gt_gap=14.068m  at gt=(54.93, -27.09) s=44.0m
[INFO] [1790668432.393261, 116.197500]: [event] proximity_detection id=74 verdict=true gt_gap=13.676m  at gt=(54.95, -27.17) s=44.1m
[INFO] [1790668434.386055, 117.193000]: [event] proximity_detection id=75 verdict=true gt_gap=13.543m  at gt=(55.02, -27.50) s=44.4m
[INFO] [1790668436.398751, 118.198500]: [event] proximity_detection id=76 verdict=true gt_gap=13.425m  at gt=(55.10, -27.83) s=44.8m
[INFO] [1790668438.384598, 119.191500]: [event] proximity_detection id=77 verdict=true gt_gap=13.239m  at gt=(55.16, -28.14) s=45.1m
[INFO] [1790668440.393583, 120.193000]: [event] proximity_detection id=78 verdict=true gt_gap=13.019m  at gt=(55.22, -28.44) s=45.4m
[INFO] [1790668442.579565, 121.285000]: [event] proximity_detection id=79 verdict=true gt_gap=12.809m  at gt=(55.24, -28.74) s=45.7m
[INFO] [1790668444.568230, 122.279000]: [event] proximity_detection id=80 verdict=true gt_gap=12.556m  at gt=(55.15, -28.94) s=45.9m
[INFO] [1790668446.581492, 123.284500]: [event] proximity_detection id=81 verdict=true gt_gap=12.339m  at gt=(55.08, -29.20) s=46.2m
[INFO] [1790668448.586205, 124.285000]: [event] proximity_detection id=82 verdict=true gt_gap=12.053m  at gt=(54.96, -29.45) s=46.5m
[INFO] [1790668450.598083, 125.290500]: [event] proximity_detection id=83 verdict=true gt_gap=11.854m  at gt=(54.80, -29.77) s=46.8m
[INFO] [1790668452.788209, 126.385000]: [event] proximity_detection id=84 verdict=true gt_gap=11.699m  at gt=(54.67, -30.09) s=47.2m
[INFO] [1790668454.795195, 127.386500]: [event] proximity_detection id=85 verdict=true gt_gap=11.548m  at gt=(54.62, -30.42) s=47.5m
[INFO] [1790668456.820199, 128.398000]: [event] proximity_detection id=86 verdict=true gt_gap=11.573m  at gt=(54.47, -30.92) s=48.0m
[INFO] [1790668458.815413, 129.395000]: [event] proximity_detection id=87 verdict=true gt_gap=11.502m  at gt=(54.36, -31.32) s=48.5m
[INFO] [1790668460.838855, 130.405500]: [event] proximity_detection id=88 verdict=true gt_gap=11.122m  at gt=(54.31, -31.42) s=48.6m
[INFO] [1790668462.825622, 131.398500]: [event] proximity_detection id=89 verdict=true gt_gap=10.993m  at gt=(54.17, -31.82) s=49.0m
[INFO] [1790668464.831697, 132.399500]: [event] proximity_detection id=90 verdict=true gt_gap=10.900m  at gt=(54.02, -32.19) s=49.4m
[INFO] [1790668467.024563, 133.495500]: [event] proximity_detection id=91 verdict=true gt_gap=10.792m  at gt=(53.84, -32.56) s=49.8m
[INFO] [1790668469.244201, 134.603500]: [event] proximity_detection id=92 verdict=true gt_gap=10.791m  at gt=(53.66, -32.98) s=50.3m
[INFO] [1790668471.440719, 135.700000]: [event] proximity_detection id=93 verdict=true gt_gap=10.767m  at gt=(53.48, -33.36) s=50.7m
[INFO] [1790668473.460225, 136.709500]: [event] proximity_detection id=94 verdict=true gt_gap=10.679m  at gt=(53.26, -33.71) s=51.1m
[INFO] [1790668475.462800, 137.708500]: [event] proximity_detection id=95 verdict=true gt_gap=10.699m  at gt=(53.00, -34.11) s=51.6m
[INFO] [1790668477.682283, 138.818000]: [event] proximity_detection id=96 verdict=true gt_gap=10.635m  at gt=(52.75, -34.50) s=52.1m
[INFO] [1790668479.664996, 139.808000]: [event] proximity_detection id=97 verdict=true gt_gap=10.543m  at gt=(52.50, -34.83) s=52.5m
[INFO] [1790668481.682521, 140.815500]: [event] proximity_detection id=98 verdict=true gt_gap=10.472m  at gt=(52.22, -35.16) s=52.9m
[INFO] [1790668483.886894, 141.916500]: [event] proximity_detection id=99 verdict=true gt_gap=10.398m  at gt=(51.91, -35.51) s=53.4m
[INFO] [1790668485.899801, 142.922000]: [event] proximity_detection id=100 verdict=true gt_gap=10.426m  at gt=(51.61, -35.85) s=53.8m
[INFO] [1790668487.908123, 143.925000]: [event] proximity_detection id=101 verdict=true gt_gap=10.393m  at gt=(51.32, -36.18) s=54.3m
[INFO] [1790668489.925471, 144.933000]: [event] proximity_detection id=102 verdict=true gt_gap=10.360m  at gt=(51.04, -36.47) s=54.7m
[INFO] [1790668491.921321, 145.929500]: [event] proximity_detection id=103 verdict=true gt_gap=10.507m  at gt=(50.76, -36.73) s=55.1m
[INFO] [1790668495.898939, 147.916000]: [event] proximity_detection id=105 verdict=true gt_gap=10.919m  at gt=(50.08, -37.23) s=55.9m
[INFO] [1790668544.757441, 172.317000]: [event] proximity_detection id=129 verdict=true gt_gap=12.976m  at gt=(39.53, -39.43) s=67.0m
[INFO] [1790668548.939782, 174.405500]: [event] proximity_detection id=131 verdict=true gt_gap=13.143m  at gt=(38.57, -39.37) s=67.9m
[INFO] [1790668550.973054, 175.422000]: [event] proximity_detection id=132 verdict=true gt_gap=13.287m  at gt=(38.07, -39.36) s=68.4m
[INFO] [1790668552.966823, 176.417000]: [event] proximity_detection id=133 verdict=true gt_gap=13.429m  at gt=(37.58, -39.34) s=68.9m
[INFO] [1790668555.169617, 177.517500]: [event] proximity_detection id=134 verdict=true gt_gap=13.593m  at gt=(37.07, -39.31) s=69.4m
[INFO] [1790668557.180697, 178.521500]: [event] proximity_detection id=135 verdict=true gt_gap=13.644m  at gt=(36.59, -39.29) s=69.9m
[INFO] [1790668559.184619, 179.522000]: [event] proximity_detection id=136 verdict=true gt_gap=13.695m  at gt=(36.10, -39.26) s=70.4m
[INFO] [1790668561.400212, 180.629500]: [event] proximity_detection id=137 verdict=true gt_gap=13.814m  at gt=(35.58, -39.23) s=70.9m
[INFO] [1790668563.385539, 181.620500]: [event] proximity_detection id=138 verdict=true gt_gap=13.833m  at gt=(35.13, -39.19) s=71.4m
[INFO] [1790668565.607102, 182.730000]: [event] proximity_detection id=139 verdict=true gt_gap=13.956m  at gt=(34.58, -39.15) s=71.9m
[INFO] [1790668567.586402, 183.719000]: [event] proximity_detection id=140 verdict=true gt_gap=14.037m  at gt=(34.09, -39.14) s=72.4m
[INFO] [1790668569.597980, 184.724000]: [event] proximity_detection id=141 verdict=true gt_gap=14.123m  at gt=(33.63, -39.12) s=72.9m
[INFO] [1790668571.575947, 185.711500]: [event] proximity_detection id=142 verdict=true gt_gap=14.188m  at gt=(33.16, -39.09) s=73.4m
[INFO] [1790668573.597115, 186.721500]: [event] proximity_detection id=143 verdict=true gt_gap=14.199m  at gt=(32.66, -39.05) s=73.9m
[INFO] [1790668575.600338, 187.722500]: [event] proximity_detection id=144 verdict=true gt_gap=14.244m  at gt=(32.17, -39.01) s=74.4m
[INFO] [1790668577.580056, 188.710500]: [event] proximity_detection id=145 verdict=true gt_gap=14.267m  at gt=(31.69, -38.95) s=74.8m
[INFO] [1790668579.575309, 189.706500]: [event] proximity_detection id=146 verdict=true gt_gap=14.261m  at gt=(31.21, -38.90) s=75.3m
[INFO] [1790668581.591125, 190.713500]: [event] proximity_detection id=147 verdict=true gt_gap=14.365m  at gt=(30.71, -38.84) s=75.8m
[INFO] [1790668583.568949, 191.701500]: [event] proximity_detection id=148 verdict=true gt_gap=14.392m  at gt=(30.24, -38.78) s=76.3m
[INFO] [1790668585.581857, 192.706000]: [event] proximity_detection id=149 verdict=true gt_gap=14.481m  at gt=(29.77, -38.70) s=76.8m
[INFO] [1790668587.576997, 193.704000]: [event] proximity_detection id=150 verdict=true gt_gap=14.592m  at gt=(29.31, -38.62) s=77.2m
[INFO] [1790668589.581630, 194.705500]: [event] proximity_detection id=151 verdict=true gt_gap=14.689m  at gt=(28.83, -38.53) s=77.7m
[INFO] [1790668591.579990, 195.702000]: [event] proximity_detection id=152 verdict=true gt_gap=14.721m  at gt=(28.35, -38.45) s=78.2m
[INFO] [1790668593.581270, 196.702500]: [event] proximity_detection id=153 verdict=true gt_gap=14.696m  at gt=(27.89, -38.36) s=78.7m
[INFO] [1790668595.595449, 197.708500]: [event] proximity_detection id=154 verdict=true gt_gap=14.645m  at gt=(27.45, -38.25) s=79.1m
[INFO] [1790668597.587616, 198.703500]: [event] proximity_detection id=155 verdict=true gt_gap=14.618m  at gt=(27.01, -38.14) s=79.6m
[INFO] [1790668599.829890, 199.823500]: [event] proximity_detection id=156 verdict=true gt_gap=14.567m  at gt=(26.58, -38.03) s=80.0m
[INFO] [1790668601.790207, 200.803000]: [event] proximity_detection id=157 verdict=true gt_gap=14.378m  at gt=(26.23, -37.93) s=80.4m
[INFO] [1790668603.785666, 201.799500]: [event] proximity_detection id=158 verdict=true gt_gap=14.230m  at gt=(25.88, -37.80) s=80.8m
[INFO] [1790668606.015575, 202.913000]: [event] proximity_detection id=159 verdict=true gt_gap=14.185m  at gt=(25.46, -37.63) s=81.2m
[INFO] [1790668608.010147, 203.909000]: [event] proximity_detection id=160 verdict=true gt_gap=14.116m  at gt=(25.09, -37.45) s=81.6m
[INFO] [1790668610.027148, 204.917000]: [event] proximity_detection id=161 verdict=true gt_gap=14.017m  at gt=(24.71, -37.26) s=82.1m
[INFO] [1790668677.911446, 238.820500]: [event] proximity_detection id=194 verdict=true gt_gap=12.854m  at gt=(18.37, -24.67) s=97.1m
[INFO] [1790668679.931971, 239.829000]: [event] proximity_detection id=195 verdict=true gt_gap=12.711m  at gt=(18.41, -24.34) s=97.5m
[INFO] [1790668682.116885, 240.919500]: [event] proximity_detection id=196 verdict=true gt_gap=12.746m  at gt=(18.38, -23.89) s=97.9m
[INFO] [1790668684.130289, 241.926000]: [event] proximity_detection id=197 verdict=true gt_gap=12.819m  at gt=(18.32, -23.43) s=98.4m
[INFO] [1790668686.118296, 242.919000]: [event] proximity_detection id=198 verdict=true gt_gap=12.923m  at gt=(18.27, -22.97) s=98.9m
[INFO] [1790668688.142042, 243.929500]: [event] proximity_detection id=199 verdict=true gt_gap=12.942m  at gt=(18.29, -22.47) s=99.4m
[INFO] [1790668690.127176, 244.921500]: [event] proximity_detection id=200 verdict=true gt_gap=12.961m  at gt=(18.29, -21.97) s=99.9m
[INFO] [1790668692.116184, 245.914000]: [event] proximity_detection id=201 verdict=true gt_gap=13.024m  at gt=(18.28, -21.46) s=100.4m
[INFO] [1790668694.148805, 246.930000]: [event] proximity_detection id=202 verdict=true gt_gap=13.013m  at gt=(18.25, -21.00) s=100.8m
[INFO] [1790668696.335552, 248.022000]: [event] proximity_detection id=203 verdict=true gt_gap=13.106m  at gt=(18.25, -20.50) s=101.3m
[INFO] [1790668698.343280, 249.025000]: [event] proximity_detection id=204 verdict=true gt_gap=13.162m  at gt=(18.29, -20.02) s=101.8m
[INFO] [1790668700.335832, 250.020000]: [event] proximity_detection id=205 verdict=true gt_gap=13.235m  at gt=(18.33, -19.55) s=102.3m
[INFO] [1790668702.335679, 251.018000]: [event] proximity_detection id=206 verdict=true gt_gap=13.208m  at gt=(18.36, -19.14) s=102.7m
[INFO] [1790668704.330256, 252.015500]: [event] proximity_detection id=207 verdict=true gt_gap=13.212m  at gt=(18.38, -18.70) s=103.1m
[INFO] [1790668706.334944, 253.016000]: [event] proximity_detection id=208 verdict=true gt_gap=13.235m  at gt=(18.35, -18.23) s=103.6m
[INFO] [1790668708.331146, 254.012000]: [event] proximity_detection id=209 verdict=true gt_gap=13.294m  at gt=(18.31, -17.76) s=104.1m
[INFO] [1790668710.349930, 255.021000]: [event] proximity_detection id=210 verdict=true gt_gap=13.413m  at gt=(18.29, -17.32) s=104.5m
[INFO] [1790668712.341478, 256.015500]: [event] proximity_detection id=211 verdict=true gt_gap=13.372m  at gt=(18.29, -16.88) s=105.0m
[INFO] [1790668714.544123, 257.115500]: [event] proximity_detection id=212 verdict=true gt_gap=13.410m  at gt=(18.29, -16.38) s=105.5m
[INFO] [1790668716.554914, 258.120500]: [event] proximity_detection id=213 verdict=true gt_gap=13.409m  at gt=(18.28, -15.89) s=106.0m
[INFO] [1790668718.734910, 259.208500]: [event] proximity_detection id=214 verdict=true gt_gap=13.440m  at gt=(18.27, -15.46) s=106.4m
[INFO] [1790668720.755555, 260.217500]: [event] proximity_detection id=215 verdict=true gt_gap=13.534m  at gt=(18.30, -15.00) s=106.9m
[INFO] [1790668722.796671, 261.236500]: [event] proximity_detection id=216 verdict=true gt_gap=13.629m  at gt=(18.34, -14.52) s=107.3m
[INFO] [1790668724.748942, 262.212500]: [event] proximity_detection id=217 verdict=true gt_gap=13.692m  at gt=(18.37, -14.04) s=107.8m
[INFO] [1790668726.742086, 263.208500]: [event] proximity_detection id=218 verdict=true gt_gap=13.742m  at gt=(18.38, -13.59) s=108.3m
[INFO] [1790668728.745487, 264.208500]: [event] proximity_detection id=219 verdict=true gt_gap=13.744m  at gt=(18.39, -13.16) s=108.7m
[INFO] [1790668730.948155, 265.308500]: [event] proximity_detection id=220 verdict=true gt_gap=13.791m  at gt=(18.39, -12.69) s=109.2m
[INFO] [1790668733.168064, 266.417500]: [event] proximity_detection id=221 verdict=true gt_gap=13.788m  at gt=(18.40, -12.20) s=109.6m
[INFO] [1790668735.203747, 267.434500]: [event] proximity_detection id=222 verdict=true gt_gap=13.818m  at gt=(18.41, -11.71) s=110.1m
[INFO] [1790668737.207458, 268.435500]: [event] proximity_detection id=223 verdict=true gt_gap=13.814m  at gt=(18.41, -11.28) s=110.6m
[INFO] [1790668739.435536, 269.548000]: [event] proximity_detection id=224 verdict=true gt_gap=13.834m  at gt=(18.41, -10.83) s=111.0m
[INFO] [1790668741.636502, 270.647000]: [event] proximity_detection id=225 verdict=true gt_gap=13.738m  at gt=(18.41, -10.60) s=111.3m
[INFO] [1790668743.641684, 271.649000]: [event] proximity_detection id=226 verdict=true gt_gap=13.657m  at gt=(18.47, -10.23) s=111.6m
[INFO] [1790668745.661173, 272.657500]: [event] proximity_detection id=227 verdict=true gt_gap=13.537m  at gt=(18.53, -9.90) s=112.0m
[INFO] [1790668747.646676, 273.648500]: [event] proximity_detection id=228 verdict=true gt_gap=13.432m  at gt=(18.64, -9.54) s=112.4m
[INFO] [1790668749.671712, 274.660500]: [event] proximity_detection id=229 verdict=true gt_gap=13.367m  at gt=(18.85, -9.12) s=112.8m
[INFO] [1790668751.644642, 275.646000]: [event] proximity_detection id=230 verdict=true gt_gap=13.204m  at gt=(19.03, -8.79) s=113.2m
[INFO] [1790668753.651445, 276.648500]: [event] proximity_detection id=231 verdict=true gt_gap=12.782m  at gt=(19.12, -8.71) s=113.4m
[INFO] [1790668755.676159, 277.659500]: [event] proximity_detection id=232 verdict=true gt_gap=12.578m  at gt=(19.24, -8.46) s=113.7m
[INFO] [1790668757.671319, 278.656000]: [event] proximity_detection id=233 verdict=true gt_gap=12.450m  at gt=(19.23, -8.09) s=114.0m
[INFO] [1790668759.885533, 279.761000]: [event] proximity_detection id=234 verdict=true gt_gap=12.422m  at gt=(19.19, -7.63) s=114.5m
[INFO] [1790668761.894412, 280.764500]: [event] proximity_detection id=235 verdict=true gt_gap=12.291m  at gt=(19.18, -7.29) s=114.8m
[INFO] [1790668763.887402, 281.760500]: [event] proximity_detection id=236 verdict=true gt_gap=12.228m  at gt=(19.24, -6.94) s=115.2m
[INFO] [1790668766.121381, 282.876000]: [event] proximity_detection id=237 verdict=true gt_gap=12.223m  at gt=(19.31, -6.51) s=115.6m
[INFO] [1790668768.331976, 283.980500]: [event] proximity_detection id=238 verdict=true gt_gap=12.234m  at gt=(19.40, -6.04) s=116.1m
[INFO] [1790668770.535540, 285.080500]: [event] proximity_detection id=239 verdict=true gt_gap=12.284m  at gt=(19.53, -5.53) s=116.6m
[INFO] [1790668772.545807, 286.085000]: [event] proximity_detection id=240 verdict=true gt_gap=12.319m  at gt=(19.67, -5.08) s=117.1m
[INFO] [1790668774.560146, 287.090000]: [event] proximity_detection id=241 verdict=true gt_gap=12.301m  at gt=(19.79, -4.67) s=117.5m
[INFO] [1790668776.574921, 288.096500]: [event] proximity_detection id=242 verdict=true gt_gap=12.227m  at gt=(19.87, -4.25) s=118.0m
[INFO] [1790668778.794906, 289.204000]: [event] proximity_detection id=243 verdict=true gt_gap=12.271m  at gt=(19.96, -3.74) s=118.5m
[INFO] [1790668780.797270, 290.204000]: [event] proximity_detection id=244 verdict=true gt_gap=12.328m  at gt=(20.06, -3.26) s=119.0m
[INFO] [1790668782.993183, 291.301000]: [event] proximity_detection id=245 verdict=true gt_gap=12.321m  at gt=(20.15, -2.82) s=119.4m
[INFO] [1790668785.023127, 292.314500]: [event] proximity_detection id=246 verdict=true gt_gap=12.208m  at gt=(20.23, -2.46) s=119.8m
[INFO] [1790668787.207999, 293.406500]: [event] proximity_detection id=247 verdict=true gt_gap=12.078m  at gt=(20.30, -2.12) s=120.1m
[INFO] [1790668791.221049, 295.411000]: [event] proximity_detection id=1 verdict=unknown gt_gap=nanm  at gt=(20.45, -1.53) s=120.8m
[INFO] [1790668793.204983, 296.401500]: [event] proximity_detection id=1 verdict=unknown gt_gap=nanm  at gt=(20.55, -1.20) s=121.1m
[INFO] [1790668795.424665, 297.509500]: [event] proximity_detection id=1 verdict=unknown gt_gap=nanm  at gt=(20.66, -0.80) s=121.5m
[INFO] [1790668797.414515, 298.503000]: [event] proximity_detection id=1 verdict=unknown gt_gap=nanm  at gt=(20.70, -0.34) s=122.0m
[INFO] [1790668799.424847, 299.507500]: [event] proximity_detection id=1 verdict=unknown gt_gap=nanm  at gt=(20.79, -0.12) s=122.2m
[INFO] [1790668801.412648, 300.500000]: [event] proximity_detection id=1 verdict=unknown gt_gap=nanm  at gt=(20.97, 0.17) s=122.6m
[INFO] [1790668803.386702, 301.484500]: [event] proximity_detection id=255 verdict=true gt_gap=11.364m  at gt=(21.15, 0.43) s=122.9m
[INFO] [1790668805.598033, 302.590000]: [event] proximity_detection id=1 verdict=unknown gt_gap=nanm  at gt=(21.38, 0.62) s=123.2m
[INFO] [1790668807.592109, 303.586000]: [event] proximity_detection id=1 verdict=unknown gt_gap=nanm  at gt=(21.63, 0.82) s=123.5m
[INFO] [1790668809.568168, 304.573000]: [event] proximity_detection id=1 verdict=unknown gt_gap=nanm  at gt=(21.90, 1.01) s=123.8m
[INFO] [1790668811.600858, 305.588500]: [event] proximity_detection id=1 verdict=unknown gt_gap=nanm  at gt=(22.13, 1.15) s=124.1m
[INFO] [1790668813.574914, 306.572000]: [event] proximity_detection id=1 verdict=unknown gt_gap=nanm  at gt=(22.39, 1.17) s=124.4m
[INFO] [1790668815.571010, 307.569000]: [event] proximity_detection id=261 verdict=true gt_gap=10.433m  at gt=(22.68, 1.10) s=124.7m
[INFO] [1790668817.575065, 308.570000]: [event] proximity_detection id=1 verdict=unknown gt_gap=nanm  at gt=(22.93, 0.98) s=125.0m
[INFO] [1790668819.587911, 309.575000]: [event] proximity_detection id=1 verdict=unknown gt_gap=nanm  at gt=(23.17, 0.83) s=125.2m
[INFO] [1790668821.584328, 310.572000]: [event] proximity_detection id=1 verdict=unknown gt_gap=nanm  at gt=(23.35, 0.71) s=125.5m
[INFO] [1790668823.608137, 311.583000]: [event] proximity_detection id=1 verdict=unknown gt_gap=nanm  at gt=(23.50, 0.54) s=125.7m
[INFO] [1790668825.801540, 312.677500]: [event] proximity_detection id=1 verdict=unknown gt_gap=nanm  at gt=(23.67, 0.32) s=126.0m
[INFO] [1790668827.816423, 313.684500]: [event] proximity_detection id=1 verdict=unknown gt_gap=nanm  at gt=(23.85, 0.15) s=126.2m
[INFO] [1790668829.825377, 314.687500]: [event] proximity_detection id=1 verdict=unknown gt_gap=nanm  at gt=(24.04, -0.02) s=126.5m
[INFO] [1790668831.833751, 315.690500]: [event] proximity_detection id=1 verdict=unknown gt_gap=nanm  at gt=(24.26, -0.14) s=126.7m
[INFO] [1790668833.823509, 316.684500]: [event] proximity_detection id=1 verdict=unknown gt_gap=nanm  at gt=(24.46, -0.20) s=126.9m
[INFO] [1790668835.846864, 317.694000]: [event] proximity_detection id=1 verdict=unknown gt_gap=nanm  at gt=(24.66, -0.16) s=127.1m
[INFO] [1790668837.848020, 318.694000]: [event] proximity_detection id=1 verdict=unknown gt_gap=nanm  at gt=(25.00, -0.10) s=127.5m
[INFO] [1790668839.845751, 319.691500]: [event] proximity_detection id=273 verdict=true gt_gap=6.568m  at gt=(25.39, -0.04) s=127.9m
[INFO] [1790668841.855838, 320.695000]: [event] proximity_detection id=1 verdict=unknown gt_gap=nanm  at gt=(25.84, 0.08) s=128.4m
[INFO] [1790668843.867283, 321.700000]: [event] proximity_detection id=1 verdict=unknown gt_gap=nanm  at gt=(26.27, 0.18) s=128.8m
[INFO] [1790668845.850130, 322.688000]: [event] proximity_detection id=276 verdict=true gt_gap=6.960m  at gt=(26.64, 0.25) s=129.2m
[INFO] [1790668847.873231, 323.698500]: [event] proximity_detection id=1 verdict=unknown gt_gap=nanm  at gt=(27.03, 0.28) s=129.6m
[INFO] [1790668849.856216, 324.688500]: [event] proximity_detection id=278 verdict=true gt_gap=7.449m  at gt=(27.50, 0.31) s=130.0m
[INFO] [1790668852.050752, 325.785000]: [event] proximity_detection id=279 verdict=true gt_gap=7.797m  at gt=(28.02, 0.32) s=130.6m
[INFO] [1790668854.079468, 326.797500]: [event] proximity_detection id=1 verdict=unknown gt_gap=nanm  at gt=(28.52, 0.34) s=131.0m
[INFO] [1790668856.044457, 327.780000]: [event] proximity_detection id=1 verdict=unknown gt_gap=nanm  at gt=(28.98, 0.34) s=131.5m
[INFO] [1790668858.056113, 328.784500]: [event] proximity_detection id=1 verdict=unknown gt_gap=nanm  at gt=(29.45, 0.32) s=132.0m
[INFO] [1790668860.066414, 329.786000]: [event] proximity_detection id=1 verdict=unknown gt_gap=nanm  at gt=(29.94, 0.30) s=132.5m
[INFO] [1790668862.243968, 330.874000]: [event] proximity_detection id=1 verdict=unknown gt_gap=nanm  at gt=(30.47, 0.29) s=133.0m
[INFO] [1790668864.320103, 331.908500]: [event] proximity_detection id=285 verdict=true gt_gap=9.818m  at gt=(30.96, 0.26) s=133.5m
[INFO] [1790668866.322445, 332.906000]: [event] proximity_detection id=1 verdict=unknown gt_gap=nanm  at gt=(31.43, 0.24) s=134.0m
[INFO] [1790668868.527015, 334.006500]: [event] proximity_detection id=287 verdict=true gt_gap=10.351m  at gt=(31.97, 0.23) s=134.5m
[INFO] [1790668870.477543, 334.980000]: [event] proximity_detection id=288 verdict=true gt_gap=10.572m  at gt=(32.44, 0.21) s=135.0m
[INFO] [1790668872.482017, 335.981000]: [event] proximity_detection id=289 verdict=true gt_gap=10.745m  at gt=(32.83, 0.20) s=135.4m
[INFO] [1790668874.491234, 336.984500]: [event] proximity_detection id=290 verdict=true gt_gap=10.843m  at gt=(33.20, 0.21) s=135.7m
[INFO] [1790668876.571070, 338.022500]: [event] proximity_detection id=291 verdict=true gt_gap=11.046m  at gt=(33.69, 0.22) s=136.2m
[INFO] [1790668878.569686, 339.020500]: [event] proximity_detection id=292 verdict=true gt_gap=11.231m  at gt=(34.14, 0.24) s=136.7m
[INFO] [1790668880.581932, 340.025000]: [event] proximity_detection id=293 verdict=true gt_gap=11.412m  at gt=(34.57, 0.25) s=137.1m
[INFO] [1790668882.567390, 341.017000]: [event] proximity_detection id=294 verdict=true gt_gap=11.643m  at gt=(34.98, 0.25) s=137.5m
[INFO] [1790668884.578321, 342.021000]: [event] proximity_detection id=295 verdict=true gt_gap=11.931m  at gt=(35.42, 0.24) s=138.0m
[INFO] [1790668886.627625, 343.044500]: [event] proximity_detection id=296 verdict=true gt_gap=12.237m  at gt=(35.91, 0.22) s=138.4m
[INFO] [1790668888.606582, 344.033000]: [event] proximity_detection id=297 verdict=true gt_gap=12.506m  at gt=(36.35, 0.21) s=138.9m
[INFO] [1790668890.808601, 345.131500]: [event] proximity_detection id=13 verdict=true gt_gap=0.099m  at gt=(36.86, 0.21) s=139.4m
[INFO] [1790668892.835293, 346.144500]: [event] proximity_detection id=299 verdict=true gt_gap=13.094m  at gt=(37.35, 0.22) s=139.9m
[INFO] [1790668894.863558, 347.157500]: [event] proximity_detection id=300 verdict=true gt_gap=13.348m  at gt=(37.80, 0.24) s=140.3m
[INFO] [1790668896.850675, 348.150000]: [event] proximity_detection id=301 verdict=true gt_gap=13.585m  at gt=(38.24, 0.26) s=140.8m
[INFO] [1790668899.042967, 349.244000]: [event] proximity_detection id=302 verdict=true gt_gap=13.733m  at gt=(38.73, 0.24) s=141.3m
[INFO] [1790668901.274561, 350.358500]: [event] proximity_detection id=303 verdict=true gt_gap=13.803m  at gt=(39.19, 0.20) s=141.7m
[INFO] [1790668903.456914, 351.447500]: [event] proximity_detection id=304 verdict=true gt_gap=13.742m  at gt=(39.58, 0.17) s=142.1m
[INFO] [1790668905.670640, 352.553500]: [event] proximity_detection id=305 verdict=true gt_gap=13.803m  at gt=(40.07, 0.20) s=142.6m
[INFO] [1790668907.702926, 353.568500]: [event] proximity_detection id=21 verdict=true gt_gap=0.052m  at gt=(40.56, 0.22) s=143.1m
[INFO] [1790668909.712638, 354.572500]: [event] proximity_detection id=307 verdict=true gt_gap=13.980m  at gt=(41.01, 0.24) s=143.6m
[INFO] [1790668911.889003, 355.658500]: [event] proximity_detection id=308 verdict=true gt_gap=13.977m  at gt=(41.47, 0.25) s=144.0m
[INFO] [1790668913.938903, 356.682500]: [event] proximity_detection id=309 verdict=true gt_gap=13.892m  at gt=(41.92, 0.25) s=144.5m
[INFO] [1790668915.931330, 357.676500]: [event] proximity_detection id=310 verdict=true gt_gap=13.869m  at gt=(42.39, 0.23) s=144.9m
[INFO] [1790668917.948346, 358.684500]: [event] proximity_detection id=311 verdict=true gt_gap=13.923m  at gt=(42.90, 0.22) s=145.4m
[INFO] [1790668919.933053, 359.675500]: [event] proximity_detection id=312 verdict=true gt_gap=13.964m  at gt=(43.42, 0.21) s=146.0m
[INFO] [1790668921.936722, 360.676000]: [event] proximity_detection id=313 verdict=true gt_gap=13.956m  at gt=(43.89, 0.18) s=146.4m
[INFO] [1790668923.927576, 361.669500]: [event] proximity_detection id=314 verdict=true gt_gap=13.866m  at gt=(44.33, 0.15) s=146.9m
[INFO] [1790668925.906232, 362.657000]: [event] proximity_detection id=315 verdict=true gt_gap=13.767m  at gt=(44.73, 0.12) s=147.3m
[INFO] [1790668928.018955, 363.712000]: [event] proximity_detection id=316 verdict=true gt_gap=13.688m  at gt=(45.12, 0.06) s=147.7m
[INFO] [1790668929.981261, 364.691000]: [event] proximity_detection id=317 verdict=true gt_gap=13.517m  at gt=(45.48, -0.03) s=148.1m
[INFO] [1790668932.168917, 365.782500]: [event] proximity_detection id=318 verdict=true gt_gap=13.509m  at gt=(45.95, -0.15) s=148.5m
[INFO] [1790668934.161657, 366.778500]: [event] proximity_detection id=319 verdict=true gt_gap=13.551m  at gt=(46.37, -0.28) s=149.0m
[INFO] [1790668936.156523, 367.774000]: [event] proximity_detection id=320 verdict=true gt_gap=13.608m  at gt=(46.79, -0.44) s=149.4m
[INFO] [1790668938.171131, 368.778000]: [event] proximity_detection id=321 verdict=true gt_gap=13.527m  at gt=(47.19, -0.60) s=149.9m
[INFO] [1790668940.185924, 369.784500]: [event] proximity_detection id=322 verdict=true gt_gap=13.534m  at gt=(47.63, -0.77) s=150.3m
[INFO] [1790668942.188392, 370.784000]: [event] proximity_detection id=323 verdict=true gt_gap=13.540m  at gt=(48.05, -0.93) s=150.8m
[INFO] [1790668944.188245, 371.782000]: [event] proximity_detection id=324 verdict=true gt_gap=13.528m  at gt=(48.44, -1.10) s=151.2m
[INFO] [1790668946.190045, 372.782000]: [event] proximity_detection id=325 verdict=true gt_gap=13.426m  at gt=(48.76, -1.25) s=151.6m
[INFO] [1790668948.403863, 373.887000]: [event] proximity_detection id=326 verdict=true gt_gap=13.313m  at gt=(49.12, -1.42) s=152.0m
[INFO] [1790668950.425079, 374.896500]: [event] proximity_detection id=327 verdict=true gt_gap=13.206m  at gt=(49.43, -1.61) s=152.3m
[INFO] [1790668952.405437, 375.885500]: [event] proximity_detection id=328 verdict=true gt_gap=13.077m  at gt=(49.77, -1.83) s=152.7m
[INFO] [1790668954.448656, 376.904500]: [event] proximity_detection id=329 verdict=true gt_gap=13.024m  at gt=(50.16, -2.11) s=153.2m
[INFO] [1790668956.662592, 378.010500]: [event] proximity_detection id=330 verdict=true gt_gap=13.018m  at gt=(50.55, -2.42) s=153.7m
[INFO] [1790668958.651440, 379.003000]: [event] proximity_detection id=331 verdict=true gt_gap=13.025m  at gt=(50.92, -2.70) s=154.2m
[INFO] [1790668960.655283, 380.003500]: [event] proximity_detection id=332 verdict=true gt_gap=12.959m  at gt=(51.28, -2.97) s=154.6m
[INFO] [1790668962.669642, 381.010500]: [event] proximity_detection id=333 verdict=true gt_gap=12.865m  at gt=(51.59, -3.22) s=155.0m
[INFO] [1790668964.660933, 382.005000]: [event] proximity_detection id=49 verdict=true gt_gap=0.102m  at gt=(51.86, -3.46) s=155.4m
[INFO] [1790668966.647336, 382.994500]: [event] proximity_detection id=50 verdict=true gt_gap=0.123m  at gt=(52.13, -3.73) s=155.8m
[INFO] [1790668968.654052, 383.997000]: [event] proximity_detection id=51 verdict=true gt_gap=0.101m  at gt=(52.40, -4.02) s=156.2m
[INFO] [1790668970.659378, 384.998500]: [event] proximity_detection id=337 verdict=true gt_gap=12.550m  at gt=(52.68, -4.38) s=156.6m
[INFO] [1790668972.676890, 386.004500]: [event] proximity_detection id=338 verdict=true gt_gap=12.528m  at gt=(52.96, -4.75) s=157.1m
[INFO] [1790668974.883761, 387.103500]: [event] proximity_detection id=54 verdict=true gt_gap=0.174m  at gt=(53.25, -5.14) s=157.6m
[INFO] [1790668976.903580, 388.109500]: [event] proximity_detection id=55 verdict=true gt_gap=0.139m  at gt=(53.49, -5.49) s=158.0m
[INFO] [1790668979.057120, 389.184500]: [event] proximity_detection id=56 verdict=true gt_gap=0.120m  at gt=(53.73, -5.88) s=158.4m
[INFO] [1790668981.045434, 390.176500]: [event] proximity_detection id=57 verdict=true gt_gap=0.136m  at gt=(53.95, -6.27) s=158.9m
[INFO] [1790668983.034791, 391.170000]: [event] proximity_detection id=58 verdict=true gt_gap=0.198m  at gt=(54.17, -6.66) s=159.3m
[INFO] [1790668985.029707, 392.166500]: [event] proximity_detection id=59 verdict=true gt_gap=0.174m  at gt=(54.36, -7.03) s=159.8m
[INFO] [1790668987.034209, 393.167000]: [event] proximity_detection id=60 verdict=true gt_gap=0.165m  at gt=(54.52, -7.42) s=160.2m
[INFO] [1790668989.224974, 394.261500]: [event] proximity_detection id=61 verdict=true gt_gap=0.157m  at gt=(54.69, -7.85) s=160.6m
[INFO] [1790668991.446703, 395.370500]: [event] proximity_detection id=62 verdict=true gt_gap=0.181m  at gt=(54.85, -8.33) s=161.1m
[INFO] [1790668993.411692, 396.351500]: [event] proximity_detection id=63 verdict=true gt_gap=0.143m  at gt=(54.98, -8.73) s=161.6m
[INFO] [1790668995.433491, 397.361500]: [event] proximity_detection id=64 verdict=true gt_gap=0.119m  at gt=(55.09, -9.14) s=162.0m
[INFO] [1790668997.635288, 398.460500]: [event] proximity_detection id=65 verdict=true gt_gap=0.175m  at gt=(55.20, -9.60) s=162.5m
[INFO] [1790668999.636994, 399.459000]: [event] proximity_detection id=66 verdict=true gt_gap=0.158m  at gt=(55.28, -9.99) s=162.9m
[INFO] [1790669003.220579, 401.248500]: [event] proximity_detection id=67 verdict=true gt_gap=0.444m  at gt=(55.38, -10.71) s=163.6m
[INFO] [1790669003.854398, 401.565500]: [event] proximity_detection id=68 verdict=true gt_gap=0.123m  at gt=(55.39, -10.84) s=163.7m
[INFO] [1790669005.829910, 402.552000]: [event] proximity_detection id=354 verdict=true gt_gap=12.329m  at gt=(55.41, -11.27) s=164.2m
[INFO] [1790669007.823298, 403.547000]: [event] proximity_detection id=355 verdict=true gt_gap=12.423m  at gt=(55.43, -11.73) s=164.6m
[INFO] [1790669009.837790, 404.553500]: [event] proximity_detection id=356 verdict=true gt_gap=12.465m  at gt=(55.44, -12.16) s=165.0m
[INFO] [1790669011.842400, 405.553000]: [event] proximity_detection id=357 verdict=true gt_gap=12.523m  at gt=(55.44, -12.60) s=165.5m
[INFO] [1790669013.856420, 406.559500]: [event] proximity_detection id=358 verdict=true gt_gap=12.576m  at gt=(55.40, -13.08) s=166.0m
[INFO] [1790669016.077999, 407.668500]: [event] proximity_detection id=359 verdict=true gt_gap=12.594m  at gt=(55.35, -13.59) s=166.5m
[INFO] [1790669018.062962, 408.659500]: [event] proximity_detection id=360 verdict=true gt_gap=12.556m  at gt=(55.32, -14.03) s=166.9m
[INFO] [1790669020.094014, 409.672500]: [event] proximity_detection id=361 verdict=true gt_gap=12.568m  at gt=(55.29, -14.48) s=167.4m
[INFO] [1790669022.075872, 410.662500]: [event] proximity_detection id=362 verdict=true gt_gap=12.602m  at gt=(55.26, -14.93) s=167.8m
[INFO] [1790669024.098299, 411.671500]: [event] proximity_detection id=363 verdict=true gt_gap=12.716m  at gt=(55.24, -15.41) s=168.3m
[INFO] [1790669026.085648, 412.665000]: [event] proximity_detection id=364 verdict=true gt_gap=12.822m  at gt=(55.23, -15.84) s=168.7m
[INFO] [1790669028.081959, 413.662000]: [event] proximity_detection id=365 verdict=true gt_gap=12.880m  at gt=(55.21, -16.24) s=169.1m
[INFO] [1790669030.091998, 414.665000]: [event] proximity_detection id=366 verdict=true gt_gap=12.992m  at gt=(55.16, -16.71) s=169.6m
[INFO] [1790669032.073630, 415.654500]: [event] proximity_detection id=367 verdict=true gt_gap=13.028m  at gt=(55.12, -17.18) s=170.1m
[INFO] [1790669034.075869, 416.654500]: [event] proximity_detection id=368 verdict=true gt_gap=13.059m  at gt=(55.08, -17.64) s=170.5m
[INFO] [1790669036.156629, 417.694000]: [event] proximity_detection id=369 verdict=true gt_gap=13.110m  at gt=(55.05, -18.13) s=171.0m
[INFO] [1790669038.109867, 418.669000]: [event] proximity_detection id=370 verdict=true gt_gap=13.209m  at gt=(55.02, -18.61) s=171.5m
[INFO] [1790669040.087809, 419.656000]: [event] proximity_detection id=371 verdict=true gt_gap=13.255m  at gt=(55.00, -19.07) s=172.0m
[INFO] [1790669042.092043, 420.655000]: [event] proximity_detection id=372 verdict=true gt_gap=13.282m  at gt=(54.98, -19.51) s=172.4m
[INFO] [1790669044.095354, 421.655000]: [event] proximity_detection id=373 verdict=true gt_gap=13.333m  at gt=(54.94, -19.97) s=172.9m
[INFO] [1790669046.105064, 422.659500]: [event] proximity_detection id=374 verdict=true gt_gap=13.424m  at gt=(54.90, -20.44) s=173.3m
[INFO] [1790669048.301232, 423.755500]: [event] proximity_detection id=375 verdict=true gt_gap=13.540m  at gt=(54.86, -20.95) s=173.9m
[INFO] [1790669050.318740, 424.763500]: [event] proximity_detection id=376 verdict=true gt_gap=13.575m  at gt=(54.83, -21.43) s=174.3m
[INFO] [1790669052.330115, 425.768000]: [event] proximity_detection id=377 verdict=true gt_gap=13.573m  at gt=(54.81, -21.90) s=174.8m
[INFO] [1790669054.340417, 426.772000]: [event] proximity_detection id=378 verdict=true gt_gap=13.604m  at gt=(54.81, -22.34) s=175.2m
[INFO] [1790669056.333835, 427.767500]: [event] proximity_detection id=379 verdict=true gt_gap=13.593m  at gt=(54.80, -22.73) s=175.6m
[INFO] [1790669058.530196, 428.864500]: [event] proximity_detection id=380 verdict=true gt_gap=13.629m  at gt=(54.83, -23.23) s=176.1m
[INFO] [1790669060.493598, 429.844500]: [event] proximity_detection id=381 verdict=true gt_gap=13.720m  at gt=(54.85, -23.70) s=176.6m
[INFO] [1790669062.490869, 430.842000]: [event] proximity_detection id=382 verdict=true gt_gap=13.463m  at gt=(54.87, -24.17) s=177.1m
[INFO] [1790669064.502976, 431.846500]: [event] proximity_detection id=383 verdict=true gt_gap=13.788m  at gt=(54.88, -24.62) s=177.5m
[INFO] [1790669066.504557, 432.846500]: [event] proximity_detection id=384 verdict=true gt_gap=13.816m  at gt=(54.88, -25.08) s=178.0m
[INFO] [1790669068.491759, 433.838500]: [event] proximity_detection id=385 verdict=true gt_gap=13.812m  at gt=(54.88, -25.53) s=178.4m
[INFO] [1790669070.481268, 434.831500]: [event] proximity_detection id=386 verdict=true gt_gap=13.802m  at gt=(54.87, -25.95) s=178.9m
[INFO] [1790669072.515937, 435.847500]: [event] proximity_detection id=387 verdict=true gt_gap=13.765m  at gt=(54.86, -26.35) s=179.3m
[INFO] [1790669074.436510, 436.807000]: [event] proximity_detection id=101 verdict=true gt_gap=0.192m  at gt=(54.87, -26.61) s=179.5m
[INFO] [1790669076.426486, 437.800500]: [event] proximity_detection id=389 verdict=true gt_gap=13.110m  at gt=(54.89, -26.69) s=179.6m
[INFO] [1790669078.643378, 438.908000]: [event] proximity_detection id=390 verdict=true gt_gap=12.647m  at gt=(54.86, -26.67) s=179.7m
[INFO] [1790669080.639252, 439.904500]: [event] proximity_detection id=391 verdict=true gt_gap=12.074m  at gt=(54.84, -26.55) s=179.8m
[INFO] [1790669082.665515, 440.916000]: [event] proximity_detection id=392 verdict=true gt_gap=11.683m  at gt=(54.84, -26.61) s=179.9m
[INFO] [1790669084.639232, 441.902500]: [event] proximity_detection id=102 verdict=true gt_gap=0.155m  at gt=(54.86, -26.69) s=180.0m
[INFO] [1790669086.687869, 442.924500]: [event] proximity_detection id=394 verdict=true gt_gap=10.878m  at gt=(54.87, -26.71) s=180.0m
[INFO] [1790669096.680712, 447.915500]: [event] proximity_detection id=395 verdict=true gt_gap=10.456m  at gt=(54.85, -26.69) s=180.0m
[INFO] [1790669100.701431, 449.923500]: [event] proximity_detection id=396 verdict=true gt_gap=9.992m  at gt=(54.86, -26.70) s=180.1m
[INFO] [1790669102.700327, 450.921000]: [event] proximity_detection id=397 verdict=true gt_gap=9.536m  at gt=(54.86, -26.72) s=180.1m
[INFO] [1790669104.704918, 451.922500]: [event] proximity_detection id=398 verdict=true gt_gap=9.196m  at gt=(54.89, -26.83) s=180.2m
[INFO] [1790669106.701417, 452.919500]: [event] proximity_detection id=399 verdict=true gt_gap=8.703m  at gt=(54.89, -26.83) s=180.2m
[INFO] [1790669108.703147, 453.919000]: [event] proximity_detection id=400 verdict=true gt_gap=8.099m  at gt=(54.83, -26.70) s=180.4m
[INFO] [1790669110.895957, 455.014500]: [event] proximity_detection id=401 verdict=true gt_gap=7.638m  at gt=(54.81, -26.71) s=180.6m
[INFO] [1790669112.921071, 456.027000]: [event] proximity_detection id=402 verdict=true gt_gap=7.530m  at gt=(54.84, -27.04) s=180.9m
[INFO] [1790669115.057638, 457.094000]: [event] proximity_detection id=403 verdict=true gt_gap=7.494m  at gt=(54.91, -27.47) s=181.4m
[INFO] [1790669117.108403, 458.117500]: [event] proximity_detection id=404 verdict=true gt_gap=7.403m  at gt=(54.97, -27.84) s=181.7m
[INFO] [1790669119.303836, 459.214000]: [event] proximity_detection id=405 verdict=true gt_gap=7.216m  at gt=(54.97, -28.17) s=182.1m
[INFO] [1790669121.323282, 460.223000]: [event] proximity_detection id=406 verdict=true gt_gap=7.128m  at gt=(54.94, -28.56) s=182.5m
[INFO] [1790669123.319079, 461.219500]: [event] proximity_detection id=407 verdict=true gt_gap=7.078m  at gt=(54.86, -28.98) s=182.9m
[INFO] [1790669125.304584, 462.211000]: [event] proximity_detection id=408 verdict=true gt_gap=7.065m  at gt=(54.80, -29.40) s=183.3m
[INFO] [1790669127.309113, 463.212000]: [event] proximity_detection id=409 verdict=true gt_gap=7.068m  at gt=(54.73, -29.80) s=183.7m
[INFO] [1790669129.299109, 464.206500]: [event] proximity_detection id=410 verdict=true gt_gap=6.962m  at gt=(54.65, -30.19) s=184.1m
[INFO] [1790669131.346931, 465.229000]: [event] proximity_detection id=411 verdict=true gt_gap=6.925m  at gt=(54.54, -30.62) s=184.6m
[INFO] [1790669133.301647, 466.205500]: [event] proximity_detection id=412 verdict=true gt_gap=6.954m  at gt=(54.41, -31.11) s=185.1m
[INFO] [1790669135.581411, 467.344000]: [event] proximity_detection id=413 verdict=true gt_gap=6.895m  at gt=(54.31, -31.49) s=185.5m
[INFO] [1790669137.593698, 468.349000]: [event] proximity_detection id=414 verdict=true gt_gap=6.790m  at gt=(54.20, -31.83) s=185.8m
[INFO] [1790669139.749265, 469.425000]: [event] proximity_detection id=415 verdict=true gt_gap=6.712m  at gt=(54.04, -32.19) s=186.2m
[INFO] [1790669141.794842, 470.446000]: [event] proximity_detection id=416 verdict=true gt_gap=6.691m  at gt=(53.85, -32.57) s=186.6m
[INFO] [1790669143.795046, 471.445500]: [event] proximity_detection id=417 verdict=true gt_gap=6.711m  at gt=(53.65, -32.95) s=187.1m
[INFO] [1790669145.801465, 472.447500]: [event] proximity_detection id=418 verdict=true gt_gap=6.887m  at gt=(53.44, -33.35) s=187.5m
[INFO] [1790669147.848491, 473.469000]: [event] proximity_detection id=419 verdict=true gt_gap=7.277m  at gt=(53.21, -33.77) s=188.0m
[INFO] [1790669149.834994, 474.461500]: [event] proximity_detection id=420 verdict=true gt_gap=7.695m  at gt=(53.00, -34.13) s=188.4m
[INFO] [1790669151.864076, 475.474000]: [event] proximity_detection id=420 verdict=true gt_gap=8.064m  at gt=(52.80, -34.46) s=188.8m
[INFO] [1790669153.854809, 476.468000]: [event] proximity_detection id=420 verdict=true gt_gap=8.366m  at gt=(52.61, -34.72) s=189.1m
[INFO] [1790669155.888546, 477.481000]: [event] proximity_detection id=423 verdict=true gt_gap=8.765m  at gt=(52.32, -35.08) s=189.6m
[INFO] [1790669157.887279, 478.480000]: [event] proximity_detection id=424 verdict=true gt_gap=9.182m  at gt=(52.01, -35.43) s=190.1m
[INFO] [1790669159.923840, 479.496000]: [event] proximity_detection id=424 verdict=true gt_gap=9.622m  at gt=(51.69, -35.79) s=190.5m
[INFO] [1790669161.887549, 480.477500]: [event] proximity_detection id=431 verdict=true gt_gap=10.015m  at gt=(51.40, -36.10) s=191.0m
[INFO] [1790669164.107387, 481.586000]: [event] proximity_detection id=132 verdict=true gt_gap=0.052m  at gt=(51.07, -36.43) s=191.4m
[INFO] [1790669166.002415, 482.532000]: [event] proximity_detection id=133 verdict=true gt_gap=0.035m  at gt=(50.77, -36.70) s=191.8m
[INFO] [1790669168.064600, 483.563000]: [event] proximity_detection id=134 verdict=true gt_gap=0.031m  at gt=(50.43, -36.98) s=192.3m
[INFO] [1790669170.124834, 484.590000]: [event] proximity_detection id=135 verdict=true gt_gap=0.019m  at gt=(50.09, -37.24) s=192.7m
[INFO] [1790669172.123776, 485.587500]: [event] proximity_detection id=136 verdict=true gt_gap=0.060m  at gt=(49.74, -37.49) s=193.1m
[INFO] [1790669174.085679, 486.568000]: [event] proximity_detection id=137 verdict=true gt_gap=0.063m  at gt=(49.37, -37.73) s=193.6m
[INFO] [1790669176.096364, 487.572000]: [event] proximity_detection id=138 verdict=true gt_gap=0.064m  at gt=(48.97, -37.96) s=194.0m
[INFO] [1790669178.077485, 488.561000]: [event] proximity_detection id=139 verdict=true gt_gap=0.059m  at gt=(48.55, -38.18) s=194.5m
[INFO] [1790669180.090305, 489.566000]: [event] proximity_detection id=140 verdict=true gt_gap=0.035m  at gt=(48.12, -38.39) s=195.0m
[INFO] [1790669182.296218, 490.667500]: [event] proximity_detection id=141 verdict=true gt_gap=0.091m  at gt=(47.65, -38.61) s=195.5m
[INFO] [1790669184.286474, 491.661000]: [event] proximity_detection id=142 verdict=true gt_gap=0.094m  at gt=(47.25, -38.75) s=195.9m
[INFO] [1790669186.491877, 492.762000]: [event] proximity_detection id=143 verdict=true gt_gap=0.028m  at gt=(46.83, -38.93) s=196.4m
[INFO] [1790669188.487509, 493.759000]: [event] proximity_detection id=144 verdict=true gt_gap=0.086m  at gt=(46.50, -39.08) s=196.8m
[INFO] [1790669190.471687, 494.750000]: [event] proximity_detection id=145 verdict=true gt_gap=0.154m  at gt=(46.11, -39.18) s=197.2m
[INFO] [1790669192.511458, 495.769000]: [event] proximity_detection id=145 verdict=true gt_gap=0.282m  at gt=(45.69, -39.29) s=197.6m
[INFO] [1790669194.489120, 496.756000]: [event] proximity_detection id=146 verdict=true gt_gap=0.226m  at gt=(45.25, -39.38) s=198.0m
[INFO] [1790669196.469583, 497.745000]: [event] proximity_detection id=148 verdict=true gt_gap=0.170m  at gt=(44.79, -39.45) s=198.5m
[INFO] [1790669198.471156, 498.744000]: [event] proximity_detection id=149 verdict=true gt_gap=0.106m  at gt=(44.33, -39.52) s=199.0m
[INFO] [1790669200.490532, 499.752500]: [event] proximity_detection id=150 verdict=true gt_gap=0.043m  at gt=(43.91, -39.57) s=199.4m
[INFO] [1790669202.649925, 500.831000]: [event] proximity_detection id=151 verdict=true gt_gap=0.006m  at gt=(43.47, -39.60) s=199.8m
[INFO] [1790669204.685195, 501.847500]: [event] proximity_detection id=152 verdict=true gt_gap=0.010m  at gt=(43.02, -39.60) s=200.3m
[INFO] [1790669206.687960, 502.847500]: [event] proximity_detection id=153 verdict=true gt_gap=0.002m  at gt=(42.54, -39.59) s=200.8m
[INFO] [1790669208.675868, 503.840500]: [event] proximity_detection id=154 verdict=true gt_gap=0.023m  at gt=(42.06, -39.57) s=201.2m
[INFO] [1790669210.893111, 504.948000]: [event] proximity_detection id=155 verdict=true gt_gap=0.045m  at gt=(41.52, -39.54) s=201.8m
[INFO] [1790669212.895695, 505.948000]: [event] proximity_detection id=156 verdict=true gt_gap=0.042m  at gt=(41.03, -39.51) s=202.3m
[INFO] [1790669214.910415, 506.954000]: [event] proximity_detection id=157 verdict=true gt_gap=0.021m  at gt=(40.55, -39.48) s=202.8m
[INFO] [1790669216.942078, 507.968500]: [event] proximity_detection id=158 verdict=true gt_gap=0.060m  at gt=(40.07, -39.45) s=203.2m
[INFO] [1790669219.161350, 509.076500]: [event] proximity_detection id=159 verdict=true gt_gap=0.011m  at gt=(39.54, -39.43) s=203.8m
[INFO] [1790669221.143037, 510.066500]: [event] proximity_detection id=460 verdict=true gt_gap=13.118m  at gt=(39.08, -39.40) s=204.2m
[INFO] [1790669223.199860, 511.094000]: [event] proximity_detection id=461 verdict=true gt_gap=13.231m  at gt=(38.58, -39.39) s=204.7m
[INFO] [1790669225.188199, 512.086000]: [event] proximity_detection id=462 verdict=true gt_gap=13.261m  at gt=(38.14, -39.38) s=205.2m
[INFO] [1790669227.377110, 513.178000]: [event] proximity_detection id=463 verdict=true gt_gap=13.394m  at gt=(37.64, -39.35) s=205.7m
[INFO] [1790669229.384410, 514.180500]: [event] proximity_detection id=464 verdict=true gt_gap=13.464m  at gt=(37.17, -39.32) s=206.1m
[INFO] [1790669231.352395, 515.162500]: [event] proximity_detection id=465 verdict=true gt_gap=13.549m  at gt=(36.70, -39.29) s=206.6m
[INFO] [1790669233.423684, 516.197500]: [event] proximity_detection id=466 verdict=true gt_gap=13.675m  at gt=(36.18, -39.26) s=207.1m
[INFO] [1790669235.381074, 517.175500]: [event] proximity_detection id=467 verdict=true gt_gap=13.732m  at gt=(35.72, -39.23) s=207.6m
[INFO] [1790669237.598747, 518.283000]: [event] proximity_detection id=468 verdict=true gt_gap=13.788m  at gt=(35.23, -39.19) s=208.1m
[INFO] [1790669239.790219, 519.377000]: [event] proximity_detection id=469 verdict=true gt_gap=13.885m  at gt=(34.70, -39.15) s=208.6m
[INFO] [1790669241.797216, 520.379000]: [event] proximity_detection id=470 verdict=true gt_gap=13.919m  at gt=(34.22, -39.15) s=209.1m
[INFO] [1790669243.778194, 521.369000]: [event] proximity_detection id=471 verdict=true gt_gap=13.861m  at gt=(33.80, -39.14) s=209.5m
[INFO] [1790669245.803819, 522.381000]: [event] proximity_detection id=472 verdict=true gt_gap=13.883m  at gt=(33.37, -39.12) s=210.0m
[INFO] [1790669247.799763, 523.377500]: [event] proximity_detection id=473 verdict=true gt_gap=13.934m  at gt=(32.90, -39.08) s=210.4m
[INFO] [1790669250.005739, 524.478500]: [event] proximity_detection id=474 verdict=true gt_gap=14.107m  at gt=(32.39, -39.04) s=210.9m
[INFO] [1790669251.992884, 525.471000]: [event] proximity_detection id=475 verdict=true gt_gap=14.189m  at gt=(31.92, -38.98) s=211.4m
[INFO] [1790669254.022352, 526.484500]: [event] proximity_detection id=476 verdict=true gt_gap=14.251m  at gt=(31.44, -38.93) s=211.9m
[INFO] [1790669256.182071, 527.562500]: [event] proximity_detection id=477 verdict=true gt_gap=14.328m  at gt=(30.93, -38.86) s=212.4m
[INFO] [1790669258.167724, 528.554500]: [event] proximity_detection id=478 verdict=true gt_gap=14.362m  at gt=(30.44, -38.80) s=212.9m
[INFO] [1790669260.190561, 529.564500]: [event] proximity_detection id=479 verdict=true gt_gap=14.371m  at gt=(29.98, -38.74) s=213.4m
[INFO] [1790669262.181083, 530.559500]: [event] proximity_detection id=480 verdict=true gt_gap=14.438m  at gt=(29.50, -38.66) s=213.8m
[INFO] [1790669264.228525, 531.581500]: [event] proximity_detection id=481 verdict=true gt_gap=14.502m  at gt=(29.01, -38.58) s=214.4m
[INFO] [1790669266.201556, 532.566500]: [event] proximity_detection id=482 verdict=true gt_gap=14.517m  at gt=(28.54, -38.49) s=214.8m
[INFO] [1790669268.402880, 533.666000]: [event] proximity_detection id=483 verdict=true gt_gap=14.559m  at gt=(28.03, -38.38) s=215.4m
[INFO] [1790669270.514711, 534.720500]: [event] proximity_detection id=484 verdict=true gt_gap=14.593m  at gt=(27.52, -38.27) s=215.9m
[INFO] [1790669272.611478, 535.767500]: [event] proximity_detection id=485 verdict=true gt_gap=14.499m  at gt=(27.08, -38.17) s=216.3m
[INFO] [1790669274.837415, 536.878500]: [event] proximity_detection id=486 verdict=true gt_gap=14.453m  at gt=(26.65, -38.05) s=216.8m
[INFO] [1790669276.841707, 537.878500]: [event] proximity_detection id=487 verdict=true gt_gap=14.333m  at gt=(26.30, -37.94) s=217.1m
[INFO] [1790669278.836527, 538.875500]: [event] proximity_detection id=488 verdict=true gt_gap=14.214m  at gt=(25.95, -37.82) s=217.5m
[INFO] [1790669280.829367, 539.869500]: [event] proximity_detection id=489 verdict=true gt_gap=14.067m  at gt=(25.59, -37.68) s=217.9m
[INFO] [1790669282.868217, 540.887500]: [event] proximity_detection id=490 verdict=true gt_gap=14.010m  at gt=(25.20, -37.51) s=218.3m
[INFO] [1790669284.867250, 541.886000]: [event] proximity_detection id=491 verdict=true gt_gap=13.916m  at gt=(24.82, -37.32) s=218.7m
[INFO] [1790669286.871994, 542.886000]: [event] proximity_detection id=492 verdict=true gt_gap=13.887m  at gt=(24.44, -37.11) s=219.2m
[INFO] [1790669289.080943, 543.989500]: [event] proximity_detection id=493 verdict=true gt_gap=13.884m  at gt=(23.98, -36.83) s=219.7m
[INFO] [1790669291.081686, 544.988500]: [event] proximity_detection id=193 verdict=true gt_gap=0.346m  at gt=(23.58, -36.54) s=220.2m
[INFO] [1790669293.305650, 546.098500]: [event] proximity_detection id=195 verdict=true gt_gap=0.134m  at gt=(23.18, -36.24) s=220.7m
[INFO] [1790669295.342626, 547.115500]: [event] proximity_detection id=196 verdict=true gt_gap=0.127m  at gt=(22.80, -35.94) s=221.2m
[INFO] [1790669297.351145, 548.118500]: [event] proximity_detection id=497 verdict=true gt_gap=13.790m  at gt=(22.41, -35.63) s=221.7m
[INFO] [1790669299.343507, 549.113500]: [event] proximity_detection id=198 verdict=true gt_gap=0.052m  at gt=(22.07, -35.36) s=222.1m
[INFO] [1790669301.354101, 550.117000]: [event] proximity_detection id=198 verdict=true gt_gap=0.386m  at gt=(21.75, -35.06) s=222.6m
[INFO] [1790669303.373129, 551.125500]: [event] proximity_detection id=199 verdict=true gt_gap=0.345m  at gt=(21.43, -34.71) s=223.0m
[INFO] [1790669305.369765, 552.119000]: [event] proximity_detection id=200 verdict=true gt_gap=0.318m  at gt=(21.11, -34.34) s=223.5m
[INFO] [1790669307.411169, 553.139500]: [event] proximity_detection id=201 verdict=true gt_gap=0.328m  at gt=(20.79, -33.94) s=224.0m
[INFO] [1790669309.370445, 554.118500]: [event] proximity_detection id=202 verdict=true gt_gap=0.258m  at gt=(20.51, -33.58) s=224.5m
[INFO] [1790669311.358457, 555.111000]: [event] proximity_detection id=203 verdict=true gt_gap=0.198m  at gt=(20.27, -33.27) s=224.9m
[INFO] [1790669313.597916, 556.226500]: [event] proximity_detection id=204 verdict=true gt_gap=0.208m  at gt=(20.01, -32.87) s=225.4m
[INFO] [1790669315.544616, 557.198500]: [event] proximity_detection id=205 verdict=true gt_gap=0.218m  at gt=(19.80, -32.50) s=225.8m
[INFO] [1790669317.547434, 558.199000]: [event] proximity_detection id=206 verdict=true gt_gap=0.228m  at gt=(19.58, -32.07) s=226.3m
[INFO] [1790669319.737434, 559.293000]: [event] proximity_detection id=207 verdict=true gt_gap=0.278m  at gt=(19.34, -31.62) s=226.8m
[INFO] [1790669321.738282, 560.292000]: [event] proximity_detection id=208 verdict=true gt_gap=0.226m  at gt=(19.15, -31.24) s=227.2m
[INFO] [1790669323.761065, 561.301500]: [event] proximity_detection id=209 verdict=true gt_gap=0.136m  at gt=(19.02, -30.90) s=227.6m
[INFO] [1790669325.918769, 562.379500]: [event] proximity_detection id=210 verdict=true gt_gap=0.241m  at gt=(18.86, -30.49) s=228.0m
[INFO] [1790669327.929410, 563.383000]: [event] proximity_detection id=211 verdict=true gt_gap=0.172m  at gt=(18.71, -30.10) s=228.5m
[INFO] [1790669330.112025, 564.473000]: [event] proximity_detection id=212 verdict=true gt_gap=0.115m  at gt=(18.61, -29.68) s=228.9m
[INFO] [1790669332.308160, 565.570000]: [event] proximity_detection id=213 verdict=true gt_gap=0.108m  at gt=(18.50, -29.20) s=229.4m
[INFO] [1790669334.323708, 566.576000]: [event] proximity_detection id=214 verdict=true gt_gap=0.113m  at gt=(18.40, -28.79) s=229.8m
[INFO] [1790669336.322338, 567.575500]: [event] proximity_detection id=215 verdict=true gt_gap=0.167m  at gt=(18.35, -28.37) s=230.2m
[INFO] [1790669338.532833, 568.677500]: [event] proximity_detection id=216 verdict=true gt_gap=0.262m  at gt=(18.29, -27.89) s=230.7m
[INFO] [1790669340.524588, 569.671500]: [event] proximity_detection id=218 verdict=true gt_gap=0.130m  at gt=(18.25, -27.46) s=231.1m
[INFO] [1790669342.541899, 570.679500]: [event] proximity_detection id=219 verdict=true gt_gap=0.107m  at gt=(18.21, -27.01) s=231.6m
[INFO] [1790669344.542360, 571.678000]: [event] proximity_detection id=220 verdict=true gt_gap=0.100m  at gt=(18.20, -26.58) s=232.0m
[INFO] [1790669346.532678, 572.671000]: [event] proximity_detection id=221 verdict=true gt_gap=0.114m  at gt=(18.21, -26.10) s=232.5m
[INFO] [1790669348.541750, 573.675500]: [event] proximity_detection id=222 verdict=true gt_gap=0.095m  at gt=(18.24, -25.61) s=233.0m
[INFO] [1790669350.565512, 574.685500]: [event] proximity_detection id=223 verdict=true gt_gap=0.074m  at gt=(18.28, -25.15) s=233.5m
[INFO] [1790669352.552312, 575.678000]: [event] proximity_detection id=224 verdict=true gt_gap=0.063m  at gt=(18.32, -24.71) s=233.9m
[INFO] [1790669354.780150, 576.791000]: [event] proximity_detection id=525 verdict=true gt_gap=12.855m  at gt=(18.38, -24.31) s=234.3m
[INFO] [1790669356.778962, 577.789000]: [event] proximity_detection id=526 verdict=true gt_gap=12.842m  at gt=(18.39, -23.88) s=234.7m
[INFO] [1790669358.771455, 578.783500]: [event] proximity_detection id=527 verdict=true gt_gap=12.755m  at gt=(18.40, -23.53) s=235.1m
[INFO] [1790669360.781537, 579.787500]: [event] proximity_detection id=528 verdict=true gt_gap=12.815m  at gt=(18.37, -23.09) s=235.5m
[INFO] [1790669362.957181, 580.874500]: [event] proximity_detection id=529 verdict=true gt_gap=12.945m  at gt=(18.37, -22.57) s=236.0m
[INFO] [1790669364.998028, 581.894000]: [event] proximity_detection id=530 verdict=true gt_gap=12.964m  at gt=(18.36, -22.11) s=236.5m
[INFO] [1790669367.228647, 583.007000]: [event] proximity_detection id=531 verdict=true gt_gap=13.069m  at gt=(18.34, -21.57) s=237.0m
[INFO] [1790669369.416017, 584.098000]: [event] proximity_detection id=532 verdict=true gt_gap=13.161m  at gt=(18.32, -21.01) s=237.6m
[INFO] [1790669371.402112, 585.090000]: [event] proximity_detection id=533 verdict=true gt_gap=13.248m  at gt=(18.29, -20.52) s=238.1m
[INFO] [1790669373.402489, 586.089000]: [event] proximity_detection id=534 verdict=true gt_gap=13.317m  at gt=(18.29, -20.10) s=238.5m
[INFO] [1790669375.402863, 587.087500]: [event] proximity_detection id=535 verdict=true gt_gap=13.354m  at gt=(18.30, -19.63) s=239.0m
[INFO] [1790669377.395901, 588.083000]: [event] proximity_detection id=536 verdict=true gt_gap=13.439m  at gt=(18.32, -19.14) s=239.5m
[INFO] [1790669379.430787, 589.099000]: [event] proximity_detection id=537 verdict=true gt_gap=13.537m  at gt=(18.34, -18.59) s=240.0m
[INFO] [1790669381.547342, 590.156500]: [event] proximity_detection id=538 verdict=true gt_gap=13.610m  at gt=(18.33, -18.04) s=240.6m
[INFO] [1790669383.387437, 591.075500]: [event] proximity_detection id=539 verdict=true gt_gap=13.667m  at gt=(18.31, -17.60) s=241.0m
[INFO] [1790669385.418661, 592.089500]: [event] proximity_detection id=540 verdict=true gt_gap=13.794m  at gt=(18.31, -17.13) s=241.5m
[INFO] [1790669387.602043, 593.179500]: [event] proximity_detection id=541 verdict=true gt_gap=13.912m  at gt=(18.32, -16.59) s=242.0m
[INFO] [1790669389.610105, 594.182500]: [event] proximity_detection id=542 verdict=true gt_gap=14.007m  at gt=(18.32, -16.09) s=242.5m
[INFO] [1790669391.582874, 595.166000]: [event] proximity_detection id=543 verdict=true gt_gap=14.057m  at gt=(18.31, -15.63) s=243.0m
[INFO] [1790669393.614480, 596.181500]: [event] proximity_detection id=544 verdict=true gt_gap=14.047m  at gt=(18.32, -15.15) s=243.5m
[INFO] [1790669395.608586, 597.177500]: [event] proximity_detection id=545 verdict=true gt_gap=14.115m  at gt=(18.35, -14.68) s=244.0m
[INFO] [1790669397.580274, 598.160500]: [event] proximity_detection id=546 verdict=true gt_gap=14.172m  at gt=(18.36, -14.19) s=244.4m
[INFO] [1790669399.591881, 599.166000]: [event] proximity_detection id=547 verdict=true gt_gap=14.189m  at gt=(18.36, -13.70) s=244.9m
[INFO] [1790669401.602697, 600.169500]: [event] proximity_detection id=548 verdict=true gt_gap=14.247m  at gt=(18.35, -13.21) s=245.4m
[INFO] [1790669403.597425, 601.164500]: [event] proximity_detection id=549 verdict=true gt_gap=14.257m  at gt=(18.35, -12.75) s=245.9m
[INFO] [1790669405.651855, 602.190000]: [event] proximity_detection id=550 verdict=true gt_gap=14.285m  at gt=(18.35, -12.29) s=246.3m
[INFO] [1790669407.658881, 603.193000]: [event] proximity_detection id=551 verdict=true gt_gap=14.230m  at gt=(18.34, -11.87) s=246.8m
[INFO] [1790669409.834426, 604.279000]: [event] proximity_detection id=552 verdict=true gt_gap=14.189m  at gt=(18.34, -11.43) s=247.2m
[INFO] [1790669411.882910, 605.302000]: [event] proximity_detection id=553 verdict=true gt_gap=14.153m  at gt=(18.40, -10.99) s=247.6m
[INFO] [1790669413.869976, 606.294000]: [event] proximity_detection id=554 verdict=true gt_gap=14.059m  at gt=(18.46, -10.65) s=248.0m
[INFO] [1790669415.863957, 607.290000]: [event] proximity_detection id=555 verdict=true gt_gap=14.086m  at gt=(18.56, -10.23) s=248.4m
[INFO] [1790669417.857580, 608.285500]: [event] proximity_detection id=556 verdict=true gt_gap=14.072m  at gt=(18.65, -9.81) s=248.9m
[INFO] [1790669419.874569, 609.293000]: [event] proximity_detection id=557 verdict=true gt_gap=14.105m  at gt=(18.72, -9.42) s=249.3m
[INFO] [1790669422.087861, 610.398500]: [event] proximity_detection id=558 verdict=true gt_gap=14.301m  at gt=(18.88, -8.80) s=249.9m
[INFO] [1790669424.279316, 611.491000]: [event] proximity_detection id=559 verdict=true gt_gap=14.251m  at gt=(19.03, -8.33) s=250.4m
[INFO] [1790669426.200684, 612.450500]: [event] proximity_detection id=560 verdict=true gt_gap=14.137m  at gt=(19.13, -8.00) s=250.7m
[INFO] [1790669428.302303, 613.497000]: [event] proximity_detection id=561 verdict=true gt_gap=14.003m  at gt=(19.21, -7.59) s=251.2m
[INFO] [1790669430.362353, 614.525000]: [event] proximity_detection id=562 verdict=true gt_gap=13.930m  at gt=(19.27, -7.12) s=251.6m
[INFO] [1790669432.387287, 615.536000]: [event] proximity_detection id=563 verdict=true gt_gap=13.893m  at gt=(19.33, -6.67) s=252.1m
[INFO] [1790669434.379102, 616.530500]: [event] proximity_detection id=564 verdict=true gt_gap=13.890m  at gt=(19.38, -6.26) s=252.5m
[INFO] [1790669436.411126, 617.545500]: [event] proximity_detection id=565 verdict=true gt_gap=13.843m  at gt=(19.42, -5.83) s=252.9m
[INFO] [1790669438.480143, 618.579000]: [event] proximity_detection id=566 verdict=true gt_gap=13.741m  at gt=(19.52, -5.45) s=253.3m
[INFO] [1790669440.459845, 619.567500]: [event] proximity_detection id=567 verdict=true gt_gap=13.646m  at gt=(19.65, -5.01) s=253.8m
[INFO] [1790669442.527462, 620.599500]: [event] proximity_detection id=568 verdict=true gt_gap=13.563m  at gt=(19.79, -4.56) s=254.3m
[INFO] [1790669444.520438, 621.595000]: [event] proximity_detection id=569 verdict=true gt_gap=13.513m  at gt=(19.90, -4.18) s=254.7m
[WARN] [1790669077.130891, 438.153500]: trajectory_follower: STALL 1 at (54.89, -26.70): commanded 0.16 m/s but moved 0.047 m in 1.0 s (0.0470 m/s); backing off -0.25 m/s for 2.0 s
[WARN] [1790669091.149037, 445.153500]: trajectory_follower: STALL 2 at (54.87, -26.71): commanded 0.15 m/s but moved 0.001 m in 1.0 s (0.0012 m/s); backing off -0.25 m/s for 2.0 s
[WARN] [1790669106.264552, 452.703500]: trajectory_follower: STALL 3 at (54.90, -26.85): commanded 0.21 m/s but moved 0.049 m in 1.0 s (0.0488 m/s); backing off -0.25 m/s for 2.0 s
[INFO] [1790668229.167656, 14.692500]: trajectory_follower: 531 points, 132.50 m, from /home/alessandro/journal_comparison/src/robot_metrics/config/reference_path_mine.yaml
[INFO] [1790668229.168536, 14.698500]: trajectory_follower: model=differential cmd=/husky/cmd_vel v<=0.50 w<=1.00 lookahead=1.00
[INFO] [1790668229.176407, 14.702000]: trajectory_follower: reference path published on ~reference_path in frame "map" (531 poses)
[INFO] [1790668870.921941, 335.203500]: trajectory_follower: vuelta 1 de 2 completa, lazo cerrado a 0.138 m
[INFO] [1790669519.060083, 658.803500]: trajectory_follower: path complete (2 vuelta(s)); lazo cerrado a 0.143 m del punto inicial
[INFO] [1790669519.061457, 658.804000]: trajectory_follower: reached point 529 of 531, vuelta 2 de 2; cross-track error mean 0.071 m, max 2.061 m; 3 stall(s)
[INFO] [1790669519.062475, 658.804500]: trajectory_follower: lazo cerrado a 0.143 m (close_tolerance 0.15 m)
[INFO] [1790668229.030705, 14.628500]: run_guard: model=differential cmd=/husky/cmd_vel
[INFO] [1790668229.031436, 14.629000]: run_guard: wedged if commanded (>0.10 m/s or >0.20 rad/s) for >=70% of 25s while getting neither >1.50 m from the window start nor >0.50 rad of heading
[INFO] [1790668229.032377, 14.629500]: run_guard: rolled if |roll|>50 or |pitch|>60 deg held 1.5s
[INFO] [1790669520.493342, 659.218000]: run_guard: no trip; the run ended on its own terms
[WARN] [1790668228.994823, 14.610000]:   gt_rate_hz 800.0 is not a divisor of the 2000 Hz physics rate; delivering 1000.0 Hz instead, which is the next exact divisor that is not slower
[INFO] [1790669446.529073, 622.598500]: [event] proximity_detection id=570 verdict=true gt_gap=13.442m  at gt=(19.99, -3.79) s=255.0m
[INFO] [1790669448.613782, 623.637000]: [event] proximity_detection id=571 verdict=true gt_gap=13.358m  at gt=(20.09, -3.35) s=255.5m
[INFO] [1790669450.841727, 624.748000]: [event] proximity_detection id=572 verdict=true gt_gap=13.357m  at gt=(20.20, -2.87) s=256.0m
[INFO] [1790669452.753983, 625.703000]: [event] proximity_detection id=573 verdict=true gt_gap=13.250m  at gt=(20.28, -2.53) s=256.3m
[INFO] [1790669454.729351, 626.689000]: [event] proximity_detection id=574 verdict=true gt_gap=13.060m  at gt=(20.35, -2.25) s=256.6m
[INFO] [1790669456.972224, 627.808500]: [event] proximity_detection id=575 verdict=true gt_gap=12.858m  at gt=(20.56, -2.01) s=257.0m
[INFO] [1790669458.951526, 628.797000]: [event] proximity_detection id=1 verdict=unknown gt_gap=nanm  at gt=(20.71, -1.69) s=257.3m
[INFO] [1790669460.939573, 629.789500]: [event] proximity_detection id=1 verdict=unknown gt_gap=nanm  at gt=(20.77, -1.52) s=257.5m
[INFO] [1790669463.136174, 630.885500]: [event] proximity_detection id=1 verdict=unknown gt_gap=nanm  at gt=(20.89, -1.30) s=257.8m
[INFO] [1790669465.225408, 631.923500]: [event] proximity_detection id=579 verdict=true gt_gap=11.885m  at gt=(21.19, -1.21) s=258.1m
[INFO] [1790669467.256128, 632.937500]: [event] proximity_detection id=1 verdict=unknown gt_gap=nanm  at gt=(21.55, -1.27) s=258.5m
[INFO] [1790669469.357528, 633.987000]: [event] proximity_detection id=1 verdict=unknown gt_gap=nanm  at gt=(21.84, -1.21) s=258.8m
[INFO] [1790669471.328580, 634.971000]: [event] proximity_detection id=582 verdict=true gt_gap=10.958m  at gt=(22.11, -1.14) s=259.1m
[INFO] [1790669473.540300, 636.075500]: [event] proximity_detection id=1 verdict=unknown gt_gap=nanm  at gt=(22.47, -0.98) s=259.4m
[INFO] [1790669475.542820, 637.076000]: [event] proximity_detection id=1 verdict=unknown gt_gap=nanm  at gt=(22.86, -0.78) s=259.9m
[INFO] [1790669477.521463, 638.062000]: [event] proximity_detection id=585 verdict=true gt_gap=10.704m  at gt=(23.23, -0.59) s=260.3m
[INFO] [1790669479.689920, 639.145500]: [event] proximity_detection id=586 verdict=true gt_gap=10.606m  at gt=(23.60, -0.43) s=260.7m
[INFO] [1790669481.729304, 640.163500]: [event] proximity_detection id=587 verdict=true gt_gap=10.532m  at gt=(23.99, -0.30) s=261.1m
[INFO] [1790669483.721037, 641.157500]: [event] proximity_detection id=588 verdict=true gt_gap=10.230m  at gt=(24.45, -0.22) s=261.6m
[INFO] [1790669485.763822, 642.176500]: [event] proximity_detection id=589 verdict=true gt_gap=10.069m  at gt=(24.88, -0.13) s=262.0m
[INFO] [1790669487.738801, 643.163000]: [event] proximity_detection id=1 verdict=unknown gt_gap=nanm  at gt=(25.29, -0.06) s=262.4m
[INFO] [1790669489.910891, 644.247000]: [event] proximity_detection id=591 verdict=true gt_gap=10.085m  at gt=(25.78, 0.06) s=262.9m
[INFO] [1790669491.937369, 645.258500]: [event] proximity_detection id=1 verdict=unknown gt_gap=nanm  at gt=(26.22, 0.16) s=263.4m
[INFO] [1790669493.918559, 646.247000]: [event] proximity_detection id=1 verdict=unknown gt_gap=nanm  at gt=(26.61, 0.24) s=263.8m
[INFO] [1790669495.922579, 647.248500]: [event] proximity_detection id=594 verdict=true gt_gap=10.056m  at gt=(27.03, 0.28) s=264.2m
[INFO] [1790669497.904583, 648.238000]: [event] proximity_detection id=1 verdict=unknown gt_gap=nanm  at gt=(27.50, 0.30) s=264.7m
[INFO] [1790669499.955964, 649.262500]: [event] proximity_detection id=596 verdict=true gt_gap=10.248m  at gt=(27.99, 0.32) s=265.2m
[INFO] [1790669501.921895, 650.243500]: [event] proximity_detection id=597 verdict=true gt_gap=10.306m  at gt=(28.47, 0.34) s=265.7m
[INFO] [1790669503.930776, 651.247000]: [event] proximity_detection id=598 verdict=true gt_gap=10.364m  at gt=(28.92, 0.34) s=266.1m
[INFO] [1790669505.922145, 652.241500]: [event] proximity_detection id=599 verdict=true gt_gap=10.503m  at gt=(29.39, 0.32) s=266.6m
[INFO] [1790669507.893064, 653.225500]: [event] proximity_detection id=1 verdict=unknown gt_gap=nanm  at gt=(29.86, 0.30) s=267.1m
[INFO] [1790669509.918113, 654.237000]: [event] proximity_detection id=601 verdict=true gt_gap=10.886m  at gt=(30.35, 0.29) s=267.5m
[INFO] [1790669511.932349, 655.242500]: [event] proximity_detection id=602 verdict=true gt_gap=11.088m  at gt=(30.83, 0.26) s=268.0m
[INFO] [1790669513.911589, 656.230500]: [event] proximity_detection id=603 verdict=true gt_gap=11.365m  at gt=(31.30, 0.25) s=268.5m
[INFO] [1790669515.984556, 657.266500]: [event] proximity_detection id=604 verdict=true gt_gap=11.728m  at gt=(31.81, 0.23) s=269.0m
[INFO] [1790669517.943335, 658.244000]: [event] proximity_detection id=605 verdict=true gt_gap=11.937m  at gt=(32.28, 0.22) s=269.5m
[INFO] [1790669520.181708, 659.353000]: [event] proximity_detection id=606 verdict=true gt_gap=12.034m  at gt=(32.59, 0.22) s=269.8m
[INFO] [1790669521.203379, 659.874000]: Run differential/04 saved to /home/alessandro/metrics_husky_r0148/fixed_trajectory/swept_lidar/differential/run04
[INFO] [1790669521.204728, 659.875000]:   32231 samples, 32231 GT poses, 518 events
[INFO] [1790669521.205539, 659.875500]:   645271 high-rate GT samples from 1290543 messages (1000.0 Hz over 645.3 s)
[INFO] [1790669521.206482, 659.876000]:   distance travelled (GT): 269.80 m
[INFO] [1790669521.207437, 659.876500]:   tracking losses: 0, relocalizations: 0
[INFO] [1790669521.208445, 659.877000]:   loop closures: 0 (visual), 518 (proximity)
[31m================================================================================REQUIRED process [trajectory_follower-1] has died!
process has finished cleanly
log file: /home/alessandro/.ros/log/5b1e26d6-bbda-11f1-bd00-096508a55b3d/trajectory_follower-1*.log
Initiating shutdown!
================================================================================[0m
... logging to /home/alessandro/.ros/log/5b1e26d6-bbda-11f1-bd00-096508a55b3d/roslaunch-LAPTOP-EU6F9FQD-4072188.log
Checking log directory for disk usage. This may take a while.
Press Ctrl-C to interrupt
Done checking log file disk usage. Usage is <1GB.
]2;/home/alessandro/journal_comparison/src/robot_metrics/launch/trajectory_follow.launch
[1mstarted roslaunch server http://LAPTOP-EU6F9FQD:39387/[0m

SUMMARY
========

PARAMETERS
 * /metrics_logger/cmd_vel_topic: /husky/cmd_vel
 * /metrics_logger/effort_joints: front_left_joint,...
 * /metrics_logger/gt_rate_hz: 800
 * /metrics_logger/loop_true_radius: 3.0
 * /metrics_logger/model_name: differential
 * /metrics_logger/odom_topic: /rtabmap/odom
 * /metrics_logger/output_dir: /home/alessandro/...
 * /metrics_logger/physics_rate_hz: 2000
 * /metrics_logger/proximity_true_radius: 20.0
 * /metrics_logger/rate: 50
 * /metrics_logger/robot_name: differential
 * /metrics_logger/run_id: 4
 * /metrics_logger/suspension_joints: 
 * /metrics_logger/suspension_topic: /husky/joint_states
 * /metrics_logger/tracking_loss_timeout: 1.0
 * /metrics_logger/velocity_joints: front_left_joint,...
 * /metrics_logger/wheel_links: 
 * /rosdistro: noetic
 * /rosversion: 1.17.4
 * /run_guard/cmd_vel_topic: /husky/cmd_vel
 * /run_guard/grace: 30.0
 * /run_guard/model_name: differential
 * /run_guard/pitch_limit: 60.0
 * /run_guard/progress_min: 1.5
 * /run_guard/roll_limit: 50.0
 * /run_guard/stuck_time: 25.0
 * /run_guard/trip_file: /home/alessandro/...
 * /run_guard/yaw_progress_min: 0.5
 * /trajectory_follower/align_threshold: 0.8
 * /trajectory_follower/backoff_speed: -0.25
 * /trajectory_follower/backoff_time: 2.0
 * /trajectory_follower/base_yaw_offset: 0.0
 * /trajectory_follower/close_timeout: 15.0
 * /trajectory_follower/close_tolerance: 0.15
 * /trajectory_follower/cmd_vel_topic: /husky/cmd_vel
 * /trajectory_follower/commanded_min: 0.15
 * /trajectory_follower/cooldown: 5.0
 * /trajectory_follower/curve_slowdown: 0.6
 * /trajectory_follower/k_xte: 2.5
 * /trajectory_follower/laps: 2
 * /trajectory_follower/lookahead: 1.0
 * /trajectory_follower/lookahead_k: 0.8
 * /trajectory_follower/lookahead_max: 1.0
 * /trajectory_follower/lookahead_min: 0.3
 * /trajectory_follower/max_stalls: 8
 * /trajectory_follower/max_vel_theta: 1.0
 * /trajectory_follower/max_vel_x: 0.5
 * /trajectory_follower/min_aim_dist: 0.25
 * /trajectory_follower/model_name: differential
 * /trajectory_follower/path_file: /home/alessandro/...
 * /trajectory_follower/spawn_x: 33.5
 * /trajectory_follower/spawn_y: 0.2
 * /trajectory_follower/spawn_yaw: 0.0
 * /trajectory_follower/speed_max: 0.05
 * /trajectory_follower/stall_time: 1.0
 * /trajectory_follower/trip_file: /home/alessandro/...
 * /trajectory_follower/viz_frame: map
 * /trajectory_follower/w_v_floor: 0.1
 * /trajectory_follower/xte_curv_max: 0.5

NODES
  /
    metrics_logger (robot_metrics/metrics_logger.py)
    run_guard (robot_metrics/run_guard.py)
    trajectory_follower (robot_metrics/trajectory_follower.py)

[1mROS_MASTER_URI=http://localhost:11311[0m
]2;/home/alessandro/journal_comparison/src/robot_metrics/launch/trajectory_follow.launch http://localhost:11311
[1mprocess[trajectory_follower-1]: started with pid [4072223][0m
[1mprocess[run_guard-2]: started with pid [4072224][0m
[1mprocess[metrics_logger-3]: started with pid [4072225][0m
[metrics_logger-3] killing on exit
[run_guard-2] killing on exit
[trajectory_follower-1] killing on exit
shutting down processing monitor...
... shutting down processing monitor complete
[1mdone[0m
