[INFO] [1789720548.350299, 7.826500]: MetricsLogger: robot=tracked run=1
[INFO] [1789720548.352027, 7.826500]:   output    : /home/alessandro/metrics_VF/fixed_trajectory/swept_lidar/tracked/run01
[INFO] [1789720548.355725, 7.827500]:   odom      : /rtabmap/odom
[INFO] [1789720548.358204, 7.827500]:   cmd_vel   : /example_two_track/cmd_vel
[INFO] [1789720548.361064, 7.828500]:   gt model  : two_track_robot (via /gazebo/model_states, unfiltered)
[INFO] [1789720548.362886, 7.829000]:   metrics   : 50.0 Hz
[INFO] [1789720548.363894, 7.829000]:   gt hi-rate: 1000.0 Hz (asked 800.0; every 2-th ModelStates at 2000 Hz physics) -> gt_highrate.csv
[INFO] [1789720662.053035, 40.394500]: [event] proximity_detection id=5 verdict=true gt_gap=14.253m  at gt=(48.61, -1.21) s=15.4m
[INFO] [1789720665.392402, 41.389500]: [event] proximity_detection id=6 verdict=true gt_gap=14.206m  at gt=(49.01, -1.41) s=15.8m
[INFO] [1789720668.797246, 42.372000]: [event] proximity_detection id=7 verdict=true gt_gap=14.154m  at gt=(49.41, -1.64) s=16.3m
[INFO] [1789720675.712723, 44.419500]: [event] proximity_detection id=9 verdict=true gt_gap=14.013m  at gt=(50.21, -2.14) s=17.2m
[INFO] [1789720679.138148, 45.474000]: [event] proximity_detection id=10 verdict=true gt_gap=13.956m  at gt=(50.59, -2.39) s=17.7m
[INFO] [1789720682.904207, 46.492500]: [event] proximity_detection id=11 verdict=true gt_gap=13.836m  at gt=(50.95, -2.68) s=18.1m
[INFO] [1789720685.918074, 47.533500]: [event] proximity_detection id=12 verdict=true gt_gap=13.823m  at gt=(51.33, -3.02) s=18.7m
[INFO] [1789720688.835900, 48.520500]: [event] proximity_detection id=13 verdict=true gt_gap=13.701m  at gt=(51.67, -3.30) s=19.1m
[INFO] [1789720692.221093, 49.473500]: [event] proximity_detection id=14 verdict=true gt_gap=13.580m  at gt=(51.98, -3.57) s=19.5m
[INFO] [1789720785.932883, 71.893000]: [event] proximity_detection id=36 verdict=true gt_gap=13.143m  at gt=(55.42, -12.89) s=29.7m
[INFO] [1789720789.138290, 72.905000]: [event] proximity_detection id=37 verdict=true gt_gap=13.170m  at gt=(55.39, -13.38) s=30.2m
[INFO] [1789720793.048335, 73.878500]: [event] proximity_detection id=38 verdict=true gt_gap=13.214m  at gt=(55.35, -13.85) s=30.7m
[INFO] [1789720797.163160, 74.895000]: [event] proximity_detection id=39 verdict=true gt_gap=13.236m  at gt=(55.32, -14.35) s=31.2m
[INFO] [1789720801.344049, 75.871500]: [event] proximity_detection id=40 verdict=true gt_gap=13.292m  at gt=(55.28, -14.82) s=31.7m
[INFO] [1789720805.304651, 76.884500]: [event] proximity_detection id=41 verdict=true gt_gap=13.342m  at gt=(55.25, -15.31) s=32.2m
[INFO] [1789720808.689804, 77.909500]: [event] proximity_detection id=42 verdict=true gt_gap=13.372m  at gt=(55.21, -15.82) s=32.7m
[INFO] [1789720812.177273, 78.885500]: [event] proximity_detection id=43 verdict=true gt_gap=13.452m  at gt=(55.18, -16.29) s=33.2m
[INFO] [1789720816.254391, 79.890000]: [event] proximity_detection id=44 verdict=true gt_gap=13.582m  at gt=(55.15, -16.78) s=33.6m
[INFO] [1789720820.077988, 80.899000]: [event] proximity_detection id=45 verdict=true gt_gap=13.670m  at gt=(55.12, -17.27) s=34.1m
[INFO] [1789720823.984847, 82.020500]: [event] proximity_detection id=46 verdict=true gt_gap=13.776m  at gt=(55.08, -17.81) s=34.7m
[INFO] [1789720827.151238, 83.012500]: [event] proximity_detection id=47 verdict=true gt_gap=13.816m  at gt=(55.04, -18.30) s=35.2m
[INFO] [1789720830.512006, 83.982000]: [event] proximity_detection id=48 verdict=true gt_gap=13.842m  at gt=(55.01, -18.77) s=35.6m
[INFO] [1789720834.242816, 85.010500]: [event] proximity_detection id=49 verdict=true gt_gap=13.975m  at gt=(54.98, -19.28) s=36.2m
[INFO] [1789720837.607512, 86.018500]: [event] proximity_detection id=50 verdict=true gt_gap=14.063m  at gt=(54.94, -19.79) s=36.7m
[INFO] [1789720841.565635, 86.973500]: [event] proximity_detection id=51 verdict=true gt_gap=14.098m  at gt=(54.91, -20.26) s=37.1m
[INFO] [1789720845.707270, 87.987500]: [event] proximity_detection id=52 verdict=true gt_gap=14.158m  at gt=(54.88, -20.75) s=37.6m
[INFO] [1789720850.174351, 88.981500]: [event] proximity_detection id=53 verdict=true gt_gap=14.150m  at gt=(54.85, -21.24) s=38.1m
[INFO] [1789720853.736636, 90.034000]: [event] proximity_detection id=54 verdict=true gt_gap=14.234m  at gt=(54.81, -21.73) s=38.6m
[INFO] [1789720856.994163, 91.019500]: [event] proximity_detection id=55 verdict=true gt_gap=14.253m  at gt=(54.80, -22.18) s=39.1m
[INFO] [1789720860.142422, 92.036000]: [event] proximity_detection id=56 verdict=true gt_gap=14.333m  at gt=(54.80, -22.65) s=39.5m
[INFO] [1789720863.538496, 92.971000]: [event] proximity_detection id=57 verdict=true gt_gap=14.379m  at gt=(54.82, -23.10) s=40.0m
[INFO] [1789720868.204760, 94.088000]: [event] proximity_detection id=58 verdict=true gt_gap=14.442m  at gt=(54.85, -23.64) s=40.5m
[INFO] [1789720871.865268, 95.088000]: [event] proximity_detection id=59 verdict=true gt_gap=14.420m  at gt=(54.86, -24.12) s=41.0m
[INFO] [1789720875.931657, 96.232500]: [event] proximity_detection id=60 verdict=true gt_gap=14.529m  at gt=(54.87, -24.68) s=41.6m
[INFO] [1789720879.301220, 97.330500]: [event] proximity_detection id=61 verdict=true gt_gap=14.582m  at gt=(54.87, -25.22) s=42.1m
[INFO] [1789720882.441799, 98.427500]: [event] proximity_detection id=62 verdict=true gt_gap=14.653m  at gt=(54.88, -25.75) s=42.6m
[INFO] [1789720885.862984, 99.405000]: [event] proximity_detection id=63 verdict=true gt_gap=14.685m  at gt=(54.91, -26.19) s=43.1m
[INFO] [1789720889.283095, 100.454000]: [event] proximity_detection id=64 verdict=true gt_gap=14.714m  at gt=(54.92, -26.66) s=43.5m
[INFO] [1789720892.005949, 101.410000]: [event] proximity_detection id=65 verdict=true gt_gap=14.736m  at gt=(54.92, -27.13) s=44.0m
[INFO] [1789720896.492837, 102.343000]: [event] proximity_detection id=66 verdict=true gt_gap=14.659m  at gt=(54.94, -27.54) s=44.4m
[INFO] [1789720903.142146, 103.427000]: [event] proximity_detection id=67 verdict=true gt_gap=14.658m  at gt=(54.94, -28.03) s=44.9m
[INFO] [1789720907.874873, 104.349500]: [event] proximity_detection id=68 verdict=true gt_gap=14.611m  at gt=(54.91, -28.45) s=45.4m
[INFO] [1789720911.673579, 105.421000]: [event] proximity_detection id=69 verdict=true gt_gap=14.621m  at gt=(54.87, -28.96) s=45.9m
[INFO] [1789720914.359059, 106.437500]: [event] proximity_detection id=70 verdict=true gt_gap=14.619m  at gt=(54.81, -29.44) s=46.3m
[INFO] [1789720917.093178, 107.429500]: [event] proximity_detection id=71 verdict=true gt_gap=14.578m  at gt=(54.72, -29.88) s=46.8m
[INFO] [1789720919.867650, 108.399000]: [event] proximity_detection id=72 verdict=true gt_gap=14.491m  at gt=(54.64, -30.30) s=47.2m
[INFO] [1789720923.220750, 109.460000]: [event] proximity_detection id=73 verdict=true gt_gap=14.415m  at gt=(54.54, -30.69) s=47.6m
[INFO] [1789720925.909917, 110.443500]: [event] proximity_detection id=74 verdict=true gt_gap=14.347m  at gt=(54.41, -31.11) s=48.1m
[INFO] [1789720928.489215, 111.438500]: [event] proximity_detection id=75 verdict=true gt_gap=14.375m  at gt=(54.22, -31.61) s=48.6m
[INFO] [1789720931.033235, 112.444000]: [event] proximity_detection id=76 verdict=true gt_gap=14.313m  at gt=(54.06, -32.09) s=49.1m
[INFO] [1789720936.615057, 114.493000]: [event] proximity_detection id=78 verdict=true gt_gap=14.183m  at gt=(53.71, -32.89) s=50.0m
[INFO] [1789720939.991821, 115.506000]: [event] proximity_detection id=79 verdict=true gt_gap=14.080m  at gt=(53.51, -33.29) s=50.4m
[INFO] [1789720943.233398, 116.504000]: [event] proximity_detection id=80 verdict=true gt_gap=13.988m  at gt=(53.28, -33.68) s=50.9m
[INFO] [1789720946.805534, 117.466000]: [event] proximity_detection id=81 verdict=true gt_gap=13.914m  at gt=(53.06, -34.05) s=51.3m
[INFO] [1789720950.342766, 118.523000]: [event] proximity_detection id=82 verdict=true gt_gap=13.840m  at gt=(52.81, -34.44) s=51.8m
[INFO] [1789720953.167446, 119.523000]: [event] proximity_detection id=83 verdict=true gt_gap=13.734m  at gt=(52.56, -34.78) s=52.2m
[INFO] [1789720960.570217, 121.639500]: [event] proximity_detection id=85 verdict=true gt_gap=13.638m  at gt=(51.95, -35.52) s=53.2m
[INFO] [1789721073.611846, 153.028000]: [event] proximity_detection id=116 verdict=true gt_gap=13.651m  at gt=(38.46, -39.37) s=67.9m
[INFO] [1789721077.053177, 154.000000]: [event] proximity_detection id=117 verdict=true gt_gap=13.774m  at gt=(37.98, -39.35) s=68.3m
[INFO] [1789721080.272086, 155.068500]: [event] proximity_detection id=118 verdict=true gt_gap=13.907m  at gt=(37.45, -39.33) s=68.9m
[INFO] [1789721083.171474, 156.173000]: [event] proximity_detection id=119 verdict=true gt_gap=14.041m  at gt=(36.89, -39.29) s=69.4m
[INFO] [1789721086.198667, 157.096500]: [event] proximity_detection id=120 verdict=true gt_gap=14.065m  at gt=(36.46, -39.26) s=69.9m
[INFO] [1789721089.700108, 158.118500]: [event] proximity_detection id=121 verdict=true gt_gap=14.139m  at gt=(35.96, -39.24) s=70.4m
[INFO] [1789721092.595596, 159.167500]: [event] proximity_detection id=122 verdict=true gt_gap=14.240m  at gt=(35.44, -39.22) s=70.9m
[INFO] [1789721095.469688, 160.159500]: [event] proximity_detection id=123 verdict=true gt_gap=14.248m  at gt=(34.99, -39.21) s=71.3m
[INFO] [1789721098.829634, 161.094000]: [event] proximity_detection id=124 verdict=true gt_gap=14.275m  at gt=(34.54, -39.18) s=71.8m
[INFO] [1789721102.622817, 162.158000]: [event] proximity_detection id=125 verdict=true gt_gap=14.342m  at gt=(34.01, -39.14) s=72.3m
[INFO] [1789721105.372254, 163.138000]: [event] proximity_detection id=126 verdict=true gt_gap=14.368m  at gt=(33.56, -39.09) s=72.8m
[INFO] [1789721108.531019, 164.113500]: [event] proximity_detection id=127 verdict=true gt_gap=14.381m  at gt=(33.10, -39.06) s=73.2m
[INFO] [1789721111.867979, 165.122000]: [event] proximity_detection id=128 verdict=true gt_gap=14.419m  at gt=(32.62, -39.05) s=73.7m
[INFO] [1789721114.930150, 166.134500]: [event] proximity_detection id=129 verdict=true gt_gap=14.440m  at gt=(32.14, -39.01) s=74.2m
[INFO] [1789721118.211246, 167.103000]: [event] proximity_detection id=130 verdict=true gt_gap=14.488m  at gt=(31.69, -38.97) s=74.6m
[INFO] [1789721121.831880, 168.119000]: [event] proximity_detection id=131 verdict=true gt_gap=14.535m  at gt=(31.20, -38.92) s=75.1m
[INFO] [1789721125.081079, 169.093000]: [event] proximity_detection id=132 verdict=true gt_gap=14.548m  at gt=(30.75, -38.86) s=75.6m
[INFO] [1789721128.577165, 170.066500]: [event] proximity_detection id=133 verdict=true gt_gap=14.544m  at gt=(30.28, -38.79) s=76.1m
[INFO] [1789721132.475589, 171.177000]: [event] proximity_detection id=134 verdict=true gt_gap=14.639m  at gt=(29.73, -38.70) s=76.6m
[INFO] [1789721135.757572, 172.224500]: [event] proximity_detection id=135 verdict=true gt_gap=14.688m  at gt=(29.23, -38.61) s=77.1m
[INFO] [1789721139.335302, 173.185000]: [event] proximity_detection id=136 verdict=true gt_gap=14.708m  at gt=(28.77, -38.53) s=77.6m
[INFO] [1789721142.780481, 174.262000]: [event] proximity_detection id=137 verdict=true gt_gap=14.751m  at gt=(28.25, -38.42) s=78.1m
[INFO] [1789721145.634933, 175.190000]: [event] proximity_detection id=138 verdict=true gt_gap=14.787m  at gt=(27.79, -38.32) s=78.6m
[INFO] [1789721149.601508, 176.208000]: [event] proximity_detection id=139 verdict=true gt_gap=14.818m  at gt=(27.31, -38.21) s=79.1m
[INFO] [1789721152.634963, 177.274500]: [event] proximity_detection id=140 verdict=true gt_gap=14.786m  at gt=(26.83, -38.09) s=79.6m
[INFO] [1789721155.179077, 178.261500]: [event] proximity_detection id=141 verdict=true gt_gap=14.724m  at gt=(26.40, -37.96) s=80.0m
[INFO] [1789721158.131938, 179.345500]: [event] proximity_detection id=142 verdict=true gt_gap=14.649m  at gt=(25.94, -37.79) s=80.5m
[INFO] [1789721161.016129, 180.364000]: [event] proximity_detection id=143 verdict=true gt_gap=14.617m  at gt=(25.51, -37.61) s=81.0m
[INFO] [1789721163.732512, 181.379000]: [event] proximity_detection id=144 verdict=true gt_gap=14.512m  at gt=(25.08, -37.42) s=81.5m
[INFO] [1789721178.095361, 186.369000]: [event] proximity_detection id=149 verdict=true gt_gap=14.064m  at gt=(23.16, -36.27) s=83.7m
[INFO] [1789721283.409289, 215.497500]: [event] proximity_detection id=178 verdict=true gt_gap=13.330m  at gt=(18.27, -24.35) s=97.2m
[INFO] [1789721287.193838, 216.620500]: [event] proximity_detection id=179 verdict=true gt_gap=13.393m  at gt=(18.27, -23.80) s=97.8m
[INFO] [1789721290.884879, 217.597500]: [event] proximity_detection id=180 verdict=true gt_gap=13.416m  at gt=(18.27, -23.33) s=98.2m
[INFO] [1789721294.619385, 218.611500]: [event] proximity_detection id=181 verdict=true gt_gap=13.438m  at gt=(18.28, -22.85) s=98.7m
[INFO] [1789721298.156538, 219.601500]: [event] proximity_detection id=182 verdict=true gt_gap=13.476m  at gt=(18.28, -22.38) s=99.2m
[INFO] [1789721302.132768, 220.617500]: [event] proximity_detection id=183 verdict=true gt_gap=13.566m  at gt=(18.29, -21.89) s=99.7m
[INFO] [1789721305.725945, 221.609500]: [event] proximity_detection id=184 verdict=true gt_gap=13.654m  at gt=(18.29, -21.42) s=100.2m
[INFO] [1789721309.474202, 222.601000]: [event] proximity_detection id=185 verdict=true gt_gap=13.690m  at gt=(18.30, -20.95) s=100.6m
[INFO] [1789721313.118878, 223.667000]: [event] proximity_detection id=186 verdict=true gt_gap=13.784m  at gt=(18.30, -20.42) s=101.2m
[INFO] [1789721316.142131, 224.633000]: [event] proximity_detection id=187 verdict=true gt_gap=13.846m  at gt=(18.31, -19.96) s=101.6m
[INFO] [1789721319.523997, 225.605500]: [event] proximity_detection id=188 verdict=true gt_gap=13.909m  at gt=(18.32, -19.50) s=102.1m
[INFO] [1789721323.291717, 226.587000]: [event] proximity_detection id=189 verdict=true gt_gap=13.964m  at gt=(18.31, -19.03) s=102.5m
[INFO] [1789721327.274207, 227.603000]: [event] proximity_detection id=190 verdict=true gt_gap=13.993m  at gt=(18.31, -18.55) s=103.0m
[INFO] [1789721330.932658, 228.624500]: [event] proximity_detection id=191 verdict=true gt_gap=13.974m  at gt=(18.32, -18.08) s=103.5m
[INFO] [1789721334.309180, 229.642000]: [event] proximity_detection id=192 verdict=true gt_gap=14.110m  at gt=(18.32, -17.58) s=104.0m
[INFO] [1789721337.537345, 230.642000]: [event] proximity_detection id=193 verdict=true gt_gap=14.118m  at gt=(18.33, -17.09) s=104.5m
[INFO] [1789721341.257440, 231.597000]: [event] proximity_detection id=194 verdict=true gt_gap=14.145m  at gt=(18.34, -16.64) s=104.9m
[INFO] [1789721345.010064, 232.623500]: [event] proximity_detection id=195 verdict=true gt_gap=14.217m  at gt=(18.34, -16.15) s=105.4m
[INFO] [1789721348.793986, 233.626000]: [event] proximity_detection id=196 verdict=true gt_gap=14.254m  at gt=(18.33, -15.67) s=105.9m
[INFO] [1789721352.158887, 234.683000]: [event] proximity_detection id=197 verdict=true gt_gap=14.321m  at gt=(18.34, -15.15) s=106.4m
[INFO] [1789721354.873231, 235.685500]: [event] proximity_detection id=198 verdict=true gt_gap=14.356m  at gt=(18.36, -14.67) s=106.9m
[INFO] [1789721357.820527, 236.744000]: [event] proximity_detection id=199 verdict=true gt_gap=14.379m  at gt=(18.35, -14.19) s=107.4m
[INFO] [1789721360.763076, 237.702500]: [event] proximity_detection id=200 verdict=true gt_gap=14.406m  at gt=(18.35, -13.74) s=107.8m
[INFO] [1789721364.676939, 238.693500]: [event] proximity_detection id=201 verdict=true gt_gap=14.434m  at gt=(18.34, -13.29) s=108.3m
[INFO] [1789721368.841738, 239.689500]: [event] proximity_detection id=202 verdict=true gt_gap=14.428m  at gt=(18.33, -12.84) s=108.7m
[INFO] [1789721372.841826, 240.698500]: [event] proximity_detection id=203 verdict=true gt_gap=14.419m  at gt=(18.33, -12.40) s=109.2m
[INFO] [1789721376.899661, 241.723000]: [event] proximity_detection id=204 verdict=true gt_gap=14.366m  at gt=(18.34, -11.95) s=109.6m
[INFO] [1789721380.775746, 242.726000]: [event] proximity_detection id=205 verdict=true gt_gap=14.266m  at gt=(18.35, -11.53) s=110.1m
[INFO] [1789721384.539452, 243.707000]: [event] proximity_detection id=206 verdict=true gt_gap=14.132m  at gt=(18.37, -11.15) s=110.4m
[INFO] [1789721388.997480, 244.831500]: [event] proximity_detection id=207 verdict=true gt_gap=14.107m  at gt=(18.41, -10.73) s=110.9m
[INFO] [1789721392.882181, 245.831000]: [event] proximity_detection id=208 verdict=true gt_gap=13.993m  at gt=(18.45, -10.36) s=111.2m
[INFO] [1789721396.096183, 246.921500]: [event] proximity_detection id=209 verdict=true gt_gap=13.789m  at gt=(18.45, -10.02) s=111.6m
[INFO] [1789721398.759914, 247.914000]: [event] proximity_detection id=210 verdict=true gt_gap=13.658m  at gt=(18.56, -9.68) s=111.9m
[INFO] [1789721401.662625, 248.902500]: [event] proximity_detection id=211 verdict=true gt_gap=13.527m  at gt=(18.71, -9.33) s=112.3m
[INFO] [1789721404.451443, 249.876000]: [event] proximity_detection id=212 verdict=true gt_gap=13.390m  at gt=(18.86, -9.00) s=112.7m
[INFO] [1789721407.301742, 250.922500]: [event] proximity_detection id=213 verdict=true gt_gap=13.401m  at gt=(18.98, -8.51) s=113.2m
[INFO] [1789721410.076038, 251.938500]: [event] proximity_detection id=214 verdict=true gt_gap=13.398m  at gt=(19.09, -8.05) s=113.7m
[INFO] [1789721412.986920, 253.028500]: [event] proximity_detection id=215 verdict=true gt_gap=13.434m  at gt=(19.19, -7.54) s=114.2m
[INFO] [1789721415.712360, 253.982000]: [event] proximity_detection id=216 verdict=true gt_gap=13.366m  at gt=(19.26, -7.09) s=114.6m
[INFO] [1789721419.212808, 254.972000]: [event] proximity_detection id=217 verdict=true gt_gap=13.356m  at gt=(19.34, -6.64) s=115.1m
[INFO] [1789721422.604946, 255.947000]: [event] proximity_detection id=218 verdict=true gt_gap=13.362m  at gt=(19.44, -6.19) s=115.6m
[INFO] [1789721426.541056, 256.959000]: [event] proximity_detection id=219 verdict=true gt_gap=13.390m  at gt=(19.54, -5.70) s=116.1m
[INFO] [1789721429.763630, 258.042000]: [event] proximity_detection id=220 verdict=true gt_gap=13.449m  at gt=(19.65, -5.17) s=116.6m
[INFO] [1789721432.961278, 258.980000]: [event] proximity_detection id=221 verdict=true gt_gap=13.422m  at gt=(19.75, -4.73) s=117.1m
[INFO] [1789721436.627050, 260.050000]: [event] proximity_detection id=222 verdict=true gt_gap=13.449m  at gt=(19.85, -4.21) s=117.6m
[INFO] [1789721443.718743, 261.963500]: [event] proximity_detection id=224 verdict=true gt_gap=13.444m  at gt=(20.04, -3.30) s=118.5m
[INFO] [1789721447.367809, 263.058000]: [event] proximity_detection id=225 verdict=true gt_gap=13.430m  at gt=(20.14, -2.84) s=119.0m
[INFO] [1789721450.121223, 264.110000]: [event] proximity_detection id=226 verdict=true gt_gap=13.347m  at gt=(20.24, -2.46) s=119.4m
[INFO] [1789721452.652908, 265.069000]: [event] proximity_detection id=227 verdict=true gt_gap=13.131m  at gt=(20.31, -2.17) s=119.7m
[INFO] [1789721455.415133, 266.013000]: [event] proximity_detection id=1 verdict=unknown gt_gap=nanm  at gt=(20.37, -1.98) s=119.9m
[INFO] [1789721458.817806, 267.172000]: [event] proximity_detection id=1 verdict=unknown gt_gap=nanm  at gt=(20.73, -1.81) s=120.3m
[INFO] [1789721461.550683, 268.195000]: [event] proximity_detection id=1 verdict=unknown gt_gap=nanm  at gt=(21.15, -1.60) s=120.8m
[INFO] [1789721464.244681, 269.143500]: [event] proximity_detection id=1 verdict=unknown gt_gap=nanm  at gt=(21.57, -1.35) s=121.3m
[INFO] [1789721467.690038, 270.074500]: [event] proximity_detection id=1 verdict=unknown gt_gap=nanm  at gt=(21.93, -1.14) s=121.7m
[INFO] [1789721471.395491, 271.100500]: [event] proximity_detection id=1 verdict=unknown gt_gap=nanm  at gt=(22.33, -0.95) s=122.1m
[INFO] [1789721474.764849, 272.055500]: [event] proximity_detection id=1 verdict=unknown gt_gap=nanm  at gt=(22.71, -0.78) s=122.5m
[INFO] [1789721479.130710, 273.009500]: [event] proximity_detection id=1 verdict=unknown gt_gap=nanm  at gt=(23.14, -0.64) s=123.0m
[INFO] [1789721483.489547, 274.003000]: [event] proximity_detection id=1 verdict=unknown gt_gap=nanm  at gt=(23.61, -0.49) s=123.5m
[INFO] [1789721487.825781, 275.080000]: [event] proximity_detection id=1 verdict=unknown gt_gap=nanm  at gt=(24.11, -0.33) s=124.0m
[INFO] [1789721491.449731, 276.149500]: [event] proximity_detection id=1 verdict=unknown gt_gap=nanm  at gt=(24.58, -0.18) s=124.5m
[INFO] [1789721494.587254, 277.202000]: [event] proximity_detection id=1 verdict=unknown gt_gap=nanm  at gt=(25.04, -0.05) s=125.0m
[INFO] [1789721498.160299, 278.202000]: [event] proximity_detection id=1 verdict=unknown gt_gap=nanm  at gt=(25.47, 0.05) s=125.4m
[INFO] [1789721502.243575, 279.257000]: [event] proximity_detection id=1 verdict=unknown gt_gap=nanm  at gt=(25.96, 0.12) s=125.9m
[INFO] [1789721505.328606, 280.290000]: [event] proximity_detection id=1 verdict=unknown gt_gap=nanm  at gt=(26.48, 0.20) s=126.5m
[INFO] [1789721508.100971, 281.262500]: [event] proximity_detection id=1 verdict=unknown gt_gap=nanm  at gt=(26.93, 0.27) s=126.9m
[INFO] [1789721511.507512, 282.276500]: [event] proximity_detection id=1 verdict=unknown gt_gap=nanm  at gt=(27.39, 0.31) s=127.4m
[INFO] [1789721514.369415, 283.284500]: [event] proximity_detection id=1 verdict=unknown gt_gap=nanm  at gt=(27.88, 0.32) s=127.9m
[INFO] [1789721517.459371, 284.282500]: [event] proximity_detection id=1 verdict=unknown gt_gap=nanm  at gt=(28.35, 0.34) s=128.3m
[INFO] [1789721520.799145, 285.207000]: [event] proximity_detection id=1 verdict=unknown gt_gap=nanm  at gt=(28.78, 0.34) s=128.8m
[INFO] [1789721524.267766, 286.295000]: [event] proximity_detection id=1 verdict=unknown gt_gap=nanm  at gt=(29.32, 0.32) s=129.3m
[INFO] [1789721527.206197, 287.350500]: [event] proximity_detection id=1 verdict=unknown gt_gap=nanm  at gt=(29.84, 0.30) s=129.8m
[INFO] [1789721530.068861, 288.355500]: [event] proximity_detection id=250 verdict=true gt_gap=11.996m  at gt=(30.34, 0.28) s=130.3m
[INFO] [1789721533.420486, 289.410000]: [event] proximity_detection id=251 verdict=true gt_gap=12.188m  at gt=(30.86, 0.27) s=130.8m
[INFO] [1789721536.457947, 290.466000]: [event] proximity_detection id=1 verdict=unknown gt_gap=nanm  at gt=(31.37, 0.25) s=131.4m
[INFO] [1789721539.621378, 291.587500]: [event] proximity_detection id=1 verdict=unknown gt_gap=nanm  at gt=(31.93, 0.23) s=131.9m
[INFO] [1789721542.320426, 292.460500]: [event] proximity_detection id=1 verdict=unknown gt_gap=nanm  at gt=(32.37, 0.21) s=132.4m
[INFO] [1789721545.184029, 293.454500]: [event] proximity_detection id=255 verdict=true gt_gap=13.014m  at gt=(32.80, 0.19) s=132.8m
[INFO] [1789721548.482704, 294.545500]: [event] proximity_detection id=256 verdict=true gt_gap=13.285m  at gt=(33.25, 0.21) s=133.2m
[INFO] [1789721551.683695, 295.507500]: [event] proximity_detection id=257 verdict=true gt_gap=13.557m  at gt=(33.65, 0.24) s=133.6m
[INFO] [1789721554.691819, 296.551000]: [event] proximity_detection id=258 verdict=true gt_gap=13.921m  at gt=(34.11, 0.25) s=134.1m
[INFO] [1789721558.005355, 297.507500]: [event] proximity_detection id=259 verdict=true gt_gap=13.980m  at gt=(34.56, 0.23) s=134.6m
[INFO] [1789721561.259083, 298.574000]: [event] proximity_detection id=260 verdict=true gt_gap=14.029m  at gt=(35.07, 0.21) s=135.1m
[INFO] [1789721564.267654, 299.526500]: [event] proximity_detection id=261 verdict=true gt_gap=14.039m  at gt=(35.52, 0.21) s=135.5m
[INFO] [1789721567.691630, 300.537000]: [event] proximity_detection id=262 verdict=true gt_gap=14.152m  at gt=(36.01, 0.21) s=136.0m
[INFO] [1789721571.043243, 301.585500]: [event] proximity_detection id=263 verdict=true gt_gap=14.253m  at gt=(36.53, 0.23) s=136.5m
[INFO] [1789721574.733960, 302.681000]: [event] proximity_detection id=264 verdict=true gt_gap=14.379m  at gt=(37.05, 0.22) s=137.0m
[INFO] [1789721577.479840, 303.635500]: [event] proximity_detection id=265 verdict=true gt_gap=14.414m  at gt=(37.53, 0.23) s=137.5m
[INFO] [1789721580.272211, 304.631000]: [event] proximity_detection id=266 verdict=true gt_gap=14.423m  at gt=(38.01, 0.22) s=138.0m
[INFO] [1789721583.644045, 305.656000]: [event] proximity_detection id=267 verdict=true gt_gap=14.423m  at gt=(38.52, 0.22) s=138.5m
[INFO] [1789721587.133654, 306.776000]: [event] proximity_detection id=268 verdict=true gt_gap=14.502m  at gt=(39.08, 0.22) s=139.1m
[INFO] [1789721589.991466, 307.753500]: [event] proximity_detection id=269 verdict=true gt_gap=14.529m  at gt=(39.56, 0.23) s=139.6m
[INFO] [1789721592.978483, 308.650000]: [event] proximity_detection id=270 verdict=true gt_gap=14.515m  at gt=(39.98, 0.24) s=140.0m
[INFO] [1789721596.549432, 309.634000]: [event] proximity_detection id=271 verdict=true gt_gap=14.486m  at gt=(40.45, 0.22) s=140.4m
[INFO] [1789721600.252845, 310.648000]: [event] proximity_detection id=272 verdict=true gt_gap=14.451m  at gt=(40.93, 0.21) s=140.9m
[INFO] [1789721603.377780, 311.706000]: [event] proximity_detection id=273 verdict=true gt_gap=14.525m  at gt=(41.45, 0.21) s=141.5m
[INFO] [1789721606.251342, 312.677500]: [event] proximity_detection id=274 verdict=true gt_gap=14.546m  at gt=(41.93, 0.21) s=141.9m
[INFO] [1789721609.287060, 313.691500]: [event] proximity_detection id=21 verdict=true gt_gap=0.006m  at gt=(42.41, 0.22) s=142.4m
[INFO] [1789721612.324669, 314.700500]: [event] proximity_detection id=276 verdict=true gt_gap=14.537m  at gt=(42.89, 0.20) s=142.9m
[INFO] [1789721615.470005, 315.735500]: [event] proximity_detection id=277 verdict=true gt_gap=14.618m  at gt=(43.40, 0.21) s=143.4m
[INFO] [1789721618.870565, 316.663500]: [event] proximity_detection id=278 verdict=true gt_gap=14.482m  at gt=(43.80, 0.22) s=143.8m
[INFO] [1789721623.141203, 317.674500]: [event] proximity_detection id=279 verdict=true gt_gap=14.358m  at gt=(44.19, 0.20) s=144.2m
[INFO] [1789721627.118979, 319.035500]: [event] proximity_detection id=280 verdict=true gt_gap=14.398m  at gt=(44.74, 0.13) s=144.7m
[INFO] [1789721629.812288, 319.897000]: [event] proximity_detection id=281 verdict=true gt_gap=14.222m  at gt=(45.08, 0.08) s=145.1m
[INFO] [1789721632.835475, 320.856500]: [event] proximity_detection id=282 verdict=true gt_gap=14.137m  at gt=(45.51, -0.04) s=145.5m
[INFO] [1789721635.926007, 321.875000]: [event] proximity_detection id=283 verdict=true gt_gap=14.068m  at gt=(45.99, -0.18) s=146.0m
[INFO] [1789721639.018277, 322.896500]: [event] proximity_detection id=284 verdict=true gt_gap=14.116m  at gt=(46.47, -0.32) s=146.5m
[INFO] [1789721642.043529, 323.953000]: [event] proximity_detection id=285 verdict=true gt_gap=14.128m  at gt=(46.91, -0.43) s=147.0m
[INFO] [1789721646.011564, 325.035000]: [event] proximity_detection id=286 verdict=true gt_gap=14.131m  at gt=(47.36, -0.61) s=147.5m
[INFO] [1789721649.875594, 325.996500]: [event] proximity_detection id=287 verdict=true gt_gap=14.159m  at gt=(47.77, -0.81) s=147.9m
[INFO] [1789721654.129019, 327.042500]: [event] proximity_detection id=288 verdict=true gt_gap=14.182m  at gt=(48.23, -1.03) s=148.4m
[INFO] [1789721657.606877, 328.165000]: [event] proximity_detection id=289 verdict=true gt_gap=14.232m  at gt=(48.72, -1.26) s=149.0m
[INFO] [1789721660.295673, 329.112000]: [event] proximity_detection id=290 verdict=true gt_gap=14.119m  at gt=(49.08, -1.46) s=149.4m
[INFO] [1789721663.194293, 330.065500]: [event] proximity_detection id=291 verdict=true gt_gap=14.092m  at gt=(49.48, -1.68) s=149.9m
[INFO] [1789721666.699283, 331.074500]: [event] proximity_detection id=292 verdict=true gt_gap=14.021m  at gt=(49.87, -1.90) s=150.3m
[INFO] [1789721669.803669, 332.141000]: [event] proximity_detection id=293 verdict=true gt_gap=13.962m  at gt=(50.28, -2.19) s=150.8m
[INFO] [1789721672.810922, 333.087000]: [event] proximity_detection id=294 verdict=true gt_gap=13.821m  at gt=(50.62, -2.42) s=151.2m
[INFO] [1789721676.362725, 334.146500]: [event] proximity_detection id=295 verdict=true gt_gap=13.787m  at gt=(51.00, -2.73) s=151.7m
[INFO] [1789721679.071604, 335.108500]: [event] proximity_detection id=296 verdict=true gt_gap=13.733m  at gt=(51.35, -3.04) s=152.2m
[INFO] [1789721682.086856, 336.184000]: [event] proximity_detection id=297 verdict=true gt_gap=13.676m  at gt=(51.72, -3.34) s=152.7m
[INFO] [1789721685.058291, 337.107500]: [event] proximity_detection id=44 verdict=true gt_gap=0.045m  at gt=(52.01, -3.60) s=153.1m
[INFO] [1789721688.972770, 338.110500]: [event] proximity_detection id=45 verdict=true gt_gap=0.061m  at gt=(52.31, -3.94) s=153.5m
[INFO] [1789721692.882379, 339.240000]: [event] proximity_detection id=46 verdict=true gt_gap=0.098m  at gt=(52.64, -4.34) s=154.0m
[INFO] [1789721696.490859, 340.396000]: [event] proximity_detection id=47 verdict=true gt_gap=0.165m  at gt=(52.99, -4.78) s=154.6m
[INFO] [1789721699.592697, 341.322000]: [event] proximity_detection id=48 verdict=true gt_gap=0.091m  at gt=(53.25, -5.12) s=155.0m
[INFO] [1789721704.256846, 342.249500]: [event] proximity_detection id=49 verdict=true gt_gap=0.088m  at gt=(53.49, -5.47) s=155.4m
[INFO] [1789721709.134503, 343.237500]: [event] proximity_detection id=50 verdict=true gt_gap=0.078m  at gt=(53.73, -5.85) s=155.9m
[INFO] [1789721713.678589, 344.244500]: [event] proximity_detection id=51 verdict=true gt_gap=0.070m  at gt=(53.95, -6.26) s=156.4m
[INFO] [1789721717.759740, 345.290500]: [event] proximity_detection id=52 verdict=true gt_gap=0.100m  at gt=(54.18, -6.70) s=156.9m
[INFO] [1789721721.748960, 346.426000]: [event] proximity_detection id=53 verdict=true gt_gap=0.105m  at gt=(54.41, -7.19) s=157.4m
[INFO] [1789721724.955079, 347.343000]: [event] proximity_detection id=54 verdict=true gt_gap=0.070m  at gt=(54.58, -7.57) s=157.8m
[INFO] [1789721728.543912, 348.450500]: [event] proximity_detection id=55 verdict=true gt_gap=0.068m  at gt=(54.75, -7.99) s=158.3m
[INFO] [1789721731.492903, 349.407500]: [event] proximity_detection id=56 verdict=true gt_gap=0.059m  at gt=(54.90, -8.37) s=158.7m
[INFO] [1789721735.610702, 350.420000]: [event] proximity_detection id=57 verdict=true gt_gap=0.081m  at gt=(55.01, -8.80) s=159.1m
[INFO] [1789721739.532045, 351.485000]: [event] proximity_detection id=58 verdict=true gt_gap=0.109m  at gt=(55.12, -9.31) s=159.6m
[INFO] [1789721744.065262, 352.409500]: [event] proximity_detection id=59 verdict=true gt_gap=0.040m  at gt=(55.22, -9.74) s=160.1m
[INFO] [1789721749.069377, 353.433500]: [event] proximity_detection id=60 verdict=true gt_gap=0.046m  at gt=(55.30, -10.21) s=160.6m
[INFO] [1789721752.571632, 354.555500]: [event] proximity_detection id=61 verdict=true gt_gap=0.072m  at gt=(55.37, -10.72) s=161.1m
[INFO] [1789721755.783043, 355.753500]: [event] proximity_detection id=62 verdict=true gt_gap=0.152m  at gt=(55.42, -11.26) s=161.6m
[INFO] [1789721758.450078, 356.558000]: [event] proximity_detection id=63 verdict=true gt_gap=0.091m  at gt=(55.44, -11.61) s=162.0m
[INFO] [1789721762.249604, 357.617500]: [event] proximity_detection id=64 verdict=true gt_gap=0.120m  at gt=(55.45, -12.08) s=162.4m
[INFO] [1789721766.072622, 358.604500]: [event] proximity_detection id=319 verdict=true gt_gap=13.120m  at gt=(55.44, -12.52) s=162.9m
[INFO] [1789721769.513386, 359.640500]: [event] proximity_detection id=320 verdict=true gt_gap=13.170m  at gt=(55.41, -13.01) s=163.4m
[INFO] [1789721772.912092, 360.724000]: [event] proximity_detection id=321 verdict=true gt_gap=13.241m  at gt=(55.38, -13.53) s=163.9m
[INFO] [1789721776.097962, 361.583500]: [event] proximity_detection id=322 verdict=true gt_gap=13.229m  at gt=(55.35, -13.95) s=164.3m
[INFO] [1789721780.005445, 362.693500]: [event] proximity_detection id=323 verdict=true gt_gap=13.288m  at gt=(55.30, -14.49) s=164.9m
[INFO] [1789721783.801226, 363.766000]: [event] proximity_detection id=324 verdict=true gt_gap=13.422m  at gt=(55.27, -15.01) s=165.4m
[INFO] [1789721787.462891, 364.806000]: [event] proximity_detection id=325 verdict=true gt_gap=13.468m  at gt=(55.23, -15.52) s=165.9m
[INFO] [1789721790.878212, 365.875000]: [event] proximity_detection id=326 verdict=true gt_gap=13.555m  at gt=(55.19, -16.04) s=166.4m
[INFO] [1789721794.321219, 366.778500]: [event] proximity_detection id=327 verdict=true gt_gap=13.580m  at gt=(55.17, -16.48) s=166.8m
[INFO] [1789721797.835059, 367.792000]: [event] proximity_detection id=328 verdict=true gt_gap=13.727m  at gt=(55.14, -16.97) s=167.3m
[INFO] [1789721801.360328, 368.864000]: [event] proximity_detection id=329 verdict=true gt_gap=13.831m  at gt=(55.11, -17.49) s=167.9m
[INFO] [1789721804.551128, 369.830500]: [event] proximity_detection id=330 verdict=true gt_gap=13.836m  at gt=(55.07, -17.96) s=168.3m
[INFO] [1789721807.589121, 370.827500]: [event] proximity_detection id=331 verdict=true gt_gap=13.820m  at gt=(55.03, -18.45) s=168.8m
[INFO] [1789721811.421799, 371.917000]: [event] proximity_detection id=332 verdict=true gt_gap=13.972m  at gt=(55.00, -18.98) s=169.4m
[INFO] [1789721814.251847, 372.870000]: [event] proximity_detection id=333 verdict=true gt_gap=14.069m  at gt=(54.96, -19.46) s=169.8m
[INFO] [1789721817.427203, 373.920500]: [event] proximity_detection id=334 verdict=true gt_gap=14.177m  at gt=(54.93, -19.98) s=170.3m
[INFO] [1789721820.660258, 374.747500]: [event] proximity_detection id=335 verdict=true gt_gap=14.155m  at gt=(54.90, -20.38) s=170.8m
[INFO] [1789721824.438350, 375.752000]: [event] proximity_detection id=336 verdict=true gt_gap=14.185m  at gt=(54.87, -20.87) s=171.2m
[INFO] [1789721828.599041, 376.870500]: [event] proximity_detection id=337 verdict=true gt_gap=14.231m  at gt=(54.84, -21.42) s=171.8m
[INFO] [1789721831.725003, 377.955500]: [event] proximity_detection id=338 verdict=true gt_gap=14.352m  at gt=(54.80, -21.92) s=172.3m
[INFO] [1789721834.700737, 378.983500]: [event] proximity_detection id=339 verdict=true gt_gap=14.395m  at gt=(54.80, -22.39) s=172.8m
[INFO] [1789721837.652696, 380.039500]: [event] proximity_detection id=340 verdict=true gt_gap=14.509m  at gt=(54.81, -22.88) s=173.3m
[INFO] [1789721840.740388, 380.869000]: [event] proximity_detection id=341 verdict=true gt_gap=14.487m  at gt=(54.83, -23.29) s=173.7m
[INFO] [1789721844.493275, 381.984000]: [event] proximity_detection id=342 verdict=true gt_gap=14.512m  at gt=(54.85, -23.82) s=174.2m
[INFO] [1789721847.715515, 382.892000]: [event] proximity_detection id=343 verdict=true gt_gap=14.515m  at gt=(54.86, -24.25) s=174.6m
[INFO] [1789721851.335289, 384.096000]: [event] proximity_detection id=344 verdict=true gt_gap=14.657m  at gt=(54.87, -24.86) s=175.2m
[INFO] [1789721854.048402, 385.077000]: [event] proximity_detection id=345 verdict=true gt_gap=14.624m  at gt=(54.87, -25.33) s=175.7m
[INFO] [1789721856.753423, 386.073500]: [event] proximity_detection id=346 verdict=true gt_gap=14.559m  at gt=(54.88, -25.80) s=176.2m
[INFO] [1789721859.303015, 386.930500]: [event] proximity_detection id=347 verdict=true gt_gap=14.593m  at gt=(54.91, -26.19) s=176.6m
[INFO] [1789721862.478338, 388.070500]: [event] proximity_detection id=348 verdict=true gt_gap=14.611m  at gt=(54.92, -26.68) s=177.1m
[INFO] [1789721864.765727, 388.954500]: [event] proximity_detection id=349 verdict=true gt_gap=14.608m  at gt=(54.92, -27.12) s=177.5m
[INFO] [1789721869.046934, 389.898000]: [event] proximity_detection id=350 verdict=true gt_gap=14.538m  at gt=(54.94, -27.55) s=178.0m
[INFO] [1789721873.520670, 390.802000]: [event] proximity_detection id=351 verdict=true gt_gap=14.427m  at gt=(54.94, -27.95) s=178.4m
[INFO] [1789721880.755250, 392.280500]: [event] proximity_detection id=352 verdict=true gt_gap=14.691m  at gt=(54.90, -28.63) s=179.0m
[INFO] [1789721882.783993, 392.993000]: [event] proximity_detection id=353 verdict=true gt_gap=14.482m  at gt=(54.87, -28.97) s=179.4m
[INFO] [1789721885.859168, 394.156000]: [event] proximity_detection id=354 verdict=true gt_gap=14.499m  at gt=(54.80, -29.50) s=179.9m
[INFO] [1789721888.407676, 395.070000]: [event] proximity_detection id=355 verdict=true gt_gap=14.406m  at gt=(54.71, -29.92) s=180.3m
[INFO] [1789721891.629081, 396.178000]: [event] proximity_detection id=356 verdict=true gt_gap=14.355m  at gt=(54.62, -30.38) s=180.8m
[INFO] [1789721894.968751, 397.397000]: [event] proximity_detection id=357 verdict=true gt_gap=14.347m  at gt=(54.52, -30.81) s=181.3m
[INFO] [1789721897.612462, 398.390000]: [event] proximity_detection id=358 verdict=true gt_gap=14.362m  at gt=(54.33, -31.31) s=181.8m
[INFO] [1789721899.985323, 399.268500]: [event] proximity_detection id=359 verdict=true gt_gap=14.284m  at gt=(54.17, -31.74) s=182.3m
[INFO] [1789721903.401674, 400.512000]: [event] proximity_detection id=360 verdict=true gt_gap=14.383m  at gt=(53.97, -32.30) s=182.9m
[INFO] [1789721905.698541, 401.371000]: [event] proximity_detection id=361 verdict=true gt_gap=14.240m  at gt=(53.82, -32.64) s=183.2m
[INFO] [1789721908.979098, 402.353500]: [event] proximity_detection id=362 verdict=true gt_gap=14.101m  at gt=(53.65, -33.02) s=183.6m
[INFO] [1789721912.192135, 403.319000]: [event] proximity_detection id=363 verdict=true gt_gap=14.012m  at gt=(53.45, -33.39) s=184.1m
[INFO] [1789721915.876766, 404.366000]: [event] proximity_detection id=364 verdict=true gt_gap=13.931m  at gt=(53.21, -33.80) s=184.5m
[INFO] [1789721919.626962, 405.249000]: [event] proximity_detection id=365 verdict=true gt_gap=13.883m  at gt=(53.00, -34.14) s=184.9m
[INFO] [1789721923.577221, 406.469000]: [event] proximity_detection id=366 verdict=true gt_gap=13.877m  at gt=(52.71, -34.58) s=185.5m
[INFO] [1789721926.296091, 407.336500]: [event] proximity_detection id=367 verdict=true gt_gap=13.658m  at gt=(52.49, -34.87) s=185.8m
[INFO] [1789721930.039269, 408.316000]: [event] proximity_detection id=368 verdict=true gt_gap=13.540m  at gt=(52.21, -35.21) s=186.3m
[INFO] [1789721934.194089, 409.539500]: [event] proximity_detection id=369 verdict=true gt_gap=13.568m  at gt=(51.86, -35.63) s=186.8m
[INFO] [1789721936.884762, 410.477000]: [event] proximity_detection id=370 verdict=true gt_gap=13.456m  at gt=(51.57, -35.94) s=187.2m
[INFO] [1789721940.325881, 411.313500]: [event] proximity_detection id=371 verdict=true gt_gap=13.381m  at gt=(51.32, -36.20) s=187.6m
[INFO] [1789721945.004008, 412.279000]: [event] proximity_detection id=118 verdict=true gt_gap=0.075m  at gt=(51.00, -36.49) s=188.0m
[INFO] [1789721949.338174, 413.252500]: [event] proximity_detection id=119 verdict=true gt_gap=0.053m  at gt=(50.66, -36.79) s=188.5m
[INFO] [1789721954.207745, 414.314000]: [event] proximity_detection id=120 verdict=true gt_gap=0.096m  at gt=(50.27, -37.10) s=189.0m
[INFO] [1789721958.567682, 415.343500]: [event] proximity_detection id=121 verdict=true gt_gap=0.110m  at gt=(49.88, -37.38) s=189.5m
[INFO] [1789721963.014105, 416.358000]: [event] proximity_detection id=122 verdict=true gt_gap=0.124m  at gt=(49.48, -37.65) s=190.0m
[INFO] [1789721967.096491, 417.360500]: [event] proximity_detection id=123 verdict=true gt_gap=0.110m  at gt=(49.08, -37.90) s=190.4m
[INFO] [1789721970.899929, 418.442500]: [event] proximity_detection id=124 verdict=true gt_gap=0.149m  at gt=(48.64, -38.15) s=190.9m
[INFO] [1789721973.851247, 419.509000]: [event] proximity_detection id=125 verdict=true gt_gap=0.148m  at gt=(48.20, -38.38) s=191.4m
[INFO] [1789721976.790194, 420.604000]: [event] proximity_detection id=126 verdict=true gt_gap=0.208m  at gt=(47.72, -38.59) s=192.0m
[INFO] [1789721979.582956, 421.521500]: [event] proximity_detection id=127 verdict=true gt_gap=0.167m  at gt=(47.33, -38.76) s=192.4m
[INFO] [1789721983.346040, 422.626500]: [event] proximity_detection id=128 verdict=true gt_gap=0.184m  at gt=(46.87, -38.94) s=192.9m
[INFO] [1789721986.835166, 423.780000]: [event] proximity_detection id=129 verdict=true gt_gap=0.238m  at gt=(46.36, -39.10) s=193.4m
[INFO] [1789721990.022685, 424.532000]: [event] proximity_detection id=130 verdict=true gt_gap=0.153m  at gt=(46.03, -39.20) s=193.8m
[INFO] [1789721994.339050, 425.579500]: [event] proximity_detection id=131 verdict=true gt_gap=0.158m  at gt=(45.58, -39.31) s=194.2m
[INFO] [1789721998.077430, 426.762000]: [event] proximity_detection id=132 verdict=true gt_gap=0.245m  at gt=(45.04, -39.41) s=194.8m
[INFO] [1789722000.738607, 427.609500]: [event] proximity_detection id=133 verdict=true gt_gap=0.164m  at gt=(44.64, -39.48) s=195.2m
[INFO] [1789722004.152462, 428.717500]: [event] proximity_detection id=134 verdict=true gt_gap=0.212m  at gt=(44.14, -39.54) s=195.7m
[INFO] [1789722006.946316, 429.628000]: [event] proximity_detection id=135 verdict=true gt_gap=0.168m  at gt=(43.72, -39.57) s=196.1m
[INFO] [1789722010.389550, 430.728000]: [event] proximity_detection id=136 verdict=true gt_gap=0.236m  at gt=(43.21, -39.59) s=196.6m
[INFO] [1789722013.068775, 431.610500]: [event] proximity_detection id=137 verdict=true gt_gap=0.158m  at gt=(42.80, -39.60) s=197.0m
[INFO] [1789722016.549745, 432.643500]: [event] proximity_detection id=138 verdict=true gt_gap=0.187m  at gt=(42.34, -39.59) s=197.5m
[INFO] [1789722020.354989, 433.660000]: [event] proximity_detection id=139 verdict=true gt_gap=0.211m  at gt=(41.86, -39.57) s=198.0m
[INFO] [1789722024.792277, 434.662000]: [event] proximity_detection id=140 verdict=true gt_gap=0.183m  at gt=(41.36, -39.54) s=198.5m
[INFO] [1789722028.954235, 435.659500]: [event] proximity_detection id=141 verdict=true gt_gap=0.170m  at gt=(40.87, -39.51) s=198.9m
[INFO] [1789722033.157696, 436.824500]: [event] proximity_detection id=142 verdict=true gt_gap=0.186m  at gt=(40.30, -39.47) s=199.5m
[INFO] [1789722036.474263, 437.745000]: [event] proximity_detection id=143 verdict=true gt_gap=0.150m  at gt=(39.86, -39.45) s=200.0m
[INFO] [1789722040.183222, 438.870500]: [event] proximity_detection id=144 verdict=true gt_gap=0.157m  at gt=(39.29, -39.42) s=200.5m
[INFO] [1789722043.017691, 439.877500]: [event] proximity_detection id=145 verdict=true gt_gap=0.145m  at gt=(38.79, -39.40) s=201.0m
[INFO] [1789722046.083172, 440.907500]: [event] proximity_detection id=146 verdict=true gt_gap=0.168m  at gt=(38.29, -39.37) s=201.5m
[INFO] [1789722049.981739, 442.031000]: [event] proximity_detection id=401 verdict=true gt_gap=13.938m  at gt=(37.74, -39.34) s=202.1m
[INFO] [1789722052.960178, 443.111500]: [event] proximity_detection id=402 verdict=true gt_gap=14.091m  at gt=(37.19, -39.32) s=202.6m
[INFO] [1789722055.784269, 444.103500]: [event] proximity_detection id=403 verdict=true gt_gap=14.168m  at gt=(36.71, -39.28) s=203.1m
[INFO] [1789722058.935736, 444.992500]: [event] proximity_detection id=404 verdict=true gt_gap=14.150m  at gt=(36.29, -39.26) s=203.5m
[INFO] [1789722062.521650, 446.056000]: [event] proximity_detection id=405 verdict=true gt_gap=14.242m  at gt=(35.76, -39.24) s=204.1m
[INFO] [1789722065.400177, 447.077000]: [event] proximity_detection id=406 verdict=true gt_gap=14.307m  at gt=(35.26, -39.22) s=204.6m
[INFO] [1789722068.728922, 447.985000]: [event] proximity_detection id=407 verdict=true gt_gap=14.283m  at gt=(34.85, -39.20) s=205.0m
[INFO] [1789722072.672553, 448.966000]: [event] proximity_detection id=408 verdict=true gt_gap=14.305m  at gt=(34.37, -39.17) s=205.5m
[INFO] [1789722076.250956, 450.135500]: [event] proximity_detection id=409 verdict=true gt_gap=14.422m  at gt=(33.80, -39.12) s=206.0m
[INFO] [1789722078.979227, 451.025000]: [event] proximity_detection id=410 verdict=true gt_gap=14.336m  at gt=(33.39, -39.08) s=206.4m
[INFO] [1789722082.257565, 451.975500]: [event] proximity_detection id=411 verdict=true gt_gap=14.395m  at gt=(32.93, -39.06) s=206.9m
[INFO] [1789722085.647048, 453.046500]: [event] proximity_detection id=412 verdict=true gt_gap=14.436m  at gt=(32.43, -39.04) s=207.4m
[INFO] [1789722088.746031, 454.029000]: [event] proximity_detection id=413 verdict=true gt_gap=14.392m  at gt=(31.96, -39.00) s=207.9m
[INFO] [1789722091.793209, 454.883000]: [event] proximity_detection id=414 verdict=true gt_gap=14.466m  at gt=(31.56, -38.96) s=208.3m
[INFO] [1789722095.643261, 456.012500]: [event] proximity_detection id=415 verdict=true gt_gap=14.559m  at gt=(31.03, -38.90) s=208.8m
[INFO] [1789722098.766563, 456.869500]: [event] proximity_detection id=416 verdict=true gt_gap=14.431m  at gt=(30.62, -38.84) s=209.2m
[INFO] [1789722102.419245, 457.867000]: [event] proximity_detection id=417 verdict=true gt_gap=14.523m  at gt=(30.14, -38.77) s=209.7m
[INFO] [1789722106.023630, 459.085000]: [event] proximity_detection id=418 verdict=true gt_gap=14.627m  at gt=(29.54, -38.67) s=210.3m
[INFO] [1789722108.699866, 459.923500]: [event] proximity_detection id=419 verdict=true gt_gap=14.612m  at gt=(29.14, -38.59) s=210.7m
[INFO] [1789722112.343735, 460.851000]: [event] proximity_detection id=420 verdict=true gt_gap=14.547m  at gt=(28.70, -38.52) s=211.2m
[INFO] [1789722116.118290, 462.110000]: [event] proximity_detection id=421 verdict=true gt_gap=14.766m  at gt=(28.08, -38.39) s=211.8m
[INFO] [1789722118.652480, 462.856000]: [event] proximity_detection id=422 verdict=true gt_gap=14.681m  at gt=(27.71, -38.31) s=212.2m
[INFO] [1789722122.948494, 464.063000]: [event] proximity_detection id=423 verdict=true gt_gap=14.771m  at gt=(27.15, -38.17) s=212.8m
[INFO] [1789722125.525447, 464.981000]: [event] proximity_detection id=424 verdict=true gt_gap=14.699m  at gt=(26.74, -38.07) s=213.2m
[INFO] [1789722128.757627, 466.175000]: [event] proximity_detection id=425 verdict=true gt_gap=14.741m  at gt=(26.22, -37.89) s=213.7m
[INFO] [1789722131.269894, 467.049500]: [event] proximity_detection id=426 verdict=true gt_gap=14.559m  at gt=(25.85, -37.75) s=214.1m
[INFO] [1789722134.758510, 468.308500]: [event] proximity_detection id=427 verdict=true gt_gap=14.675m  at gt=(25.31, -37.53) s=214.7m
[INFO] [1789722137.453950, 469.282500]: [event] proximity_detection id=428 verdict=true gt_gap=14.512m  at gt=(24.93, -37.33) s=215.1m
[INFO] [1789722140.913645, 470.391000]: [event] proximity_detection id=175 verdict=true gt_gap=0.251m  at gt=(24.47, -37.10) s=215.7m
[INFO] [1789722144.131889, 471.299500]: [event] proximity_detection id=176 verdict=true gt_gap=0.217m  at gt=(24.12, -36.91) s=216.1m
[INFO] [1789722147.376364, 472.458000]: [event] proximity_detection id=177 verdict=true gt_gap=0.255m  at gt=(23.69, -36.68) s=216.6m
[INFO] [1789722150.057921, 473.412000]: [event] proximity_detection id=178 verdict=true gt_gap=0.282m  at gt=(23.33, -36.42) s=217.0m
[INFO] [1789722152.864955, 474.351000]: [event] proximity_detection id=433 verdict=true gt_gap=14.100m  at gt=(22.97, -36.13) s=217.5m
[INFO] [1789722155.933342, 475.326500]: [event] proximity_detection id=180 verdict=true gt_gap=0.242m  at gt=(22.60, -35.81) s=217.9m
[INFO] [1789722159.997345, 476.445500]: [event] proximity_detection id=181 verdict=true gt_gap=0.314m  at gt=(22.17, -35.43) s=218.5m
[INFO] [1789722163.718156, 477.391500]: [event] proximity_detection id=182 verdict=true gt_gap=0.268m  at gt=(21.84, -35.14) s=219.0m
[INFO] [1789722167.336101, 478.358500]: [event] proximity_detection id=183 verdict=true gt_gap=0.233m  at gt=(21.54, -34.86) s=219.4m
[INFO] [1789722171.321618, 479.444000]: [event] proximity_detection id=184 verdict=true gt_gap=0.301m  at gt=(21.21, -34.49) s=219.9m
[INFO] [1789722174.168961, 480.359500]: [event] proximity_detection id=185 verdict=true gt_gap=0.233m  at gt=(20.94, -34.17) s=220.3m
[INFO] [1789722177.539579, 481.436500]: [event] proximity_detection id=186 verdict=true gt_gap=0.272m  at gt=(20.63, -33.76) s=220.8m
[INFO] [1789722180.885368, 482.234000]: [event] proximity_detection id=187 verdict=true gt_gap=0.200m  at gt=(20.41, -33.46) s=221.2m
[INFO] [1789722186.043574, 483.277500]: [event] proximity_detection id=188 verdict=true gt_gap=0.233m  at gt=(20.15, -33.08) s=221.6m
[INFO] [1789722191.396052, 484.295500]: [event] proximity_detection id=189 verdict=true gt_gap=0.235m  at gt=(19.91, -32.69) s=222.1m
[INFO] [1789722195.853183, 485.346000]: [event] proximity_detection id=190 verdict=true gt_gap=0.220m  at gt=(19.68, -32.28) s=222.6m
[INFO] [1789722201.087673, 486.360500]: [event] proximity_detection id=191 verdict=true gt_gap=0.156m  at gt=(19.47, -31.86) s=223.0m
[INFO] [1789722205.049900, 487.365500]: [event] proximity_detection id=192 verdict=true gt_gap=0.234m  at gt=(19.27, -31.43) s=223.5m
[INFO] [1789722209.414514, 488.643000]: [event] proximity_detection id=193 verdict=true gt_gap=0.340m  at gt=(19.05, -30.86) s=224.1m
[INFO] [1789722212.324330, 489.334000]: [event] proximity_detection id=194 verdict=true gt_gap=0.210m  at gt=(18.93, -30.57) s=224.4m
[INFO] [1789722216.601947, 490.332000]: [event] proximity_detection id=195 verdict=true gt_gap=0.208m  at gt=(18.79, -30.15) s=224.9m
[INFO] [1789722220.475216, 491.385500]: [event] proximity_detection id=196 verdict=true gt_gap=0.241m  at gt=(18.66, -29.69) s=225.4m
[INFO] [1789722224.209797, 492.386500]: [event] proximity_detection id=197 verdict=true gt_gap=0.229m  at gt=(18.54, -29.25) s=225.8m
[INFO] [1789722227.391581, 493.444500]: [event] proximity_detection id=198 verdict=true gt_gap=0.247m  at gt=(18.44, -28.78) s=226.3m
[INFO] [1789722230.967186, 494.586000]: [event] proximity_detection id=199 verdict=true gt_gap=0.288m  at gt=(18.35, -28.29) s=226.8m
[INFO] [1789722233.736661, 495.367000]: [event] proximity_detection id=200 verdict=true gt_gap=0.192m  at gt=(18.31, -27.95) s=227.1m
[INFO] [1789722237.659668, 496.457000]: [event] proximity_detection id=201 verdict=true gt_gap=0.245m  at gt=(18.27, -27.48) s=227.6m
[INFO] [1789722241.319625, 497.462000]: [event] proximity_detection id=203 verdict=true gt_gap=0.200m  at gt=(18.25, -27.01) s=228.1m
[INFO] [1789722245.769679, 498.626000]: [event] proximity_detection id=204 verdict=true gt_gap=0.152m  at gt=(18.24, -26.47) s=228.6m
[INFO] [1789722248.638311, 499.494000]: [event] proximity_detection id=204 verdict=true gt_gap=0.270m  at gt=(18.25, -26.05) s=229.0m
[INFO] [1789722252.238962, 500.502500]: [event] proximity_detection id=205 verdict=true gt_gap=0.241m  at gt=(18.25, -25.56) s=229.5m
[INFO] [1789722255.384512, 501.477500]: [event] proximity_detection id=206 verdict=true gt_gap=0.202m  at gt=(18.27, -25.08) s=230.0m
[INFO] [1789722259.630877, 502.546500]: [event] proximity_detection id=207 verdict=true gt_gap=0.262m  at gt=(18.27, -24.57) s=230.5m
[INFO] [1789722263.468935, 503.598000]: [event] proximity_detection id=462 verdict=true gt_gap=13.362m  at gt=(18.27, -24.06) s=231.0m
[INFO] [1789722266.538792, 504.474000]: [event] proximity_detection id=463 verdict=true gt_gap=13.349m  at gt=(18.27, -23.63) s=231.5m
[INFO] [1789722270.726343, 505.552500]: [event] proximity_detection id=464 verdict=true gt_gap=13.416m  at gt=(18.27, -23.11) s=232.0m
[INFO] [1789722274.138040, 506.512500]: [event] proximity_detection id=465 verdict=true gt_gap=13.355m  at gt=(18.28, -22.66) s=232.4m
[INFO] [1789722277.970568, 507.587000]: [event] proximity_detection id=466 verdict=true gt_gap=13.478m  at gt=(18.28, -22.14) s=233.0m
[INFO] [1789722282.093357, 508.721000]: [event] proximity_detection id=467 verdict=true gt_gap=13.648m  at gt=(18.29, -21.60) s=233.5m
[INFO] [1789722285.342726, 509.573500]: [event] proximity_detection id=468 verdict=true gt_gap=13.616m  at gt=(18.29, -21.19) s=233.9m
[INFO] [1789722289.567186, 510.651000]: [event] proximity_detection id=469 verdict=true gt_gap=13.752m  at gt=(18.30, -20.67) s=234.4m
[INFO] [1789722292.682040, 511.658000]: [event] proximity_detection id=470 verdict=true gt_gap=13.788m  at gt=(18.31, -20.17) s=234.9m
[INFO] [1789722295.818346, 512.620000]: [event] proximity_detection id=471 verdict=true gt_gap=13.912m  at gt=(18.31, -19.71) s=235.4m
[INFO] [1789722299.454216, 513.580000]: [event] proximity_detection id=472 verdict=true gt_gap=13.940m  at gt=(18.32, -19.26) s=235.8m
[INFO] [1789722304.126642, 514.697000]: [event] proximity_detection id=473 verdict=true gt_gap=14.057m  at gt=(18.31, -18.73) s=236.4m
[INFO] [1789722307.478307, 515.575500]: [event] proximity_detection id=474 verdict=true gt_gap=14.030m  at gt=(18.31, -18.31) s=236.8m
[INFO] [1789722311.081612, 516.611500]: [event] proximity_detection id=475 verdict=true gt_gap=14.087m  at gt=(18.32, -17.82) s=237.3m
[INFO] [1789722314.401612, 517.638000]: [event] proximity_detection id=476 verdict=true gt_gap=14.151m  at gt=(18.33, -17.31) s=237.8m
[INFO] [1789722317.982265, 518.694500]: [event] proximity_detection id=477 verdict=true gt_gap=14.070m  at gt=(18.34, -16.81) s=238.3m
[INFO] [1789722321.546053, 519.571500]: [event] proximity_detection id=478 verdict=true gt_gap=14.190m  at gt=(18.34, -16.39) s=238.7m
[INFO] [1789722325.208061, 520.584000]: [event] proximity_detection id=479 verdict=true gt_gap=14.250m  at gt=(18.33, -15.91) s=239.2m
[INFO] [1789722328.636671, 521.606500]: [event] proximity_detection id=480 verdict=true gt_gap=14.265m  at gt=(18.33, -15.43) s=239.7m
[INFO] [1789722332.084541, 522.841500]: [event] proximity_detection id=481 verdict=true gt_gap=14.440m  at gt=(18.36, -14.81) s=240.3m
[INFO] [1789722334.435625, 523.677000]: [event] proximity_detection id=482 verdict=true gt_gap=14.340m  at gt=(18.36, -14.44) s=240.7m
[INFO] [1789722337.297814, 524.653500]: [event] proximity_detection id=483 verdict=true gt_gap=14.300m  at gt=(18.36, -13.99) s=241.1m
[INFO] [1789722340.931494, 525.648000]: [event] proximity_detection id=484 verdict=true gt_gap=14.436m  at gt=(18.35, -13.52) s=241.6m
[INFO] [1789722344.605547, 526.546000]: [event] proximity_detection id=485 verdict=true gt_gap=14.370m  at gt=(18.34, -13.11) s=242.0m
[INFO] [1789722349.117637, 527.648000]: [event] proximity_detection id=486 verdict=true gt_gap=14.412m  at gt=(18.34, -12.60) s=242.5m
[INFO] [1789722352.785569, 528.564000]: [event] proximity_detection id=487 verdict=true gt_gap=14.284m  at gt=(18.35, -12.19) s=242.9m
[INFO] [1789722357.080951, 529.657000]: [event] proximity_detection id=488 verdict=true gt_gap=14.339m  at gt=(18.36, -11.71) s=243.4m
[INFO] [1789722360.589852, 530.565500]: [event] proximity_detection id=489 verdict=true gt_gap=14.223m  at gt=(18.37, -11.33) s=243.8m
[INFO] [1789722365.202291, 531.706000]: [event] proximity_detection id=490 verdict=true gt_gap=14.187m  at gt=(18.40, -10.89) s=244.2m
[INFO] [1789722368.649625, 532.575000]: [event] proximity_detection id=491 verdict=true gt_gap=14.002m  at gt=(18.43, -10.57) s=244.5m
[INFO] [1789722372.528000, 533.695000]: [event] proximity_detection id=492 verdict=true gt_gap=13.875m  at gt=(18.45, -10.18) s=244.9m
[INFO] [1789722375.703393, 534.825500]: [event] proximity_detection id=493 verdict=true gt_gap=13.811m  at gt=(18.52, -9.82) s=245.3m
[INFO] [1789722378.195426, 535.663500]: [event] proximity_detection id=494 verdict=true gt_gap=13.656m  at gt=(18.66, -9.46) s=245.7m
[INFO] [1789722381.461168, 536.809000]: [event] proximity_detection id=495 verdict=true gt_gap=13.544m  at gt=(18.82, -9.12) s=246.1m
[INFO] [1789722384.292459, 537.825500]: [event] proximity_detection id=496 verdict=true gt_gap=13.464m  at gt=(18.95, -8.69) s=246.5m
[INFO] [1789722386.891455, 538.705500]: [event] proximity_detection id=497 verdict=true gt_gap=13.336m  at gt=(19.05, -8.29) s=246.9m
[INFO] [1789722390.087112, 539.870000]: [event] proximity_detection id=498 verdict=true gt_gap=13.455m  at gt=(19.15, -7.77) s=247.5m
[INFO] [1789722393.074801, 540.897500]: [event] proximity_detection id=499 verdict=true gt_gap=13.432m  at gt=(19.23, -7.27) s=248.0m
[INFO] [1789722395.655778, 541.613000]: [event] proximity_detection id=500 verdict=true gt_gap=13.256m  at gt=(19.28, -6.95) s=248.3m
[INFO] [1789722399.611707, 542.743500]: [event] proximity_detection id=501 verdict=true gt_gap=13.316m  at gt=(19.38, -6.44) s=248.8m
[INFO] [1789722403.343165, 543.686500]: [event] proximity_detection id=502 verdict=true gt_gap=13.324m  at gt=(19.48, -5.99) s=249.3m
[INFO] [1789722407.741825, 544.899500]: [event] proximity_detection id=503 verdict=true gt_gap=13.380m  at gt=(19.61, -5.41) s=249.9m
[INFO] [1789722410.603199, 545.766000]: [event] proximity_detection id=504 verdict=true gt_gap=13.390m  at gt=(19.69, -4.99) s=250.3m
[INFO] [1789722414.500164, 546.829000]: [event] proximity_detection id=505 verdict=true gt_gap=13.408m  at gt=(19.80, -4.49) s=250.8m
[INFO] [1789722417.508226, 547.805500]: [event] proximity_detection id=506 verdict=true gt_gap=13.391m  at gt=(19.89, -4.01) s=251.3m
[INFO] [1789722421.808512, 548.878000]: [event] proximity_detection id=507 verdict=true gt_gap=13.413m  at gt=(20.00, -3.50) s=251.8m
[INFO] [1789722425.597699, 549.852500]: [event] proximity_detection id=508 verdict=true gt_gap=13.445m  at gt=(20.08, -3.06) s=252.3m
[INFO] [1789722429.273087, 551.191000]: [event] proximity_detection id=509 verdict=true gt_gap=13.486m  at gt=(20.21, -2.56) s=252.8m
[INFO] [1789722432.178538, 552.279500]: [event] proximity_detection id=1 verdict=unknown gt_gap=nanm  at gt=(20.30, -2.21) s=253.1m
[INFO] [1789720548.366590, 7.826500]: trajectory_follower: 531 points, 132.50 m, from /home/alessandro/journal_comparison/src/robot_metrics/config/reference_path_mine.yaml
[INFO] [1789720548.368253, 7.830000]: trajectory_follower: model=two_track_robot cmd=/example_two_track/cmd_vel v<=0.50 w<=1.00 lookahead=1.00
[INFO] [1789720548.378838, 7.832000]: trajectory_follower: reference path published on ~reference_path in frame "map" (531 poses)
[INFO] [1789721543.356221, 292.833000]: trajectory_follower: vuelta 1 de 2 completa, lazo cerrado a 0.133 m
[INFO] [1789722527.110431, 580.233000]: trajectory_follower: path complete (2 vuelta(s)); lazo cerrado a 0.134 m del punto inicial
[INFO] [1789722527.114354, 580.235500]: trajectory_follower: reached point 529 of 531, vuelta 2 de 2; cross-track error mean 0.014 m, max 0.717 m; 0 stall(s)
[INFO] [1789722527.120807, 580.236500]: trajectory_follower: lazo cerrado a 0.134 m (close_tolerance 0.15 m)
[INFO] [1789720548.200125, 7.796500]: run_guard: model=two_track_robot cmd=/example_two_track/cmd_vel
[INFO] [1789720548.203219, 7.797000]: run_guard: wedged if commanded (>0.10 m/s or >0.20 rad/s) for >=70% of 25s while getting neither >1.50 m from the window start nor >0.50 rad of heading
[INFO] [1789720548.208170, 7.797500]: run_guard: rolled if |roll|>50 or |pitch|>60 deg held 1.5s
[INFO] [1789722528.541716, 580.480500]: run_guard: no trip; the run ended on its own terms
[WARN] [1789720548.365023, 7.829000]:   gt_rate_hz 800.0 is not a divisor of the 2000 Hz physics rate; delivering 1000.0 Hz instead, which is the next exact divisor that is not slower
[INFO] [1789722434.712333, 553.083000]: [event] proximity_detection id=1 verdict=unknown gt_gap=nanm  at gt=(20.31, -2.03) s=253.3m
[INFO] [1789722438.539599, 554.124000]: [event] proximity_detection id=512 verdict=true gt_gap=12.765m  at gt=(20.53, -1.86) s=253.6m
[INFO] [1789722441.414923, 555.119500]: [event] proximity_detection id=1 verdict=unknown gt_gap=nanm  at gt=(20.93, -1.71) s=254.1m
[INFO] [1789722444.628953, 556.280000]: [event] proximity_detection id=1 verdict=unknown gt_gap=nanm  at gt=(21.43, -1.43) s=254.6m
[INFO] [1789722447.048956, 557.015500]: [event] proximity_detection id=1 verdict=unknown gt_gap=nanm  at gt=(21.75, -1.25) s=255.0m
[INFO] [1789722451.152478, 558.137500]: [event] proximity_detection id=1 verdict=unknown gt_gap=nanm  at gt=(22.19, -1.02) s=255.5m
[INFO] [1789722454.407314, 559.087500]: [event] proximity_detection id=1 verdict=unknown gt_gap=nanm  at gt=(22.56, -0.84) s=255.9m
[INFO] [1789722459.260801, 560.154000]: [event] proximity_detection id=1 verdict=unknown gt_gap=nanm  at gt=(23.01, -0.68) s=256.4m
[INFO] [1789722463.820062, 561.082500]: [event] proximity_detection id=1 verdict=unknown gt_gap=nanm  at gt=(23.45, -0.54) s=256.8m
[INFO] [1789722468.270614, 562.075500]: [event] proximity_detection id=1 verdict=unknown gt_gap=nanm  at gt=(23.92, -0.39) s=257.3m
[INFO] [1789722472.653306, 563.279500]: [event] proximity_detection id=1 verdict=unknown gt_gap=nanm  at gt=(24.46, -0.22) s=257.9m
[INFO] [1789722476.217461, 564.330000]: [event] proximity_detection id=522 verdict=true gt_gap=11.997m  at gt=(24.93, -0.08) s=258.4m
[INFO] [1789722479.237226, 565.145500]: [event] proximity_detection id=1 verdict=unknown gt_gap=nanm  at gt=(25.28, 0.01) s=258.7m
[INFO] [1789722483.109968, 566.123000]: [event] proximity_detection id=1 verdict=unknown gt_gap=nanm  at gt=(25.71, 0.09) s=259.2m
[INFO] [1789722486.754044, 567.276500]: [event] proximity_detection id=1 verdict=unknown gt_gap=nanm  at gt=(26.27, 0.17) s=259.8m
[INFO] [1789722489.491776, 568.242500]: [event] proximity_detection id=272 verdict=true gt_gap=0.271m  at gt=(26.75, 0.23) s=260.2m
[INFO] [1789722492.434427, 569.150500]: [event] proximity_detection id=1 verdict=unknown gt_gap=nanm  at gt=(27.15, 0.29) s=260.6m
[INFO] [1789722496.229234, 570.351500]: [event] proximity_detection id=1 verdict=unknown gt_gap=nanm  at gt=(27.72, 0.32) s=261.2m
[INFO] [1789722498.748389, 571.207000]: [event] proximity_detection id=1 verdict=unknown gt_gap=nanm  at gt=(28.13, 0.33) s=261.6m
[INFO] [1789722502.253799, 572.186000]: [event] proximity_detection id=1 verdict=unknown gt_gap=nanm  at gt=(28.58, 0.34) s=262.1m
[INFO] [1789722506.268401, 573.259500]: [event] proximity_detection id=1 verdict=unknown gt_gap=nanm  at gt=(29.10, 0.33) s=262.6m
[INFO] [1789722509.751733, 574.465500]: [event] proximity_detection id=1 verdict=unknown gt_gap=nanm  at gt=(29.70, 0.31) s=263.2m
[INFO] [1789722512.570637, 575.418500]: [event] proximity_detection id=1 verdict=unknown gt_gap=nanm  at gt=(30.17, 0.29) s=263.7m
[INFO] [1789722515.399416, 576.363000]: [event] proximity_detection id=534 verdict=true gt_gap=12.155m  at gt=(30.65, 0.27) s=264.2m
[INFO] [1789722519.024054, 577.542000]: [event] proximity_detection id=535 verdict=true gt_gap=12.368m  at gt=(31.22, 0.26) s=264.7m
[INFO] [1789722522.040727, 578.665500]: [event] proximity_detection id=536 verdict=true gt_gap=12.622m  at gt=(31.78, 0.24) s=265.3m
[INFO] [1789722524.826491, 579.494500]: [event] proximity_detection id=1 verdict=unknown gt_gap=nanm  at gt=(32.18, 0.22) s=265.7m
[INFO] [1789722528.014616, 580.499500]: [event] proximity_detection id=538 verdict=true gt_gap=12.900m  at gt=(32.56, 0.21) s=266.1m
[INFO] [1789722529.384013, 580.963000]: Run tracked/01 saved to /home/alessandro/metrics_VF/fixed_trajectory/swept_lidar/tracked/run01
[INFO] [1789722529.385607, 580.963500]:   28633 samples, 28633 GT poses, 447 events
[INFO] [1789722529.387414, 580.964000]:   573132 high-rate GT samples from 1146264 messages (1000.0 Hz over 573.1 s)
[INFO] [1789722529.389514, 580.964500]:   distance travelled (GT): 266.07 m
[INFO] [1789722529.390822, 580.965000]:   tracking losses: 0, relocalizations: 0
[INFO] [1789722529.392052, 580.965500]:   loop closures: 0 (visual), 447 (proximity)
[31m================================================================================REQUIRED process [trajectory_follower-1] has died!
process has finished cleanly
log file: /home/alessandro/.ros/log/dcd333da-b33b-11f1-8ba6-4d711d8e6fc4/trajectory_follower-1*.log
Initiating shutdown!
================================================================================[0m
... logging to /home/alessandro/.ros/log/dcd333da-b33b-11f1-8ba6-4d711d8e6fc4/roslaunch-LAPTOP-EU6F9FQD-71216.log
Checking log directory for disk usage. This may take a while.
Press Ctrl-C to interrupt
Done checking log file disk usage. Usage is <1GB.
]2;/home/alessandro/journal_comparison/src/robot_metrics/launch/trajectory_follow.launch
[1mstarted roslaunch server http://LAPTOP-EU6F9FQD:45149/[0m

SUMMARY
========

PARAMETERS
 * /metrics_logger/cmd_vel_topic: /example_two_trac...
 * /metrics_logger/effort_joints: 
 * /metrics_logger/gt_rate_hz: 800
 * /metrics_logger/loop_true_radius: 3.0
 * /metrics_logger/model_name: two_track_robot
 * /metrics_logger/odom_topic: /rtabmap/odom
 * /metrics_logger/output_dir: /home/alessandro/...
 * /metrics_logger/physics_rate_hz: 2000
 * /metrics_logger/proximity_true_radius: 20.0
 * /metrics_logger/rate: 50
 * /metrics_logger/robot_name: tracked
 * /metrics_logger/run_id: 1
 * /metrics_logger/suspension_joints: 
 * /metrics_logger/suspension_topic: /rocker_bogie/joi...
 * /metrics_logger/tracking_loss_timeout: 1.0
 * /metrics_logger/velocity_joints: 
 * /metrics_logger/wheel_links: 
 * /rosdistro: noetic
 * /rosversion: 1.17.4
 * /run_guard/cmd_vel_topic: /example_two_trac...
 * /run_guard/grace: 30.0
 * /run_guard/model_name: two_track_robot
 * /run_guard/pitch_limit: 60.0
 * /run_guard/progress_min: 1.5
 * /run_guard/roll_limit: 50.0
 * /run_guard/stuck_time: 25.0
 * /run_guard/trip_file: /home/alessandro/...
 * /run_guard/yaw_progress_min: 0.5
 * /trajectory_follower/align_threshold: 0.8
 * /trajectory_follower/backoff_speed: -0.25
 * /trajectory_follower/backoff_time: 2.0
 * /trajectory_follower/base_yaw_offset: 0.0
 * /trajectory_follower/close_timeout: 15.0
 * /trajectory_follower/close_tolerance: 0.15
 * /trajectory_follower/cmd_vel_topic: /example_two_trac...
 * /trajectory_follower/commanded_min: 0.15
 * /trajectory_follower/cooldown: 5.0
 * /trajectory_follower/curve_slowdown: 0.6
 * /trajectory_follower/k_xte: 2.5
 * /trajectory_follower/laps: 2
 * /trajectory_follower/lookahead: 1.0
 * /trajectory_follower/lookahead_k: 0.8
 * /trajectory_follower/lookahead_max: 1.0
 * /trajectory_follower/lookahead_min: 0.3
 * /trajectory_follower/max_stalls: 8
 * /trajectory_follower/max_vel_theta: 1.0
 * /trajectory_follower/max_vel_x: 0.5
 * /trajectory_follower/min_aim_dist: 0.25
 * /trajectory_follower/model_name: two_track_robot
 * /trajectory_follower/path_file: /home/alessandro/...
 * /trajectory_follower/spawn_x: 33.5
 * /trajectory_follower/spawn_y: 0.2
 * /trajectory_follower/spawn_yaw: 0.0
 * /trajectory_follower/speed_max: 0.05
 * /trajectory_follower/stall_time: 1.0
 * /trajectory_follower/trip_file: /home/alessandro/...
 * /trajectory_follower/viz_frame: map
 * /trajectory_follower/w_v_floor: 0.1
 * /trajectory_follower/xte_curv_max: 0.5

NODES
  /
    fixed_trajectory_rviz (rviz/rviz)
    metrics_logger (robot_metrics/metrics_logger.py)
    run_guard (robot_metrics/run_guard.py)
    trajectory_follower (robot_metrics/trajectory_follower.py)

[1mROS_MASTER_URI=http://localhost:11311[0m
]2;/home/alessandro/journal_comparison/src/robot_metrics/launch/trajectory_follow.launch http://localhost:11311
[1mprocess[trajectory_follower-1]: started with pid [71252][0m
[1mprocess[run_guard-2]: started with pid [71253][0m
[1mprocess[fixed_trajectory_rviz-3]: started with pid [71254][0m
[1mprocess[metrics_logger-4]: started with pid [71255][0m
[metrics_logger-4] killing on exit
[fixed_trajectory_rviz-3] killing on exit
[run_guard-2] killing on exit
[trajectory_follower-1] killing on exit
shutting down processing monitor...
... shutting down processing monitor complete
[1mdone[0m
