Opening database "/home/alessandro/metrics_VF/fixed_trajectory/swept_lidar/rocker_bogie/run04/rtabmap.db"...
Opening database "/home/alessandro/metrics_VF/fixed_trajectory/swept_lidar/rocker_bogie/run04/rtabmap.db"... done (0.000189s).
Optimizing the map (Full global optimization)...
Optimizing the map (Full global optimization)... done (0.094239s, poses=566, links=1791).
Processed 6/566 (1%) nodes...
Processed 12/566 (2%) nodes...
Processed 17/566 (3%) nodes...
Processed 23/566 (4%) nodes...
Processed 29/566 (5%) nodes...
Processed 34/566 (6%) nodes...
Processed 40/566 (7%) nodes...
Processed 46/566 (8%) nodes...
Processed 51/566 (9%) nodes...
Processed 57/566 (10%) nodes...
Processed 63/566 (11%) nodes...
Processed 68/566 (12%) nodes...
Processed 74/566 (13%) nodes...
Processed 80/566 (14%) nodes...
Processed 85/566 (15%) nodes...
Processed 91/566 (16%) nodes...
Processed 97/566 (17%) nodes...
Processed 102/566 (18%) nodes...
Processed 108/566 (19%) nodes...
Processed 114/566 (20%) nodes...
Processed 119/566 (21%) nodes...
Processed 125/566 (22%) nodes...
Processed 131/566 (23%) nodes...
Processed 136/566 (24%) nodes...
Processed 142/566 (25%) nodes...
Processed 148/566 (26%) nodes...
Processed 153/566 (27%) nodes...
Processed 159/566 (28%) nodes...
Processed 165/566 (29%) nodes...
Processed 170/566 (30%) nodes...
Processed 176/566 (31%) nodes...
Processed 182/566 (32%) nodes...
Processed 187/566 (33%) nodes...
Processed 193/566 (34%) nodes...
Processed 199/566 (35%) nodes...
Processed 204/566 (36%) nodes...
Processed 210/566 (37%) nodes...
Processed 216/566 (38%) nodes...
Processed 221/566 (39%) nodes...
Processed 227/566 (40%) nodes...
Processed 233/566 (41%) nodes...
Processed 238/566 (42%) nodes...
Processed 244/566 (43%) nodes...
Processed 250/566 (44%) nodes...
Processed 255/566 (45%) nodes...
Processed 261/566 (46%) nodes...
Processed 267/566 (47%) nodes...
Processed 272/566 (48%) nodes...
Processed 278/566 (49%) nodes...
Processed 283/566 (50%) nodes...
Processed 289/566 (51%) nodes...
Processed 295/566 (52%) nodes...
Processed 300/566 (53%) nodes...
Processed 306/566 (54%) nodes...
Processed 312/566 (55%) nodes...
Processed 317/566 (56%) nodes...
Processed 323/566 (57%) nodes...
Processed 329/566 (58%) nodes...
Processed 334/566 (59%) nodes...
Processed 340/566 (60%) nodes...
Processed 346/566 (61%) nodes...
Processed 351/566 (62%) nodes...
Processed 357/566 (63%) nodes...
Processed 363/566 (64%) nodes...
Processed 368/566 (65%) nodes...
Processed 374/566 (66%) nodes...
Processed 380/566 (67%) nodes...
Processed 385/566 (68%) nodes...
Processed 391/566 (69%) nodes...
Processed 397/566 (70%) nodes...
Processed 402/566 (71%) nodes...
Processed 408/566 (72%) nodes...
Processed 414/566 (73%) nodes...
Processed 419/566 (74%) nodes...
Processed 425/566 (75%) nodes...
Processed 431/566 (76%) nodes...
Processed 436/566 (77%) nodes...
Processed 442/566 (78%) nodes...
Processed 448/566 (79%) nodes...
Processed 453/566 (80%) nodes...
Processed 459/566 (81%) nodes...
Processed 465/566 (82%) nodes...
Processed 470/566 (83%) nodes...
Processed 476/566 (84%) nodes...
Processed 482/566 (85%) nodes...
Processed 487/566 (86%) nodes...
Processed 493/566 (87%) nodes...
Processed 499/566 (88%) nodes...
Processed 504/566 (89%) nodes...
Processed 510/566 (90%) nodes...
Processed 516/566 (91%) nodes...
Processed 521/566 (92%) nodes...
Processed 527/566 (93%) nodes...
Processed 533/566 (94%) nodes...
Processed 538/566 (95%) nodes...
Processed 544/566 (96%) nodes...
Processed 550/566 (97%) nodes...
Processed 555/566 (98%) nodes...
Processed 561/566 (99%) nodes...
Processed 566/566 (100%) nodes...
566 poses exported to "/home/alessandro/metrics_VF/fixed_trajectory/swept_lidar/rocker_bogie/run04/opt_traj_poses.txt". (min=[-15.668340,-39.852139,-0.503164] max=[21.585274,0.226156,7.445962])
